Archive member included to satisfy reference by file (symbol)

lib/gcc111libbid_hard.a(bid128_acos.o)
                              build/main.o (__bid128_acos)
lib/gcc111libbid_hard.a(bid128_asin.o)
                              build/main.o (__bid128_asin)
lib/gcc111libbid_hard.a(bid128_atan.o)
                              build/main.o (__bid128_atan)
lib/gcc111libbid_hard.a(bid128_cos.o)
                              build/main.o (__bid128_cos)
lib/gcc111libbid_hard.a(bid128_exp.o)
                              build/main.o (__bid128_exp)
lib/gcc111libbid_hard.a(bid128_exp10.o)
                              build/main.o (__bid128_exp10)
lib/gcc111libbid_hard.a(bid128_log.o)
                              build/main.o (__bid128_log)
lib/gcc111libbid_hard.a(bid128_log10.o)
                              build/main.o (__bid128_log10)
lib/gcc111libbid_hard.a(bid128_pow.o)
                              build/main.o (__bid128_pow)
lib/gcc111libbid_hard.a(bid128_sin.o)
                              build/main.o (__bid128_sin)
lib/gcc111libbid_hard.a(bid128_tan.o)
                              build/main.o (__bid128_tan)
lib/gcc111libbid_hard.a(bid128_add.o)
                              build/main.o (__bid128_add)
lib/gcc111libbid_hard.a(bid128_compare.o)
                              lib/gcc111libbid_hard.a(bid128_pow.o) (__bid128_quiet_equal)
lib/gcc111libbid_hard.a(bid128_div.o)
                              build/main.o (__bid128_div)
lib/gcc111libbid_hard.a(bid128_fma.o)
                              lib/gcc111libbid_hard.a(bid128_acos.o) (__bid128_fma)
lib/gcc111libbid_hard.a(bid128_mul.o)
                              build/main.o (__bid128_mul)
lib/gcc111libbid_hard.a(bid128_noncomp.o)
                              lib/gcc111libbid_hard.a(bid128_atan.o) (__bid128_isZero)
lib/gcc111libbid_hard.a(bid128_round_integral.o)
                              lib/gcc111libbid_hard.a(bid128_pow.o) (__bid128_round_integral_nearest_even)
lib/gcc111libbid_hard.a(bid128_sqrt.o)
                              build/main.o (__bid128_sqrt)
lib/gcc111libbid_hard.a(bid128_string.o)
                              build/main.o (__bid128_to_string)
lib/gcc111libbid_hard.a(bid128_to_int32.o)
                              lib/gcc111libbid_hard.a(bid128_exp10.o) (__bid128_to_int32_rnint)
lib/gcc111libbid_hard.a(bid64_to_bid128.o)
                              build/main.o (__bid64_to_bid128)
lib/gcc111libbid_hard.a(bid128_2_str_tables.o)
                              lib/gcc111libbid_hard.a(bid128_string.o) (__bid_mod10_18_tbl)
lib/gcc111libbid_hard.a(bid_binarydecimal.o)
                              lib/gcc111libbid_hard.a(bid128_acos.o) (__bid128_to_binary128)
lib/gcc111libbid_hard.a(bid_convert_data.o)
                              lib/gcc111libbid_hard.a(bid128_div.o) (__bid_factors)
lib/gcc111libbid_hard.a(bid_decimal_data.o)
                              lib/gcc111libbid_hard.a(bid128_div.o) (__bid_power10_index_binexp_128)
lib/gcc111libbid_hard.a(bid_decimal_globals.o)
                              lib/gcc111libbid_hard.a(bid128_acos.o) (__bid_IDEC_glbflags)
lib/gcc111libbid_hard.a(bid_from_int.o)
                              build/main.o (__bid128_from_int32)
lib/gcc111libbid_hard.a(bid_round.o)
                              lib/gcc111libbid_hard.a(bid128_fma.o) (__bid_round64_2_18)
lib/gcc111libbid_hard.a(bid128.o)
                              lib/gcc111libbid_hard.a(bid_round.o) (__bid_ten2mxtrunc256)
lib/gcc111libbid_hard.a(dpml_ux_bid.o)
                              lib/gcc111libbid_hard.a(bid128_cos.o) (bid_f128_mul)
lib/gcc111libbid_hard.a(dpml_ux_exp.o)
                              lib/gcc111libbid_hard.a(bid128_exp.o) (bid_f128_exp)
lib/gcc111libbid_hard.a(dpml_ux_inv_trig.o)
                              lib/gcc111libbid_hard.a(bid128_atan.o) (bid_f128_atan)
lib/gcc111libbid_hard.a(dpml_ux_log.o)
                              lib/gcc111libbid_hard.a(bid128_log.o) (bid_f128_log)
lib/gcc111libbid_hard.a(dpml_ux_sqrt.o)
                              lib/gcc111libbid_hard.a(dpml_ux_inv_trig.o) (__dpml_bid_ux_sqrt_evaluation__)
lib/gcc111libbid_hard.a(dpml_ux_trig.o)
                              lib/gcc111libbid_hard.a(bid128_cos.o) (bid_f128_sin)
lib/gcc111libbid_hard.a(dpml_ux_ops.o)
                              lib/gcc111libbid_hard.a(dpml_ux_inv_trig.o) (__dpml_bid_ffs_and_shift__)
lib/gcc111libbid_hard.a(dpml_ux_ops_64.o)
                              lib/gcc111libbid_hard.a(dpml_ux_bid.o) (__dpml_bid_multiply__)
lib/gcc111libbid_hard.a(dpml_four_over_pi.o)
                              lib/gcc111libbid_hard.a(dpml_ux_trig.o) (__four_over_pi)
lib/gcc111libbid_hard.a(dpml_exception.o)
                              lib/gcc111libbid_hard.a(dpml_ux_ops.o) (__dpml_bid_exception)
lib/gcc111libbid_hard.a(sqrt_tab_t.o)
                              lib/gcc111libbid_hard.a(dpml_ux_sqrt.o) (__dpml_bid_sqrt_t_table)
/usr/lib/gcc/arm-none-eabi/6.3.1/thumb/v7e-m/fpv4-sp/hard/libgcc.a(_arm_addsubdf3.o)
[...]
Memory Configuration

Name             Origin             Length             Attributes
FLASH            0x0000000008050000 0x00000000000b0000 xr
RAM              0x0000000010000000 0x0000000000002000 xrw
QSPI             0x0000000090000000 0x0000000000200000 xr
*default*        0x0000000000000000 0xffffffffffffffff

Linker script and memory map

LOAD /usr/lib/gcc/arm-none-eabi/6.3.1/thumb/v7e-m/fpv4-sp/hard/crti.o
LOAD /usr/lib/gcc/arm-none-eabi/6.3.1/thumb/v7e-m/fpv4-sp/hard/crtbegin.o
LOAD /usr/lib/gcc/arm-none-eabi/6.3.1/../../../arm-none-eabi/lib/thumb/v7e-m/fpv4-sp/hard/crt0.o
LOAD build/pgm_syscalls.o
LOAD build/main.o
LOAD build/menu.o
LOAD build/startup_pgm.o
LOAD lib/gcc111libbid_hard.a
START GROUP
LOAD /usr/lib/gcc/arm-none-eabi/6.3.1/thumb/v7e-m/fpv4-sp/hard/libgcc.a
LOAD /usr/lib/gcc/arm-none-eabi/6.3.1/../../../arm-none-eabi/lib/thumb/v7e-m/fpv4-sp/hard/libc.a
END GROUP
LOAD /usr/lib/gcc/arm-none-eabi/6.3.1/thumb/v7e-m/fpv4-sp/hard/crtend.o
LOAD /usr/lib/gcc/arm-none-eabi/6.3.1/thumb/v7e-m/fpv4-sp/hard/crtn.o

.qspi           0x0000000090000000   0x14eaf0
                0x0000000090000000                . = ALIGN (0x8)
                0x0000000090000000                _qspi_start = .
 *(.qspi)
 *(.qspi*)
 *(.rodata.__bid_mod10_18_tbl)
 .rodata.__bid_mod10_18_tbl
                0x0000000090000000     0x2400 lib/gcc111libbid_hard.a(bid128_2_str_tables.o)
                0x0000000090000000                __bid_mod10_18_tbl
 *(.rodata.__bid_convert_table)
 .rodata.__bid_convert_table
                0x0000000090002400     0x1400 lib/gcc111libbid_hard.a(bid_convert_data.o)
                0x0000000090002400                __bid_convert_table
 *(.rodata.bid_log_table_1)
 .rodata.bid_log_table_1
                0x0000000090003800     0x1000 lib/gcc111libbid_hard.a(bid128_pow.o)
 *(.rodata.bid_log_table_2)
 .rodata.bid_log_table_2
                0x0000000090004800     0x1000 lib/gcc111libbid_hard.a(bid128_pow.o)
 *(.rodata.bid_decimal128_moduli)
 .rodata.bid_decimal128_moduli
                0x0000000090005800    0x48090 lib/gcc111libbid_hard.a(bid128_cos.o)
                0x0000000090005800                bid_decimal128_moduli
 *(.rodata.bid_exponents_bid64)
 .rodata.bid_exponents_bid64
                0x000000009004d890     0x28b4 lib/gcc111libbid_hard.a(bid_binarydecimal.o)
 *(.rodata.bid_exponents_binary128)
 .rodata.bid_exponents_binary128
                0x0000000090050144     0x9b38 lib/gcc111libbid_hard.a(bid_binarydecimal.o)
 *(.rodata.bid_breakpoints_binary128)
 *fill*         0x0000000090059c7c        0x4 
 .rodata.bid_breakpoints_binary128
                0x0000000090059c80    0x26ce0 lib/gcc111libbid_hard.a(bid_binarydecimal.o)
 *(.rodata.bid_breakpoints_bid64)
 .rodata.bid_breakpoints_bid64
                0x0000000090080960     0xa2d0 lib/gcc111libbid_hard.a(bid_binarydecimal.o)
 *(.rodata.bid_multipliers1_binary128)
 .rodata.bid_multipliers1_binary128
                0x000000009008ac30    0x4d9c0 lib/gcc111libbid_hard.a(bid_binarydecimal.o)
 *(.rodata.bid_multipliers2_bid64)
 .rodata.bid_multipliers2_bid64
                0x00000000900d85f0    0x145a0 lib/gcc111libbid_hard.a(bid_binarydecimal.o)
 *(.rodata.bid_multipliers1_bid64)
 .rodata.bid_multipliers1_bid64
                0x00000000900ecb90    0x145a0 lib/gcc111libbid_hard.a(bid_binarydecimal.o)
 *(.rodata.bid_multipliers2_binary128)
 .rodata.bid_multipliers2_binary128
                0x0000000090101130    0x4d9c0 lib/gcc111libbid_hard.a(bid_binarydecimal.o)
                0x000000009014eaf0                . = ALIGN (0x8)
                0x000000009014eaf0                _qspi_end = .

.rodata         0x0000000008050000    0x10338
 *(.rodata.prog_info)
 .rodata.prog_info
                0x0000000008050000       0x40 build/pgm_syscalls.o
                0x0000000008050000                prog_info
                0x0000000008050040                . = ALIGN (0x40)
 *(.rodata)
 .rodata        0x0000000008050040       0x10 lib/gcc111libbid_hard.a(bid128_pow.o)
 .rodata        0x0000000008050050       0x10 lib/gcc111libbid_hard.a(bid128_fma.o)
 .rodata        0x0000000008050060       0x10 lib/gcc111libbid_hard.a(bid128_mul.o)
 .rodata        0x0000000008050070      0x101 /usr/lib/gcc/arm-none-eabi/6.3.1/../../../arm-none-eabi/lib/thumb/v7e-m/fpv4-sp/hard/libc.a(lib_a-ctype_.o)
                0x0000000008050070                _ctype_
 *fill*         0x0000000008050171        0x3 
 .rodata        0x0000000008050174        0x4 /usr/lib/gcc/arm-none-eabi/6.3.1/../../../arm-none-eabi/lib/thumb/v7e-m/fpv4-sp/hard/libc.a(lib_a-impure.o)
                0x0000000008050174                _global_impure_ptr
 .rodata        0x0000000008050178       0x20 /usr/lib/gcc/arm-none-eabi/6.3.1/../../../arm-none-eabi/lib/thumb/v7e-m/fpv4-sp/hard/libc.a(lib_a-svfprintf.o)
 .rodata        0x0000000008050198       0x20 /usr/lib/gcc/arm-none-eabi/6.3.1/../../../arm-none-eabi/lib/thumb/v7e-m/fpv4-sp/hard/libc.a(lib_a-vfprintf.o)
 .rodata        0x00000000080501b8      0x128 /usr/lib/gcc/arm-none-eabi/6.3.1/../../../arm-none-eabi/lib/thumb/v7e-m/fpv4-sp/hard/libc.a(lib_a-mprec.o)
                0x00000000080501c8                __mprec_tens
                0x0000000008050290                __mprec_tinytens
                0x00000000080502b8                __mprec_bigtens
 .rodata        0x00000000080502e0       0x20 /usr/lib/gcc/arm-none-eabi/6.3.1/../../../arm-none-eabi/lib/thumb/v7e-m/fpv4-sp/hard/libc.a(lib_a-svfiprintf.o)
 .rodata        0x0000000008050300       0x20 /usr/lib/gcc/arm-none-eabi/6.3.1/../../../arm-none-eabi/lib/thumb/v7e-m/fpv4-sp/hard/libc.a(lib_a-vfiprintf.o)
 *(.rodata*)
 .rodata.disp_stack_line.str1.4
                0x0000000008050320        0x6 build/main.o
 *fill*         0x0000000008050326        0x2 
 .rodata.fm_disp_fns
                0x0000000008050328       0x18 build/main.o
                0x0000000008050328                fm_disp_fns
 .rodata.handle_key.str1.4
                0x0000000008050340       0x33 build/main.o
 *fill*         0x0000000008050373        0x1 
 .rodata.key_to_char
                0x0000000008050374       0x27 build/main.o
                0x0000000008050374                key_to_char
 *fill*         0x000000000805039b        0x1 
 .rodata.num_format.str1.4
                0x000000000805039c       0x42 build/main.o
                                         0x4a (size before relaxing)
 *fill*         0x00000000080503de        0x2 
 .rodata.program_init.str1.4
                0x00000000080503e0       0xc1 build/main.o
 *fill*         0x00000000080504a1        0x3 
 .rodata.redraw_lcd.str1.4
                0x00000000080504a4       0x41 build/main.o
 *fill*         0x00000000080504e5        0x3 
 .rodata.start_edit.str1.4
                0x00000000080504e8        0x2 build/main.o
 *fill*         0x00000000080504ea        0x2 
 .rodata.str1.4
                0x00000000080504ec       0x2c build/main.o
 .rodata.MID_MENU
                0x0000000008050518       0x10 build/menu.o
                0x0000000008050518                MID_MENU
 .rodata.MID_SETTINGS
                0x0000000008050528       0x10 build/menu.o
                0x0000000008050528                MID_SETTINGS
 .rodata.disp_about.str1.4
                0x0000000008050538       0x92 build/menu.o
                                         0x96 (size before relaxing)
 *fill*         0x00000000080505ca        0x2 
 .rodata.menu_line_str.str1.4
                0x00000000080505cc       0x14 build/menu.o
 .rodata.mid_menu
                0x00000000080505e0        0x5 build/menu.o
                0x00000000080505e0                mid_menu
 *fill*         0x00000000080505e5        0x3 
 .rodata.mid_settings
                0x00000000080505e8        0x5 build/menu.o
                0x00000000080505e8                mid_settings
 *fill*         0x00000000080505ed        0x3 
 .rodata.str1.4
                0x00000000080505f0       0x12 build/menu.o
 *fill*         0x0000000008050602        0xe 
 .rodata.BID128_0
                0x0000000008050610       0x10 lib/gcc111libbid_hard.a(bid128_acos.o)
 .rodata.BID128_MINUS1
                0x0000000008050620       0x10 lib/gcc111libbid_hard.a(bid128_acos.o)
 .rodata.BID128_NAN
                0x0000000008050630       0x10 lib/gcc111libbid_hard.a(bid128_acos.o)
 .rodata.BID128_PI2HI
                0x0000000008050640       0x10 lib/gcc111libbid_hard.a(bid128_acos.o)
 .rodata.BID128_PI2LO
                0x0000000008050650       0x10 lib/gcc111libbid_hard.a(bid128_acos.o)
 .rodata.c_1em40
                0x0000000008050660       0x10 lib/gcc111libbid_hard.a(bid128_acos.o)
 .rodata.c_7_10ths
                0x0000000008050670       0x10 lib/gcc111libbid_hard.a(bid128_acos.o)
 .rodata.c_one  0x0000000008050680       0x10 lib/gcc111libbid_hard.a(bid128_acos.o)
 .rodata.c_pi   0x0000000008050690       0x10 lib/gcc111libbid_hard.a(bid128_acos.o)
 .rodata.c_zero
                0x00000000080506a0       0x10 lib/gcc111libbid_hard.a(bid128_acos.o)
 .rodata.BID128_10PM40
                0x00000000080506b0       0x10 lib/gcc111libbid_hard.a(bid128_asin.o)
 .rodata.BID128_MINUS1
                0x00000000080506c0       0x10 lib/gcc111libbid_hard.a(bid128_asin.o)
 .rodata.BID128_NAN
                0x00000000080506d0       0x10 lib/gcc111libbid_hard.a(bid128_asin.o)
 .rodata.c_1em40
                0x00000000080506e0       0x10 lib/gcc111libbid_hard.a(bid128_asin.o)
 .rodata.c_7_10ths
                0x00000000080506f0       0x10 lib/gcc111libbid_hard.a(bid128_asin.o)
 .rodata.c_one  0x0000000008050700       0x10 lib/gcc111libbid_hard.a(bid128_asin.o)
 .rodata.c_zero
                0x0000000008050710       0x10 lib/gcc111libbid_hard.a(bid128_asin.o)
 .rodata.c_1em40
                0x0000000008050720       0x10 lib/gcc111libbid_hard.a(bid128_atan.o)
 .rodata.BID128_NAN
                0x0000000008050730       0x10 lib/gcc111libbid_hard.a(bid128_cos.o)
 .rodata.c_pi_ov_2
                0x0000000008050740       0x10 lib/gcc111libbid_hard.a(bid128_cos.o)
 .rodata.BID128_0
                0x0000000008050750       0x10 lib/gcc111libbid_hard.a(bid128_exp.o)
 .rodata.BID128_1
                0x0000000008050760       0x10 lib/gcc111libbid_hard.a(bid128_exp.o)
 .rodata.BID128_INF
                0x0000000008050770       0x10 lib/gcc111libbid_hard.a(bid128_exp.o)
 .rodata.c_11000
                0x0000000008050780       0x10 lib/gcc111libbid_hard.a(bid128_exp.o)
 .rodata.c_neg_11000
                0x0000000008050790       0x10 lib/gcc111libbid_hard.a(bid128_exp.o)
 .rodata.c_4464_ln_10
                0x00000000080507a0       0x10 lib/gcc111libbid_hard.a(bid128_log.o)
 .rodata.c_half
                0x00000000080507b0       0x10 lib/gcc111libbid_hard.a(bid128_log.o)
 .rodata.c_one  0x00000000080507c0       0x10 lib/gcc111libbid_hard.a(bid128_log.o)
 .rodata.c_4464
                0x00000000080507d0       0x10 lib/gcc111libbid_hard.a(bid128_log10.o)
 .rodata.c_half
                0x00000000080507e0       0x10 lib/gcc111libbid_hard.a(bid128_log10.o)
 .rodata.c_inv_log10
                0x00000000080507f0       0x10 lib/gcc111libbid_hard.a(bid128_log10.o)
 .rodata.c_one  0x0000000008050800       0x10 lib/gcc111libbid_hard.a(bid128_log10.o)
 .rodata.BID128_0
                0x0000000008050810       0x10 lib/gcc111libbid_hard.a(bid128_pow.o)
 .rodata.BID128_INF
                0x0000000008050820       0x10 lib/gcc111libbid_hard.a(bid128_pow.o)
 .rodata.BID128_NAN
                0x0000000008050830       0x10 lib/gcc111libbid_hard.a(bid128_pow.o)
 .rodata.BID128_ZERO
                0x0000000008050840       0x10 lib/gcc111libbid_hard.a(bid128_pow.o)
 .rodata.bid_recip_table_1
                0x0000000008050850      0x400 lib/gcc111libbid_hard.a(bid128_pow.o)
 .rodata.bid_recip_table_2
                0x0000000008050c50      0x400 lib/gcc111libbid_hard.a(bid128_pow.o)
 .rodata.BID128_NAN
                0x0000000008051050       0x10 lib/gcc111libbid_hard.a(bid128_sin.o)
 .rodata.c_pi_ov_2
                0x0000000008051060       0x10 lib/gcc111libbid_hard.a(bid128_sin.o)
 .rodata.BID128_NAN
                0x0000000008051070       0x10 lib/gcc111libbid_hard.a(bid128_tan.o)
 .rodata.c_neg_one
                0x0000000008051080       0x10 lib/gcc111libbid_hard.a(bid128_tan.o)
 .rodata.c_pi_ov_2
                0x0000000008051090       0x10 lib/gcc111libbid_hard.a(bid128_tan.o)
 .rodata.__bid128_to_string.str1.4
                0x00000000080510a0        0x7 lib/gcc111libbid_hard.a(bid128_string.o)
 *fill*         0x00000000080510a7        0x1 
 .rodata.__bid_midi_tbl
                0x00000000080510a8      0xbb8 lib/gcc111libbid_hard.a(bid128_2_str_tables.o)
                0x00000000080510a8                __bid_midi_tbl
 .rodata.bid_coefflimits_bid128
                0x0000000008051c60      0x310 lib/gcc111libbid_hard.a(bid_binarydecimal.o)
 .rodata.bid_coefflimits_bid64
                0x0000000008051f70      0x310 lib/gcc111libbid_hard.a(bid_binarydecimal.o)
 .rodata.bid_innertable_exp
                0x0000000008052280      0x200 lib/gcc111libbid_hard.a(bid_binarydecimal.o)
 .rodata.bid_innertable_sig
                0x0000000008052480     0x1000 lib/gcc111libbid_hard.a(bid_binarydecimal.o)
 .rodata.bid_outertable_exp
                0x0000000008053480      0x140 lib/gcc111libbid_hard.a(bid_binarydecimal.o)
 .rodata.bid_outertable_sig
                0x00000000080535c0      0xa00 lib/gcc111libbid_hard.a(bid_binarydecimal.o)
 .rodata.bid_power_five
                0x0000000008053fc0      0x310 lib/gcc111libbid_hard.a(bid_binarydecimal.o)
 .rodata.bid_roundbound_128
                0x00000000080542d0      0x140 lib/gcc111libbid_hard.a(bid_binarydecimal.o)
 .rodata.__bid_factors
                0x0000000008054410      0x800 lib/gcc111libbid_hard.a(bid_convert_data.o)
                0x0000000008054410                __bid_factors
 .rodata.__bid_packed_10000_zeros
                0x0000000008054c10      0x4e2 lib/gcc111libbid_hard.a(bid_convert_data.o)
                0x0000000008054c10                __bid_packed_10000_zeros
 *fill*         0x00000000080550f2        0x2 
 .rodata.__bid_estimate_decimal_digits
                0x00000000080550f4      0x204 lib/gcc111libbid_hard.a(bid_decimal_data.o)
                0x00000000080550f4                __bid_estimate_decimal_digits
 *fill*         0x00000000080552f8        0x8 
 .rodata.__bid_power10_index_binexp_128
                0x0000000008055300      0x7d0 lib/gcc111libbid_hard.a(bid_decimal_data.o)
                0x0000000008055300                __bid_power10_index_binexp_128
 .rodata.__bid_power10_table_128
                0x0000000008055ad0      0x270 lib/gcc111libbid_hard.a(bid_decimal_data.o)
                0x0000000008055ad0                __bid_power10_table_128
 .rodata.__bid_recip_scale
                0x0000000008055d40       0x90 lib/gcc111libbid_hard.a(bid_decimal_data.o)
                0x0000000008055d40                __bid_recip_scale
 .rodata.__bid_reciprocals10_128
                0x0000000008055dd0      0x240 lib/gcc111libbid_hard.a(bid_decimal_data.o)
                0x0000000008055dd0                __bid_reciprocals10_128
 .rodata.__bid_reciprocals10_64
                0x0000000008056010       0x90 lib/gcc111libbid_hard.a(bid_decimal_data.o)
                0x0000000008056010                __bid_reciprocals10_64
 .rodata.__bid_round_const_table_128
                0x00000000080560a0      0xb40 lib/gcc111libbid_hard.a(bid_decimal_data.o)
                0x00000000080560a0                __bid_round_const_table_128
 .rodata.__bid_short_recip_scale
                0x0000000008056be0       0x48 lib/gcc111libbid_hard.a(bid_decimal_data.o)
                0x0000000008056be0                __bid_short_recip_scale
 .rodata.__bid_Ex128m128
                0x0000000008056c28       0x94 lib/gcc111libbid_hard.a(bid128.o)
                0x0000000008056c28                __bid_Ex128m128
 .rodata.__bid_Ex192m192
                0x0000000008056cbc       0xe0 lib/gcc111libbid_hard.a(bid128.o)
                0x0000000008056cbc                __bid_Ex192m192
 .rodata.__bid_Ex256m256
                0x0000000008056d9c      0x12c lib/gcc111libbid_hard.a(bid128.o)
                0x0000000008056d9c                __bid_Ex256m256
 .rodata.__bid_Ex64m64
                0x0000000008056ec8       0x44 lib/gcc111libbid_hard.a(bid128.o)
                0x0000000008056ec8                __bid_Ex64m64
 *fill*         0x0000000008056f0c        0x4 
 .rodata.__bid_Kx128
                0x0000000008056f10      0x250 lib/gcc111libbid_hard.a(bid128.o)
                0x0000000008056f10                __bid_Kx128
 .rodata.__bid_Kx192
                0x0000000008057160      0x700 lib/gcc111libbid_hard.a(bid128.o)
                0x0000000008057160                __bid_Kx192
 .rodata.__bid_Kx256
                0x0000000008057860      0x960 lib/gcc111libbid_hard.a(bid128.o)
                0x0000000008057860                __bid_Kx256
 .rodata.__bid_Kx64
                0x00000000080581c0       0x88 lib/gcc111libbid_hard.a(bid128.o)
                0x00000000080581c0                __bid_Kx64
 .rodata.__bid_char_table2
                0x0000000008058248       0xb4 lib/gcc111libbid_hard.a(bid128.o)
                0x0000000008058248                __bid_char_table2
 .rodata.__bid_char_table3
                0x00000000080582fc      0xbb8 lib/gcc111libbid_hard.a(bid128.o)
                0x00000000080582fc                __bid_char_table3
 *fill*         0x0000000008058eb4        0x4 
 .rodata.__bid_half128
                0x0000000008058eb8      0x128 lib/gcc111libbid_hard.a(bid128.o)
                0x0000000008058eb8                __bid_half128
 .rodata.__bid_half192
                0x0000000008058fe0      0x1c0 lib/gcc111libbid_hard.a(bid128.o)
                0x0000000008058fe0                __bid_half192
 .rodata.__bid_half256
                0x00000000080591a0      0x258 lib/gcc111libbid_hard.a(bid128.o)
                0x00000000080591a0                __bid_half256
 .rodata.__bid_half64
                0x00000000080593f8       0x88 lib/gcc111libbid_hard.a(bid128.o)
                0x00000000080593f8                __bid_half64
 .rodata.__bid_mask128
                0x0000000008059480      0x128 lib/gcc111libbid_hard.a(bid128.o)
                0x0000000008059480                __bid_mask128
 .rodata.__bid_mask192
                0x00000000080595a8      0x1c0 lib/gcc111libbid_hard.a(bid128.o)
                0x00000000080595a8                __bid_mask192
 .rodata.__bid_mask256
                0x0000000008059768      0x258 lib/gcc111libbid_hard.a(bid128.o)
                0x0000000008059768                __bid_mask256
 .rodata.__bid_mask64
                0x00000000080599c0       0x88 lib/gcc111libbid_hard.a(bid128.o)
                0x00000000080599c0                __bid_mask64
 .rodata.__bid_maskhigh128
                0x0000000008059a48      0x110 lib/gcc111libbid_hard.a(bid128.o)
                0x0000000008059a48                __bid_maskhigh128
 *fill*         0x0000000008059b58        0x8 
 .rodata.__bid_midpoint128
                0x0000000008059b60      0x130 lib/gcc111libbid_hard.a(bid128.o)
                0x0000000008059b60                __bid_midpoint128
 .rodata.__bid_midpoint192
                0x0000000008059c90      0x280 lib/gcc111libbid_hard.a(bid128.o)
                0x0000000008059c90                __bid_midpoint192
 .rodata.__bid_midpoint256
                0x0000000008059f10      0x260 lib/gcc111libbid_hard.a(bid128.o)
                0x0000000008059f10                __bid_midpoint256
 .rodata.__bid_midpoint64
                0x000000000805a170       0x98 lib/gcc111libbid_hard.a(bid128.o)
                0x000000000805a170                __bid_midpoint64
 .rodata.__bid_nr_digits
                0x000000000805a208      0xe20 lib/gcc111libbid_hard.a(bid128.o)
                0x000000000805a208                __bid_nr_digits
 .rodata.__bid_onehalf128
                0x000000000805b028      0x110 lib/gcc111libbid_hard.a(bid128.o)
                0x000000000805b028                __bid_onehalf128
 .rodata.__bid_shiftright128
                0x000000000805b138       0x88 lib/gcc111libbid_hard.a(bid128.o)
                0x000000000805b138                __bid_shiftright128
 .rodata.__bid_ten2k128
                0x000000000805b1c0      0x130 lib/gcc111libbid_hard.a(bid128.o)
                0x000000000805b1c0                __bid_ten2k128
 .rodata.__bid_ten2k256
                0x000000000805b2f0      0x4e0 lib/gcc111libbid_hard.a(bid128.o)
                0x000000000805b2f0                __bid_ten2k256
 .rodata.__bid_ten2k64
                0x000000000805b7d0       0xa0 lib/gcc111libbid_hard.a(bid128.o)
                0x000000000805b7d0                __bid_ten2k64
 .rodata.__bid_ten2mk128
                0x000000000805b870      0x220 lib/gcc111libbid_hard.a(bid128.o)
                0x000000000805b870                __bid_ten2mk128
 .rodata.__bid_ten2mk128trunc
                0x000000000805ba90      0x220 lib/gcc111libbid_hard.a(bid128.o)
                0x000000000805ba90                __bid_ten2mk128trunc
 .rodata.__bid_ten2mxtrunc128
                0x000000000805bcb0      0x250 lib/gcc111libbid_hard.a(bid128.o)
                0x000000000805bcb0                __bid_ten2mxtrunc128
 .rodata.__bid_ten2mxtrunc192
                0x000000000805bf00      0x700 lib/gcc111libbid_hard.a(bid128.o)
                0x000000000805bf00                __bid_ten2mxtrunc192
 .rodata.__bid_ten2mxtrunc256
                0x000000000805c600      0x960 lib/gcc111libbid_hard.a(bid128.o)
                0x000000000805c600                __bid_ten2mxtrunc256
 .rodata.__bid_ten2mxtrunc64
                0x000000000805cf60       0x88 lib/gcc111libbid_hard.a(bid128.o)
                0x000000000805cf60                __bid_ten2mxtrunc64
 .rodata.__dpml_bid_bid_x_table
                0x000000000805cfe8      0x180 lib/gcc111libbid_hard.a(dpml_ux_bid.o)
 .rodata.cmpTable
                0x000000000805d168       0x28 lib/gcc111libbid_hard.a(dpml_ux_bid.o)
 .rodata.__dpml_bid_exp_x_table
                0x000000000805d190      0x550 lib/gcc111libbid_hard.a(dpml_ux_exp.o)
 .rodata.__dpml_bid_inv_trig_x_table
                0x000000000805d6e0      0x520 lib/gcc111libbid_hard.a(dpml_ux_inv_trig.o)
 .rodata.__dpml_bid_log_x_table
                0x000000000805dc00      0x1f0 lib/gcc111libbid_hard.a(dpml_ux_log.o)
 .rodata.__dpml_bid_sqrt_x_table
                0x000000000805ddf0       0xb0 lib/gcc111libbid_hard.a(dpml_ux_sqrt.o)
 .rodata.__dpml_bid_trig_x_table
                0x000000000805dea0      0x410 lib/gcc111libbid_hard.a(dpml_ux_trig.o)
 .rodata.__dpml_bid_x_constants__
                0x000000000805e2b0       0xa0 lib/gcc111libbid_hard.a(dpml_ux_ops.o)
                0x000000000805e2b0                __dpml_bid_x_constants__
 .rodata.__ux_one__
                0x000000000805e350       0x18 lib/gcc111libbid_hard.a(dpml_ux_ops_64.o)
 .rodata.__four_over_pi
                0x000000000805e368      0x838 lib/gcc111libbid_hard.a(dpml_four_over_pi.o)
                0x000000000805e368                __four_over_pi
 .rodata.__dpml_bid_globals_table
                0x000000000805eba0      0x1a0 lib/gcc111libbid_hard.a(dpml_exception.o)
                0x000000000805eba0                __dpml_bid_globals_table
 .rodata.__dpml_response_table
                0x000000000805ed40      0x590 lib/gcc111libbid_hard.a(dpml_exception.o)
 .rodata.__dpml_bid_sqrt_t_table
                0x000000000805f2d0     0x1000 lib/gcc111libbid_hard.a(sqrt_tab_t.o)
                0x000000000805f2d0                __dpml_bid_sqrt_t_table
 .rodata.str1.4
                0x00000000080602d0        0x2 /usr/lib/gcc/arm-none-eabi/6.3.1/../../../arm-none-eabi/lib/thumb/v7e-m/fpv4-sp/hard/libc.a(lib_a-impure.o)
 *fill*         0x00000000080602d2        0x2 
 .rodata.str1.4
                0x00000000080602d4       0x3f /usr/lib/gcc/arm-none-eabi/6.3.1/../../../arm-none-eabi/lib/thumb/v7e-m/fpv4-sp/hard/libc.a(lib_a-svfprintf.o)
                                         0x42 (size before relaxing)
 .rodata.str1.4
                0x0000000008060313       0x42 /usr/lib/gcc/arm-none-eabi/6.3.1/../../../arm-none-eabi/lib/thumb/v7e-m/fpv4-sp/hard/libc.a(lib_a-vfprintf.o)
 *fill*         0x0000000008060313        0x1 
 .rodata.str1.4
                0x0000000008060314       0x10 /usr/lib/gcc/arm-none-eabi/6.3.1/../../../arm-none-eabi/lib/thumb/v7e-m/fpv4-sp/hard/libc.a(lib_a-dtoa.o)
                                         0x12 (size before relaxing)
 .rodata.str1.4
                0x0000000008060324        0x6 /usr/lib/gcc/arm-none-eabi/6.3.1/../../../arm-none-eabi/lib/thumb/v7e-m/fpv4-sp/hard/libc.a(lib_a-locale.o)
                                         0x12 (size before relaxing)
 .rodata.str1.4
                0x000000000806032a       0x2f /usr/lib/gcc/arm-none-eabi/6.3.1/../../../arm-none-eabi/lib/thumb/v7e-m/fpv4-sp/hard/libc.a(lib_a-svfiprintf.o)
 .rodata.str1.4
                0x000000000806032a       0x2f /usr/lib/gcc/arm-none-eabi/6.3.1/../../../arm-none-eabi/lib/thumb/v7e-m/fpv4-sp/hard/libc.a(lib_a-vfiprintf.o)
 *fill*         0x000000000806032a        0x2 
 .rodata.str1.4
                0x000000000806032c        0x8 /usr/lib/gcc/arm-none-eabi/6.3.1/../../../arm-none-eabi/lib/thumb/v7e-m/fpv4-sp/hard/libm.a(lib_a-w_sqrt.o)
                                          0x5 (size before relaxing)
                0x0000000008060338                . = ALIGN (0x8)
 *fill*         0x0000000008060334        0x4 
                0x0000000090000000                _qspi_init_base = LOADADDR (.qspi)
                0x000000000014eaf0                _qspi_init_length = SIZEOF (.qspi)

.text           0x0000000008060340    0x45db0
                0x0000000008060340                . = ALIGN (0x8)
 *(.text)
 .text          0x0000000008060340       0xa4 /usr/lib/gcc/arm-none-eabi/6.3.1/thumb/v7e-m/fpv4-sp/hard/crtbegin.o
 .text          0x00000000080603e4      0x370 /usr/lib/gcc/arm-none-eabi/6.3.1/thumb/v7e-m/fpv4-sp/hard/libgcc.a(_arm_addsubdf3.o)
                0x00000000080603e4                __aeabi_drsub
                0x00000000080603ec                __aeabi_dsub
                0x00000000080603ec                __subdf3
                0x00000000080603f0                __adddf3
                0x00000000080603f0                __aeabi_dadd
                0x0000000008060668                __aeabi_ui2d
                0x0000000008060668                __floatunsidf
                0x0000000008060688                __floatsidf
                0x0000000008060688                __aeabi_i2d
                0x00000000080606ac                __extendsfdf2
                0x00000000080606ac                __aeabi_f2d
                0x00000000080606e8                __aeabi_ul2d
                0x00000000080606e8                __floatundidf
                0x00000000080606f8                __floatdidf
                0x00000000080606f8                __aeabi_l2d
 .text          0x0000000008060754      0x424 /usr/lib/gcc/arm-none-eabi/6.3.1/thumb/v7e-m/fpv4-sp/hard/libgcc.a(_arm_muldivdf3.o)
                0x0000000008060754                __aeabi_dmul
                0x0000000008060754                __muldf3
                0x00000000080609a8                __aeabi_ddiv
                0x00000000080609a8                __divdf3
 .text          0x0000000008060b78       0xa0 /usr/lib/gcc/arm-none-eabi/6.3.1/thumb/v7e-m/fpv4-sp/hard/libgcc.a(_arm_truncdfsf2.o)
                0x0000000008060b78                __aeabi_d2f
                0x0000000008060b78                __truncdfsf2
 .text          0x0000000008060c18      0x21c /usr/lib/gcc/arm-none-eabi/6.3.1/thumb/v7e-m/fpv4-sp/hard/libgcc.a(_arm_addsubsf3.o)
                0x0000000008060c18                __aeabi_frsub
                0x0000000008060c20                __subsf3
                0x0000000008060c20                __aeabi_fsub
                0x0000000008060c24                __aeabi_fadd
                0x0000000008060c24                __addsf3
                0x0000000008060d84                __aeabi_ui2f
                0x0000000008060d84                __floatunsisf
                0x0000000008060d8c                __aeabi_i2f
                0x0000000008060d8c                __floatsisf
                0x0000000008060da8                __floatundisf
                0x0000000008060da8                __aeabi_ul2f
                0x0000000008060db8                __floatdisf
                0x0000000008060db8                __aeabi_l2f
 .text          0x0000000008060e34       0x30 /usr/lib/gcc/arm-none-eabi/6.3.1/thumb/v7e-m/fpv4-sp/hard/libgcc.a(_aeabi_uldivmod.o)
                0x0000000008060e34                __aeabi_uldivmod
 .text          0x0000000008060e64       0x30 /usr/lib/gcc/arm-none-eabi/6.3.1/thumb/v7e-m/fpv4-sp/hard/libgcc.a(_fixdfdi.o)
                0x0000000008060e64                __aeabi_d2lz
                0x0000000008060e64                __fixdfdi
 .text          0x0000000008060e94       0x48 /usr/lib/gcc/arm-none-eabi/6.3.1/thumb/v7e-m/fpv4-sp/hard/libgcc.a(_fixunsdfdi.o)
                0x0000000008060e94                __aeabi_d2ulz
                0x0000000008060e94                __fixunsdfdi
 .text          0x0000000008060edc      0x2dc /usr/lib/gcc/arm-none-eabi/6.3.1/thumb/v7e-m/fpv4-sp/hard/libgcc.a(_udivmoddi4.o)
                0x0000000008060edc                __udivmoddi4
 .text          0x00000000080611b8        0x4 /usr/lib/gcc/arm-none-eabi/6.3.1/thumb/v7e-m/fpv4-sp/hard/libgcc.a(_dvmd_tls.o)
                0x00000000080611b8                __aeabi_ldiv0
                0x00000000080611b8                __aeabi_idiv0
 .text          0x00000000080611bc      0x110 /usr/lib/gcc/arm-none-eabi/6.3.1/thumb/v7e-m/fpv4-sp/hard/libgcc.a(_arm_cmpdf2.o)
                0x00000000080611bc                __gtdf2
                0x00000000080611bc                __gedf2
                0x00000000080611c4                __ltdf2
                0x00000000080611c4                __ledf2
                0x00000000080611cc                __cmpdf2
                0x00000000080611cc                __eqdf2
                0x00000000080611cc                __nedf2
                0x0000000008061248                __aeabi_cdrcmple
                0x0000000008061258                __aeabi_cdcmple
                0x0000000008061258                __aeabi_cdcmpeq
                0x0000000008061268                __aeabi_dcmpeq
                0x000000000806127c                __aeabi_dcmplt
                0x0000000008061290                __aeabi_dcmple
                0x00000000080612a4                __aeabi_dcmpge
                0x00000000080612b8                __aeabi_dcmpgt
 .text          0x00000000080612cc       0x40 /usr/lib/gcc/arm-none-eabi/6.3.1/thumb/v7e-m/fpv4-sp/hard/libgcc.a(_arm_fixunsdfsi.o)
                0x00000000080612cc                __fixunsdfsi
                0x00000000080612cc                __aeabi_d2uiz
 .text          0x000000000806130c        0xc /usr/lib/gcc/arm-none-eabi/6.3.1/../../../arm-none-eabi/lib/thumb/v7e-m/fpv4-sp/hard/libc.a(lib_a-atexit.o)
                0x000000000806130c                atexit
 .text          0x0000000008061318       0x10 /usr/lib/gcc/arm-none-eabi/6.3.1/../../../arm-none-eabi/lib/thumb/v7e-m/fpv4-sp/hard/libc.a(lib_a-atoi.o)
                0x0000000008061318                atoi
                0x0000000008061320                _atoi_r
 .text          0x0000000008061328        0xc /usr/lib/gcc/arm-none-eabi/6.3.1/../../../arm-none-eabi/lib/thumb/v7e-m/fpv4-sp/hard/libc.a(lib_a-errno.o)
                0x0000000008061328                __errno
 .text          0x0000000008061334       0x34 /usr/lib/gcc/arm-none-eabi/6.3.1/../../../arm-none-eabi/lib/thumb/v7e-m/fpv4-sp/hard/libc.a(lib_a-fini.o)
                0x0000000008061334                __libc_fini_array
 .text          0x0000000008061368       0x50 /usr/lib/gcc/arm-none-eabi/6.3.1/../../../arm-none-eabi/lib/thumb/v7e-m/fpv4-sp/hard/libc.a(lib_a-init.o)
                0x0000000008061368                __libc_init_array
 .text          0x00000000080613b8       0xc8 /usr/lib/gcc/arm-none-eabi/6.3.1/../../../arm-none-eabi/lib/thumb/v7e-m/fpv4-sp/hard/libc.a(lib_a-memmove.o)
                0x00000000080613b8                memmove
 .text          0x0000000008061480       0x9c /usr/lib/gcc/arm-none-eabi/6.3.1/../../../arm-none-eabi/lib/thumb/v7e-m/fpv4-sp/hard/libc.a(lib_a-memset.o)
                0x0000000008061480                memset
 .text          0x000000000806151c       0x48 /usr/lib/gcc/arm-none-eabi/6.3.1/../../../arm-none-eabi/lib/thumb/v7e-m/fpv4-sp/hard/libc.a(lib_a-printf.o)
                0x000000000806151c                _printf_r
                0x000000000806153c                printf
 .text          0x0000000008061564      0x178 /usr/lib/gcc/arm-none-eabi/6.3.1/../../../arm-none-eabi/lib/thumb/v7e-m/fpv4-sp/hard/libc.a(lib_a-signal.o)
                0x000000000806158c                _init_signal_r
                0x0000000008061598                _signal_r
                0x00000000080615dc                _raise_r
                0x000000000806163c                __sigtramp_r
                0x0000000008061698                raise
                0x00000000080616a8                signal
                0x00000000080616b8                _init_signal
                0x00000000080616cc                __sigtramp
 .text          0x00000000080616dc       0x2c /usr/lib/gcc/arm-none-eabi/6.3.1/../../../arm-none-eabi/lib/thumb/v7e-m/fpv4-sp/hard/libc.a(lib_a-signalr.o)
                0x00000000080616dc                _kill_r
                0x0000000008061704                _getpid_r
 .text          0x0000000008061708       0x90 /usr/lib/gcc/arm-none-eabi/6.3.1/../../../arm-none-eabi/lib/thumb/v7e-m/fpv4-sp/hard/libc.a(lib_a-sprintf.o)
                0x0000000008061708                _sprintf_r
                0x000000000806174c                sprintf
 .text          0x0000000008061798       0x5c /usr/lib/gcc/arm-none-eabi/6.3.1/../../../arm-none-eabi/lib/thumb/v7e-m/fpv4-sp/hard/libc.a(lib_a-stpcpy.o)
                0x0000000008061798                stpcpy
 .text          0x00000000080617f4       0x40 /usr/lib/gcc/arm-none-eabi/6.3.1/../../../arm-none-eabi/lib/thumb/v7e-m/fpv4-sp/hard/libc.a(lib_a-strcat.o)
                0x00000000080617f4                strcat
 .text          0x0000000008061834       0xe8 /usr/lib/gcc/arm-none-eabi/6.3.1/../../../arm-none-eabi/lib/thumb/v7e-m/fpv4-sp/hard/libc.a(lib_a-strchr.o)
                0x0000000008061834                strchr
 .text          0x000000000806191c       0xbc /usr/lib/gcc/arm-none-eabi/6.3.1/../../../arm-none-eabi/lib/thumb/v7e-m/fpv4-sp/hard/libc.a(lib_a-strcpy.o)
                0x000000000806191c                strcpy
 *fill*         0x00000000080619d8       0x28 
 .text          0x0000000008061a00       0xdc /usr/lib/gcc/arm-none-eabi/6.3.1/../../../arm-none-eabi/lib/thumb/v7e-m/fpv4-sp/hard/libc.a(lib_a-strlen.o)
                0x0000000008061a00                strlen
 .text          0x0000000008061adc       0x5c /usr/lib/gcc/arm-none-eabi/6.3.1/../../../arm-none-eabi/lib/thumb/v7e-m/fpv4-sp/hard/libc.a(lib_a-strncat.o)
                0x0000000008061adc                strncat
 .text          0x0000000008061b38      0x128 /usr/lib/gcc/arm-none-eabi/6.3.1/../../../arm-none-eabi/lib/thumb/v7e-m/fpv4-sp/hard/libc.a(lib_a-strtol.o)
                0x0000000008061b38                _strtol_r
                0x0000000008061c48                strtol
 .text          0x0000000008061c60     0x1488 /usr/lib/gcc/arm-none-eabi/6.3.1/../../../arm-none-eabi/lib/thumb/v7e-m/fpv4-sp/hard/libc.a(lib_a-svfprintf.o)
                0x0000000008061c60                _svfprintf_r
 .text          0x00000000080630e8     0x1568 /usr/lib/gcc/arm-none-eabi/6.3.1/../../../arm-none-eabi/lib/thumb/v7e-m/fpv4-sp/hard/libc.a(lib_a-vfprintf.o)
                0x00000000080630e8                _vfprintf_r
                0x00000000080645cc                vfprintf
 .text          0x0000000008064650       0xc8 /usr/lib/gcc/arm-none-eabi/6.3.1/../../../arm-none-eabi/lib/thumb/v7e-m/fpv4-sp/hard/libc.a(lib_a-wsetup.o)
                0x0000000008064650                __swsetup_r
 .text          0x0000000008064718       0xa4 /usr/lib/gcc/arm-none-eabi/6.3.1/../../../arm-none-eabi/lib/thumb/v7e-m/fpv4-sp/hard/libc.a(lib_a-__atexit.o)
                0x0000000008064718                __register_exitproc
 *fill*         0x00000000080647bc        0x4 
 .text          0x00000000080647c0      0xf74 /usr/lib/gcc/arm-none-eabi/6.3.1/../../../arm-none-eabi/lib/thumb/v7e-m/fpv4-sp/hard/libc.a(lib_a-dtoa.o)
                0x00000000080648e8                _dtoa_r
 .text          0x0000000008065734      0x190 /usr/lib/gcc/arm-none-eabi/6.3.1/../../../arm-none-eabi/lib/thumb/v7e-m/fpv4-sp/hard/libc.a(lib_a-fflush.o)
                0x0000000008065734                __sflush_r
                0x0000000008065874                _fflush_r
                0x00000000080658a0                fflush
 .text          0x00000000080658c4      0x214 /usr/lib/gcc/arm-none-eabi/6.3.1/../../../arm-none-eabi/lib/thumb/v7e-m/fpv4-sp/hard/libc.a(lib_a-findfp.o)
                0x00000000080658c8                _cleanup_r
                0x00000000080659c8                __sfmoreglue
                0x00000000080659f8                __sfp
                0x0000000008065a84                _cleanup
                0x0000000008065a98                __sinit
                0x0000000008065aa0                __sfp_lock_acquire
                0x0000000008065aa4                __sfp_lock_release
                0x0000000008065aa8                __sinit_lock_acquire
                0x0000000008065aac                __sinit_lock_release
                0x0000000008065ab0                __fp_lock_all
                0x0000000008065ac4                __fp_unlock_all
 .text          0x0000000008065ad8       0xa0 /usr/lib/gcc/arm-none-eabi/6.3.1/../../../arm-none-eabi/lib/thumb/v7e-m/fpv4-sp/hard/libc.a(lib_a-fwalk.o)
                0x0000000008065ad8                _fwalk
                0x0000000008065b24                _fwalk_reent
 .text          0x0000000008065b78       0x80 /usr/lib/gcc/arm-none-eabi/6.3.1/../../../arm-none-eabi/lib/thumb/v7e-m/fpv4-sp/hard/libc.a(lib_a-locale.o)
                0x0000000008065b78                _setlocale_r
                0x0000000008065bb8                __locale_charset
                0x0000000008065bc0                __locale_mb_cur_max
                0x0000000008065bcc                __locale_msgcharset
                0x0000000008065bd4                __locale_cjk_lang
                0x0000000008065bd8                _localeconv_r
                0x0000000008065be0                setlocale
                0x0000000008065bf0                localeconv
 .text          0x0000000008065bf8       0xe4 /usr/lib/gcc/arm-none-eabi/6.3.1/../../../arm-none-eabi/lib/thumb/v7e-m/fpv4-sp/hard/libc.a(lib_a-makebuf.o)
                0x0000000008065bf8                __swhatbuf_r
                0x0000000008065c54                __smakebuf_r
 *fill*         0x0000000008065cdc        0x4 
 .text          0x0000000008065ce0       0xa0 /usr/lib/gcc/arm-none-eabi/6.3.1/../../../arm-none-eabi/lib/thumb/v7e-m/fpv4-sp/hard/libc.a(lib_a-memchr.o)
                0x0000000008065ce0                memchr
 .text          0x0000000008065d80      0x134 /usr/lib/gcc/arm-none-eabi/6.3.1/../../../arm-none-eabi/lib/thumb/v7e-m/fpv4-sp/hard/libc.a(lib_a-memcpy.o)
                0x0000000008065d80                memcpy
 .text          0x0000000008065eb4      0x8f4 /usr/lib/gcc/arm-none-eabi/6.3.1/../../../arm-none-eabi/lib/thumb/v7e-m/fpv4-sp/hard/libc.a(lib_a-mprec.o)
                0x0000000008065eb4                _Balloc
                0x0000000008065f00                _Bfree
                0x0000000008065f14                __multadd
                0x0000000008065f94                __s2b
                0x0000000008066030                __hi0bits
                0x0000000008066070                __lo0bits
                0x00000000080660d0                __i2b
                0x00000000080660e4                __multiply
                0x0000000008066208                __pow5mult
                0x00000000080662a8                __lshift
                0x000000000806634c                __mcmp
                0x0000000008066384                __mdiff
                0x000000000806648c                __ulp
                0x00000000080664e0                __b2d
                0x00000000080665a4                __d2b
                0x0000000008066660                __ratio
                0x00000000080666c0                _mprec_log10
                0x0000000008066700                __copybits
                0x0000000008066748                __any_on
 .text          0x00000000080667a8       0x8c /usr/lib/gcc/arm-none-eabi/6.3.1/../../../arm-none-eabi/lib/thumb/v7e-m/fpv4-sp/hard/libc.a(lib_a-stdio.o)
                0x00000000080667a8                __sread
                0x00000000080667cc                __seofread
                0x00000000080667d0                __swrite
                0x000000000806680c                __sseek
                0x000000000806682c                __sclose
 *fill*         0x0000000008066834        0xc 
 .text          0x0000000008066840      0x2dc /usr/lib/gcc/arm-none-eabi/6.3.1/../../../arm-none-eabi/lib/thumb/v7e-m/fpv4-sp/hard/libc.a(lib_a-strcmp.o)
                0x0000000008066848                strcmp
 .text          0x0000000008066b1c      0xb50 /usr/lib/gcc/arm-none-eabi/6.3.1/../../../arm-none-eabi/lib/thumb/v7e-m/fpv4-sp/hard/libc.a(lib_a-svfiprintf.o)
                0x0000000008066b1c                __ssprint_r
                0x0000000008066c18                _svfiprintf_r
 .text          0x000000000806766c      0xd18 /usr/lib/gcc/arm-none-eabi/6.3.1/../../../arm-none-eabi/lib/thumb/v7e-m/fpv4-sp/hard/libc.a(lib_a-vfiprintf.o)
                0x00000000080676ec                __sprint_r
                0x0000000008067700                _vfiprintf_r
                0x0000000008068300                vfiprintf
 .text          0x0000000008068384       0x2c /usr/lib/gcc/arm-none-eabi/6.3.1/../../../arm-none-eabi/lib/thumb/v7e-m/fpv4-sp/hard/libc.a(lib_a-writer.o)
                0x0000000008068384                _write_r
 .text          0x00000000080683b0       0x24 /usr/lib/gcc/arm-none-eabi/6.3.1/../../../arm-none-eabi/lib/thumb/v7e-m/fpv4-sp/hard/libc.a(lib_a-closer.o)
                0x00000000080683b0                _close_r
 .text          0x00000000080683d4       0x90 /usr/lib/gcc/arm-none-eabi/6.3.1/../../../arm-none-eabi/lib/thumb/v7e-m/fpv4-sp/hard/libc.a(lib_a-fclose.o)
                0x00000000080683d4                _fclose_r
                0x0000000008068454                fclose
 .text          0x0000000008068464      0x108 /usr/lib/gcc/arm-none-eabi/6.3.1/../../../arm-none-eabi/lib/thumb/v7e-m/fpv4-sp/hard/libc.a(lib_a-fputwc.o)
                0x0000000008068464                __fputwc
                0x0000000008068504                _fputwc_r
                0x000000000806852c                fputwc
 .text          0x000000000806856c       0x28 /usr/lib/gcc/arm-none-eabi/6.3.1/../../../arm-none-eabi/lib/thumb/v7e-m/fpv4-sp/hard/libc.a(lib_a-fstatr.o)
                0x000000000806856c                _fstat_r
 .text          0x0000000008068594      0x2f0 /usr/lib/gcc/arm-none-eabi/6.3.1/../../../arm-none-eabi/lib/thumb/v7e-m/fpv4-sp/hard/libc.a(lib_a-fvwrite.o)
                0x0000000008068594                __sfvwrite_r
 .text          0x0000000008068884       0x24 /usr/lib/gcc/arm-none-eabi/6.3.1/../../../arm-none-eabi/lib/thumb/v7e-m/fpv4-sp/hard/libc.a(lib_a-isattyr.o)
                0x0000000008068884                _isatty_r
 .text          0x00000000080688a8       0x2c /usr/lib/gcc/arm-none-eabi/6.3.1/../../../arm-none-eabi/lib/thumb/v7e-m/fpv4-sp/hard/libc.a(lib_a-lseekr.o)
                0x00000000080688a8                _lseek_r
 .text          0x00000000080688d4       0x2c /usr/lib/gcc/arm-none-eabi/6.3.1/../../../arm-none-eabi/lib/thumb/v7e-m/fpv4-sp/hard/libc.a(lib_a-readr.o)
                0x00000000080688d4                _read_r
 .text          0x0000000008068900       0xc0 /usr/lib/gcc/arm-none-eabi/6.3.1/../../../arm-none-eabi/lib/thumb/v7e-m/fpv4-sp/hard/libc.a(lib_a-wbuf.o)
                0x0000000008068900                __swbuf_r
                0x00000000080689b0                __swbuf
 .text          0x00000000080689c0       0xac /usr/lib/gcc/arm-none-eabi/6.3.1/../../../arm-none-eabi/lib/thumb/v7e-m/fpv4-sp/hard/libc.a(lib_a-wcrtomb.o)
                0x00000000080689c0                _wcrtomb_r
                0x0000000008068a14                wcrtomb
 .text          0x0000000008068a6c       0x4c /usr/lib/gcc/arm-none-eabi/6.3.1/../../../arm-none-eabi/lib/thumb/v7e-m/fpv4-sp/hard/libc.a(lib_a-wctomb_r.o)
                0x0000000008068a6c                __ascii_wctomb
                0x0000000008068a88                _wctomb_r
 .text          0x0000000008068ab8       0x2c /usr/lib/gcc/arm-none-eabi/6.3.1/thumb/v7e-m/fpv4-sp/hard/libgcc.a(_arm_unorddf2.o)
                0x0000000008068ab8                __aeabi_dcmpun
                0x0000000008068ab8                __unorddf2
 .text          0x0000000008068ae4       0x50 /usr/lib/gcc/arm-none-eabi/6.3.1/thumb/v7e-m/fpv4-sp/hard/libgcc.a(_arm_fixdfsi.o)
                0x0000000008068ae4                __fixdfsi
                0x0000000008068ae4                __aeabi_d2iz
 .text          0x0000000008068b34       0xb8 /usr/lib/gcc/arm-none-eabi/6.3.1/../../../arm-none-eabi/lib/thumb/v7e-m/fpv4-sp/hard/libm.a(lib_a-w_sqrt.o)
                0x0000000008068b34                sqrt
 .text          0x0000000008068bec      0x198 /usr/lib/gcc/arm-none-eabi/6.3.1/../../../arm-none-eabi/lib/thumb/v7e-m/fpv4-sp/hard/libm.a(lib_a-e_sqrt.o)
                0x0000000008068bec                __ieee754_sqrt
 .text          0x0000000008068d84        0x4 /usr/lib/gcc/arm-none-eabi/6.3.1/../../../arm-none-eabi/lib/thumb/v7e-m/fpv4-sp/hard/libm.a(lib_a-s_matherr.o)
                0x0000000008068d84                matherr
 *(.text*)
 .text._read    0x0000000008068d88        0x4 build/pgm_syscalls.o
                0x0000000008068d88                _read
 .text._write   0x0000000008068d8c        0x8 build/pgm_syscalls.o
                0x0000000008068d8c                _write
 .text._close   0x0000000008068d94        0x8 build/pgm_syscalls.o
                0x0000000008068d94                _close
 .text._fstat   0x0000000008068d9c        0xc build/pgm_syscalls.o
                0x0000000008068d9c                _fstat
 .text._isatty  0x0000000008068da8        0x4 build/pgm_syscalls.o
                0x0000000008068da8                _isatty
 .text._lseek   0x0000000008068dac        0x4 build/pgm_syscalls.o
                0x0000000008068dac                _lseek
 .text._kill    0x0000000008068db0       0x10 build/pgm_syscalls.o
                0x0000000008068db0                _kill
 .text._getpid  0x0000000008068dc0        0x4 build/pgm_syscalls.o
                0x0000000008068dc0                _getpid
 .text.malloc   0x0000000008068dc4        0x8 build/pgm_syscalls.o
                0x0000000008068dc4                malloc
 .text.__wrap__malloc_r
                0x0000000008068dcc        0xc build/pgm_syscalls.o
                0x0000000008068dcc                __wrap__malloc_r
 .text._calloc_r
                0x0000000008068dd8        0xc build/pgm_syscalls.o
                0x0000000008068dd8                _calloc_r
 .text._realloc_r
                0x0000000008068de4        0xc build/pgm_syscalls.o
                0x0000000008068de4                _realloc_r
 .text._free_r  0x0000000008068df0        0xc build/pgm_syscalls.o
                0x0000000008068df0                _free_r
 .text.post_main
                0x0000000008068dfc       0x1c build/pgm_syscalls.o
                0x0000000008068dfc                post_main
 .text.round_string.part.0
                0x0000000008068e18       0x2c build/main.o
 .text.make_screenshot
                0x0000000008068e44       0x50 build/main.o
                0x0000000008068e44                make_screenshot
 .text.num_format
                0x0000000008068e94      0x348 build/main.o
                0x0000000008068e94                num_format
 .text.disp_stack_line
                0x00000000080691dc       0x7c build/main.o
                0x00000000080691dc                disp_stack_line
 .text.disp_annun
                0x0000000008069258       0x68 build/main.o
                0x0000000008069258                disp_annun
 .text.redraw_lcd
                0x00000000080692c0      0x170 build/main.o
                0x00000000080692c0                redraw_lcd
 .text.start_edit
                0x0000000008069430       0x30 build/main.o
                0x0000000008069430                start_edit
 .text.add_edit_key
                0x0000000008069460      0x170 build/main.o
                0x0000000008069460                add_edit_key
 .text.reg_by_ix
                0x00000000080695d0       0x64 build/main.o
                0x00000000080695d0                reg_by_ix
 .text.TO_RAD   0x0000000008069634       0x3c build/main.o
                0x0000000008069634                TO_RAD
 .text.FROM_RAD
                0x0000000008069670       0x3c build/main.o
                0x0000000008069670                FROM_RAD
 .text.run_fn   0x00000000080696ac      0x3f4 build/main.o
                0x00000000080696ac                run_fn
 .text.handle_fmenu
                0x0000000008069aa0       0x2c build/main.o
                0x0000000008069aa0                handle_fmenu
 .text.handle_key
                0x0000000008069acc      0x288 build/main.o
                0x0000000008069acc                handle_key
 .text.program_init
                0x0000000008069d54       0xdc build/main.o
                0x0000000008069d54                program_init
 .text.program_main
                0x0000000008069e30       0xf4 build/main.o
                0x0000000008069e30                program_main
 .text.disp_about
                0x0000000008069f24       0xdc build/menu.o
                0x0000000008069f24                disp_about
 .text.run_menu_item
                0x000000000806a000       0x2c build/menu.o
                0x000000000806a000                run_menu_item
 .text.menu_line_str
                0x000000000806a02c       0x1c build/menu.o
                0x000000000806a02c                menu_line_str
 .text.Program_Entry
                0x000000000806a048       0x48 build/startup_pgm.o
                0x000000000806a048                Program_Entry
 .text.__bid128_acos
                0x000000000806a090      0x240 lib/gcc111libbid_hard.a(bid128_acos.o)
                0x000000000806a090                __bid128_acos
 .text.__bid128_asin
                0x000000000806a2d0      0x204 lib/gcc111libbid_hard.a(bid128_asin.o)
                0x000000000806a2d0                __bid128_asin
 *fill*         0x000000000806a4d4        0x4 
 .text.__bid128_atan
                0x000000000806a4d8      0x15c lib/gcc111libbid_hard.a(bid128_atan.o)
                0x000000000806a4d8                __bid128_atan
 *fill*         0x000000000806a634        0x4 
 .text.__bid128_cos
                0x000000000806a638      0xe7c lib/gcc111libbid_hard.a(bid128_cos.o)
                0x000000000806a638                __bid128_cos
 *fill*         0x000000000806b4b4        0x4 
 .text.__bid128_exp
                0x000000000806b4b8      0x280 lib/gcc111libbid_hard.a(bid128_exp.o)
                0x000000000806b4b8                __bid128_exp
 .text.__bid128_exp10
                0x000000000806b738      0x3c8 lib/gcc111libbid_hard.a(bid128_exp10.o)
                0x000000000806b738                __bid128_exp10
 .text.__bid128_log
                0x000000000806bb00      0x290 lib/gcc111libbid_hard.a(bid128_log.o)
                0x000000000806bb00                __bid128_log
 .text.__bid128_log10
                0x000000000806bd90      0x2ac lib/gcc111libbid_hard.a(bid128_log10.o)
                0x000000000806bd90                __bid128_log10
 *fill*         0x000000000806c03c        0x4 
 .text.__bid128_pow
                0x000000000806c040     0xa44c lib/gcc111libbid_hard.a(bid128_pow.o)
                0x000000000806c040                __bid128_pow
 *fill*         0x000000000807648c        0x4 
 .text.__bid128_sin
                0x0000000008076490      0xe9c lib/gcc111libbid_hard.a(bid128_sin.o)
                0x0000000008076490                __bid128_sin
 *fill*         0x000000000807732c        0x4 
 .text.__bid128_tan
                0x0000000008077330      0xe60 lib/gcc111libbid_hard.a(bid128_tan.o)
                0x0000000008077330                __bid128_tan
 .text.__bid128_add
                0x0000000008078190     0x5f48 lib/gcc111libbid_hard.a(bid128_add.o)
                0x0000000008078190                __bid128_add
 .text.__bid128_sub
                0x000000000807e0d8       0x6c lib/gcc111libbid_hard.a(bid128_add.o)
                0x000000000807e0d8                __bid128_sub
 *fill*         0x000000000807e144        0x4 
 .text.__bid128_quiet_equal
                0x000000000807e148      0x7d4 lib/gcc111libbid_hard.a(bid128_compare.o)
                0x000000000807e148                __bid128_quiet_equal
 *fill*         0x000000000807e91c        0x4 
 .text.__bid128_quiet_greater
                0x000000000807e920      0xe98 lib/gcc111libbid_hard.a(bid128_compare.o)
                0x000000000807e920                __bid128_quiet_greater
 .text.__bid128_quiet_less
                0x000000000807f7b8      0xea4 lib/gcc111libbid_hard.a(bid128_compare.o)
                0x000000000807f7b8                __bid128_quiet_less
 *fill*         0x000000000808065c        0x4 
 .text.bid_get_BID128.constprop.3
                0x0000000008080660      0xb8c lib/gcc111libbid_hard.a(bid128_div.o)
 *fill*         0x00000000080811ec        0x4 
 .text.__bid128_div
                0x00000000080811f0     0x43c4 lib/gcc111libbid_hard.a(bid128_div.o)
                0x00000000080811f0                __bid128_div
 .text.bid_bid_nr_digits256
                0x00000000080855b4      0x188 lib/gcc111libbid_hard.a(bid128_fma.o)
 *fill*         0x000000000808573c        0x4 
 .text.bid_rounding_correction.constprop.1
                0x0000000008085740      0x2b0 lib/gcc111libbid_hard.a(bid128_fma.o)
 .text.bid_add_and_round.constprop.0
                0x00000000080859f0     0x1864 lib/gcc111libbid_hard.a(bid128_fma.o)
 *fill*         0x0000000008087254        0x4 
 .text.bid128_ext_fma
                0x0000000008087258     0x7354 lib/gcc111libbid_hard.a(bid128_fma.o)
 .text.__bid128_fma
                0x000000000808e5ac       0x68 lib/gcc111libbid_hard.a(bid128_fma.o)
                0x000000000808e5ac                __bid128_fma
 *fill*         0x000000000808e614        0x4 
 .text.__bid128_mul
                0x000000000808e618      0x260 lib/gcc111libbid_hard.a(bid128_mul.o)
                0x000000000808e618                __bid128_mul
 .text.__bid128_isZero
                0x000000000808e878       0xb4 lib/gcc111libbid_hard.a(bid128_noncomp.o)
                0x000000000808e878                __bid128_isZero
 .text.__bid128_isInf
                0x000000000808e92c       0x40 lib/gcc111libbid_hard.a(bid128_noncomp.o)
                0x000000000808e92c                __bid128_isInf
 *fill*         0x000000000808e96c        0x4 
 .text.__bid128_round_integral_nearest_even
                0x000000000808e970      0x880 lib/gcc111libbid_hard.a(bid128_round_integral.o)
                0x000000000808e970                __bid128_round_integral_nearest_even
 .text.bid_long_sqrt128
                0x000000000808f1f0     0x1724 lib/gcc111libbid_hard.a(bid128_sqrt.o)
 *fill*         0x0000000008090914        0x4 
 .text.__bid128_sqrt
                0x0000000008090918     0x20f0 lib/gcc111libbid_hard.a(bid128_sqrt.o)
                0x0000000008090918                __bid128_sqrt
 .text.__bid128_to_string
                0x0000000008092a08      0xab4 lib/gcc111libbid_hard.a(bid128_string.o)
                0x0000000008092a08                __bid128_to_string
 *fill*         0x00000000080934bc        0x4 
 .text.__bid128_from_string
                0x00000000080934c0     0x2190 lib/gcc111libbid_hard.a(bid128_string.o)
                0x00000000080934c0                __bid128_from_string
 .text.__bid128_to_int32_rnint
                0x0000000008095650      0xc88 lib/gcc111libbid_hard.a(bid128_to_int32.o)
                0x0000000008095650                __bid128_to_int32_rnint
 .text.__bid128_to_int32_xrnint
                0x00000000080962d8      0xe90 lib/gcc111libbid_hard.a(bid128_to_int32.o)
                0x00000000080962d8                __bid128_to_int32_xrnint
 .text.__bid128_to_int32_int
                0x0000000008097168      0xb38 lib/gcc111libbid_hard.a(bid128_to_int32.o)
                0x0000000008097168                __bid128_to_int32_int
 .text.__bid64_to_bid128
                0x0000000008097ca0      0x23c lib/gcc111libbid_hard.a(bid64_to_bid128.o)
                0x0000000008097ca0                __bid64_to_bid128
 *fill*         0x0000000008097edc        0x4 
 .text.__bid128_to_binary128
                0x0000000008097ee0     0x1158 lib/gcc111libbid_hard.a(bid_binarydecimal.o)
                0x0000000008097ee0                __bid128_to_binary128
 .text.__binary64_to_bid64
                0x0000000008099038      0x914 lib/gcc111libbid_hard.a(bid_binarydecimal.o)
                0x0000000008099038                __binary64_to_bid64
 *fill*         0x000000000809994c        0x4 
 .text.__binary128_to_bid128
                0x0000000008099950     0x279c lib/gcc111libbid_hard.a(bid_binarydecimal.o)
                0x0000000008099950                __binary128_to_bid128
 *fill*         0x000000000809c0ec        0x4 
 .text.bid128_to_binary128_2part
                0x000000000809c0f0     0x125c lib/gcc111libbid_hard.a(bid_binarydecimal.o)
                0x000000000809c0f0                bid128_to_binary128_2part
 .text.__bid128_from_int32
                0x000000000809d34c       0x2c lib/gcc111libbid_hard.a(bid_from_int.o)
                0x000000000809d34c                __bid128_from_int32
 .text.__bid_round64_2_18
                0x000000000809d378      0x1cc lib/gcc111libbid_hard.a(bid_round.o)
                0x000000000809d378                __bid_round64_2_18
 .text.__bid_round128_19_38
                0x000000000809d544      0x780 lib/gcc111libbid_hard.a(bid_round.o)
                0x000000000809d544                __bid_round128_19_38
 .text.__bid_round192_39_57
                0x000000000809dcc4     0x1150 lib/gcc111libbid_hard.a(bid_round.o)
                0x000000000809dcc4                __bid_round192_39_57
 .text.__bid_round256_58_76
                0x000000000809ee14     0x1f6c lib/gcc111libbid_hard.a(bid_round.o)
                0x000000000809ee14                __bid_round256_58_76
 .text.__dpml_bid_ux_cmp__.part.0
                0x00000000080a0d80       0x78 lib/gcc111libbid_hard.a(dpml_ux_bid.o)
 .text.bid_f128_mul
                0x00000000080a0df8       0x5c lib/gcc111libbid_hard.a(dpml_ux_bid.o)
                0x00000000080a0df8                bid_f128_mul
 .text.bid_f128_div
                0x00000000080a0e54       0x60 lib/gcc111libbid_hard.a(dpml_ux_bid.o)
                0x00000000080a0e54                bid_f128_div
 .text.bid_f128_add
                0x00000000080a0eb4       0x60 lib/gcc111libbid_hard.a(dpml_ux_bid.o)
                0x00000000080a0eb4                bid_f128_add
 .text.bid_f128_sub
                0x00000000080a0f14       0x60 lib/gcc111libbid_hard.a(dpml_ux_bid.o)
                0x00000000080a0f14                bid_f128_sub
 .text.bid_f128_neg
                0x00000000080a0f74       0x20 lib/gcc111libbid_hard.a(dpml_ux_bid.o)
                0x00000000080a0f74                bid_f128_neg
 .text.bid_f128_fabs
                0x00000000080a0f94       0x20 lib/gcc111libbid_hard.a(dpml_ux_bid.o)
                0x00000000080a0f94                bid_f128_fabs
 .text.bid_f128_cmp
                0x00000000080a0fb4       0x60 lib/gcc111libbid_hard.a(dpml_ux_bid.o)
                0x00000000080a0fb4                bid_f128_cmp
 .text.__dpml_bid_ux_exp_reduce__
                0x00000000080a1014      0x2c8 lib/gcc111libbid_hard.a(dpml_ux_exp.o)
 .text.__dpml_bid_ux_exp_common__
                0x00000000080a12dc       0x3c lib/gcc111libbid_hard.a(dpml_ux_exp.o)
                0x00000000080a12dc                __dpml_bid_ux_exp_common__
 .text.bid_f128_exp
                0x00000000080a1318       0x4c lib/gcc111libbid_hard.a(dpml_ux_exp.o)
                0x00000000080a1318                bid_f128_exp
 .text.bid_f128_exp10
                0x00000000080a1364       0x4c lib/gcc111libbid_hard.a(dpml_ux_exp.o)
                0x00000000080a1364                bid_f128_exp10
 .text.__dpml_bid_ux_asin_acos__
                0x00000000080a13b0      0x19c lib/gcc111libbid_hard.a(dpml_ux_inv_trig.o)
 .text.__dpml_bid_ux_atan2__
                0x00000000080a154c      0x1ac lib/gcc111libbid_hard.a(dpml_ux_inv_trig.o)
                0x00000000080a154c                __dpml_bid_ux_atan2__
 .text.__dpml_bid_C_ux_atan2__
                0x00000000080a16f8       0x5c lib/gcc111libbid_hard.a(dpml_ux_inv_trig.o)
 .text.bid_f128_atan
                0x00000000080a1754       0x28 lib/gcc111libbid_hard.a(dpml_ux_inv_trig.o)
                0x00000000080a1754                bid_f128_atan
 .text.bid_f128_asin
                0x00000000080a177c       0x2c lib/gcc111libbid_hard.a(dpml_ux_inv_trig.o)
                0x00000000080a177c                bid_f128_asin
 .text.bid_f128_acos
                0x00000000080a17a8       0x34 lib/gcc111libbid_hard.a(dpml_ux_inv_trig.o)
                0x00000000080a17a8                bid_f128_acos
 .text.__dpml_bid_ux_log__
                0x00000000080a17dc       0xac lib/gcc111libbid_hard.a(dpml_ux_log.o)
                0x00000000080a17dc                __dpml_bid_ux_log__
 .text.__dpml_bid_C_ux_log__
                0x00000000080a1888       0x40 lib/gcc111libbid_hard.a(dpml_ux_log.o)
 .text.bid_f128_log
                0x00000000080a18c8       0x20 lib/gcc111libbid_hard.a(dpml_ux_log.o)
                0x00000000080a18c8                bid_f128_log
 .text.__dpml_bid_ux_sqrt_evaluation__
                0x00000000080a18e8      0x39c lib/gcc111libbid_hard.a(dpml_ux_sqrt.o)
                0x00000000080a18e8                __dpml_bid_ux_sqrt_evaluation__
 .text.__dpml_bid_C_ux_sqrt__
                0x00000000080a1c84      0x114 lib/gcc111libbid_hard.a(dpml_ux_sqrt.o)
 .text.bid_f128_sqrt
                0x00000000080a1d98       0x1c lib/gcc111libbid_hard.a(dpml_ux_sqrt.o)
                0x00000000080a1d98                bid_f128_sqrt
 .text.__dpml_bid_ux_sincos
                0x00000000080a1db4      0x100 lib/gcc111libbid_hard.a(dpml_ux_trig.o)
                0x00000000080a1db4                __dpml_bid_ux_sincos
 .text.__dpml_bid_ux_tancot__
                0x00000000080a1eb4       0xe4 lib/gcc111libbid_hard.a(dpml_ux_trig.o)
 .text.__dpml_bid_ux_radian_reduce__
                0x00000000080a1f98      0xbb0 lib/gcc111libbid_hard.a(dpml_ux_trig.o)
 .text.__dpml_bid_ux_degree_reduce__
                0x00000000080a2b48      0x5b8 lib/gcc111libbid_hard.a(dpml_ux_trig.o)
 .text.__dpml_bid_C_ux_trig__
                0x00000000080a3100       0xd8 lib/gcc111libbid_hard.a(dpml_ux_trig.o)
 .text.bid_f128_sin
                0x00000000080a31d8       0x2c lib/gcc111libbid_hard.a(dpml_ux_trig.o)
                0x00000000080a31d8                bid_f128_sin
 .text.bid_f128_cos
                0x00000000080a3204       0x2c lib/gcc111libbid_hard.a(dpml_ux_trig.o)
                0x00000000080a3204                bid_f128_cos
 .text.bid_f128_tan
                0x00000000080a3230       0x2c lib/gcc111libbid_hard.a(dpml_ux_trig.o)
                0x00000000080a3230                bid_f128_tan
 .text.__dpml_bid_ffs_and_shift__
                0x00000000080a325c      0x21c lib/gcc111libbid_hard.a(dpml_ux_ops.o)
                0x00000000080a325c                __dpml_bid_ffs_and_shift__
 .text.__dpml_bid_addsub__
                0x00000000080a3478      0x3d8 lib/gcc111libbid_hard.a(dpml_ux_ops.o)
                0x00000000080a3478                __dpml_bid_addsub__
 .text.__dpml_bid_unpack_x_or_y__
                0x00000000080a3850      0x2bc lib/gcc111libbid_hard.a(dpml_ux_ops.o)
                0x00000000080a3850                __dpml_bid_unpack_x_or_y__
 .text.__dpml_bid_unpack2__
                0x00000000080a3b0c       0xb4 lib/gcc111libbid_hard.a(dpml_ux_ops.o)
                0x00000000080a3b0c                __dpml_bid_unpack2__
 .text.__dpml_bid_pack__
                0x00000000080a3bc0      0x184 lib/gcc111libbid_hard.a(dpml_ux_ops.o)
                0x00000000080a3bc0                __dpml_bid_pack__
 .text.__dpml_bid_group_d
                0x00000000080a3d44        0x4 lib/gcc111libbid_hard.a(dpml_ux_ops.o)
                0x00000000080a3d44                __dpml_bid_group_d
 .text.__eval_pos_poly
                0x00000000080a3d48      0xb58 lib/gcc111libbid_hard.a(dpml_ux_ops_64.o)
 .text.__eval_neg_poly
                0x00000000080a48a0      0x974 lib/gcc111libbid_hard.a(dpml_ux_ops_64.o)
 .text.__dpml_bid_multiply__
                0x00000000080a5214      0x200 lib/gcc111libbid_hard.a(dpml_ux_ops_64.o)
                0x00000000080a5214                __dpml_bid_multiply__
 .text.__dpml_bid_extended_multiply__
                0x00000000080a5414      0x34c lib/gcc111libbid_hard.a(dpml_ux_ops_64.o)
                0x00000000080a5414                __dpml_bid_extended_multiply__
 .text.__dpml_bid_divide__
                0x00000000080a5760      0x674 lib/gcc111libbid_hard.a(dpml_ux_ops_64.o)
                0x00000000080a5760                __dpml_bid_divide__
 .text.__dpml_bid_evaluate_rational__
                0x00000000080a5dd4      0x240 lib/gcc111libbid_hard.a(dpml_ux_ops_64.o)
                0x00000000080a5dd4                __dpml_bid_evaluate_rational__
 .text.__dpml_bid_exception
                0x00000000080a6014       0xac lib/gcc111libbid_hard.a(dpml_exception.o)
                0x00000000080a6014                __dpml_bid_exception
 .text.startup  0x00000000080a60c0       0x14 /usr/lib/gcc/arm-none-eabi/6.3.1/../../../arm-none-eabi/lib/thumb/v7e-m/fpv4-sp/hard/libc.a(lib_a-__call_atexit.o)
 *(.glue_7)
 .glue_7        0x00000000080a60d4        0x0 linker stubs
 *(.glue_7t)
 .glue_7t       0x00000000080a60d4        0x0 linker stubs
 *(.eh_frame)
 .eh_frame      0x00000000080a60d4        0x0 /usr/lib/gcc/arm-none-eabi/6.3.1/thumb/v7e-m/fpv4-sp/hard/crtbegin.o
 *(.init)
 .init          0x00000000080a60d4        0x4 /usr/lib/gcc/arm-none-eabi/6.3.1/thumb/v7e-m/fpv4-sp/hard/crti.o
                0x00000000080a60d4                _init
 .init          0x00000000080a60d8        0x8 /usr/lib/gcc/arm-none-eabi/6.3.1/thumb/v7e-m/fpv4-sp/hard/crtn.o
 *(.fini)
 .fini          0x00000000080a60e0        0x4 /usr/lib/gcc/arm-none-eabi/6.3.1/thumb/v7e-m/fpv4-sp/hard/crti.o
                0x00000000080a60e0                _fini
 .fini          0x00000000080a60e4        0x8 /usr/lib/gcc/arm-none-eabi/6.3.1/thumb/v7e-m/fpv4-sp/hard/crtn.o
                0x00000000080a60f0                . = ALIGN (0x8)
 *fill*         0x00000000080a60ec        0x4 
                0x00000000080a60f0                _etext = .

.vfp11_veneer   0x00000000080a60f0        0x0
 .vfp11_veneer  0x00000000080a60f0        0x0 linker stubs

.v4_bx          0x00000000080a60f0        0x0
 .v4_bx         0x00000000080a60f0        0x0 linker stubs

.iplt           0x00000000080a60f0        0x0
 .iplt          0x00000000080a60f0        0x0 /usr/lib/gcc/arm-none-eabi/6.3.1/thumb/v7e-m/fpv4-sp/hard/crtbegin.o

.ARM.extab      0x00000000080a60f0        0x0
                0x00000000080a60f0                . = ALIGN (0x8)
 *(.ARM.extab* .gnu.linkonce.armextab.*)
                0x00000000080a60f0                . = ALIGN (0x8)

.ARM            0x00000000080a60f0        0x8
                0x00000000080a60f0                . = ALIGN (0x8)
                0x00000000080a60f0                __exidx_start = .
 *(.ARM.exidx*)
 .ARM.exidx     0x00000000080a60f0        0x8 /usr/lib/gcc/arm-none-eabi/6.3.1/thumb/v7e-m/fpv4-sp/hard/libgcc.a(_udivmoddi4.o)
                0x00000000080a60f8                __exidx_end = .
                0x00000000080a60f8                . = ALIGN (0x8)

.rel.dyn        0x00000000080a60f8        0x0
 .rel.iplt      0x00000000080a60f8        0x0 /usr/lib/gcc/arm-none-eabi/6.3.1/thumb/v7e-m/fpv4-sp/hard/crtbegin.o

.preinit_array  0x00000000080a60f8        0x0
                0x00000000080a60f8                . = ALIGN (0x8)
                0x00000000080a60f8                PROVIDE (__preinit_array_start, .)
 *(.preinit_array*)
                0x00000000080a60f8                PROVIDE (__preinit_array_end, .)
                0x00000000080a60f8                . = ALIGN (0x8)

.init_array     0x00000000080a60f8        0x8
                0x00000000080a60f8                . = ALIGN (0x8)
                0x00000000080a60f8                PROVIDE (__init_array_start, .)
 *(SORT(.init_array.*))
 .init_array.00000
                0x00000000080a60f8        0x4 /usr/lib/gcc/arm-none-eabi/6.3.1/../../../arm-none-eabi/lib/thumb/v7e-m/fpv4-sp/hard/libc.a(lib_a-__call_atexit.o)
 *(.init_array*)
 .init_array    0x00000000080a60fc        0x4 /usr/lib/gcc/arm-none-eabi/6.3.1/thumb/v7e-m/fpv4-sp/hard/crtbegin.o
                0x00000000080a6100                PROVIDE (__init_array_end, .)
                0x00000000080a6100                . = ALIGN (0x8)

.fini_array     0x00000000080a6100        0x8
                0x00000000080a6100                . = ALIGN (0x8)
                0x00000000080a6100                PROVIDE (__fini_array_start, .)
 *(SORT(.fini_array.*))
 *(.fini_array*)
 .fini_array    0x00000000080a6100        0x4 /usr/lib/gcc/arm-none-eabi/6.3.1/thumb/v7e-m/fpv4-sp/hard/crtbegin.o
                0x00000000080a6104                PROVIDE (__fini_array_end, .)
                0x00000000080a6108                . = ALIGN (0x8)
 *fill*         0x00000000080a6104        0x4 
                0x00000000080a6108                _sidata = LOADADDR (.data)

.data           0x0000000010000000      0x678 load address 0x00000000080a6108
                0x0000000010000000                . = ALIGN (0x8)
                0x0000000010000000                _sdata = .
 *(.data.sdb)
 *(.data)
 .data          0x0000000010000000        0x4 /usr/lib/gcc/arm-none-eabi/6.3.1/../../../arm-none-eabi/lib/thumb/v7e-m/fpv4-sp/hard/libc.a(lib_a-ctype_.o)
                0x0000000010000000                __ctype_ptr__
 *fill*         0x0000000010000004        0x4 
 .data          0x0000000010000008      0x430 /usr/lib/gcc/arm-none-eabi/6.3.1/../../../arm-none-eabi/lib/thumb/v7e-m/fpv4-sp/hard/libc.a(lib_a-impure.o)
                0x0000000010000008                _impure_ptr
 .data          0x0000000010000438       0x7c /usr/lib/gcc/arm-none-eabi/6.3.1/../../../arm-none-eabi/lib/thumb/v7e-m/fpv4-sp/hard/libc.a(lib_a-locale.o)
                0x0000000010000458                __mb_cur_max
 .data          0x00000000100004b4        0x4 /usr/lib/gcc/arm-none-eabi/6.3.1/../../../arm-none-eabi/lib/thumb/v7e-m/fpv4-sp/hard/libc.a(lib_a-wctomb_r.o)
                0x00000000100004b4                __wctomb
 .data          0x00000000100004b8        0x1 /usr/lib/gcc/arm-none-eabi/6.3.1/../../../arm-none-eabi/lib/thumb/v7e-m/fpv4-sp/hard/libm.a(lib_a-s_lib_ver.o)
                0x00000000100004b8                __fdlib_version
 *(.data*)
 *fill*         0x00000000100004b9        0x3 
 .data.ang_mode_ann
                0x00000000100004bc        0xc build/main.o
                0x00000000100004bc                ang_mode_ann
 .data.dotchar  0x00000000100004c8        0x1 build/main.o
                0x00000000100004c8                dotchar
 *fill*         0x00000000100004c9        0x3 
 .data.fm_disp  0x00000000100004cc       0x18 build/main.o
                0x00000000100004cc                fm_disp
 .data.reg_font_ix
                0x00000000100004e4        0x4 build/main.o
                0x00000000100004e4                reg_font_ix
 *fill*         0x00000000100004e8        0x8 
 .data.BID128_1
                0x00000000100004f0       0x10 lib/gcc111libbid_hard.a(bid128_atan.o)
 .data.BID128_10PM40
                0x0000000010000500       0x10 lib/gcc111libbid_hard.a(bid128_atan.o)
 .data.BID128_1
                0x0000000010000510       0x10 lib/gcc111libbid_hard.a(bid128_cos.o)
 .data.BID128_10PM40
                0x0000000010000520       0x10 lib/gcc111libbid_hard.a(bid128_cos.o)
 .data.BID128_10POWN6000
                0x0000000010000530       0x10 lib/gcc111libbid_hard.a(bid128_exp.o)
 .data.BID128_15000
                0x0000000010000540       0x10 lib/gcc111libbid_hard.a(bid128_exp.o)
 .data.BID128_EXP_11000
                0x0000000010000550       0x10 lib/gcc111libbid_hard.a(bid128_exp.o)
 .data.BID128_EXP_M11000
                0x0000000010000560       0x10 lib/gcc111libbid_hard.a(bid128_exp.o)
 .data.BID128_N15000
                0x0000000010000570       0x10 lib/gcc111libbid_hard.a(bid128_exp.o)
 .data.BID128_1
                0x0000000010000580       0x10 lib/gcc111libbid_hard.a(bid128_log.o)
 .data.BID128_10POW4464
                0x0000000010000590       0x10 lib/gcc111libbid_hard.a(bid128_log.o)
 .data.BID128_10POWN4464
                0x00000000100005a0       0x10 lib/gcc111libbid_hard.a(bid128_log.o)
 .data.BID128_1
                0x00000000100005b0       0x10 lib/gcc111libbid_hard.a(bid128_log10.o)
 .data.BID128_10POW4464
                0x00000000100005c0       0x10 lib/gcc111libbid_hard.a(bid128_log10.o)
 .data.BID128_10POWN4464
                0x00000000100005d0       0x10 lib/gcc111libbid_hard.a(bid128_log10.o)
 .data.BID128_1
                0x00000000100005e0       0x10 lib/gcc111libbid_hard.a(bid128_pow.o)
 .data.bid_coeff_2
                0x00000000100005f0       0x10 lib/gcc111libbid_hard.a(bid128_pow.o)
 .data.bid_coeff_3
                0x0000000010000600       0x10 lib/gcc111libbid_hard.a(bid128_pow.o)
 .data.bid_coeff_4
                0x0000000010000610       0x10 lib/gcc111libbid_hard.a(bid128_pow.o)
 .data.BID128_1
                0x0000000010000620       0x10 lib/gcc111libbid_hard.a(bid128_sin.o)
 .data.BID128_10PM40
                0x0000000010000630       0x10 lib/gcc111libbid_hard.a(bid128_sin.o)
 .data.BID128_10PP40
                0x0000000010000640       0x10 lib/gcc111libbid_hard.a(bid128_tan.o)
 .data.__bid_Inv_Tento9
                0x0000000010000650        0x8 lib/gcc111libbid_hard.a(bid128_2_str_tables.o)
                0x0000000010000650                __bid_Inv_Tento9
 .data.__bid_Tento3
                0x0000000010000658        0x4 lib/gcc111libbid_hard.a(bid128_2_str_tables.o)
                0x0000000010000658                __bid_Tento3
 .data.__bid_Tento6
                0x000000001000065c        0x4 lib/gcc111libbid_hard.a(bid128_2_str_tables.o)
                0x000000001000065c                __bid_Tento6
 .data.__bid_Tento9
                0x0000000010000660        0x4 lib/gcc111libbid_hard.a(bid128_2_str_tables.o)
                0x0000000010000660                __bid_Tento9
 *fill*         0x0000000010000664        0x4 
 .data.__bid_Twoto60
                0x0000000010000668        0x8 lib/gcc111libbid_hard.a(bid128_2_str_tables.o)
                0x0000000010000668                __bid_Twoto60
 .data.__bid_Twoto60_m_10to18
                0x0000000010000670        0x8 lib/gcc111libbid_hard.a(bid128_2_str_tables.o)
                0x0000000010000670                __bid_Twoto60_m_10to18
                0x0000000010000678                . = ALIGN (0x8)
                0x0000000010000678                _edata = .

.jcr            0x0000000010000678        0x0 load address 0x00000000080a6780
 .jcr           0x0000000010000678        0x0 /usr/lib/gcc/arm-none-eabi/6.3.1/thumb/v7e-m/fpv4-sp/hard/crtbegin.o

.tm_clone_table
                0x0000000010000678        0x0 load address 0x00000000080a6780
 .tm_clone_table
                0x0000000010000678        0x0 /usr/lib/gcc/arm-none-eabi/6.3.1/thumb/v7e-m/fpv4-sp/hard/crtbegin.o
 .tm_clone_table
                0x0000000010000678        0x0 /usr/lib/gcc/arm-none-eabi/6.3.1/thumb/v7e-m/fpv4-sp/hard/crtend.o

.igot.plt       0x0000000010000678        0x0 load address 0x00000000080a6780
 .igot.plt      0x0000000010000678        0x0 /usr/lib/gcc/arm-none-eabi/6.3.1/thumb/v7e-m/fpv4-sp/hard/crtbegin.o
                0x0000000010000678                . = ALIGN (0x4)

.bss            0x0000000010000680      0x808
                0x0000000010000680                _sbss = .
                0x0000000010000680                __bss_start__ = _sbss
 *(.bss)
 .bss           0x0000000010000680       0x1c /usr/lib/gcc/arm-none-eabi/6.3.1/thumb/v7e-m/fpv4-sp/hard/crtbegin.o
 *(.bss*)
 .bss.f_menu    0x000000001000069c        0x4 build/main.o
                0x000000001000069c                f_menu
 .bss.f_menu_fns
                0x00000000100006a0        0x4 build/main.o
                0x00000000100006a0                f_menu_fns
 .bss.__bid_IDEC_glbflags
                0x00000000100006a4        0x4 lib/gcc111libbid_hard.a(bid_decimal_globals.o)
                0x00000000100006a4                __bid_IDEC_glbflags
 .bss.__bid_IDEC_glbround
                0x00000000100006a8        0x4 lib/gcc111libbid_hard.a(bid_decimal_globals.o)
                0x00000000100006a8                __bid_IDEC_glbround
 *(COMMON)
 *fill*         0x00000000100006ac        0x4 
 COMMON         0x00000000100006b0      0x7d1 build/main.o
                0x00000000100006b0                num_180_pi
                0x00000000100006c0                num_pi
                0x00000000100006d0                num_10
                0x00000000100006e0                shift
                0x00000000100006f0                num_pi_180
                0x0000000010000700                stack
                0x00000000100007a0                edit
                0x00000000100007a1                fmt_mode_digits
                0x00000000100007a2                fmt_mode
                0x00000000100007b0                num_pi_200
                0x00000000100007c0                ed
                0x0000000010000800                num_200_pi
                0x0000000010000810                num_one
                0x0000000010000820                num_1_100
                0x0000000010000830                regs
                0x0000000010000e70                num_zero
                0x0000000010000e80                ang_mode
 *fill*         0x0000000010000e81        0x3 
 COMMON         0x0000000010000e84        0x4 /usr/lib/gcc/arm-none-eabi/6.3.1/../../../arm-none-eabi/lib/thumb/v7e-m/fpv4-sp/hard/libc.a(lib_a-reent.o)
                0x0000000010000e84                errno
                0x0000000010000e88                . = ALIGN (0x4)
                0x0000000010000e88                _ebss = .
                0x0000000010000e88                __bss_end__ = _ebss

/DISCARD/
 libc.a(*)
 libm.a(*)
 libgcc.a(*)

.ARM.attributes
                0x0000000000000000       0x30
 *(.ARM.attributes)
 .ARM.attributes
                0x0000000000000000       0x22 /usr/lib/gcc/arm-none-eabi/6.3.1/thumb/v7e-m/fpv4-sp/hard/crti.o
 .ARM.attributes
                0x0000000000000022       0x34 /usr/lib/gcc/arm-none-eabi/6.3.1/thumb/v7e-m/fpv4-sp/hard/crtbegin.o
 .ARM.attributes
                0x0000000000000056       0x34 build/pgm_syscalls.o
 .ARM.attributes
                0x000000000000008a       0x34 build/main.o
 .ARM.attributes
                0x00000000000000be       0x34 build/menu.o
 .ARM.attributes
                0x00000000000000f2       0x21 build/startup_pgm.o
 .ARM.attributes
                0x0000000000000113       0x34 lib/gcc111libbid_hard.a(bid128_acos.o)
 .ARM.attributes
                0x0000000000000147       0x34 lib/gcc111libbid_hard.a(bid128_asin.o)
 .ARM.attributes
                0x000000000000017b       0x34 lib/gcc111libbid_hard.a(bid128_atan.o)
 .ARM.attributes
                0x00000000000001af       0x34 lib/gcc111libbid_hard.a(bid128_cos.o)
 .ARM.attributes
                0x00000000000001e3       0x34 lib/gcc111libbid_hard.a(bid128_exp.o)
 .ARM.attributes
                0x0000000000000217       0x34 lib/gcc111libbid_hard.a(bid128_exp10.o)
 .ARM.attributes
                0x000000000000024b       0x34 lib/gcc111libbid_hard.a(bid128_log.o)
 .ARM.attributes
                0x000000000000027f       0x34 lib/gcc111libbid_hard.a(bid128_log10.o)
 .ARM.attributes
                0x00000000000002b3       0x34 lib/gcc111libbid_hard.a(bid128_pow.o)
 .ARM.attributes
                0x00000000000002e7       0x34 lib/gcc111libbid_hard.a(bid128_sin.o)
 .ARM.attributes
                0x000000000000031b       0x34 lib/gcc111libbid_hard.a(bid128_tan.o)
 .ARM.attributes
                0x000000000000034f       0x34 lib/gcc111libbid_hard.a(bid128_add.o)
 .ARM.attributes
                0x0000000000000383       0x34 lib/gcc111libbid_hard.a(bid128_compare.o)
 .ARM.attributes
                0x00000000000003b7       0x34 lib/gcc111libbid_hard.a(bid128_div.o)
 .ARM.attributes
                0x00000000000003eb       0x34 lib/gcc111libbid_hard.a(bid128_fma.o)
 .ARM.attributes
                0x000000000000041f       0x34 lib/gcc111libbid_hard.a(bid128_mul.o)
 .ARM.attributes
                0x0000000000000453       0x34 lib/gcc111libbid_hard.a(bid128_noncomp.o)
 .ARM.attributes
                0x0000000000000487       0x34 lib/gcc111libbid_hard.a(bid128_round_integral.o)
 .ARM.attributes
                0x00000000000004bb       0x34 lib/gcc111libbid_hard.a(bid128_sqrt.o)
 .ARM.attributes
                0x00000000000004ef       0x34 lib/gcc111libbid_hard.a(bid128_string.o)
 .ARM.attributes
                0x0000000000000523       0x34 lib/gcc111libbid_hard.a(bid128_to_int32.o)
 .ARM.attributes
                0x0000000000000557       0x34 lib/gcc111libbid_hard.a(bid64_to_bid128.o)
 .ARM.attributes
                0x000000000000058b       0x34 lib/gcc111libbid_hard.a(bid128_2_str_tables.o)
 .ARM.attributes
                0x00000000000005bf       0x34 lib/gcc111libbid_hard.a(bid_binarydecimal.o)
 .ARM.attributes
                0x00000000000005f3       0x34 lib/gcc111libbid_hard.a(bid_convert_data.o)
 .ARM.attributes
                0x0000000000000627       0x34 lib/gcc111libbid_hard.a(bid_decimal_data.o)
 .ARM.attributes
                0x000000000000065b       0x34 lib/gcc111libbid_hard.a(bid_decimal_globals.o)
 .ARM.attributes
                0x000000000000068f       0x34 lib/gcc111libbid_hard.a(bid_from_int.o)
 .ARM.attributes
                0x00000000000006c3       0x34 lib/gcc111libbid_hard.a(bid_round.o)
 .ARM.attributes
                0x00000000000006f7       0x34 lib/gcc111libbid_hard.a(bid128.o)
 .ARM.attributes
                0x000000000000072b       0x34 lib/gcc111libbid_hard.a(dpml_ux_bid.o)
 .ARM.attributes
                0x000000000000075f       0x34 lib/gcc111libbid_hard.a(dpml_ux_exp.o)
 .ARM.attributes
                0x0000000000000793       0x34 lib/gcc111libbid_hard.a(dpml_ux_inv_trig.o)
 .ARM.attributes
                0x00000000000007c7       0x34 lib/gcc111libbid_hard.a(dpml_ux_log.o)
 .ARM.attributes
                0x00000000000007fb       0x34 lib/gcc111libbid_hard.a(dpml_ux_sqrt.o)
 .ARM.attributes
                0x000000000000082f       0x34 lib/gcc111libbid_hard.a(dpml_ux_trig.o)
 .ARM.attributes
                0x0000000000000863       0x34 lib/gcc111libbid_hard.a(dpml_ux_ops.o)
 .ARM.attributes
                0x0000000000000897       0x34 lib/gcc111libbid_hard.a(dpml_ux_ops_64.o)
 .ARM.attributes
                0x00000000000008cb       0x34 lib/gcc111libbid_hard.a(dpml_four_over_pi.o)
 .ARM.attributes
                0x00000000000008ff       0x34 lib/gcc111libbid_hard.a(dpml_exception.o)
 .ARM.attributes
                0x0000000000000933       0x34 lib/gcc111libbid_hard.a(sqrt_tab_t.o)
 .ARM.attributes
                0x0000000000000967       0x22 /usr/lib/gcc/arm-none-eabi/6.3.1/thumb/v7e-m/fpv4-sp/hard/libgcc.a(_arm_addsubdf3.o)
 .ARM.attributes
                0x0000000000000989       0x22 /usr/lib/gcc/arm-none-eabi/6.3.1/thumb/v7e-m/fpv4-sp/hard/libgcc.a(_arm_muldivdf3.o)
 .ARM.attributes
                0x00000000000009ab       0x22 /usr/lib/gcc/arm-none-eabi/6.3.1/thumb/v7e-m/fpv4-sp/hard/libgcc.a(_arm_truncdfsf2.o)
 .ARM.attributes
                0x00000000000009cd       0x22 /usr/lib/gcc/arm-none-eabi/6.3.1/thumb/v7e-m/fpv4-sp/hard/libgcc.a(_arm_addsubsf3.o)
 .ARM.attributes
                0x00000000000009ef       0x22 /usr/lib/gcc/arm-none-eabi/6.3.1/thumb/v7e-m/fpv4-sp/hard/libgcc.a(_aeabi_uldivmod.o)
 .ARM.attributes
                0x0000000000000a11       0x34 /usr/lib/gcc/arm-none-eabi/6.3.1/thumb/v7e-m/fpv4-sp/hard/libgcc.a(_fixdfdi.o)
 .ARM.attributes
                0x0000000000000a45       0x34 /usr/lib/gcc/arm-none-eabi/6.3.1/thumb/v7e-m/fpv4-sp/hard/libgcc.a(_fixunsdfdi.o)
 .ARM.attributes
                0x0000000000000a79       0x34 /usr/lib/gcc/arm-none-eabi/6.3.1/thumb/v7e-m/fpv4-sp/hard/libgcc.a(_udivmoddi4.o)
 .ARM.attributes
                0x0000000000000aad       0x22 /usr/lib/gcc/arm-none-eabi/6.3.1/thumb/v7e-m/fpv4-sp/hard/libgcc.a(_dvmd_tls.o)
 .ARM.attributes
                0x0000000000000acf       0x22 /usr/lib/gcc/arm-none-eabi/6.3.1/thumb/v7e-m/fpv4-sp/hard/libgcc.a(_arm_cmpdf2.o)
 .ARM.attributes
                0x0000000000000af1       0x22 /usr/lib/gcc/arm-none-eabi/6.3.1/thumb/v7e-m/fpv4-sp/hard/libgcc.a(_arm_fixunsdfsi.o)
 .ARM.attributes
                0x0000000000000b13       0x34 /usr/lib/gcc/arm-none-eabi/6.3.1/../../../arm-none-eabi/lib/thumb/v7e-m/fpv4-sp/hard/libc.a(lib_a-atexit.o)
 .ARM.attributes
                0x0000000000000b47       0x34 /usr/lib/gcc/arm-none-eabi/6.3.1/../../../arm-none-eabi/lib/thumb/v7e-m/fpv4-sp/hard/libc.a(lib_a-atoi.o)
 .ARM.attributes
                0x0000000000000b7b       0x34 /usr/lib/gcc/arm-none-eabi/6.3.1/../../../arm-none-eabi/lib/thumb/v7e-m/fpv4-sp/hard/libc.a(lib_a-ctype_.o)
 .ARM.attributes
                0x0000000000000baf       0x34 /usr/lib/gcc/arm-none-eabi/6.3.1/../../../arm-none-eabi/lib/thumb/v7e-m/fpv4-sp/hard/libc.a(lib_a-errno.o)
 .ARM.attributes
                0x0000000000000be3       0x34 /usr/lib/gcc/arm-none-eabi/6.3.1/../../../arm-none-eabi/lib/thumb/v7e-m/fpv4-sp/hard/libc.a(lib_a-fini.o)
 .ARM.attributes
                0x0000000000000c17       0x34 /usr/lib/gcc/arm-none-eabi/6.3.1/../../../arm-none-eabi/lib/thumb/v7e-m/fpv4-sp/hard/libc.a(lib_a-impure.o)
 .ARM.attributes
                0x0000000000000c4b       0x34 /usr/lib/gcc/arm-none-eabi/6.3.1/../../../arm-none-eabi/lib/thumb/v7e-m/fpv4-sp/hard/libc.a(lib_a-init.o)
 .ARM.attributes
                0x0000000000000c7f       0x34 /usr/lib/gcc/arm-none-eabi/6.3.1/../../../arm-none-eabi/lib/thumb/v7e-m/fpv4-sp/hard/libc.a(lib_a-memmove.o)
 .ARM.attributes
                0x0000000000000cb3       0x34 /usr/lib/gcc/arm-none-eabi/6.3.1/../../../arm-none-eabi/lib/thumb/v7e-m/fpv4-sp/hard/libc.a(lib_a-memset.o)
 .ARM.attributes
                0x0000000000000ce7       0x34 /usr/lib/gcc/arm-none-eabi/6.3.1/../../../arm-none-eabi/lib/thumb/v7e-m/fpv4-sp/hard/libc.a(lib_a-printf.o)
 .ARM.attributes
                0x0000000000000d1b       0x34 /usr/lib/gcc/arm-none-eabi/6.3.1/../../../arm-none-eabi/lib/thumb/v7e-m/fpv4-sp/hard/libc.a(lib_a-signal.o)
 .ARM.attributes
                0x0000000000000d4f       0x34 /usr/lib/gcc/arm-none-eabi/6.3.1/../../../arm-none-eabi/lib/thumb/v7e-m/fpv4-sp/hard/libc.a(lib_a-signalr.o)
 .ARM.attributes
                0x0000000000000d83       0x34 /usr/lib/gcc/arm-none-eabi/6.3.1/../../../arm-none-eabi/lib/thumb/v7e-m/fpv4-sp/hard/libc.a(lib_a-sprintf.o)
 .ARM.attributes
                0x0000000000000db7       0x34 /usr/lib/gcc/arm-none-eabi/6.3.1/../../../arm-none-eabi/lib/thumb/v7e-m/fpv4-sp/hard/libc.a(lib_a-stpcpy.o)
 .ARM.attributes
                0x0000000000000deb       0x34 /usr/lib/gcc/arm-none-eabi/6.3.1/../../../arm-none-eabi/lib/thumb/v7e-m/fpv4-sp/hard/libc.a(lib_a-strcat.o)
 .ARM.attributes
                0x0000000000000e1f       0x34 /usr/lib/gcc/arm-none-eabi/6.3.1/../../../arm-none-eabi/lib/thumb/v7e-m/fpv4-sp/hard/libc.a(lib_a-strchr.o)
 .ARM.attributes
                0x0000000000000e53       0x34 /usr/lib/gcc/arm-none-eabi/6.3.1/../../../arm-none-eabi/lib/thumb/v7e-m/fpv4-sp/hard/libc.a(lib_a-strcpy.o)
 .ARM.attributes
                0x0000000000000e87       0x20 /usr/lib/gcc/arm-none-eabi/6.3.1/../../../arm-none-eabi/lib/thumb/v7e-m/fpv4-sp/hard/libc.a(lib_a-strlen.o)
 .ARM.attributes
                0x0000000000000ea7       0x34 /usr/lib/gcc/arm-none-eabi/6.3.1/../../../arm-none-eabi/lib/thumb/v7e-m/fpv4-sp/hard/libc.a(lib_a-strncat.o)
 .ARM.attributes
                0x0000000000000edb       0x34 /usr/lib/gcc/arm-none-eabi/6.3.1/../../../arm-none-eabi/lib/thumb/v7e-m/fpv4-sp/hard/libc.a(lib_a-strtol.o)
 .ARM.attributes
                0x0000000000000f0f       0x34 /usr/lib/gcc/arm-none-eabi/6.3.1/../../../arm-none-eabi/lib/thumb/v7e-m/fpv4-sp/hard/libc.a(lib_a-svfprintf.o)
 .ARM.attributes
                0x0000000000000f43       0x34 /usr/lib/gcc/arm-none-eabi/6.3.1/../../../arm-none-eabi/lib/thumb/v7e-m/fpv4-sp/hard/libc.a(lib_a-vfprintf.o)
 .ARM.attributes
                0x0000000000000f77       0x34 /usr/lib/gcc/arm-none-eabi/6.3.1/../../../arm-none-eabi/lib/thumb/v7e-m/fpv4-sp/hard/libc.a(lib_a-wsetup.o)
 .ARM.attributes
                0x0000000000000fab       0x34 /usr/lib/gcc/arm-none-eabi/6.3.1/../../../arm-none-eabi/lib/thumb/v7e-m/fpv4-sp/hard/libc.a(lib_a-__atexit.o)
 .ARM.attributes
                0x0000000000000fdf       0x34 /usr/lib/gcc/arm-none-eabi/6.3.1/../../../arm-none-eabi/lib/thumb/v7e-m/fpv4-sp/hard/libc.a(lib_a-__call_atexit.o)
 .ARM.attributes
                0x0000000000001013       0x34 /usr/lib/gcc/arm-none-eabi/6.3.1/../../../arm-none-eabi/lib/thumb/v7e-m/fpv4-sp/hard/libc.a(lib_a-dtoa.o)
 .ARM.attributes
                0x0000000000001047       0x34 /usr/lib/gcc/arm-none-eabi/6.3.1/../../../arm-none-eabi/lib/thumb/v7e-m/fpv4-sp/hard/libc.a(lib_a-fflush.o)
 .ARM.attributes
                0x000000000000107b       0x34 /usr/lib/gcc/arm-none-eabi/6.3.1/../../../arm-none-eabi/lib/thumb/v7e-m/fpv4-sp/hard/libc.a(lib_a-findfp.o)
 .ARM.attributes
                0x00000000000010af       0x34 /usr/lib/gcc/arm-none-eabi/6.3.1/../../../arm-none-eabi/lib/thumb/v7e-m/fpv4-sp/hard/libc.a(lib_a-fwalk.o)
 .ARM.attributes
                0x00000000000010e3       0x34 /usr/lib/gcc/arm-none-eabi/6.3.1/../../../arm-none-eabi/lib/thumb/v7e-m/fpv4-sp/hard/libc.a(lib_a-locale.o)
 .ARM.attributes
                0x0000000000001117       0x34 /usr/lib/gcc/arm-none-eabi/6.3.1/../../../arm-none-eabi/lib/thumb/v7e-m/fpv4-sp/hard/libc.a(lib_a-makebuf.o)
 .ARM.attributes
                0x000000000000114b       0x20 /usr/lib/gcc/arm-none-eabi/6.3.1/../../../arm-none-eabi/lib/thumb/v7e-m/fpv4-sp/hard/libc.a(lib_a-memchr.o)
 .ARM.attributes
                0x000000000000116b       0x20 /usr/lib/gcc/arm-none-eabi/6.3.1/../../../arm-none-eabi/lib/thumb/v7e-m/fpv4-sp/hard/libc.a(lib_a-memcpy.o)
 .ARM.attributes
                0x000000000000118b       0x34 /usr/lib/gcc/arm-none-eabi/6.3.1/../../../arm-none-eabi/lib/thumb/v7e-m/fpv4-sp/hard/libc.a(lib_a-mprec.o)
 .ARM.attributes
                0x00000000000011bf       0x34 /usr/lib/gcc/arm-none-eabi/6.3.1/../../../arm-none-eabi/lib/thumb/v7e-m/fpv4-sp/hard/libc.a(lib_a-reent.o)
 .ARM.attributes
                0x00000000000011f3       0x34 /usr/lib/gcc/arm-none-eabi/6.3.1/../../../arm-none-eabi/lib/thumb/v7e-m/fpv4-sp/hard/libc.a(lib_a-stdio.o)
 .ARM.attributes
                0x0000000000001227       0x20 /usr/lib/gcc/arm-none-eabi/6.3.1/../../../arm-none-eabi/lib/thumb/v7e-m/fpv4-sp/hard/libc.a(lib_a-strcmp.o)
 .ARM.attributes
                0x0000000000001247       0x34 /usr/lib/gcc/arm-none-eabi/6.3.1/../../../arm-none-eabi/lib/thumb/v7e-m/fpv4-sp/hard/libc.a(lib_a-svfiprintf.o)
 .ARM.attributes
                0x000000000000127b       0x34 /usr/lib/gcc/arm-none-eabi/6.3.1/../../../arm-none-eabi/lib/thumb/v7e-m/fpv4-sp/hard/libc.a(lib_a-vfiprintf.o)
 .ARM.attributes
                0x00000000000012af       0x34 /usr/lib/gcc/arm-none-eabi/6.3.1/../../../arm-none-eabi/lib/thumb/v7e-m/fpv4-sp/hard/libc.a(lib_a-writer.o)
 .ARM.attributes
                0x00000000000012e3       0x34 /usr/lib/gcc/arm-none-eabi/6.3.1/../../../arm-none-eabi/lib/thumb/v7e-m/fpv4-sp/hard/libc.a(lib_a-closer.o)
 .ARM.attributes
                0x0000000000001317       0x34 /usr/lib/gcc/arm-none-eabi/6.3.1/../../../arm-none-eabi/lib/thumb/v7e-m/fpv4-sp/hard/libc.a(lib_a-fclose.o)
 .ARM.attributes
                0x000000000000134b       0x34 /usr/lib/gcc/arm-none-eabi/6.3.1/../../../arm-none-eabi/lib/thumb/v7e-m/fpv4-sp/hard/libc.a(lib_a-fputwc.o)
 .ARM.attributes
                0x000000000000137f       0x34 /usr/lib/gcc/arm-none-eabi/6.3.1/../../../arm-none-eabi/lib/thumb/v7e-m/fpv4-sp/hard/libc.a(lib_a-fstatr.o)
 .ARM.attributes
                0x00000000000013b3       0x34 /usr/lib/gcc/arm-none-eabi/6.3.1/../../../arm-none-eabi/lib/thumb/v7e-m/fpv4-sp/hard/libc.a(lib_a-fvwrite.o)
 .ARM.attributes
                0x00000000000013e7       0x34 /usr/lib/gcc/arm-none-eabi/6.3.1/../../../arm-none-eabi/lib/thumb/v7e-m/fpv4-sp/hard/libc.a(lib_a-isattyr.o)
 .ARM.attributes
                0x000000000000141b       0x34 /usr/lib/gcc/arm-none-eabi/6.3.1/../../../arm-none-eabi/lib/thumb/v7e-m/fpv4-sp/hard/libc.a(lib_a-lseekr.o)
 .ARM.attributes
                0x000000000000144f       0x34 /usr/lib/gcc/arm-none-eabi/6.3.1/../../../arm-none-eabi/lib/thumb/v7e-m/fpv4-sp/hard/libc.a(lib_a-readr.o)
 .ARM.attributes
                0x0000000000001483       0x34 /usr/lib/gcc/arm-none-eabi/6.3.1/../../../arm-none-eabi/lib/thumb/v7e-m/fpv4-sp/hard/libc.a(lib_a-wbuf.o)
 .ARM.attributes
                0x00000000000014b7       0x34 /usr/lib/gcc/arm-none-eabi/6.3.1/../../../arm-none-eabi/lib/thumb/v7e-m/fpv4-sp/hard/libc.a(lib_a-wcrtomb.o)
 .ARM.attributes