Archive member included to satisfy reference by file (symbol)

build/libconsts.a(const_50.o)
                              build/decn.o (const_50)
build/libconsts.a(const_randfac.o)
                              build/stats.o (const_randfac)
build/libconsts.a(const_ln10.o)
                              build/decn.o (const_ln10)
build/libconsts.a(const_egamma.o)
                              build/decn.o (const_egamma)
build/libconsts.a(const_256.o)
                              build/decn.o (const_256)
build/libconsts.a(const_180.o)
                              build/decn.o (const_180)
build/libconsts.a(const_1e_32.o)
                              build/xeq.o (const_1e_32)
build/libconsts.a(const_gammaC03.o)
                              build/decn.o (const_gammaC03)
build/libconsts.a(const_60.o)
                              build/decn.o (const_60)
build/libconsts.a(const_10.o)
                              build/decn.o (const_10)
build/libconsts.a(const_360.o)
                              build/decn.o (const_360)
build/libconsts.a(const_gammaC10.o)
                              build/decn.o (const_gammaC10)
build/libconsts.a(const_gammaC11.o)
                              build/decn.o (const_gammaC11)
build/libconsts.a(const__inf.o)
                              build/decn.o (const__inf)
build/libconsts.a(const_21.o)
                              build/decn.o (const_21)
build/libconsts.a(const_gammaC16.o)
                              build/decn.o (const_gammaC16)
build/libconsts.a(const_200.o)
                              build/decn.o (const_200)
build/libconsts.a(const_gammaC06.o)
                              build/decn.o (const_gammaC06)
build/libconsts.a(const_NaN.o)
                              build/xeq.o (const_NaN)
build/libconsts.a(const_gammaC15.o)
                              build/decn.o (const_gammaC15)
build/libconsts.a(const_1e_24.o)
                              build/xeq.o (const_1e_24)
build/libconsts.a(const_45.o)
                              build/decn.o (const_45)
build/libconsts.a(const_0_05.o)
                              build/xeq.o (const_0_05)
build/libconsts.a(const_3.o)  build/decn.o (const_3)
build/libconsts.a(const_hms_threshold.o)
                              build/display.o (const_hms_threshold)
build/libconsts.a(const_gammaC14.o)
                              build/decn.o (const_gammaC14)
build/libconsts.a(const_0_6.o)
                              build/decn.o (const_0_6)
build/libconsts.a(const_32.o)
                              build/xeq.o (const_32)
build/libconsts.a(const_0_75.o)
                              build/decn.o (const_0_75)
build/libconsts.a(const__1.o)
                              build/decn.o (const__1)
build/libconsts.a(const_gammaC00.o)
                              build/decn.o (const_gammaC00)
build/libconsts.a(const_ln2.o)
                              build/decn.o (const_ln2)
build/libconsts.a(const_gammaC18.o)
                              build/decn.o (const_gammaC18)
build/libconsts.a(const_2PI.o)
                              build/decn.o (const_2PI)
build/libconsts.a(const_1e_14.o)
                              build/xeq.o (const_1e_14)
build/libconsts.a(const_0.o)  build/xeq.o (const_0)
build/libconsts.a(const_PIon180.o)
                              build/decn.o (const_PIon180)
build/libconsts.a(const_9000.o)
                              build/display.o (const_9000)
build/libconsts.a(const_0_9.o)
                              build/decn.o (const_0_9)
build/libconsts.a(const_gammaC08.o)
                              build/decn.o (const_gammaC08)
build/libconsts.a(const_gammaC21.o)
                              build/decn.o (const_gammaC21)
build/libconsts.a(const_1e_37.o)
                              build/decn.o (const_1e_37)
build/libconsts.a(const_gammaC05.o)
                              build/decn.o (const_gammaC05)
build/libconsts.a(const_2.o)  build/decn.o (const_2)
build/libconsts.a(const_gammaC13.o)
                              build/decn.o (const_gammaC13)
build/libconsts.a(const_100000.o)
                              build/display.o (const_100000)
build/libconsts.a(const_gammaR.o)
                              build/decn.o (const_gammaR)
build/libconsts.a(const_5.o)  build/decn.o (const_5)
build/libconsts.a(const_1.o)  build/xeq.o (const_1)
build/libconsts.a(const_gammaC19.o)
                              build/decn.o (const_gammaC19)
build/libconsts.a(const_inf.o)
                              build/decn.o (const_inf)
build/libconsts.a(const_0_995.o)
                              build/decn.o (const_0_995)
build/libconsts.a(const_0_0001.o)
                              build/display.o (const_0_0001)
build/libconsts.a(const_1on60.o)
                              build/decn.o (const_1on60)
build/libconsts.a(const_PIon200.o)
                              build/decn.o (const_PIon200)
build/libconsts.a(const_gammaC01.o)
                              build/decn.o (const_gammaC01)
build/libconsts.a(const_gammaC09.o)
[...]
Memory Configuration

Name             Origin             Length             Attributes
FLASH            0x0000000008050000 0x00000000000b0000 xr
RAM              0x0000000010000000 0x0000000000002000 xrw
QSPI             0x0000000090000000 0x0000000000200000 xr
*default*        0x0000000000000000 0xffffffffffffffff

Linker script and memory map

LOAD /usr/lib/gcc/arm-none-eabi/9.2.1/thumb/v7e-m+fp/hard/crti.o
LOAD /usr/lib/gcc/arm-none-eabi/9.2.1/thumb/v7e-m+fp/hard/crtbegin.o
LOAD /usr/lib/gcc/arm-none-eabi/9.2.1/../../../arm-none-eabi/lib/thumb/v7e-m+fp/hard/crt0.o
LOAD build/pgm_syscalls.o
LOAD build/keys.o
LOAD build/display.o
LOAD build/xeq.o
LOAD build/prt.o
LOAD build/decn.o
LOAD build/complex.o
LOAD build/stats.o
LOAD build/lcd.o
LOAD build/int.o
LOAD build/date.o
LOAD build/consts.o
LOAD build/alpha.o
LOAD build/charmap.o
LOAD build/commands.o
LOAD build/string.o
LOAD build/storage.o
LOAD build/matrix.o
LOAD build/font.o
LOAD build/xrom.o
LOAD build/console.o
LOAD build/libconsts.a
LOAD build/libdecNumber.a
LOAD build/startup_pgm.o
START GROUP
LOAD /usr/lib/gcc/arm-none-eabi/9.2.1/thumb/v7e-m+fp/hard/libgcc.a
LOAD /usr/lib/gcc/arm-none-eabi/9.2.1/../../../arm-none-eabi/lib/thumb/v7e-m+fp/hard/libc.a
END GROUP
START GROUP
LOAD /usr/lib/gcc/arm-none-eabi/9.2.1/thumb/v7e-m+fp/hard/libgcc.a
LOAD /usr/lib/gcc/arm-none-eabi/9.2.1/../../../arm-none-eabi/lib/thumb/v7e-m+fp/hard/libc.a
LOAD /usr/lib/gcc/arm-none-eabi/9.2.1/../../../arm-none-eabi/lib/thumb/v7e-m+fp/hard/libnosys.a
END GROUP
LOAD /usr/lib/gcc/arm-none-eabi/9.2.1/thumb/v7e-m+fp/hard/crtend.o
LOAD /usr/lib/gcc/arm-none-eabi/9.2.1/thumb/v7e-m+fp/hard/crtn.o

.qspi           0x0000000090000000        0x0
                0x0000000090000000                . = ALIGN (0x8)
                0x0000000090000000                _qspi_start = .
 *(.qspi)
 *(.qspi*)
 *(.rodata.__bid_mod10_18_tbl)
 *(.rodata.__bid_convert_table)
 *(.rodata.bid_log_table_1)
 *(.rodata.bid_log_table_2)
 *(.rodata.bid_decimal128_moduli)
 *(.rodata.bid_exponents_bid64)
 *(.rodata.bid_exponents_binary128)
 *(.rodata.bid_breakpoints_binary128)
 *(.rodata.bid_breakpoints_bid64)
 *(.rodata.bid_multipliers1_binary128)
 *(.rodata.bid_multipliers2_bid64)
 *(.rodata.bid_multipliers1_bid64)
 *(.rodata.bid_multipliers2_binary128)
                0x0000000090000000                . = ALIGN (0x8)
                0x0000000090000000                _qspi_end = .

.rodata         0x0000000008050000     0x9e88
 *(.rodata.prog_info)
 .rodata.prog_info
                0x0000000008050000       0x40 build/pgm_syscalls.o
                0x0000000008050000                prog_info
                0x0000000008050040                . = ALIGN (0x40)
 *(.rodata)
 .rodata        0x0000000008050040      0x19e build/display.o
 *fill*         0x00000000080501de        0x2 
 .rodata        0x00000000080501e0       0x29 build/xeq.o
 *fill*         0x0000000008050209        0x3 
 .rodata        0x000000000805020c       0x40 build/date.o
 .rodata        0x000000000805024c       0x29 build/console.o
 *fill*         0x0000000008050275        0x3 
 .rodata        0x0000000008050278        0x4 /usr/lib/gcc/arm-none-eabi/9.2.1/../../../arm-none-eabi/lib/thumb/v7e-m+fp/hard/libc.a(lib_a-impure.o)
                0x0000000008050278                _global_impure_ptr
 .rodata        0x000000000805027c       0x20 /usr/lib/gcc/arm-none-eabi/9.2.1/../../../arm-none-eabi/lib/thumb/v7e-m+fp/hard/libc.a(lib_a-svfprintf.o)
 .rodata        0x000000000805029c      0x101 /usr/lib/gcc/arm-none-eabi/9.2.1/../../../arm-none-eabi/lib/thumb/v7e-m+fp/hard/libc.a(lib_a-ctype_.o)
                0x000000000805029c                _ctype_
 *fill*         0x000000000805039d        0x3 
 .rodata        0x00000000080503a0      0x128 /usr/lib/gcc/arm-none-eabi/9.2.1/../../../arm-none-eabi/lib/thumb/v7e-m+fp/hard/libc.a(lib_a-mprec.o)
                0x00000000080503b0                __mprec_tens
                0x0000000008050478                __mprec_tinytens
                0x00000000080504a0                __mprec_bigtens
 .rodata        0x00000000080504c8       0x20 /usr/lib/gcc/arm-none-eabi/9.2.1/../../../arm-none-eabi/lib/thumb/v7e-m+fp/hard/libc.a(lib_a-svfiprintf.o)
 .rodata        0x00000000080504e8       0x20 /usr/lib/gcc/arm-none-eabi/9.2.1/../../../arm-none-eabi/lib/thumb/v7e-m+fp/hard/libc.a(lib_a-vfiprintf.o)
 *(.rodata*)
 .rodata.process_keycode.str1.4
                0x0000000008050508       0x14 build/keys.o
 .rodata.alpha_arrows
                0x000000000805051c        0x9 build/keys.o
 *fill*         0x0000000008050525        0x3 
 .rodata.alpha_catalogue
                0x0000000008050528       0x12 build/keys.o
 *fill*         0x000000000805053a        0x2 
 .rodata.alpha_compares
                0x000000000805053c        0xa build/keys.o
 *fill*         0x0000000008050546        0x2 
 .rodata.alpha_letters
                0x0000000008050548       0x28 build/keys.o
 .rodata.alpha_letters_lower
                0x0000000008050570       0x28 build/keys.o
 .rodata.alpha_subscripts
                0x0000000008050598       0x1a build/keys.o
 *fill*         0x00000000080505b2        0x2 
 .rodata.alpha_symbols
                0x00000000080505b4       0x13 build/keys.o
 *fill*         0x00000000080505c7        0x1 
 .rodata.alphamap.9226
                0x00000000080505c8       0xe4 build/keys.o
 .rodata.amap.9217
                0x00000000080506ac       0x20 build/keys.o
 .rodata.catalogue
                0x00000000080506cc       0x8b build/keys.o
 *fill*         0x0000000008050757        0x1 
 .rodata.catalogue_sizes.9495
                0x0000000008050758       0x15 build/keys.o
 *fill*         0x000000000805076d        0x3 
 .rodata.catalogues.9503
                0x0000000008050770       0x54 build/keys.o
 .rodata.cmap.9216
                0x00000000080507c4       0x30 build/keys.o
 .rodata.conv_catalogue
                0x00000000080507f4       0x58 build/keys.o
 .rodata.conv_mapping.9542
                0x000000000805084c       0x18 build/keys.o
 .rodata.cplx_catalogue
                0x0000000008050864       0x26 build/keys.o
 *fill*         0x000000000805088a        0x2 
 .rodata.disp.9353
                0x000000000805088c        0x4 build/keys.o
 .rodata.int_catalogue
                0x0000000008050890       0x4d build/keys.o
 *fill*         0x00000000080508dd        0x3 
 .rodata.linear_key_map.9187
                0x00000000080508e0       0x2f build/keys.o
 *fill*         0x000000000805090f        0x1 
 .rodata.linear_key_map.9191
                0x0000000008050910       0x2f build/keys.o
 *fill*         0x000000000805093f        0x1 
 .rodata.map.9203
                0x0000000008050940       0x2b build/keys.o
 *fill*         0x000000000805096b        0x1 
 .rodata.matrix_catalogue
                0x000000000805096c       0x18 build/keys.o
 .rodata.mode_catalogue
                0x0000000008050984       0x41 build/keys.o
 *fill*         0x00000000080509c5        0x3 
 .rodata.op_map.9270
                0x00000000080509c8       0x46 build/keys.o
 *fill*         0x0000000008050a0e        0x2 
 .rodata.op_map.9293
                0x0000000008050a10       0x8c build/keys.o
 .rodata.op_map.9316
                0x0000000008050a9c       0x46 build/keys.o
 *fill*         0x0000000008050ae2        0x2 
 .rodata.op_map.9326
                0x0000000008050ae4      0x118 build/keys.o
 .rodata.op_map.9338
                0x0000000008050bfc        0x6 build/keys.o
 *fill*         0x0000000008050c02        0x2 
 .rodata.op_map.9352
                0x0000000008050c04        0xc build/keys.o
 .rodata.op_map2.9294
                0x0000000008050c10        0x8 build/keys.o
 .rodata.opcode_breaks
                0x0000000008050c18        0x7 build/keys.o
 *fill*         0x0000000008050c1f        0x1 
 .rodata.prob_catalogue
                0x0000000008050c20       0x44 build/keys.o
 .rodata.prog_catalogue
                0x0000000008050c64       0x54 build/keys.o
 .rodata.program_xfcn
                0x0000000008050cb8       0xa7 build/keys.o
 *fill*         0x0000000008050d5f        0x1 
 .rodata.smap.9218
                0x0000000008050d60        0x4 build/keys.o
 .rodata.stats_catalogue
                0x0000000008050d64       0x16 build/keys.o
 *fill*         0x0000000008050d7a        0x2 
 .rodata.sums_catalogue
                0x0000000008050d7c       0x12 build/keys.o
 *fill*         0x0000000008050d8e        0x2 
 .rodata.test_catalogue
                0x0000000008050d90       0x2f build/keys.o
 *fill*         0x0000000008050dbf        0x1 
 .rodata.check_special_dn.isra.0.str1.4
                0x0000000008050dc0        0x4 build/display.o
 .rodata.carry_overflow.str1.4
                0x0000000008050dc4       0x10 build/display.o
 .rodata.annunciators.str1.4
                0x0000000008050dd4       0x48 build/display.o
 .rodata.display.str1.4
                0x0000000008050e1c       0xbd build/display.o
                                         0xc9 (size before relaxing)
 *fill*         0x0000000008050ed9        0x3 
 .rodata.str1.4
                0x0000000008050edc      0x10c build/display.o
 .rodata.CSWTCH.342
                0x0000000008050fe8       0x10 build/display.o
 .rodata.CSWTCH.369
                0x0000000008050ff8        0xc build/display.o
 .rodata.DIGITS
                0x0000000008051004       0x11 build/display.o
                0x0000000008051004                DIGITS
 *fill*         0x0000000008051015        0x3 
 .rodata.S7_ERROR
                0x0000000008051018        0x6 build/display.o
 *fill*         0x000000000805101e        0x2 
 .rodata.S7_INF
                0x0000000008051020        0x9 build/display.o
 *fill*         0x0000000008051029        0x3 
 .rodata.S7_INF_Text
                0x000000000805102c       0x12 build/display.o
 *fill*         0x000000000805103e        0x2 
 .rodata.S7_NEG_INF_Text
                0x0000000008051040       0x12 build/display.o
 *fill*         0x0000000008051052        0x2 
 .rodata.S7_NaN
                0x0000000008051054        0xd build/display.o
 *fill*         0x0000000008051061        0x3 
 .rodata.S7_NaN_Text
                0x0000000008051064       0x18 build/display.o
 .rodata.S7_STEP
                0x000000000805107c        0x6 build/display.o
 *fill*         0x0000000008051082        0x2 
 .rodata.S7_STEP_ShortText
                0x0000000008051084        0x5 build/display.o
 *fill*         0x0000000008051089        0x3 
 .rodata.S7_fract_EQ
                0x000000000805108c        0x4 build/display.o
 .rodata.S7_fract_GT
                0x0000000008051090        0x4 build/display.o
 .rodata.S7_fract_LT
                0x0000000008051094        0x4 build/display.o
 .rodata.S_SURE
                0x0000000008051098        0x6 build/display.o
 *fill*         0x000000000805109e        0x2 
 .rodata.SvnRevision
                0x00000000080510a0        0x4 build/display.o
                0x00000000080510a0                SvnRevision
 .rodata.digtbl
                0x00000000080510a4       0x7a build/display.o
 *fill*         0x000000000805111e        0x2 
 .rodata.error_table.8535
                0x0000000008051120       0x68 build/display.o
 .rodata.error_table_text.8536
                0x0000000008051188       0x68 build/display.o
 .rodata.libname
                0x00000000080511f0       0x14 build/display.o
 .rodata.libname_shorttext
                0x0000000008051204       0x14 build/display.o
 .rodata.libname_text
                0x0000000008051218       0x28 build/display.o
 .rodata.shift_chars.8639
                0x0000000008051240        0x4 build/display.o
 .rodata.small_dots.8840
                0x0000000008051244        0xd build/display.o
 *fill*         0x0000000008051251        0x3 
 .rodata.small_minus.8839
                0x0000000008051254        0x4 build/display.o
 .rodata.print_step.str1.4
                0x0000000008051258        0x5 build/xeq.o
 *fill*         0x000000000805125d        0x3 
 .rodata.op_query_xtal.str1.4
                0x0000000008051260        0x5 build/xeq.o
 *fill*         0x0000000008051265        0x3 
 .rodata.op_query_print.str1.4
                0x0000000008051268        0x6 build/xeq.o
 *fill*         0x000000000805126e        0x2 
 .rodata.op_2frac.str1.4
                0x0000000008051270       0x18 build/xeq.o
 .rodata.busy.str1.4
                0x0000000008051288        0x8 build/xeq.o
 .rodata.xeq.str1.4
                0x0000000008051290        0x8 build/xeq.o
 .rodata.StackRegMask
                0x0000000008051298        0x4 build/xeq.o
 .rodata.convergence_tolerances
                0x000000000805129c        0xc build/xeq.o
 .rodata.modes.11109
                0x00000000080512a8        0x7 build/xeq.o
 *fill*         0x00000000080512af        0x1 
 .rodata.modes.11576
                0x00000000080512b0        0x4 build/xeq.o
 .rodata.xrom_targets
                0x00000000080512b4       0x36 build/xeq.o
                0x00000000080512b4                xrom_targets
 *fill*         0x00000000080512ea        0x2 
 .rodata.prt_multi.str1.4
                0x00000000080512ec        0x4 build/prt.o
 .rodata.prt_specials.part.0.str1.4
                0x00000000080512f0       0x1b build/prt.o
                                         0x28 (size before relaxing)
 *fill*         0x000000000805130b        0x1 
 .rodata.prt.str1.4
                0x000000000805130c        0xc build/prt.o
                                         0x19 (size before relaxing)
 .rodata.digits.8230
                0x0000000008051318       0x10 build/prt.o
 .rodata.degrees.9006
                0x0000000008051328       0x10 build/decn.o
 .rodata.gamma_consts
                0x0000000008051338       0x54 build/decn.o
                0x0000000008051338                gamma_consts
 .rodata.gradians.9007
                0x000000000805138c       0x10 build/decn.o
 .rodata.get_sigmas.str1.4
                0x000000000805139c       0x16 build/stats.o
 *fill*         0x00000000080513b2        0x2 
 .rodata.show_disp.str1.4
                0x00000000080513b4       0x18 build/lcd.o
                                         0x28 (size before relaxing)
 .rodata.primes
                0x00000000080513cc       0x10 build/int.o
 .rodata.date_alphaday.str1.4
                0x00000000080513dc       0x16 build/date.o
 *fill*         0x00000000080513f2        0x2 
 .rodata.date_alphatime.str1.4
                0x00000000080513f4        0x8 build/date.o
                                          0x9 (size before relaxing)
 .rodata.mons.9049
                0x00000000080513fc       0x24 build/date.o
 .rodata.str1.4
                0x0000000008051420      0x241 build/consts.o
                                        0x24d (size before relaxing)
 *fill*         0x0000000008051661        0x3 
 .rodata.cnsts  0x0000000008051664      0x4f8 build/consts.o
                0x0000000008051664                cnsts
 .rodata.cnsts_conv
                0x0000000008051b5c      0x260 build/consts.o
                0x0000000008051b5c                cnsts_conv
 .rodata.cnsts_d128
                0x0000000008051dbc      0x200 build/consts.o
                0x0000000008051dbc                cnsts_d128
 .rodata.cnsts_d64
                0x0000000008051fbc      0x260 build/consts.o
                0x0000000008051fbc                cnsts_d64
 .rodata.character_remapping_order
                0x000000000805221c      0x100 build/charmap.o
 .rodata.str1.4
                0x000000000805231c      0x648 build/commands.o
                                        0x688 (size before relaxing)
 .rodata.argcmds
                0x0000000008052964      0x8f0 build/commands.o
                0x0000000008052964                argcmds
 .rodata.dyfuncs
                0x0000000008053254      0x4c8 build/commands.o
                0x0000000008053254                dyfuncs
 .rodata.monfuncs
                0x000000000805371c      0xea0 build/commands.o
                0x000000000805371c                monfuncs
 .rodata.multicmds
                0x00000000080545bc       0xb0 build/commands.o
                0x00000000080545bc                multicmds
 .rodata.niladics
                0x000000000805466c      0xc00 build/commands.o
                0x000000000805466c                niladics
 .rodata.trifuncs
                0x000000000805526c       0xf0 build/commands.o
                0x000000000805526c                trifuncs
 .rodata.program_flash.str1.4
                0x000000000805535c       0x33 build/storage.o
 *fill*         0x000000000805538f        0x1 
 .rodata.open_selected_file.str1.4
                0x0000000008055390       0x11 build/storage.o
 *fill*         0x00000000080553a1        0x3 
 .rodata.init_mem.str1.4
                0x00000000080553a4        0xe build/storage.o
 *fill*         0x00000000080553b2        0x2 
 .rodata.reset.str1.4
                0x00000000080553b4        0x7 build/storage.o
 *fill*         0x00000000080553bb        0x1 
 .rodata.store_program_from_buffer.part.0.str1.4
                0x00000000080553bc        0x9 build/storage.o
 *fill*         0x00000000080553c5        0x3 
 .rodata.flash_backup.str1.4
                0x00000000080553c8        0xe build/storage.o
 *fill*         0x00000000080553d6        0x2 
 .rodata.flash_restore.str1.4
                0x00000000080553d8        0x9 build/storage.o
 *fill*         0x00000000080553e1        0x3 
 .rodata.save_lib_file.str1.4
                0x00000000080553e4       0x31 build/storage.o
 *fill*         0x0000000008055415        0x3 
 .rodata.load_lib_file.str1.4
                0x0000000008055418       0x21 build/storage.o
 *fill*         0x0000000008055439        0x3 
 .rodata.save_ram_file.str1.4
                0x000000000805543c       0x3d build/storage.o
 *fill*         0x0000000008055479        0x3 
 .rodata.load_ram_file.str1.4
                0x000000000805547c       0x19 build/storage.o
 *fill*         0x0000000008055495        0x3 
 .rodata.load_backup_file.str1.4
                0x0000000008055498       0x21 build/storage.o
 *fill*         0x00000000080554b9        0x3 
 .rodata.save_prog_file.str1.4
                0x00000000080554bc       0x36 build/storage.o
 *fill*         0x00000000080554f2        0x2 
 .rodata.load_prog_file.str1.4
                0x00000000080554f4       0x29 build/storage.o
 *fill*         0x000000000805551d        0x3 
 .rodata.bm_large.5521
                0x0000000008055520      0x2fa build/font.o
 *fill*         0x000000000805581a        0x2 
 .rodata.bm_small.5522
                0x000000000805581c      0x25e build/font.o
 *fill*         0x0000000008055a7a        0x2 
 .rodata.divs.5505
                0x0000000008055a7c        0x3 build/font.o
 *fill*         0x0000000008055a7f        0x1 
 .rodata.widths.5504
                0x0000000008055a80       0xab build/font.o
 *fill*         0x0000000008055b2b        0x1 
 .rodata.xrom   0x0000000008055b2c     0x1b9a build/xrom.o
                0x0000000008055b2c                xrom
 .rodata.xrom_size
                0x00000000080576c6        0x2 build/xrom.o
                0x00000000080576c6                xrom_size
 .rodata.menu_line_str.str1.4
                0x00000000080576c8        0x8 build/console.o
 .rodata.disp_about.str1.4
                0x00000000080576d0       0xde build/console.o
 *fill*         0x00000000080577ae        0x2 
 .rodata.do_multi.str1.4
                0x00000000080577b0       0x16 build/console.o
 *fill*         0x00000000080577c6        0x2 
 .rodata.str1.4
                0x00000000080577c8       0x10 build/console.o
 .rodata.MID_MENU
                0x00000000080577d8       0x10 build/console.o
                0x00000000080577d8                MID_MENU
 .rodata.Menus  0x00000000080577e8      0xdd0 build/console.o
 .rodata.mapping_alpha.10972
                0x00000000080585b8      0x178 build/console.o
 .rodata.mapping_fshift.10970
                0x0000000008058730      0x178 build/console.o
 .rodata.mapping_gshift.10971
                0x00000000080588a8      0x178 build/console.o
 .rodata.mapping_none.10969
                0x0000000008058a20      0x178 build/console.o
 .rodata.mapping_running.10973
                0x0000000008058b98      0x178 build/console.o
 .rodata.mid_menu
                0x0000000008058d10        0x4 build/console.o
                0x0000000008058d10                mid_menu
 .rodata.const_50
                0x0000000008058d14        0xc build/libconsts.a(const_50.o)
                0x0000000008058d14                const_50
 .rodata.const_randfac
                0x0000000008058d20       0x1c build/libconsts.a(const_randfac.o)
                0x0000000008058d20                const_randfac
 .rodata.const_ln10
                0x0000000008058d3c       0x24 build/libconsts.a(const_ln10.o)
                0x0000000008058d3c                const_ln10
 .rodata.const_egamma
                0x0000000008058d60       0x24 build/libconsts.a(const_egamma.o)
                0x0000000008058d60                const_egamma
 .rodata.const_256
                0x0000000008058d84        0xc build/libconsts.a(const_256.o)
                0x0000000008058d84                const_256
 .rodata.const_180
                0x0000000008058d90        0xc build/libconsts.a(const_180.o)
                0x0000000008058d90                const_180
 .rodata.const_1e_32
                0x0000000008058d9c        0xc build/libconsts.a(const_1e_32.o)
                0x0000000008058d9c                const_1e_32
 .rodata.const_gammaC03
                0x0000000008058da8       0x24 build/libconsts.a(const_gammaC03.o)
                0x0000000008058da8                const_gammaC03
 .rodata.const_60
                0x0000000008058dcc        0xc build/libconsts.a(const_60.o)
                0x0000000008058dcc                const_60
 .rodata.const_10
                0x0000000008058dd8        0xc build/libconsts.a(const_10.o)
                0x0000000008058dd8                const_10
 .rodata.const_360
                0x0000000008058de4        0xc build/libconsts.a(const_360.o)
                0x0000000008058de4                const_360
 .rodata.const_gammaC10
                0x0000000008058df0       0x24 build/libconsts.a(const_gammaC10.o)
                0x0000000008058df0                const_gammaC10
 .rodata.const_gammaC11
                0x0000000008058e14       0x24 build/libconsts.a(const_gammaC11.o)
                0x0000000008058e14                const_gammaC11
 .rodata.const__inf
                0x0000000008058e38        0xc build/libconsts.a(const__inf.o)
                0x0000000008058e38                const__inf
 .rodata.const_21
                0x0000000008058e44        0xc build/libconsts.a(const_21.o)
                0x0000000008058e44                const_21
 .rodata.const_gammaC16
                0x0000000008058e50       0x24 build/libconsts.a(const_gammaC16.o)
                0x0000000008058e50                const_gammaC16
 .rodata.const_200
                0x0000000008058e74        0xc build/libconsts.a(const_200.o)
                0x0000000008058e74                const_200
 .rodata.const_gammaC06
                0x0000000008058e80       0x24 build/libconsts.a(const_gammaC06.o)
                0x0000000008058e80                const_gammaC06
 .rodata.const_NaN
                0x0000000008058ea4        0xc build/libconsts.a(const_NaN.o)
                0x0000000008058ea4                const_NaN
 .rodata.const_gammaC15
                0x0000000008058eb0       0x24 build/libconsts.a(const_gammaC15.o)
                0x0000000008058eb0                const_gammaC15
 .rodata.const_1e_24
                0x0000000008058ed4        0xc build/libconsts.a(const_1e_24.o)
                0x0000000008058ed4                const_1e_24
 .rodata.const_45
                0x0000000008058ee0        0xc build/libconsts.a(const_45.o)
                0x0000000008058ee0                const_45
 .rodata.const_0_05
                0x0000000008058eec        0xc build/libconsts.a(const_0_05.o)
                0x0000000008058eec                const_0_05
 .rodata.const_3
                0x0000000008058ef8        0xc build/libconsts.a(const_3.o)
                0x0000000008058ef8                const_3
 .rodata.const_hms_threshold
                0x0000000008058f04       0x24 build/libconsts.a(const_hms_threshold.o)
                0x0000000008058f04                const_hms_threshold
 .rodata.const_gammaC14
                0x0000000008058f28       0x24 build/libconsts.a(const_gammaC14.o)
                0x0000000008058f28                const_gammaC14
 .rodata.const_0_6
                0x0000000008058f4c        0xc build/libconsts.a(const_0_6.o)
                0x0000000008058f4c                const_0_6
 .rodata.const_32
                0x0000000008058f58        0xc build/libconsts.a(const_32.o)
                0x0000000008058f58                const_32
 .rodata.const_0_75
                0x0000000008058f64        0xc build/libconsts.a(const_0_75.o)
                0x0000000008058f64                const_0_75
 .rodata.const__1
                0x0000000008058f70        0xc build/libconsts.a(const__1.o)
                0x0000000008058f70                const__1
 .rodata.const_gammaC00
                0x0000000008058f7c       0x24 build/libconsts.a(const_gammaC00.o)
                0x0000000008058f7c                const_gammaC00
 .rodata.const_ln2
                0x0000000008058fa0       0x24 build/libconsts.a(const_ln2.o)
                0x0000000008058fa0                const_ln2
 .rodata.const_gammaC18
                0x0000000008058fc4       0x24 build/libconsts.a(const_gammaC18.o)
                0x0000000008058fc4                const_gammaC18
 .rodata.const_2PI
                0x0000000008058fe8      0x138 build/libconsts.a(const_2PI.o)
                0x0000000008058fe8                const_2PI
 .rodata.const_1e_14
                0x0000000008059120        0xc build/libconsts.a(const_1e_14.o)
                0x0000000008059120                const_1e_14
 .rodata.const_0
                0x000000000805912c        0xc build/libconsts.a(const_0.o)
                0x000000000805912c                const_0
 .rodata.const_PIon180
                0x0000000008059138       0x24 build/libconsts.a(const_PIon180.o)
                0x0000000008059138                const_PIon180
 .rodata.const_9000
                0x000000000805915c        0xc build/libconsts.a(const_9000.o)
                0x000000000805915c                const_9000
 .rodata.const_0_9
                0x0000000008059168        0xc build/libconsts.a(const_0_9.o)
                0x0000000008059168                const_0_9
 .rodata.const_gammaC08
                0x0000000008059174       0x24 build/libconsts.a(const_gammaC08.o)
                0x0000000008059174                const_gammaC08
 .rodata.const_gammaC21
                0x0000000008059198       0x24 build/libconsts.a(const_gammaC21.o)
                0x0000000008059198                const_gammaC21
 .rodata.const_1e_37
                0x00000000080591bc        0xc build/libconsts.a(const_1e_37.o)
                0x00000000080591bc                const_1e_37
 .rodata.const_gammaC05
                0x00000000080591c8       0x24 build/libconsts.a(const_gammaC05.o)
                0x00000000080591c8                const_gammaC05
 .rodata.const_2
                0x00000000080591ec        0xc build/libconsts.a(const_2.o)
                0x00000000080591ec                const_2
 .rodata.const_gammaC13
                0x00000000080591f8       0x24 build/libconsts.a(const_gammaC13.o)
                0x00000000080591f8                const_gammaC13
 .rodata.const_100000
                0x000000000805921c        0xc build/libconsts.a(const_100000.o)
                0x000000000805921c                const_100000
 .rodata.const_gammaR
                0x0000000008059228       0x10 build/libconsts.a(const_gammaR.o)
                0x0000000008059228                const_gammaR
 .rodata.const_5
                0x0000000008059238        0xc build/libconsts.a(const_5.o)
                0x0000000008059238                const_5
 .rodata.const_1
                0x0000000008059244        0xc build/libconsts.a(const_1.o)
                0x0000000008059244                const_1
 .rodata.const_gammaC19
                0x0000000008059250       0x24 build/libconsts.a(const_gammaC19.o)
                0x0000000008059250                const_gammaC19
 .rodata.const_inf
                0x0000000008059274        0xc build/libconsts.a(const_inf.o)
                0x0000000008059274                const_inf
 .rodata.const_0_995
                0x0000000008059280        0xc build/libconsts.a(const_0_995.o)
                0x0000000008059280                const_0_995
 .rodata.const_0_0001
                0x000000000805928c        0xc build/libconsts.a(const_0_0001.o)
                0x000000000805928c                const_0_0001
 .rodata.const_1on60
                0x0000000008059298       0x24 build/libconsts.a(const_1on60.o)
                0x0000000008059298                const_1on60
 .rodata.const_PIon200
                0x00000000080592bc       0x24 build/libconsts.a(const_PIon200.o)
                0x00000000080592bc                const_PIon200
 .rodata.const_gammaC01
                0x00000000080592e0       0x24 build/libconsts.a(const_gammaC01.o)
                0x00000000080592e0                const_gammaC01
 .rodata.const_gammaC09
                0x0000000008059304       0x24 build/libconsts.a(const_gammaC09.o)
                0x0000000008059304                const_gammaC09
 .rodata.const_0_5
                0x0000000008059328        0xc build/libconsts.a(const_0_5.o)
                0x0000000008059328                const_0_5
 .rodata.const_9on5
                0x0000000008059334        0xc build/libconsts.a(const_9on5.o)
                0x0000000008059334                const_9on5
 .rodata.const_20
                0x0000000008059340        0xc build/libconsts.a(const_20.o)
                0x0000000008059340                const_20
 .rodata.const_gammaC20
                0x000000000805934c       0x24 build/libconsts.a(const_gammaC20.o)
                0x000000000805934c                const_gammaC20
 .rodata.const_400
                0x0000000008059370        0xc build/libconsts.a(const_400.o)
                0x0000000008059370                const_400
 .rodata.const_gammaC07
                0x000000000805937c       0x24 build/libconsts.a(const_gammaC07.o)
                0x000000000805937c                const_gammaC07
 .rodata.const__0
                0x00000000080593a0        0xc build/libconsts.a(const__0.o)
                0x00000000080593a0                const__0
 .rodata.const_0_4
                0x00000000080593ac        0xc build/libconsts.a(const_0_4.o)
                0x00000000080593ac                const_0_4
 .rodata.const_1e_10000
                0x00000000080593b8        0xc build/libconsts.a(const_1e_10000.o)
                0x00000000080593b8                const_1e_10000
 .rodata.const_gammaC12
                0x00000000080593c4       0x24 build/libconsts.a(const_gammaC12.o)
                0x00000000080593c4                const_gammaC12
 .rodata.const_2pow64
                0x00000000080593e8       0x18 build/libconsts.a(const_2pow64.o)
                0x00000000080593e8                const_2pow64
 .rodata.const_PIon2
                0x0000000008059400       0x24 build/libconsts.a(const_PIon2.o)
                0x0000000008059400                const_PIon2
 .rodata.const_gammaC04
                0x0000000008059424       0x24 build/libconsts.a(const_gammaC04.o)
                0x0000000008059424                const_gammaC04
 .rodata.const_90
                0x0000000008059448        0xc build/libconsts.a(const_90.o)
                0x0000000008059448                const_90
 .rodata.const_gammaC17
                0x0000000008059454       0x24 build/libconsts.a(const_gammaC17.o)
                0x0000000008059454                const_gammaC17
 .rodata.const_gammaC02
                0x0000000008059478       0x24 build/libconsts.a(const_gammaC02.o)
                0x0000000008059478                const_gammaC02
 .rodata.const_PI
                0x000000000805949c       0x24 build/libconsts.a(const_PI.o)
                0x000000000805949c                const_PI
 .rodata.const_root2on2
                0x00000000080594c0       0x24 build/libconsts.a(const_root2on2.o)
                0x00000000080594c0                const_root2on2
 .rodata.const_100
                0x00000000080594e4        0xc build/libconsts.a(const_100.o)
                0x00000000080594e4                const_100
 .rodata.const_0_1
                0x00000000080594f0        0xc build/libconsts.a(const_0_1.o)
                0x00000000080594f0                const_0_1
 .rodata.decNumberToString.str1.4
                0x00000000080594fc        0x9 build/libdecNumber.a(decNumber.o)
                                         0x10 (size before relaxing)
 *fill*         0x0000000008059505        0x3 
 .rodata.decNumberFromString.str1.4
                0x0000000008059508       0x1c build/libdecNumber.a(decNumber.o)
                                         0x20 (size before relaxing)
 .rodata.multies
                0x0000000008059524       0x14 build/libdecNumber.a(decNumber.o)
 .rodata.powers
                0x0000000008059538       0x28 build/libdecNumber.a(decNumber.o)
                0x0000000008059538                powers
 .rodata.resmap
                0x0000000008059560        0xa build/libdecNumber.a(decNumber.o)
 *fill*         0x000000000805956a        0x2 
 .rodata.uarrone
                0x000000000805956c        0x2 build/libdecNumber.a(decNumber.o)
 *fill*         0x000000000805956e        0x2 
 .rodata.COMBEXP
                0x0000000008059570       0x80 build/libdecNumber.a(decimal64.o)
                0x0000000008059570                COMBEXP
 .rodata.COMBMSD
                0x00000000080595f0       0x80 build/libdecNumber.a(decimal64.o)
                0x00000000080595f0                COMBMSD
 .rodata.multies
                0x0000000008059670       0x14 build/libdecNumber.a(decimal64.o)
 .rodata.str1.4
                0x0000000008059684        0x6 /usr/lib/gcc/arm-none-eabi/9.2.1/../../../arm-none-eabi/lib/thumb/v7e-m+fp/hard/libc.a(lib_a-perror.o)
 *fill*         0x000000000805968a        0x2 
 .rodata.str1.4
                0x000000000805968c      0x700 /usr/lib/gcc/arm-none-eabi/9.2.1/../../../arm-none-eabi/lib/thumb/v7e-m+fp/hard/libc.a(lib_a-strerror.o)
                                        0x701 (size before relaxing)
 .rodata.str1.4
                0x0000000008059d8c       0x33 /usr/lib/gcc/arm-none-eabi/9.2.1/../../../arm-none-eabi/lib/thumb/v7e-m+fp/hard/libc.a(lib_a-svfprintf.o)
                                         0x42 (size before relaxing)
 *fill*         0x0000000008059dbf        0x1 
 .rodata.str1.4
                0x0000000008059dc0       0x46 /usr/lib/gcc/arm-none-eabi/9.2.1/../../../arm-none-eabi/lib/thumb/v7e-m+fp/hard/libc.a(lib_a-dtoa.o)
                                         0x5a (size before relaxing)
 *fill*         0x0000000008059e06        0x2 
 .rodata.str1.4
                0x0000000008059e08       0x33 /usr/lib/gcc/arm-none-eabi/9.2.1/../../../arm-none-eabi/lib/thumb/v7e-m+fp/hard/libc.a(lib_a-mprec.o)
                                         0x47 (size before relaxing)
 .rodata.str1.4
                0x0000000008059e3b       0x2f /usr/lib/gcc/arm-none-eabi/9.2.1/../../../arm-none-eabi/lib/thumb/v7e-m+fp/hard/libc.a(lib_a-svfiprintf.o)
 *fill*         0x0000000008059e3b        0x1 
 .rodata.str1.4
                0x0000000008059e3c       0x3f /usr/lib/gcc/arm-none-eabi/9.2.1/../../../arm-none-eabi/lib/thumb/v7e-m+fp/hard/libc.a(lib_a-assert.o)
                                         0x43 (size before relaxing)
 *fill*         0x0000000008059e7b        0x1 
 .rodata.str1.4
                0x0000000008059e7c        0x6 /usr/lib/gcc/arm-none-eabi/9.2.1/../../../arm-none-eabi/lib/thumb/v7e-m+fp/hard/libc.a(lib_a-locale.o)
                                         0x12 (size before relaxing)
 .rodata.str1.4
                0x0000000008059e82       0x2f /usr/lib/gcc/arm-none-eabi/9.2.1/../../../arm-none-eabi/lib/thumb/v7e-m+fp/hard/libc.a(lib_a-vfiprintf.o)
                0x0000000008059eb8                . = ALIGN (0x8)
 *fill*         0x0000000008059e82        0x6 
                0x0000000090000000                _qspi_init_base = LOADADDR (.qspi)
                0x0000000000000000                _qspi_init_length = SIZEOF (.qspi)

.text           0x0000000008059ec0    0x23c20
                0x0000000008059ec0                . = ALIGN (0x8)
 *(.text)
 .text          0x0000000008059ec0       0x88 /usr/lib/gcc/arm-none-eabi/9.2.1/thumb/v7e-m+fp/hard/crtbegin.o
 .text          0x0000000008059f48       0x30 /usr/lib/gcc/arm-none-eabi/9.2.1/thumb/v7e-m+fp/hard/libgcc.a(_aeabi_uldivmod.o)
                0x0000000008059f48                __aeabi_uldivmod
 .text          0x0000000008059f78      0x2c4 /usr/lib/gcc/arm-none-eabi/9.2.1/thumb/v7e-m+fp/hard/libgcc.a(_udivmoddi4.o)
                0x0000000008059f78                __udivmoddi4
 .text          0x000000000805a23c        0x4 /usr/lib/gcc/arm-none-eabi/9.2.1/thumb/v7e-m+fp/hard/libgcc.a(_dvmd_tls.o)
                0x000000000805a23c                __aeabi_ldiv0
                0x000000000805a23c                __aeabi_idiv0
 .text          0x000000000805a240        0xc /usr/lib/gcc/arm-none-eabi/9.2.1/../../../arm-none-eabi/lib/thumb/v7e-m+fp/hard/libc.a(lib_a-atexit.o)
                0x000000000805a240                atexit
 .text          0x000000000805a24c        0xc /usr/lib/gcc/arm-none-eabi/9.2.1/../../../arm-none-eabi/lib/thumb/v7e-m+fp/hard/libc.a(lib_a-errno.o)
                0x000000000805a24c                __errno
 .text          0x000000000805a258       0x34 /usr/lib/gcc/arm-none-eabi/9.2.1/../../../arm-none-eabi/lib/thumb/v7e-m+fp/hard/libc.a(lib_a-fini.o)
                0x000000000805a258                __libc_fini_array
 .text          0x000000000805a28c       0x48 /usr/lib/gcc/arm-none-eabi/9.2.1/../../../arm-none-eabi/lib/thumb/v7e-m+fp/hard/libc.a(lib_a-init.o)
                0x000000000805a28c                __libc_init_array
 .text          0x000000000805a2d4       0xa0 /usr/lib/gcc/arm-none-eabi/9.2.1/../../../arm-none-eabi/lib/thumb/v7e-m+fp/hard/libc.a(lib_a-memset.o)
                0x000000000805a2d4                memset
 .text          0x000000000805a374      0x100 /usr/lib/gcc/arm-none-eabi/9.2.1/../../../arm-none-eabi/lib/thumb/v7e-m+fp/hard/libc.a(lib_a-perror.o)
                0x000000000805a374                _perror_r
                0x000000000805a464                perror
 .text          0x000000000805a474       0x80 /usr/lib/gcc/arm-none-eabi/9.2.1/../../../arm-none-eabi/lib/thumb/v7e-m+fp/hard/libc.a(lib_a-sprintf.o)
                0x000000000805a474                _sprintf_r
                0x000000000805a4b0                sprintf
 .text          0x000000000805a4f4      0x3fc /usr/lib/gcc/arm-none-eabi/9.2.1/../../../arm-none-eabi/lib/thumb/v7e-m+fp/hard/libc.a(lib_a-strerror.o)
                0x000000000805a4f4                _strerror_r
                0x000000000805a8c0                strerror
                0x000000000805a8d8                strerror_l
 *fill*         0x000000000805a8f0       0x10 
 .text          0x000000000805a900       0xdc /usr/lib/gcc/arm-none-eabi/9.2.1/../../../arm-none-eabi/lib/thumb/v7e-m+fp/hard/libc.a(lib_a-strlen.o)
                0x000000000805a900                strlen
 .text          0x000000000805a9dc       0x74 /usr/lib/gcc/arm-none-eabi/9.2.1/../../../arm-none-eabi/lib/thumb/v7e-m+fp/hard/libc.a(lib_a-strncpy.o)
                0x000000000805a9dc                strncpy
 .text          0x000000000805aa50     0x1498 /usr/lib/gcc/arm-none-eabi/9.2.1/../../../arm-none-eabi/lib/thumb/v7e-m+fp/hard/libc.a(lib_a-svfprintf.o)
                0x000000000805aa50                _svfprintf_r
 .text          0x000000000805bee8        0x4 /usr/lib/gcc/arm-none-eabi/9.2.1/../../../arm-none-eabi/lib/thumb/v7e-m+fp/hard/libc.a(lib_a-u_strerr.o)
                0x000000000805bee8                _user_strerror
 .text          0x000000000805beec       0x2c /usr/lib/gcc/arm-none-eabi/9.2.1/../../../arm-none-eabi/lib/thumb/v7e-m+fp/hard/libc.a(lib_a-writer.o)
                0x000000000805beec                _write_r
 .text          0x000000000805bf18       0x68 /usr/lib/gcc/arm-none-eabi/9.2.1/../../../arm-none-eabi/lib/thumb/v7e-m+fp/hard/libc.a(lib_a-__atexit.o)
                0x000000000805bf18                __register_exitproc
 .text          0x000000000805bf80      0xfc0 /usr/lib/gcc/arm-none-eabi/9.2.1/../../../arm-none-eabi/lib/thumb/v7e-m+fp/hard/libc.a(lib_a-dtoa.o)
                0x000000000805c0a4                _dtoa_r
 .text          0x000000000805cf40      0x1a4 /usr/lib/gcc/arm-none-eabi/9.2.1/../../../arm-none-eabi/lib/thumb/v7e-m+fp/hard/libc.a(lib_a-fflush.o)
                0x000000000805cf40                __sflush_r
                0x000000000805d08c                _fflush_r
                0x000000000805d0c0                fflush
 .text          0x000000000805d0e4       0x34 /usr/lib/gcc/arm-none-eabi/9.2.1/../../../arm-none-eabi/lib/thumb/v7e-m+fp/hard/libc.a(lib_a-fileno.o)
                0x000000000805d0e4                fileno
 .text          0x000000000805d118      0x1f4 /usr/lib/gcc/arm-none-eabi/9.2.1/../../../arm-none-eabi/lib/thumb/v7e-m+fp/hard/libc.a(lib_a-findfp.o)
                0x000000000805d11c                _cleanup_r
                0x000000000805d200                __sfmoreglue
                0x000000000805d230                __sfp
                0x000000000805d2b8                _cleanup
                0x000000000805d2cc                __sinit
                0x000000000805d2d4                __sfp_lock_acquire
                0x000000000805d2d8                __sfp_lock_release
                0x000000000805d2dc                __sinit_lock_acquire
                0x000000000805d2e0                __sinit_lock_release
                0x000000000805d2e4                __fp_lock_all
                0x000000000805d2f8                __fp_unlock_all
 .text          0x000000000805d30c       0xa0 /usr/lib/gcc/arm-none-eabi/9.2.1/../../../arm-none-eabi/lib/thumb/v7e-m+fp/hard/libc.a(lib_a-fwalk.o)
                0x000000000805d30c                _fwalk
                0x000000000805d358                _fwalk_reent
 .text          0x000000000805d3ac       0x14 /usr/lib/gcc/arm-none-eabi/9.2.1/../../../arm-none-eabi/lib/thumb/v7e-m+fp/hard/libc.a(lib_a-localeconv.o)
                0x000000000805d3ac                __localeconv_l
                0x000000000805d3b0                _localeconv_r
                0x000000000805d3b8                localeconv
 .text          0x000000000805d3c0       0xa0 /usr/lib/gcc/arm-none-eabi/9.2.1/../../../arm-none-eabi/lib/thumb/v7e-m+fp/hard/libc.a(lib_a-memchr.o)
                0x000000000805d3c0                memchr
 .text          0x000000000805d460      0x134 /usr/lib/gcc/arm-none-eabi/9.2.1/../../../arm-none-eabi/lib/thumb/v7e-m+fp/hard/libc.a(lib_a-memcpy.o)
                0x000000000805d460                memcpy
 .text          0x000000000805d594      0x9a8 /usr/lib/gcc/arm-none-eabi/9.2.1/../../../arm-none-eabi/lib/thumb/v7e-m+fp/hard/libc.a(lib_a-mprec.o)
                0x000000000805d594                _Balloc
                0x000000000805d5e0                _Bfree
                0x000000000805d5f4                __multadd
                0x000000000805d698                __s2b
                0x000000000805d744                __hi0bits
                0x000000000805d784                __lo0bits
                0x000000000805d7e4                __i2b
                0x000000000805d810                __multiply
                0x000000000805d95c                __pow5mult
                0x000000000805d9f4                __lshift
                0x000000000805dac0                __mcmp
                0x000000000805daf8                __mdiff
                0x000000000805dc20                __ulp
                0x000000000805dc70                __b2d
                0x000000000805dd28                __d2b
                0x000000000805ddfc                __ratio
                0x000000000805de5c                _mprec_log10
                0x000000000805de9c                __copybits
                0x000000000805dee4                __any_on
 .text          0x000000000805df3c       0x90 /usr/lib/gcc/arm-none-eabi/9.2.1/../../../arm-none-eabi/lib/thumb/v7e-m+fp/hard/libc.a(lib_a-stdio.o)
                0x000000000805df3c                __sread
                0x000000000805df60                __seofread
                0x000000000805df64                __swrite
                0x000000000805dfa4                __sseek
                0x000000000805dfc4                __sclose
 .text          0x000000000805dfcc      0xb64 /usr/lib/gcc/arm-none-eabi/9.2.1/../../../arm-none-eabi/lib/thumb/v7e-m+fp/hard/libc.a(lib_a-svfiprintf.o)
                0x000000000805dfcc                __ssprint_r
                0x000000000805e0c4                _svfiprintf_r
 .text          0x000000000805eb30       0x48 /usr/lib/gcc/arm-none-eabi/9.2.1/../../../arm-none-eabi/lib/thumb/v7e-m+fp/hard/libc.a(lib_a-assert.o)
                0x000000000805eb30                __assert_func
                0x000000000805eb6c                __assert
 .text          0x000000000805eb78       0x24 /usr/lib/gcc/arm-none-eabi/9.2.1/../../../arm-none-eabi/lib/thumb/v7e-m+fp/hard/libc.a(lib_a-closer.o)
                0x000000000805eb78                _close_r
 .text          0x000000000805eb9c       0x98 /usr/lib/gcc/arm-none-eabi/9.2.1/../../../arm-none-eabi/lib/thumb/v7e-m+fp/hard/libc.a(lib_a-fclose.o)
                0x000000000805eb9c                _fclose_r
                0x000000000805ec24                fclose
 .text          0x000000000805ec34       0x44 /usr/lib/gcc/arm-none-eabi/9.2.1/../../../arm-none-eabi/lib/thumb/v7e-m+fp/hard/libc.a(lib_a-fiprintf.o)
                0x000000000805ec34                _fiprintf_r
                0x000000000805ec50                fiprintf
 .text          0x000000000805ec78       0x5c /usr/lib/gcc/arm-none-eabi/9.2.1/../../../arm-none-eabi/lib/thumb/v7e-m+fp/hard/libc.a(lib_a-locale.o)
                0x000000000805ec78                _setlocale_r
                0x000000000805ecb8                __locale_mb_cur_max
                0x000000000805ecc4                setlocale
 .text          0x000000000805ecd4       0x2c /usr/lib/gcc/arm-none-eabi/9.2.1/../../../arm-none-eabi/lib/thumb/v7e-m+fp/hard/libc.a(lib_a-lseekr.o)
                0x000000000805ecd4                _lseek_r
 .text          0x000000000805ed00       0x40 /usr/lib/gcc/arm-none-eabi/9.2.1/../../../arm-none-eabi/lib/thumb/v7e-m+fp/hard/libc.a(lib_a-mbtowc_r.o)
                0x000000000805ed00                _mbtowc_r
                0x000000000805ed14                __ascii_mbtowc
 .text          0x000000000805ed40       0xd0 /usr/lib/gcc/arm-none-eabi/9.2.1/../../../arm-none-eabi/lib/thumb/v7e-m+fp/hard/libc.a(lib_a-memmove.o)
                0x000000000805ed40                memmove
 .text          0x000000000805ee10       0x2c /usr/lib/gcc/arm-none-eabi/9.2.1/../../../arm-none-eabi/lib/thumb/v7e-m+fp/hard/libc.a(lib_a-readr.o)
                0x000000000805ee10                _read_r
 *fill*         0x000000000805ee3c        0x4 
 .text          0x000000000805ee40      0x2dc /usr/lib/gcc/arm-none-eabi/9.2.1/../../../arm-none-eabi/lib/thumb/v7e-m+fp/hard/libc.a(lib_a-strcmp.o)
                0x000000000805ee48                strcmp
 .text          0x000000000805f11c      0xd00 /usr/lib/gcc/arm-none-eabi/9.2.1/../../../arm-none-eabi/lib/thumb/v7e-m+fp/hard/libc.a(lib_a-vfiprintf.o)
                0x000000000805f194                __sprint_r
                0x000000000805f1a8                _vfiprintf_r
                0x000000000805fd98                vfiprintf
 .text          0x000000000805fe1c       0x30 /usr/lib/gcc/arm-none-eabi/9.2.1/../../../arm-none-eabi/lib/thumb/v7e-m+fp/hard/libc.a(lib_a-wctomb_r.o)
                0x000000000805fe1c                _wctomb_r
                0x000000000805fe30                __ascii_wctomb
 .text          0x000000000805fe4c       0xd0 /usr/lib/gcc/arm-none-eabi/9.2.1/../../../arm-none-eabi/lib/thumb/v7e-m+fp/hard/libc.a(lib_a-wsetup.o)
                0x000000000805fe4c                __swsetup_r
 .text          0x000000000805ff1c       0x10 /usr/lib/gcc/arm-none-eabi/9.2.1/../../../arm-none-eabi/lib/thumb/v7e-m+fp/hard/libc.a(lib_a-abort.o)
                0x000000000805ff1c                abort
 .text          0x000000000805ff2c      0x110 /usr/lib/gcc/arm-none-eabi/9.2.1/../../../arm-none-eabi/lib/thumb/v7e-m+fp/hard/libc.a(lib_a-fputwc.o)
                0x000000000805ff2c                __fputwc
                0x000000000805ffd4                _fputwc_r
                0x000000000805fffc                fputwc
 .text          0x000000000806003c      0x308 /usr/lib/gcc/arm-none-eabi/9.2.1/../../../arm-none-eabi/lib/thumb/v7e-m+fp/hard/libc.a(lib_a-fvwrite.o)
                0x000000000806003c                __sfvwrite_r
 .text          0x0000000008060344       0xf0 /usr/lib/gcc/arm-none-eabi/9.2.1/../../../arm-none-eabi/lib/thumb/v7e-m+fp/hard/libc.a(lib_a-makebuf.o)
                0x0000000008060344                __swhatbuf_r
                0x00000000080603a0                __smakebuf_r
 .text          0x0000000008060434      0x15c /usr/lib/gcc/arm-none-eabi/9.2.1/../../../arm-none-eabi/lib/thumb/v7e-m+fp/hard/libc.a(lib_a-signal.o)
                0x000000000806045c                _init_signal_r
                0x0000000008060468                _signal_r
                0x00000000080604a0                _raise_r
                0x00000000080604f8                __sigtramp_r
                0x000000000806054c                raise
                0x000000000806055c                signal
                0x000000000806056c                _init_signal
                0x0000000008060580                __sigtramp
 .text          0x0000000008060590       0x2c /usr/lib/gcc/arm-none-eabi/9.2.1/../../../arm-none-eabi/lib/thumb/v7e-m+fp/hard/libc.a(lib_a-signalr.o)
                0x0000000008060590                _kill_r
                0x00000000080605b8                _getpid_r
 .text          0x00000000080605bc       0xc0 /usr/lib/gcc/arm-none-eabi/9.2.1/../../../arm-none-eabi/lib/thumb/v7e-m+fp/hard/libc.a(lib_a-wbuf.o)
                0x00000000080605bc                __swbuf_r
                0x000000000806066c                __swbuf
 .text          0x000000000806067c       0x7c /usr/lib/gcc/arm-none-eabi/9.2.1/../../../arm-none-eabi/lib/thumb/v7e-m+fp/hard/libc.a(lib_a-wcrtomb.o)
                0x000000000806067c                _wcrtomb_r
                0x00000000080606b0                wcrtomb
 .text          0x00000000080606f8       0x28 /usr/lib/gcc/arm-none-eabi/9.2.1/../../../arm-none-eabi/lib/thumb/v7e-m+fp/hard/libc.a(lib_a-fstatr.o)
                0x00000000080606f8                _fstat_r
 .text          0x0000000008060720       0x24 /usr/lib/gcc/arm-none-eabi/9.2.1/../../../arm-none-eabi/lib/thumb/v7e-m+fp/hard/libc.a(lib_a-isattyr.o)
                0x0000000008060720                _isatty_r
 .text          0x0000000008060744      0x378 /usr/lib/gcc/arm-none-eabi/9.2.1/thumb/v7e-m+fp/hard/libgcc.a(_arm_addsubdf3.o)
                0x0000000008060744                __aeabi_drsub
                0x000000000806074c                __aeabi_dsub
                0x000000000806074c                __subdf3
                0x0000000008060750                __adddf3
                0x0000000008060750                __aeabi_dadd
                0x00000000080609c8                __aeabi_ui2d
                0x00000000080609c8                __floatunsidf
                0x00000000080609e8                __floatsidf
                0x00000000080609e8                __aeabi_i2d
                0x0000000008060a0c                __extendsfdf2
                0x0000000008060a0c                __aeabi_f2d
                0x0000000008060a50                __aeabi_ul2d
                0x0000000008060a50                __floatundidf
                0x0000000008060a60                __floatdidf
                0x0000000008060a60                __aeabi_l2d
 .text          0x0000000008060abc      0x424 /usr/lib/gcc/arm-none-eabi/9.2.1/thumb/v7e-m+fp/hard/libgcc.a(_arm_muldivdf3.o)
                0x0000000008060abc                __aeabi_dmul
                0x0000000008060abc                __muldf3
                0x0000000008060d10                __aeabi_ddiv
                0x0000000008060d10                __divdf3
 .text          0x0000000008060ee0      0x110 /usr/lib/gcc/arm-none-eabi/9.2.1/thumb/v7e-m+fp/hard/libgcc.a(_arm_cmpdf2.o)
                0x0000000008060ee0                __gtdf2
                0x0000000008060ee0                __gedf2
                0x0000000008060ee8                __ltdf2
                0x0000000008060ee8                __ledf2
                0x0000000008060ef0                __cmpdf2
                0x0000000008060ef0                __eqdf2
                0x0000000008060ef0                __nedf2
                0x0000000008060f6c                __aeabi_cdrcmple
                0x0000000008060f7c                __aeabi_cdcmple
                0x0000000008060f7c                __aeabi_cdcmpeq
                0x0000000008060f8c                __aeabi_dcmpeq
                0x0000000008060fa0                __aeabi_dcmplt
                0x0000000008060fb4                __aeabi_dcmple
                0x0000000008060fc8                __aeabi_dcmpge
                0x0000000008060fdc                __aeabi_dcmpgt
 .text          0x0000000008060ff0       0x2c /usr/lib/gcc/arm-none-eabi/9.2.1/thumb/v7e-m+fp/hard/libgcc.a(_arm_unorddf2.o)
                0x0000000008060ff0                __aeabi_dcmpun
                0x0000000008060ff0                __unorddf2
 .text          0x000000000806101c       0x50 /usr/lib/gcc/arm-none-eabi/9.2.1/thumb/v7e-m+fp/hard/libgcc.a(_arm_fixdfsi.o)
                0x000000000806101c                __fixdfsi
                0x000000000806101c                __aeabi_d2iz
 .text          0x000000000806106c        0x4 /usr/lib/gcc/arm-none-eabi/9.2.1/../../../arm-none-eabi/lib/thumb/v7e-m+fp/hard/libnosys.a(_exit.o)
                0x000000000806106c                _exit
 *(.text*)
 .text._read    0x0000000008061070        0x4 build/pgm_syscalls.o
                0x0000000008061070                _read
 .text._write   0x0000000008061074        0x8 build/pgm_syscalls.o
                0x0000000008061074                _write
 .text._close   0x000000000806107c        0x8 build/pgm_syscalls.o
                0x000000000806107c                _close
 .text._fstat   0x0000000008061084        0xc build/pgm_syscalls.o
                0x0000000008061084                _fstat
 .text._isatty  0x0000000008061090        0x4 build/pgm_syscalls.o
                0x0000000008061090                _isatty
 .text._lseek   0x0000000008061094        0x4 build/pgm_syscalls.o
                0x0000000008061094                _lseek
 .text._kill    0x0000000008061098       0x10 build/pgm_syscalls.o
                0x0000000008061098                _kill
 .text._getpid  0x00000000080610a8        0x4 build/pgm_syscalls.o
                0x00000000080610a8                _getpid
 .text.free     0x00000000080610ac        0x8 build/pgm_syscalls.o
                0x00000000080610ac                free
 .text.calloc   0x00000000080610b4        0x8 build/pgm_syscalls.o
                0x00000000080610b4                calloc
 .text.__wrap__malloc_r
                0x00000000080610bc        0xc build/pgm_syscalls.o
                0x00000000080610bc                __wrap__malloc_r
 .text._calloc_r
                0x00000000080610c8        0xc build/pgm_syscalls.o
                0x00000000080610c8                _calloc_r
 .text._realloc_r
                0x00000000080610d4        0xc build/pgm_syscalls.o
                0x00000000080610d4                _realloc_r
 .text._free_r  0x00000000080610e0        0xc build/pgm_syscalls.o
                0x00000000080610e0                _free_r
 .text.post_main
                0x00000000080610ec       0x1c build/pgm_syscalls.o
                0x00000000080610ec                post_main
 .text.gtodot_digit
                0x0000000008061108       0x60 build/keys.o
 .text.check_f_key
                0x0000000008061168       0x40 build/keys.o
 .text.is_label_or_end_at
                0x00000000080611a8       0x30 build/keys.o
 .text.advance_to_next_label
                0x00000000080611d8       0x4c build/keys.o
 .text.init_cat
                0x0000000008061224       0xec build/keys.o
 .text.advance_to_previous_label
                0x0000000008061310       0x50 build/keys.o
 .text.check_confirm.part.0
                0x0000000008061360       0x30 build/keys.o
 .text.init_arg.part.0
                0x0000000008061390       0x28 build/keys.o
 .text.reset_arg
                0x00000000080613b8       0x1c build/keys.o
 .text.arg_eval
                0x00000000080613d4       0x80 build/keys.o
 .text.process_arg_shuffle
                0x0000000008061454       0x30 build/keys.o
 .text.arg_digit
                0x0000000008061484      0x10c build/keys.o
 .text.intltr   0x0000000008061590       0x38 build/keys.o
 .text.set_window
                0x00000000080615c8       0x98 build/keys.o
 .text.arg_storcl
                0x0000000008061660       0x44 build/keys.o
 .text.process_arg
                0x00000000080616a4      0x550 build/keys.o
 .text.cur_shift
                0x0000000008061bf4       0x14 build/keys.o
                0x0000000008061bf4                cur_shift
 .text.reset_shift
                0x0000000008061c08       0x18 build/keys.o
                0x0000000008061c08                reset_shift
 .text.keycode_to_row_column
                0x0000000008061c20       0x24 build/keys.o
                0x0000000008061c20                keycode_to_row_column
 .text.row_column_to_keycode
                0x0000000008061c44       0x40 build/keys.o
                0x0000000008061c44                row_column_to_keycode
 .text.init_state
                0x0000000008061c84       0x64 build/keys.o
                0x0000000008061c84                init_state
 .text.soft_init_state
                0x0000000008061ce8       0x50 build/keys.o
                0x0000000008061ce8                soft_init_state
 .text.current_catalogue
                0x0000000008061d38       0xe0 build/keys.o
                0x0000000008061d38                current_catalogue
 .text.process_catalogue
                0x0000000008061e18      0x31c build/keys.o
 .text.get_alpha_state
                0x0000000008062134       0x28 build/keys.o
                0x0000000008062134                get_alpha_state
 .text.process_keycode
                0x000000000806215c     0x1f98 build/keys.o
                0x000000000806215c                process_keycode
 .text.process_keycode_with_shift
                0x00000000080640f4       0xa8 build/keys.o
                0x00000000080640f4                process_keycode_with_shift
 .text.set_separator_decimal_modes
                0x000000000806419c       0x54 build/display.o
 .text.set_dig  0x00000000080641f0       0x78 build/display.o
 .text.hms_render
                0x0000000008064268       0xa8 build/display.o
 .text.set_exp_digits_string
                0x0000000008064310       0x40 build/display.o
 .text.hms_step
                0x0000000008064350       0x38 build/display.o
 .text.s_s_sized
                0x0000000008064388      0x1c0 build/display.o
 .text.set_exp  0x0000000008064548      0x124 build/display.o
 .text.set_separator.part.0
                0x000000000806466c       0x40 build/display.o
 .text.set_decimal
                0x00000000080646ac       0x54 build/display.o
 .text.set_digits_string
                0x0000000008064700       0x44 build/display.o
 .text.check_special_dn.isra.0
                0x0000000008064744       0x9c build/display.o
 .text.set_x_hms
                0x00000000080647e0      0x1c8 build/display.o
 .text.set_x_fract
                0x00000000080649a8      0x1b4 build/display.o
 .text.carry_overflow
                0x0000000008064b5c       0x84 build/display.o
 .text.set_int_x
                0x0000000008064be0      0x3c8 build/display.o
 .text.set_annunciators
                0x0000000008064fa8       0xec build/display.o
 .text.dot      0x0000000008065094        0xc build/display.o
                0x0000000008065094                dot
 .text.std_round_fix
                0x00000000080650a0       0x7c build/display.o
                0x00000000080650a0                std_round_fix
 .text.pixel_length
                0x000000000806511c       0x40 build/display.o
                0x000000000806511c                pixel_length
 .text.set_status
                0x000000000806515c       0x3c build/display.o
 .text.set_x_dn
                0x0000000008065198      0x9ec build/display.o
                0x0000000008065198                set_x_dn
 .text.set_x    0x0000000008065b84       0x34 build/display.o
 .text.format_reg
                0x0000000008065bb8       0x6c build/display.o
                0x0000000008065bb8                format_reg
 .text.set_status_right
                0x0000000008065c24       0x70 build/display.o
 .text.set_status_top.part.0
                0x0000000008065c94       0x68 build/display.o
 .text.annunciators
                0x0000000008065cfc      0x4f0 build/display.o
 .text.display  0x00000000080661ec      0xe78 build/display.o
                0x00000000080661ec                display
 .text.frozen_display
                0x0000000008067064       0x20 build/display.o
                0x0000000008067064                frozen_display
 .text.message  0x0000000008067084       0x70 build/display.o
                0x0000000008067084                message
 .text.error_message
                0x00000000080670f4       0x88 build/display.o
                0x00000000080670f4                error_message
 .text.find_section_bounds
                0x000000000806717c       0x78 build/xeq.o
 .text.reg_address
                0x00000000080671f4       0x64 build/xeq.o
 .text.retstk_up
                0x0000000008067258       0x74 build/xeq.o
 .text.flag_word
                0x00000000080672cc       0x78 build/xeq.o
 .text.set_zero
                0x0000000008067344       0x24 build/xeq.o
 .text.intResult
                0x0000000008067368       0xac build/xeq.o
 .text.check_stack_overlap
                0x0000000008067414       0x74 build/xeq.o
 .text.move_retstk
                0x0000000008067488       0x80 build/xeq.o
                0x0000000008067488                move_retstk
 .text.local_regs_rarg
                0x0000000008067508       0x60 build/xeq.o
                0x0000000008067508                local_regs_rarg
 .text.get_reg_limit
                0x0000000008067568       0xbc build/xeq.o
 .text.local_regs
                0x0000000008067624       0x40 build/xeq.o
                0x0000000008067624                local_regs
 .text.global_regs_rarg
                0x0000000008067664       0x40 build/xeq.o
                0x0000000008067664                global_regs_rarg
 .text.global_regs
                0x00000000080676a4       0x24 build/xeq.o
                0x00000000080676a4                global_regs
 .text.version  0x00000000080676c8       0x1c build/xeq.o
                0x00000000080676c8                version
 .text.cmd_off  0x00000000080676e4        0x4 build/xeq.o
                0x00000000080676e4                cmd_off
 .text.init_RegionTab
                0x00000000080676e8       0x2c build/xeq.o
                0x00000000080676e8                init_RegionTab
 .text.sizeLIB  0x0000000008067714       0x20 build/xeq.o
                0x0000000008067714                sizeLIB
 .text.getprog  0x0000000008067734       0x50 build/xeq.o
                0x0000000008067734                getprog
 .text.get_current_prog
                0x0000000008067784       0x28 build/xeq.o
                0x0000000008067784                get_current_prog
 .text.do_inc   0x00000000080677ac       0x48 build/xeq.o
                0x00000000080677ac                do_inc
 .text.user_pc.part.0
                0x00000000080677f4       0x38 build/xeq.o
 .text.print_step
                0x000000000806782c       0xac build/xeq.o
 .text.do_dec   0x00000000080678d8       0x4c build/xeq.o
                0x00000000080678d8                do_dec
 .text.update_program_bounds
                0x0000000008067924       0x98 build/xeq.o
                0x0000000008067924                update_program_bounds
 .text.set_pc   0x00000000080679bc       0xb0 build/xeq.o
                0x00000000080679bc                set_pc
 .text.incpc    0x0000000008067a6c       0x2c build/xeq.o
                0x0000000008067a6c                incpc
 .text.decpc    0x0000000008067a98       0x28 build/xeq.o
                0x0000000008067a98                decpc
 .text.fin_tst.part.0
                0x0000000008067ac0       0x14 build/xeq.o
 .text.do_rtn   0x0000000008067ad4       0x98 build/xeq.o
 .text.user_pc  0x0000000008067b6c       0x14 build/xeq.o
                0x0000000008067b6c                user_pc
 .text.find_user_pc
                0x0000000008067b80       0x54 build/xeq.o
                0x0000000008067b80                find_user_pc
 .text.report_err
                0x0000000008067bd4       0x20 build/xeq.o
                0x0000000008067bd4                report_err
 .text.report_warn
                0x0000000008067bf4       0x5c build/xeq.o
                0x0000000008067bf4                report_warn
 .text.cmderr   0x0000000008067c50       0x14 build/xeq.o
                0x0000000008067c50                cmderr
 .text.cmdmsg   0x0000000008067c64        0x4 build/xeq.o
                0x0000000008067c64                cmdmsg
 .text.rarg_roundingmode
                0x0000000008067c68       0x18 build/xeq.o
                0x0000000008067c68                rarg_roundingmode
 .text.packed_from_number
                0x0000000008067c80       0x3c build/xeq.o
                0x0000000008067c80                packed_from_number
 .text.packed128_from_number
                0x0000000008067cbc       0x3c build/xeq.o
                0x0000000008067cbc                packed128_from_number
 .text.check_special
                0x0000000008067cf8       0xa8 build/xeq.o
 .text.packed_from_packed128
                0x0000000008067da0       0x1c build/xeq.o
                0x0000000008067da0                packed_from_packed128
 .text.packed128_from_packed
                0x0000000008067dbc       0x1c build/xeq.o
                0x0000000008067dbc                packed128_from_packed
 .text.stack_size
                0x0000000008067dd8       0x38 build/xeq.o
                0x0000000008067dd8                stack_size
 .text.copyreg  0x0000000008067e10       0x20 build/xeq.o
                0x0000000008067e10                copyreg
 .text.set_lift
                0x0000000008067e30       0x10 build/xeq.o
                0x0000000008067e30                set_lift
 .text.is_dblmode
                0x0000000008067e40       0x20 build/xeq.o
                0x0000000008067e40                is_dblmode
 .text.s_to_i   0x0000000008067e60       0x6c build/xeq.o
                0x0000000008067e60                s_to_i
 .text.digit    0x0000000008067ecc      0x190 build/xeq.o
 .text.s_to_ull
                0x000000000806805c       0x3c build/xeq.o
                0x000000000806805c                s_to_ull
 .text.get_cmdline
                0x0000000008068098       0x18 build/xeq.o
                0x0000000008068098                get_cmdline
 .text.is_bad_cmdline
                0x00000000080680b0        0x4 build/xeq.o
                0x00000000080680b0                is_bad_cmdline
 .text.get_flash_reg_n
                0x00000000080680b4       0x20 build/xeq.o
                0x00000000080680b4                get_flash_reg_n
 .text.get_const
                0x00000000080680d4       0x84 build/xeq.o
                0x00000000080680d4                get_const
 .text.get_reg_n
                0x0000000008068158       0xb4 build/xeq.o
                0x0000000008068158                get_reg_n
 .text.lift     0x000000000806820c       0x6c build/xeq.o
                0x000000000806820c                lift
 .text.lower    0x0000000008068278       0x74 build/xeq.o
 .text.get_stack_top
                0x00000000080682ec       0x3c build/xeq.o
 .text.roll_down
                0x0000000008068328       0x54 build/xeq.o
                0x0000000008068328                roll_down
 .text.cpx_roll_down
                0x000000000806837c       0x20 build/xeq.o
                0x000000000806837c                cpx_roll_down
 .text.roll_up  0x000000000806839c       0x54 build/xeq.o
                0x000000000806839c                roll_up
 .text.cpx_roll_up
                0x00000000080683f0       0x20 build/xeq.o
                0x00000000080683f0                cpx_roll_up
 .text.fill     0x0000000008068410       0x70 build/xeq.o
                0x0000000008068410                fill
 .text.lower2   0x0000000008068480       0x74 build/xeq.o
 .text.drop     0x00000000080684f4       0x20 build/xeq.o
                0x00000000080684f4                drop
 .text.copyreg_n
                0x0000000008068514       0x3c build/xeq.o
                0x0000000008068514                copyreg_n
 .text.setlastX
                0x0000000008068550        0x8 build/xeq.o
                0x0000000008068550                setlastX
 .text.setlastXY
                0x0000000008068558       0x18 build/xeq.o
 .text.getRegister
                0x0000000008068570       0x34 build/xeq.o
                0x0000000008068570                getRegister
 .text.getX     0x00000000080685a4        0x8 build/xeq.o
                0x00000000080685a4                getX
 .text.getY     0x00000000080685ac        0x8 build/xeq.o
                0x00000000080685ac                getY
 .text.getXY    0x00000000080685b4       0x18 build/xeq.o
                0x00000000080685b4                getXY
 .text.getXYZ   0x00000000080685cc       0x20 build/xeq.o
                0x00000000080685cc                getXYZ
 .text.getXYZT  0x00000000080685ec       0x14 build/xeq.o
                0x00000000080685ec                getXYZT
 .text.storcl_op
                0x0000000008068600       0x84 build/xeq.o
 .text.storcl_cop
                0x0000000008068684       0xc0 build/xeq.o
 .text.cpx_enter
                0x0000000008068744       0x50 build/xeq.o
                0x0000000008068744                cpx_enter
 .text.cpx_fill
                0x0000000008068794       0x94 build/xeq.o
                0x0000000008068794                cpx_fill
 .text.setRegister
                0x0000000008068828       0x54 build/xeq.o
                0x0000000008068828                setRegister
 .text.setX     0x000000000806887c        0x8 build/xeq.o
                0x000000000806887c                setX
 .text.rarg_round
                0x0000000008068884       0x70 build/xeq.o
                0x0000000008068884                rarg_round
 .text.setY     0x00000000080688f4        0x8 build/xeq.o
                0x00000000080688f4                setY
 .text.setXY    0x00000000080688fc       0x18 build/xeq.o
                0x00000000080688fc                setXY
 .text.get_reg_n_int
                0x0000000008068914       0x1c build/xeq.o
                0x0000000008068914                get_reg_n_int
 .text.storcl_intop
                0x0000000008068930       0xb0 build/xeq.o
 .text.incdec   0x00000000080689e0       0x98 build/xeq.o
 .text.set_reg_n_int
                0x0000000008068a78       0x1c build/xeq.o
                0x0000000008068a78                set_reg_n_int
 .text.get_reg_n_int_sgn
                0x0000000008068a94       0x38 build/xeq.o
                0x0000000008068a94                get_reg_n_int_sgn
 .text.get_keycode_from_reg
                0x0000000008068acc       0x30 build/xeq.o
 .text.getX_int
                0x0000000008068afc        0x8 build/xeq.o
                0x0000000008068afc                getX_int
 .text.getX_int_sgn
                0x0000000008068b04        0x8 build/xeq.o
                0x0000000008068b04                getX_int_sgn
 .text.set_reg_n_int_sgn
                0x0000000008068b0c       0x64 build/xeq.o
                0x0000000008068b0c                set_reg_n_int_sgn
 .text.op_roundingmode
                0x0000000008068b70       0x28 build/xeq.o
                0x0000000008068b70                op_roundingmode
 .text.register_from_int
                0x0000000008068b98       0x64 build/xeq.o
 .text.int_from_register
                0x0000000008068bfc       0x48 build/xeq.o
 .text.switch_to_int
                0x0000000008068c44       0x80 build/xeq.o
 .text.process_cmdline.part.0
                0x0000000008068cc4      0x250 build/xeq.o
 .text.process_cmdline
                0x0000000008068f14       0x10 build/xeq.o
                0x0000000008068f14                process_cmdline
 .text.process_cmdline_set_lift
                0x0000000008068f24       0x24 build/xeq.o
                0x0000000008068f24                process_cmdline_set_lift
 .text.setX_int
                0x0000000008068f48       0x20 build/xeq.o
                0x0000000008068f48                setX_int
 .text.do_rcl   0x0000000008068f68       0xdc build/xeq.o
 .text.setX_int_sgn
                0x0000000008069044       0x18 build/xeq.o
                0x0000000008069044                setX_int_sgn
 .text.zero_X   0x000000000806905c        0xc build/xeq.o
                0x000000000806905c                zero_X
 .text.clrx     0x0000000008069068       0x20 build/xeq.o
                0x0000000008069068                clrx
 .text.clrstk   0x0000000008069088       0x6c build/xeq.o
                0x0000000008069088                clrstk
 .text.clrreg   0x00000000080690f4      0x12c build/xeq.o
                0x00000000080690f4                clrreg
 .text.clrretstk
                0x0000000008069220       0x14 build/xeq.o
                0x0000000008069220                clrretstk
 .text.clrretstk_pc
                0x0000000008069234       0x24 build/xeq.o
                0x0000000008069234                clrretstk_pc
 .text.cmdconst
                0x0000000008069258       0xcc build/xeq.o
                0x0000000008069258                cmdconst
 .text.cmdsto   0x0000000008069324       0x80 build/xeq.o
                0x0000000008069324                cmdsto
 .text.cmdrcl   0x00000000080693a4        0x4 build/xeq.o
                0x00000000080693a4                cmdrcl
 .text.cmdcsto  0x00000000080693a8       0xd0 build/xeq.o
                0x00000000080693a8                cmdcsto
 .text.cmdcrcl  0x0000000008069478      0x118 build/xeq.o
                0x0000000008069478                cmdcrcl
 .text.cmdircl  0x0000000008069590       0x20 build/xeq.o
                0x0000000008069590                cmdircl
 .text.cmdrrcl  0x00000000080695b0       0x88 build/xeq.o
                0x00000000080695b0                cmdrrcl
 .text.swap_reg
                0x0000000008069638       0x64 build/xeq.o
                0x0000000008069638                swap_reg
 .text.cmdswap  0x000000000806969c       0x8c build/xeq.o
                0x000000000806969c                cmdswap
 .text.cmdview  0x0000000008069728       0x5c build/xeq.o
                0x0000000008069728                cmdview
 .text.get_stack_size
                0x0000000008069784       0x48 build/xeq.o
                0x0000000008069784                get_stack_size
 .text.get_word_size
                0x00000000080697cc       0x1c build/xeq.o
                0x00000000080697cc                get_word_size
 .text.get_sign_mode
                0x00000000080697e8       0x28 build/xeq.o
                0x00000000080697e8                get_sign_mode
 .text.get_base
                0x0000000008069810       0x1c build/xeq.o
                0x0000000008069810                get_base
 .text.op_ticks
                0x000000000806982c       0x28 build/xeq.o
                0x000000000806982c                op_ticks
 .text.op_voltage
                0x0000000008069854       0x64 build/xeq.o
                0x0000000008069854                op_voltage
 .text.free_mem
                0x00000000080698b8       0x18 build/xeq.o
                0x00000000080698b8                free_mem
 .text.free_flash
                0x00000000080698d0       0x14 build/xeq.o
                0x00000000080698d0                free_flash
 .text.get_mem  0x00000000080698e4       0xac build/xeq.o
                0x00000000080698e4                get_mem
 .text.cmdputkey
                0x0000000008069990       0x3c build/xeq.o
                0x0000000008069990                cmdputkey
 .text.cmdkeytype
                0x00000000080699cc       0x50 build/xeq.o
                0x00000000080699cc                cmdkeytype
 .text.op_query_xtal
                0x0000000008069a1c       0x24 build/xeq.o
                0x0000000008069a1c                op_query_xtal
 .text.op_query_print
                0x0000000008069a40       0x28 build/xeq.o
                0x0000000008069a40                op_query_print
 .text.cmdstostk
                0x0000000008069a68       0x24 build/xeq.o
                0x0000000008069a68                cmdstostk
 .text.cmdrclstk
                0x0000000008069a8c       0x24 build/xeq.o
                0x0000000008069a8c                cmdrclstk
 .text.find_opcode_from
                0x0000000008069ab0       0x70 build/xeq.o
                0x0000000008069ab0                find_opcode_from
 .text.find_label_from
                0x0000000008069b20        0x8 build/xeq.o
                0x0000000008069b20                find_label_from
 .text.op_rtn   0x0000000008069b28       0x28 build/xeq.o
                0x0000000008069b28                op_rtn
 .text.op_popusr
                0x0000000008069b50       0x60 build/xeq.o
                0x0000000008069b50                op_popusr
 .text.findmultilbl
                0x0000000008069bb0       0x4c build/xeq.o
                0x0000000008069bb0                findmultilbl
 .text.get_dispmode_digs
                0x0000000008069bfc       0x30 build/xeq.o
                0x0000000008069bfc                get_dispmode_digs
 .text.convC2F  0x0000000008069c2c       0x24 build/xeq.o
                0x0000000008069c2c                convC2F
 .text.convF2C  0x0000000008069c50       0x24 build/xeq.o
                0x0000000008069c50                convF2C
 .text.convDB2AR
                0x0000000008069c74       0x20 build/xeq.o
                0x0000000008069c74                convDB2AR
 .text.convAR2DB
                0x0000000008069c94       0x20 build/xeq.o
                0x0000000008069c94                convAR2DB
 .text.convDB2PR
                0x0000000008069cb4       0x1c build/xeq.o
                0x0000000008069cb4                convDB2PR
 .text.convPR2DB
                0x0000000008069cd0       0x1c build/xeq.o
                0x0000000008069cd0                convPR2DB
 .text.do_conv  0x0000000008069cec       0x44 build/xeq.o
                0x0000000008069cec                do_conv
 .text.cmdconv  0x0000000008069d30       0x40 build/xeq.o
                0x0000000008069d30                cmdconv
 .text.fin_tst  0x0000000008069d70       0x40 build/xeq.o
                0x0000000008069d70                fin_tst
 .text.check_mode
                0x0000000008069db0       0x28 build/xeq.o
                0x0000000008069db0                check_mode
 .text.check_dblmode
                0x0000000008069dd8       0x20 build/xeq.o
                0x0000000008069dd8                check_dblmode
 .text.isTop    0x0000000008069df8       0x44 build/xeq.o
                0x0000000008069df8                isTop
 .text.cmdlblp  0x0000000008069e3c       0x28 build/xeq.o
                0x0000000008069e3c                cmdlblp
 .text.cmdmultilblp
                0x0000000008069e64       0x18 build/xeq.o
                0x0000000008069e64                cmdmultilblp
 .text.cmdkeyp  0x0000000008069e7c       0x48 build/xeq.o
                0x0000000008069e7c                cmdkeyp
 .text.do_tst   0x0000000008069ec4      0x170 build/xeq.o
 .text.do_ztst  0x000000000806a034       0xd0 build/xeq.o
 .text.check_zero
                0x000000000806a104       0x70 build/xeq.o
                0x000000000806a104                check_zero
 .text.cmdtest  0x000000000806a174        0x8 build/xeq.o
                0x000000000806a174                cmdtest
 .text.cmdztest
                0x000000000806a17c       0x2c build/xeq.o
                0x000000000806a17c                cmdztest
 .text.cmdlincdec
                0x000000000806a1a8       0x10 build/xeq.o
                0x000000000806a1a8                cmdlincdec
 .text.cmdloopz
                0x000000000806a1b8       0x18 build/xeq.o
                0x000000000806a1b8                cmdloopz
 .text.cmdloop  0x000000000806a1d0      0x1f8 build/xeq.o
                0x000000000806a1d0                cmdloop
 .text.op_shift_digit
                0x000000000806a3c8       0x68 build/xeq.o
                0x000000000806a3c8                op_shift_digit
 .text.get_user_flag
                0x000000000806a430       0x20 build/xeq.o
                0x000000000806a430                get_user_flag
 .text.cmdflag  0x000000000806a450       0xc0 build/xeq.o
                0x000000000806a450                cmdflag
 .text.clrflags
                0x000000000806a510       0x30 build/xeq.o
                0x000000000806a510                clrflags
 .text.intws    0x000000000806a540       0xec build/xeq.o
                0x000000000806a540                intws
 .text.get_maxdenom
                0x000000000806a62c       0x20 build/xeq.o
                0x000000000806a62c                get_maxdenom
 .text.op_2frac
                0x000000000806a64c       0xa8 build/xeq.o
                0x000000000806a64c                op_2frac
 .text.op_fracdenom
                0x000000000806a6f4       0x84 build/xeq.o
                0x000000000806a6f4                op_fracdenom
 .text.op_float
                0x000000000806a778       0xd4 build/xeq.o
                0x000000000806a778                op_float
 .text.cmddisp  0x000000000806a84c       0xc4 build/xeq.o
                0x000000000806a84c                cmddisp
 .text.set_int_base
                0x000000000806a910       0x50 build/xeq.o
                0x000000000806a910                set_int_base
 .text.op_fract
                0x000000000806a960       0x44 build/xeq.o
                0x000000000806a960                op_fract
 .text.cmdsavem
                0x000000000806a9a4       0x1c build/xeq.o
                0x000000000806a9a4                cmdsavem
 .text.set_entry
                0x000000000806a9c0       0x2c build/xeq.o
                0x000000000806a9c0                set_entry
 .text.get_trig_mode
                0x000000000806a9ec       0x30 build/xeq.o
                0x000000000806a9ec                get_trig_mode
 .text.cmdpause
                0x000000000806aa1c       0x24 build/xeq.o
                0x000000000806aa1c                cmdpause
 .text.op_setspeed
                0x000000000806aa40       0x20 build/xeq.o
                0x000000000806aa40                op_setspeed
 .text.op_prompt
                0x000000000806aa60       0x30 build/xeq.o
                0x000000000806aa60                op_prompt
 .text.XisInt   0x000000000806aa90       0x60 build/xeq.o
                0x000000000806aa90                XisInt
 .text.XisEvenOrOdd
                0x000000000806aaf0       0x64 build/xeq.o
                0x000000000806aaf0                XisEvenOrOdd
 .text.XisPrime
                0x000000000806ab54       0x84 build/xeq.o
                0x000000000806ab54                XisPrime
 .text.isInfinite
                0x000000000806abd8       0x30 build/xeq.o
                0x000000000806abd8                isInfinite
 .text.isNan    0x000000000806ac08       0x40 build/xeq.o
                0x000000000806ac08                isNan
 .text.isSpecial
                0x000000000806ac48       0x40 build/xeq.o
                0x000000000806ac48                isSpecial
 .text.op_entryp
                0x000000000806ac88       0x14 build/xeq.o
                0x000000000806ac88                op_entryp
 .text.reg_decode
                0x000000000806ac9c      0x238 build/xeq.o
                0x000000000806ac9c                reg_decode
 .text.op_regcopy
                0x000000000806aed4       0x4c build/xeq.o
                0x000000000806aed4                op_regcopy
 .text.op_regswap
                0x000000000806af20       0x70 build/xeq.o
                0x000000000806af20                op_regswap
 .text.op_regclr
                0x000000000806af90       0x48 build/xeq.o
                0x000000000806af90                op_regclr
 .text.op_regsort
                0x000000000806afd8      0x114 build/xeq.o
                0x000000000806afd8                op_regsort
 .text.busy     0x000000000806b0ec       0x24 build/xeq.o
                0x000000000806b0ec                busy
 .text.intMonadic
                0x000000000806b110       0x98 build/xeq.o
                0x000000000806b110                intMonadic
 .text.intDyadic
                0x000000000806b1a8       0xd4 build/xeq.o
                0x000000000806b1a8                intDyadic
 .text.xeq_init_contexts
                0x000000000806b27c       0x9c build/xeq.o
                0x000000000806b27c                xeq_init_contexts
 .text.not_running
                0x000000000806b318       0x24 build/xeq.o
                0x000000000806b318                not_running
 .text.set_running_off
                0x000000000806b33c       0x24 build/xeq.o
                0x000000000806b33c                set_running_off
 .text.set_running_on
                0x000000000806b360       0x44 build/xeq.o
                0x000000000806b360                set_running_on
 .text.gsbgto   0x000000000806b3a4       0xa8 build/xeq.o
 .text.cmdgtocommon
                0x000000000806b44c       0x34 build/xeq.o
                0x000000000806b44c                cmdgtocommon
 .text.cmdgto   0x000000000806b480       0x44 build/xeq.o
                0x000000000806b480                cmdgto
 .text.branchtoalpha
                0x000000000806b4c4       0x28 build/xeq.o
 .text.cmdalphagto
                0x000000000806b4ec       0x2c build/xeq.o
                0x000000000806b4ec                cmdalphagto
 .text.op_gtoalpha
                0x000000000806b518       0x34 build/xeq.o
                0x000000000806b518                op_gtoalpha
 .text.cmdskip  0x000000000806b54c       0x84 build/xeq.o
                0x000000000806b54c                cmdskip
 .text.cmdback  0x000000000806b5d0       0x74 build/xeq.o
                0x000000000806b5d0                cmdback
 .text.usergsb_common
                0x000000000806b644       0x8c build/xeq.o
 .text.do_usergsb
                0x000000000806b6d0       0x18 build/xeq.o
                0x000000000806b6d0                do_usergsb
 .text.cmdmultigto
                0x000000000806b6e8       0x50 build/xeq.o
                0x000000000806b6e8                cmdmultigto
 .text.store_a_to_d
                0x000000000806b738       0x24 build/xeq.o
                0x000000000806b738                store_a_to_d
 .text.cmdlocr  0x000000000806b75c      0x16c build/xeq.o
                0x000000000806b75c                cmdlocr
 .text.cmdxout  0x000000000806b8c8      0x208 build/xeq.o
                0x000000000806b8c8                cmdxout
 .text.cmdconverged
                0x000000000806bad0       0xf8 build/xeq.o
                0x000000000806bad0                cmdconverged
 .text.cmdshuffle
                0x000000000806bbc8       0x8c build/xeq.o
                0x000000000806bbc8                cmdshuffle
 .text.cmdmode  0x000000000806bc54       0x54 build/xeq.o
                0x000000000806bc54                cmdmode
 .text.cmdlpop  0x000000000806bca8       0x3c build/xeq.o
                0x000000000806bca8                cmdlpop
 .text.cmdregs  0x000000000806bce4       0xb8 build/xeq.o
                0x000000000806bce4                cmdregs
 .text.op_double
                0x000000000806bd9c      0x128 build/xeq.o
                0x000000000806bd9c                op_double
 .text.cmdrestm
                0x000000000806bec4       0xac build/xeq.o
                0x000000000806bec4                cmdrestm
 .text.cmdxin   0x000000000806bf70      0x1d0 build/xeq.o
                0x000000000806bf70                cmdxin
 .text.xeq      0x000000000806c140      0xd34 build/xeq.o
                0x000000000806c140                xeq
 .text.xeq_single
                0x000000000806ce74       0x24 build/xeq.o
 .text.xeq_xrom2
                0x000000000806ce98       0x88 build/xeq.o
 .text.xeq_xrom
                0x000000000806cf20       0x14 build/xeq.o
                0x000000000806cf20                xeq_xrom
 .text.dispatch_xrom
                0x000000000806cf34       0x74 build/xeq.o
 .text.op_rs    0x000000000806cfa8       0x8c build/xeq.o
                0x000000000806cfa8                op_rs
 .text.xeqprog  0x000000000806d034       0x74 build/xeq.o
                0x000000000806d034                xeqprog
 .text.xeq_sst_bst
                0x000000000806d0a8       0xac build/xeq.o
                0x000000000806d0a8                xeq_sst_bst
 .text.init_34s
                0x000000000806d154       0x2c build/xeq.o
                0x000000000806d154                init_34s
 .text.prt_multi
                0x000000000806d180       0x58 build/prt.o
 .text.prt_conv
                0x000000000806d1d8       0x64 build/prt.o
 .text.prt_specials.part.0
                0x000000000806d23c      0x10c build/prt.o
 .text.num_arg_digits.part.0
                0x000000000806d348       0x34 build/prt.o
 .text.num_arg_digits
                0x000000000806d37c       0x20 build/prt.o
                0x000000000806d37c                num_arg_digits
 .text.prt      0x000000000806d39c      0x2cc build/prt.o
                0x000000000806d39c                prt
 .text.catcmd   0x000000000806d668      0x120 build/prt.o
                0x000000000806d668                catcmd
 .text.decNumberDRG_internal
                0x000000000806d788       0x9c build/decn.o
 .text.realULP  0x000000000806d824       0x98 build/decn.o
 .text.dn_lt0   0x000000000806d8bc       0x28 build/decn.o
                0x000000000806d8bc                dn_lt0
 .text.dn_le0   0x000000000806d8e4       0x28 build/decn.o
                0x000000000806d8e4                dn_le0
 .text.dn_eq0   0x000000000806d90c       0x1c build/decn.o
                0x000000000806d90c                dn_eq0
 .text.dn_eq    0x000000000806d928       0x50 build/decn.o
                0x000000000806d928                dn_eq
 .text.dn_lt    0x000000000806d978       0x44 build/decn.o
                0x000000000806d978                dn_lt
 .text.dn_abs_lt
                0x000000000806d9bc       0x20 build/decn.o
                0x000000000806d9bc                dn_abs_lt
 .text.gcheckSmall
                0x000000000806d9dc       0x20 build/decn.o
 .text.relative_error
                0x000000000806d9fc       0x4c build/decn.o
                0x000000000806d9fc                relative_error
 .text.absolute_error
                0x000000000806da48       0x24 build/decn.o
                0x000000000806da48                absolute_error
 .text.dn_add   0x000000000806da6c        0xc build/decn.o
                0x000000000806da6c                dn_add
 .text.dn_subtract
                0x000000000806da78        0xc build/decn.o
                0x000000000806da78                dn_subtract
 .text.dn_multiply
                0x000000000806da84        0xc build/decn.o
                0x000000000806da84                dn_multiply
 .text.dn_divide
                0x000000000806da90        0xc build/decn.o
                0x000000000806da90                dn_divide
 .text.dn_compare
                0x000000000806da9c        0xc build/decn.o
                0x000000000806da9c                dn_compare
 .text.dn_min   0x000000000806daa8        0xc build/decn.o
                0x000000000806daa8                dn_min
 .text.dn_max   0x000000000806dab4        0xc build/decn.o
                0x000000000806dab4                dn_max
 .text.dn_abs   0x000000000806dac0        0xc build/decn.o
                0x000000000806dac0                dn_abs
 .text.dn_minus
                0x000000000806dacc        0xc build/decn.o
                0x000000000806dacc                dn_minus
 .text.dn_plus  0x000000000806dad8        0xc build/decn.o
                0x000000000806dad8                dn_plus
 .text.dn_sqrt  0x000000000806dae4        0xc build/decn.o
                0x000000000806dae4                dn_sqrt
 .text.dn_exp   0x000000000806daf0        0xc build/decn.o
                0x000000000806daf0                dn_exp
 .text.dn_average
                0x000000000806dafc       0x28 build/decn.o
                0x000000000806dafc                dn_average
 .text.int_to_dn
                0x000000000806db24       0x2c build/decn.o
                0x000000000806db24                int_to_dn
 .text.dn_to_int
                0x000000000806db50       0x28 build/decn.o
                0x000000000806db50                dn_to_int
 .text.dn_to_ull
                0x000000000806db78       0x60 build/decn.o
                0x000000000806db78                dn_to_ull
 .text.set_NaN  0x000000000806dbd8       0x14 build/decn.o
                0x000000000806dbd8                set_NaN
 .text.set_inf  0x000000000806dbec        0xc build/decn.o
                0x000000000806dbec                set_inf
 .text.set_neginf
                0x000000000806dbf8        0xc build/decn.o
                0x000000000806dbf8                set_neginf
 .text.decNumberPI
                0x000000000806dc04        0xc build/decn.o
                0x000000000806dc04                decNumberPI
 .text.is_int   0x000000000806dc10       0x60 build/decn.o
                0x000000000806dc10                is_int
 .text.dn_check_gcd