Archive member included to satisfy reference by file (symbol)

build/libconsts.a(const_50.o)
                              build/decn.o (const_50)
build/libconsts.a(const_randfac.o)
                              build/stats.o (const_randfac)
build/libconsts.a(const_ln10.o)
                              build/decn.o (const_ln10)
build/libconsts.a(const_egamma.o)
                              build/decn.o (const_egamma)
build/libconsts.a(const_256.o)
                              build/decn.o (const_256)
build/libconsts.a(const_180.o)
                              build/decn.o (const_180)
build/libconsts.a(const_1e_32.o)
                              build/xeq.o (const_1e_32)
build/libconsts.a(const_gammaC03.o)
                              build/decn.o (const_gammaC03)
build/libconsts.a(const_60.o)
                              build/decn.o (const_60)
build/libconsts.a(const_10.o)
                              build/decn.o (const_10)
build/libconsts.a(const_360.o)
                              build/xeq.o (const_360)
build/libconsts.a(const_gammaC10.o)
                              build/decn.o (const_gammaC10)
build/libconsts.a(const_gammaC11.o)
                              build/decn.o (const_gammaC11)
build/libconsts.a(const__inf.o)
                              build/decn.o (const__inf)
build/libconsts.a(const_21.o)
                              build/decn.o (const_21)
build/libconsts.a(const_gammaC16.o)
                              build/decn.o (const_gammaC16)
build/libconsts.a(const_200.o)
                              build/decn.o (const_200)
build/libconsts.a(const_gammaC06.o)
                              build/decn.o (const_gammaC06)
build/libconsts.a(const_NaN.o)
                              build/xeq.o (const_NaN)
build/libconsts.a(const_gammaC15.o)
                              build/decn.o (const_gammaC15)
build/libconsts.a(const_1e_24.o)
                              build/xeq.o (const_1e_24)
build/libconsts.a(const_45.o)
                              build/decn.o (const_45)
build/libconsts.a(const_0_05.o)
                              build/xeq.o (const_0_05)
build/libconsts.a(const_3.o)  build/decn.o (const_3)
build/libconsts.a(const_hms_threshold.o)
                              build/display.o (const_hms_threshold)
build/libconsts.a(const_gammaC14.o)
                              build/decn.o (const_gammaC14)
build/libconsts.a(const_0_6.o)
                              build/decn.o (const_0_6)
build/libconsts.a(const_32.o)
                              build/xeq.o (const_32)
build/libconsts.a(const_0_75.o)
                              build/decn.o (const_0_75)
build/libconsts.a(const__1.o)
                              build/decn.o (const__1)
build/libconsts.a(const_gammaC00.o)
                              build/decn.o (const_gammaC00)
build/libconsts.a(const_ln2.o)
                              build/decn.o (const_ln2)
build/libconsts.a(const_gammaC18.o)
                              build/decn.o (const_gammaC18)
build/libconsts.a(const_2PI.o)
                              build/xeq.o (const_2PI)
build/libconsts.a(const_1e_14.o)
                              build/xeq.o (const_1e_14)
build/libconsts.a(const_0.o)  build/xeq.o (const_0)
build/libconsts.a(const_PIon180.o)
                              build/decn.o (const_PIon180)
build/libconsts.a(const_9000.o)
                              build/display.o (const_9000)
build/libconsts.a(const_0_9.o)
                              build/decn.o (const_0_9)
build/libconsts.a(const_gammaC08.o)
                              build/decn.o (const_gammaC08)
build/libconsts.a(const_gammaC21.o)
                              build/decn.o (const_gammaC21)
build/libconsts.a(const_1e_37.o)
                              build/decn.o (const_1e_37)
build/libconsts.a(const_gammaC05.o)
                              build/decn.o (const_gammaC05)
build/libconsts.a(const_2.o)  build/decn.o (const_2)
build/libconsts.a(const_gammaC13.o)
                              build/decn.o (const_gammaC13)
build/libconsts.a(const_100000.o)
                              build/display.o (const_100000)
build/libconsts.a(const_gammaR.o)
                              build/decn.o (const_gammaR)
build/libconsts.a(const_5.o)  build/decn.o (const_5)
build/libconsts.a(const_1.o)  build/xeq.o (const_1)
build/libconsts.a(const_gammaC19.o)
                              build/decn.o (const_gammaC19)
build/libconsts.a(const_inf.o)
                              build/decn.o (const_inf)
build/libconsts.a(const_0_995.o)
                              build/decn.o (const_0_995)
build/libconsts.a(const_0_0001.o)
                              build/display.o (const_0_0001)
build/libconsts.a(const_1on60.o)
                              build/decn.o (const_1on60)
build/libconsts.a(const_PIon200.o)
                              build/decn.o (const_PIon200)
build/libconsts.a(const_gammaC01.o)
                              build/decn.o (const_gammaC01)
build/libconsts.a(const_gammaC09.o)
[...]
Memory Configuration

Name             Origin             Length             Attributes
FLASH            0x0000000008050000 0x00000000000b0000 xr
RAM              0x0000000010000000 0x0000000000002000 xrw
QSPI             0x0000000090000000 0x0000000000200000 xr
*default*        0x0000000000000000 0xffffffffffffffff

Linker script and memory map

LOAD /usr/lib/gcc/arm-none-eabi/9.2.1/thumb/v7e-m+fp/hard/crti.o
LOAD /usr/lib/gcc/arm-none-eabi/9.2.1/thumb/v7e-m+fp/hard/crtbegin.o
LOAD /usr/lib/gcc/arm-none-eabi/9.2.1/../../../arm-none-eabi/lib/thumb/v7e-m+fp/hard/crt0.o
LOAD build/pgm_syscalls.o
LOAD build/keys.o
LOAD build/display.o
LOAD build/xeq.o
LOAD build/prt.o
LOAD build/decn.o
LOAD build/complex.o
LOAD build/stats.o
LOAD build/lcd.o
LOAD build/int.o
LOAD build/date.o
LOAD build/consts.o
LOAD build/alpha.o
LOAD build/charmap.o
LOAD build/commands.o
LOAD build/string.o
LOAD build/storage.o
LOAD build/matrix.o
LOAD build/font.o
LOAD build/xrom.o
LOAD build/console.o
LOAD build/stopwatch.o
LOAD build/printer.o
LOAD build/libconsts.a
LOAD build/libdecNumber.a
LOAD build/startup_pgm.o
START GROUP
LOAD /usr/lib/gcc/arm-none-eabi/9.2.1/thumb/v7e-m+fp/hard/libgcc.a
LOAD /usr/lib/gcc/arm-none-eabi/9.2.1/../../../arm-none-eabi/lib/thumb/v7e-m+fp/hard/libc.a
END GROUP
START GROUP
LOAD /usr/lib/gcc/arm-none-eabi/9.2.1/thumb/v7e-m+fp/hard/libgcc.a
LOAD /usr/lib/gcc/arm-none-eabi/9.2.1/../../../arm-none-eabi/lib/thumb/v7e-m+fp/hard/libc.a
LOAD /usr/lib/gcc/arm-none-eabi/9.2.1/../../../arm-none-eabi/lib/thumb/v7e-m+fp/hard/libnosys.a
END GROUP
LOAD /usr/lib/gcc/arm-none-eabi/9.2.1/thumb/v7e-m+fp/hard/crtend.o
LOAD /usr/lib/gcc/arm-none-eabi/9.2.1/thumb/v7e-m+fp/hard/crtn.o

.qspi           0x0000000090000000        0x0
                0x0000000090000000                . = ALIGN (0x8)
                0x0000000090000000                _qspi_start = .
 *(.qspi)
 *(.qspi*)
 *(.rodata.__bid_mod10_18_tbl)
 *(.rodata.__bid_convert_table)
 *(.rodata.bid_log_table_1)
 *(.rodata.bid_log_table_2)
 *(.rodata.bid_decimal128_moduli)
 *(.rodata.bid_exponents_bid64)
 *(.rodata.bid_exponents_binary128)
 *(.rodata.bid_breakpoints_binary128)
 *(.rodata.bid_breakpoints_bid64)
 *(.rodata.bid_multipliers1_binary128)
 *(.rodata.bid_multipliers2_bid64)
 *(.rodata.bid_multipliers1_bid64)
 *(.rodata.bid_multipliers2_binary128)
                0x0000000090000000                . = ALIGN (0x8)
                0x0000000090000000                _qspi_end = .

.rodata         0x0000000008050000     0xaab0
 *(.rodata.prog_info)
 .rodata.prog_info
                0x0000000008050000       0x40 build/pgm_syscalls.o
                0x0000000008050000                prog_info
                0x0000000008050040                . = ALIGN (0x40)
 *(.rodata)
 .rodata        0x0000000008050040      0x1ba build/display.o
 *fill*         0x00000000080501fa        0x2 
 .rodata        0x00000000080501fc       0x29 build/xeq.o
 *fill*         0x0000000008050225        0x3 
 .rodata        0x0000000008050228       0x40 build/date.o
 .rodata        0x0000000008050268       0x39 build/console.o
 *fill*         0x00000000080502a1        0x3 
 .rodata        0x00000000080502a4       0xa0 build/printer.o
 .rodata        0x0000000008050344        0x4 /usr/lib/gcc/arm-none-eabi/9.2.1/../../../arm-none-eabi/lib/thumb/v7e-m+fp/hard/libc.a(lib_a-impure.o)
                0x0000000008050344                _global_impure_ptr
 .rodata        0x0000000008050348       0x20 /usr/lib/gcc/arm-none-eabi/9.2.1/../../../arm-none-eabi/lib/thumb/v7e-m+fp/hard/libc.a(lib_a-svfprintf.o)
 .rodata        0x0000000008050368      0x101 /usr/lib/gcc/arm-none-eabi/9.2.1/../../../arm-none-eabi/lib/thumb/v7e-m+fp/hard/libc.a(lib_a-ctype_.o)
                0x0000000008050368                _ctype_
 *fill*         0x0000000008050469        0x7 
 .rodata        0x0000000008050470      0x128 /usr/lib/gcc/arm-none-eabi/9.2.1/../../../arm-none-eabi/lib/thumb/v7e-m+fp/hard/libc.a(lib_a-mprec.o)
                0x0000000008050480                __mprec_tens
                0x0000000008050548                __mprec_tinytens
                0x0000000008050570                __mprec_bigtens
 .rodata        0x0000000008050598       0x20 /usr/lib/gcc/arm-none-eabi/9.2.1/../../../arm-none-eabi/lib/thumb/v7e-m+fp/hard/libc.a(lib_a-svfiprintf.o)
 .rodata        0x00000000080505b8       0x20 /usr/lib/gcc/arm-none-eabi/9.2.1/../../../arm-none-eabi/lib/thumb/v7e-m+fp/hard/libc.a(lib_a-vfiprintf.o)
 *(.rodata*)
 .rodata.process_keycode.str1.4
                0x00000000080505d8       0x14 build/keys.o
 .rodata.alpha_arrows
                0x00000000080505ec        0x9 build/keys.o
 *fill*         0x00000000080505f5        0x3 
 .rodata.alpha_catalogue
                0x00000000080505f8       0x12 build/keys.o
 *fill*         0x000000000805060a        0x2 
 .rodata.alpha_compares
                0x000000000805060c        0xa build/keys.o
 *fill*         0x0000000008050616        0x2 
 .rodata.alpha_letters
                0x0000000008050618       0x28 build/keys.o
 .rodata.alpha_letters_lower
                0x0000000008050640       0x28 build/keys.o
 .rodata.alpha_subscripts
                0x0000000008050668       0x1a build/keys.o
 *fill*         0x0000000008050682        0x2 
 .rodata.alpha_symbols
                0x0000000008050684       0x13 build/keys.o
 *fill*         0x0000000008050697        0x1 
 .rodata.alphamap.9438
                0x0000000008050698       0xe4 build/keys.o
 .rodata.amap.9429
                0x000000000805077c       0x20 build/keys.o
 .rodata.catalogue
                0x000000000805079c       0x8c build/keys.o
 .rodata.catalogue_sizes.9752
                0x0000000008050828       0x15 build/keys.o
 *fill*         0x000000000805083d        0x3 
 .rodata.catalogues.9760
                0x0000000008050840       0x54 build/keys.o
 .rodata.cmap.9428
                0x0000000008050894       0x30 build/keys.o
 .rodata.conv_catalogue
                0x00000000080508c4       0x58 build/keys.o
 .rodata.conv_mapping.9799
                0x000000000805091c       0x18 build/keys.o
 .rodata.cplx_catalogue
                0x0000000008050934       0x26 build/keys.o
 *fill*         0x000000000805095a        0x2 
 .rodata.disp.9610
                0x000000000805095c        0x4 build/keys.o
 .rodata.int_catalogue
                0x0000000008050960       0x4d build/keys.o
 *fill*         0x00000000080509ad        0x3 
 .rodata.linear_key_map.9394
                0x00000000080509b0       0x2f build/keys.o
 *fill*         0x00000000080509df        0x1 
 .rodata.linear_key_map.9398
                0x00000000080509e0       0x2f build/keys.o
 *fill*         0x0000000008050a0f        0x1 
 .rodata.map.9410
                0x0000000008050a10       0x2b build/keys.o
 *fill*         0x0000000008050a3b        0x1 
 .rodata.matrix_catalogue
                0x0000000008050a3c       0x18 build/keys.o
 .rodata.mode_catalogue
                0x0000000008050a54       0x4f build/keys.o
 *fill*         0x0000000008050aa3        0x1 
 .rodata.op_map.9482
                0x0000000008050aa4       0x46 build/keys.o
 *fill*         0x0000000008050aea        0x2 
 .rodata.op_map.9505
                0x0000000008050aec       0x8c build/keys.o
 .rodata.op_map.9528
                0x0000000008050b78       0x46 build/keys.o
 *fill*         0x0000000008050bbe        0x2 
 .rodata.op_map.9583
                0x0000000008050bc0      0x118 build/keys.o
 .rodata.op_map.9595
                0x0000000008050cd8        0x6 build/keys.o
 *fill*         0x0000000008050cde        0x2 
 .rodata.op_map.9609
                0x0000000008050ce0        0xc build/keys.o
 .rodata.op_map2.9506
                0x0000000008050cec        0x8 build/keys.o
 .rodata.opcode_breaks
                0x0000000008050cf4        0x7 build/keys.o
 *fill*         0x0000000008050cfb        0x1 
 .rodata.prob_catalogue
                0x0000000008050cfc       0x44 build/keys.o
 .rodata.prog_catalogue
                0x0000000008050d40       0x66 build/keys.o
 *fill*         0x0000000008050da6        0x2 
 .rodata.program_xfcn
                0x0000000008050da8       0xa8 build/keys.o
 .rodata.smap.9430
                0x0000000008050e50        0x4 build/keys.o
 .rodata.stats_catalogue
                0x0000000008050e54       0x16 build/keys.o
 *fill*         0x0000000008050e6a        0x2 
 .rodata.sums_catalogue
                0x0000000008050e6c       0x12 build/keys.o
 *fill*         0x0000000008050e7e        0x2 
 .rodata.test_catalogue
                0x0000000008050e80       0x2f build/keys.o
 *fill*         0x0000000008050eaf        0x1 
 .rodata.check_special_dn.isra.0.str1.4
                0x0000000008050eb0        0x4 build/display.o
 .rodata.carry_overflow.str1.4
                0x0000000008050eb4       0x10 build/display.o
 .rodata.annunciators.str1.4
                0x0000000008050ec4       0x74 build/display.o
 .rodata.display.str1.4
                0x0000000008050f38       0xbd build/display.o
                                         0xc9 (size before relaxing)
 *fill*         0x0000000008050ff5        0x3 
 .rodata.str1.4
                0x0000000008050ff8      0x10c build/display.o
 .rodata.CSWTCH.352
                0x0000000008051104       0x10 build/display.o
 .rodata.CSWTCH.378
                0x0000000008051114        0xc build/display.o
 .rodata.DIGITS
                0x0000000008051120       0x11 build/display.o
                0x0000000008051120                DIGITS
 *fill*         0x0000000008051131        0x3 
 .rodata.S7_ERROR
                0x0000000008051134        0x6 build/display.o
 *fill*         0x000000000805113a        0x2 
 .rodata.S7_INF
                0x000000000805113c        0x9 build/display.o
 *fill*         0x0000000008051145        0x3 
 .rodata.S7_INF_Text
                0x0000000008051148       0x12 build/display.o
 *fill*         0x000000000805115a        0x2 
 .rodata.S7_NEG_INF_Text
                0x000000000805115c       0x12 build/display.o
 *fill*         0x000000000805116e        0x2 
 .rodata.S7_NaN
                0x0000000008051170        0xd build/display.o
 *fill*         0x000000000805117d        0x3 
 .rodata.S7_NaN_Text
                0x0000000008051180       0x18 build/display.o
 .rodata.S7_STEP
                0x0000000008051198        0x6 build/display.o
 *fill*         0x000000000805119e        0x2 
 .rodata.S7_STEP_ShortText
                0x00000000080511a0        0x5 build/display.o
 *fill*         0x00000000080511a5        0x3 
 .rodata.S7_fract_EQ
                0x00000000080511a8        0x4 build/display.o
 .rodata.S7_fract_GT
                0x00000000080511ac        0x4 build/display.o
 .rodata.S7_fract_LT
                0x00000000080511b0        0x4 build/display.o
 .rodata.S_SURE
                0x00000000080511b4        0x6 build/display.o
 *fill*         0x00000000080511ba        0x2 
 .rodata.SvnRevision
                0x00000000080511bc        0x4 build/display.o
                0x00000000080511bc                SvnRevision
 .rodata.digtbl
                0x00000000080511c0       0x7a build/display.o
 *fill*         0x000000000805123a        0x2 
 .rodata.error_table.8674
                0x000000000805123c       0x6c build/display.o
 .rodata.error_table_text.8675
                0x00000000080512a8       0x6c build/display.o
 .rodata.libname
                0x0000000008051314       0x14 build/display.o
 .rodata.libname_shorttext
                0x0000000008051328       0x14 build/display.o
 .rodata.libname_text
                0x000000000805133c       0x28 build/display.o
 .rodata.shift_chars.8780
                0x0000000008051364        0x4 build/display.o
 .rodata.small_dots.8978
                0x0000000008051368        0xd build/display.o
 *fill*         0x0000000008051375        0x3 
 .rodata.small_minus.8977
                0x0000000008051378        0x4 build/display.o
 .rodata.print_step.str1.4
                0x000000000805137c        0x5 build/xeq.o
 *fill*         0x0000000008051381        0x3 
 .rodata.fin_tst.str1.4
                0x0000000008051384        0xd build/xeq.o
 *fill*         0x0000000008051391        0x3 
 .rodata.op_2frac.str1.4
                0x0000000008051394       0x18 build/xeq.o
 .rodata.busy.str1.4
                0x00000000080513ac        0x8 build/xeq.o
 .rodata.xeq.str1.4
                0x00000000080513b4        0x8 build/xeq.o
 .rodata.StackRegMask
                0x00000000080513bc        0x4 build/xeq.o
 .rodata.convergence_tolerances
                0x00000000080513c0        0xc build/xeq.o
 .rodata.modes.11408
                0x00000000080513cc        0x7 build/xeq.o
 *fill*         0x00000000080513d3        0x1 
 .rodata.modes.11925
                0x00000000080513d4        0x4 build/xeq.o
 .rodata.xrom_targets
                0x00000000080513d8       0x36 build/xeq.o
                0x00000000080513d8                xrom_targets
 *fill*         0x000000000805140e        0x2 
 .rodata.prt_multi.str1.4
                0x0000000008051410        0x4 build/prt.o
 .rodata.prt_specials.part.0.str1.4
                0x0000000008051414       0x1b build/prt.o
                                         0x28 (size before relaxing)
 *fill*         0x000000000805142f        0x1 
 .rodata.prt_rargs.str1.4
                0x0000000008051430        0xc build/prt.o
                                         0x19 (size before relaxing)
 .rodata.prt_umen.str1.4
                0x000000000805143c        0xb build/prt.o
 *fill*         0x0000000008051447        0x1 
 .rodata.digits.8307
                0x0000000008051448       0x10 build/prt.o
 .rodata.degrees.9098
                0x0000000008051458       0x10 build/decn.o
 .rodata.gamma_consts
                0x0000000008051468       0x54 build/decn.o
                0x0000000008051468                gamma_consts
 .rodata.gradians.9099
                0x00000000080514bc       0x10 build/decn.o
 .rodata.get_sigmas.str1.4
                0x00000000080514cc       0x16 build/stats.o
 *fill*         0x00000000080514e2        0x2 
 .rodata.draw_RPN_RCL.str1.4
                0x00000000080514e4        0xc build/lcd.o
                                         0x10 (size before relaxing)
 .rodata.draw_LEQ.str1.4
                0x00000000080514f0        0x5 build/lcd.o
                                          0xa (size before relaxing)
 *fill*         0x00000000080514f5        0x3 
 .rodata.show_disp.str1.4
                0x00000000080514f8       0x18 build/lcd.o
                                         0x20 (size before relaxing)
 .rodata.primes
                0x0000000008051510       0x10 build/int.o
 .rodata.date_alphaday.str1.4
                0x0000000008051520       0x16 build/date.o
 *fill*         0x0000000008051536        0x2 
 .rodata.date_alphatime.str1.4
                0x0000000008051538        0x8 build/date.o
                                          0x9 (size before relaxing)
 .rodata.mons.9121
                0x0000000008051540       0x24 build/date.o
 .rodata.str1.4
                0x0000000008051564      0x241 build/consts.o
                                        0x24d (size before relaxing)
 *fill*         0x00000000080517a5        0x3 
 .rodata.cnsts  0x00000000080517a8      0x4f8 build/consts.o
                0x00000000080517a8                cnsts
 .rodata.cnsts_conv
                0x0000000008051ca0      0x260 build/consts.o
                0x0000000008051ca0                cnsts_conv
 .rodata.cnsts_d128
                0x0000000008051f00      0x200 build/consts.o
                0x0000000008051f00                cnsts_d128
 .rodata.cnsts_d64
                0x0000000008052100      0x260 build/consts.o
                0x0000000008052100                cnsts_d64
 .rodata.character_remapping_order
                0x0000000008052360      0x100 build/charmap.o
 .rodata.str1.4
                0x0000000008052460      0x6d8 build/commands.o
                                        0x718 (size before relaxing)
 .rodata.argcmds
                0x0000000008052b38      0x970 build/commands.o
                0x0000000008052b38                argcmds
 .rodata.dyfuncs
                0x00000000080534a8      0x4f8 build/commands.o
                0x00000000080534a8                dyfuncs
 .rodata.monfuncs
                0x00000000080539a0      0xea0 build/commands.o
                0x00000000080539a0                monfuncs
 .rodata.multicmds
                0x0000000008054840       0xc0 build/commands.o
                0x0000000008054840                multicmds
 .rodata.niladics
                0x0000000008054900      0xdb0 build/commands.o
                0x0000000008054900                niladics
 .rodata.trifuncs
                0x00000000080556b0       0xf0 build/commands.o
                0x00000000080556b0                trifuncs
 .rodata.program_flash.str1.4
                0x00000000080557a0       0x33 build/storage.o
 *fill*         0x00000000080557d3        0x1 
 .rodata.open_selected_file.str1.4
                0x00000000080557d4       0x11 build/storage.o
 *fill*         0x00000000080557e5        0x3 
 .rodata.init_mem.str1.4
                0x00000000080557e8        0xe build/storage.o
 *fill*         0x00000000080557f6        0x2 
 .rodata.reset.str1.4
                0x00000000080557f8        0x7 build/storage.o
 *fill*         0x00000000080557ff        0x1 
 .rodata.store_program_from_buffer.part.0.str1.4
                0x0000000008055800        0x9 build/storage.o
 *fill*         0x0000000008055809        0x3 
 .rodata.flash_backup.str1.4
                0x000000000805580c        0xe build/storage.o
 *fill*         0x000000000805581a        0x2 
 .rodata.flash_restore.str1.4
                0x000000000805581c        0x9 build/storage.o
 *fill*         0x0000000008055825        0x3 
 .rodata.save_lib_file.str1.4
                0x0000000008055828       0x31 build/storage.o
 *fill*         0x0000000008055859        0x3 
 .rodata.load_lib_file.str1.4
                0x000000000805585c       0x21 build/storage.o
 *fill*         0x000000000805587d        0x3 
 .rodata.save_ram_file.str1.4
                0x0000000008055880       0x3d build/storage.o
 *fill*         0x00000000080558bd        0x3 
 .rodata.load_ram_file.str1.4
                0x00000000080558c0       0x19 build/storage.o
 *fill*         0x00000000080558d9        0x3 
 .rodata.load_backup_file.str1.4
                0x00000000080558dc       0x21 build/storage.o
 *fill*         0x00000000080558fd        0x3 
 .rodata.save_prog_file.str1.4
                0x0000000008055900       0x36 build/storage.o
 *fill*         0x0000000008055936        0x2 
 .rodata.load_prog_file.str1.4
                0x0000000008055938       0x29 build/storage.o
 *fill*         0x0000000008055961        0x3 
 .rodata.bm_large.5521
                0x0000000008055964      0x2fa build/font.o
 *fill*         0x0000000008055c5e        0x2 
 .rodata.bm_small.5522
                0x0000000008055c60      0x25e build/font.o
 *fill*         0x0000000008055ebe        0x2 
 .rodata.divs.5505
                0x0000000008055ec0        0x3 build/font.o
 *fill*         0x0000000008055ec3        0x1 
 .rodata.widths.5504
                0x0000000008055ec4       0xab build/font.o
 *fill*         0x0000000008055f6f        0x1 
 .rodata.xrom   0x0000000008055f70     0x1b9a build/xrom.o
                0x0000000008055f70                xrom
 .rodata.xrom_size
                0x0000000008057b0a        0x2 build/xrom.o
                0x0000000008057b0a                xrom_size
 .rodata.menu_line_str.str1.4
                0x0000000008057b0c        0x8 build/console.o
 .rodata.disp_about.str1.4
                0x0000000008057b14       0xe6 build/console.o
 *fill*         0x0000000008057bfa        0x2 
 .rodata.do_multi.str1.4
                0x0000000008057bfc       0x16 build/console.o
 *fill*         0x0000000008057c12        0x2 
 .rodata.str1.4
                0x0000000008057c14       0x10 build/console.o
 .rodata.MID_MENU
                0x0000000008057c24       0x10 build/console.o
                0x0000000008057c24                MID_MENU
 .rodata.Menus  0x0000000008057c34     0x1520 build/console.o
 .rodata.mapping_alpha.11151
                0x0000000008059154      0x178 build/console.o
 .rodata.mapping_fshift.11149
                0x00000000080592cc      0x178 build/console.o
 .rodata.mapping_gshift.11150
                0x0000000008059444      0x178 build/console.o
 .rodata.mapping_none.11148
                0x00000000080595bc      0x178 build/console.o
 .rodata.mapping_running.11152
                0x0000000008059734      0x178 build/console.o
 .rodata.mid_menu
                0x00000000080598ac        0x4 build/console.o
                0x00000000080598ac                mid_menu
 .rodata.stopwatch_callback.str1.4
                0x00000000080598b0       0x16 build/stopwatch.o
 *fill*         0x00000000080598c6        0x2 
 .rodata.CSWTCH.61
                0x00000000080598c8       0x40 build/stopwatch.o
 .rodata.print_reg.str1.4
                0x0000000008059908        0x3 build/printer.o
 *fill*         0x000000000805990b        0x1 
 .rodata.print_registers.str1.4
                0x000000000805990c        0x2 build/printer.o
                                         0x15 (size before relaxing)
 *fill*         0x000000000805990e        0x2 
 .rodata.cmdprintcmplxreg.str1.4
                0x0000000008059910        0x4 build/printer.o
 .rodata.print_trace.str1.4
                0x0000000008059914        0xc build/printer.o
                                         0x10 (size before relaxing)
 .rodata.ops.9051
                0x0000000008059920        0xe build/printer.o
 *fill*         0x000000000805992e        0x2 
 .rodata.const_50
                0x0000000008059930        0xc build/libconsts.a(const_50.o)
                0x0000000008059930                const_50
 .rodata.const_randfac
                0x000000000805993c       0x1c build/libconsts.a(const_randfac.o)
                0x000000000805993c                const_randfac
 .rodata.const_ln10
                0x0000000008059958       0x24 build/libconsts.a(const_ln10.o)
                0x0000000008059958                const_ln10
 .rodata.const_egamma
                0x000000000805997c       0x24 build/libconsts.a(const_egamma.o)
                0x000000000805997c                const_egamma
 .rodata.const_256
                0x00000000080599a0        0xc build/libconsts.a(const_256.o)
                0x00000000080599a0                const_256
 .rodata.const_180
                0x00000000080599ac        0xc build/libconsts.a(const_180.o)
                0x00000000080599ac                const_180
 .rodata.const_1e_32
                0x00000000080599b8        0xc build/libconsts.a(const_1e_32.o)
                0x00000000080599b8                const_1e_32
 .rodata.const_gammaC03
                0x00000000080599c4       0x24 build/libconsts.a(const_gammaC03.o)
                0x00000000080599c4                const_gammaC03
 .rodata.const_60
                0x00000000080599e8        0xc build/libconsts.a(const_60.o)
                0x00000000080599e8                const_60
 .rodata.const_10
                0x00000000080599f4        0xc build/libconsts.a(const_10.o)
                0x00000000080599f4                const_10
 .rodata.const_360
                0x0000000008059a00        0xc build/libconsts.a(const_360.o)
                0x0000000008059a00                const_360
 .rodata.const_gammaC10
                0x0000000008059a0c       0x24 build/libconsts.a(const_gammaC10.o)
                0x0000000008059a0c                const_gammaC10
 .rodata.const_gammaC11
                0x0000000008059a30       0x24 build/libconsts.a(const_gammaC11.o)
                0x0000000008059a30                const_gammaC11
 .rodata.const__inf
                0x0000000008059a54        0xc build/libconsts.a(const__inf.o)
                0x0000000008059a54                const__inf
 .rodata.const_21
                0x0000000008059a60        0xc build/libconsts.a(const_21.o)
                0x0000000008059a60                const_21
 .rodata.const_gammaC16
                0x0000000008059a6c       0x24 build/libconsts.a(const_gammaC16.o)
                0x0000000008059a6c                const_gammaC16
 .rodata.const_200
                0x0000000008059a90        0xc build/libconsts.a(const_200.o)
                0x0000000008059a90                const_200
 .rodata.const_gammaC06
                0x0000000008059a9c       0x24 build/libconsts.a(const_gammaC06.o)
                0x0000000008059a9c                const_gammaC06
 .rodata.const_NaN
                0x0000000008059ac0        0xc build/libconsts.a(const_NaN.o)
                0x0000000008059ac0                const_NaN
 .rodata.const_gammaC15
                0x0000000008059acc       0x24 build/libconsts.a(const_gammaC15.o)
                0x0000000008059acc                const_gammaC15
 .rodata.const_1e_24
                0x0000000008059af0        0xc build/libconsts.a(const_1e_24.o)
                0x0000000008059af0                const_1e_24
 .rodata.const_45
                0x0000000008059afc        0xc build/libconsts.a(const_45.o)
                0x0000000008059afc                const_45
 .rodata.const_0_05
                0x0000000008059b08        0xc build/libconsts.a(const_0_05.o)
                0x0000000008059b08                const_0_05
 .rodata.const_3
                0x0000000008059b14        0xc build/libconsts.a(const_3.o)
                0x0000000008059b14                const_3
 .rodata.const_hms_threshold
                0x0000000008059b20       0x24 build/libconsts.a(const_hms_threshold.o)
                0x0000000008059b20                const_hms_threshold
 .rodata.const_gammaC14
                0x0000000008059b44       0x24 build/libconsts.a(const_gammaC14.o)
                0x0000000008059b44                const_gammaC14
 .rodata.const_0_6
                0x0000000008059b68        0xc build/libconsts.a(const_0_6.o)
                0x0000000008059b68                const_0_6
 .rodata.const_32
                0x0000000008059b74        0xc build/libconsts.a(const_32.o)
                0x0000000008059b74                const_32
 .rodata.const_0_75
                0x0000000008059b80        0xc build/libconsts.a(const_0_75.o)
                0x0000000008059b80                const_0_75
 .rodata.const__1
                0x0000000008059b8c        0xc build/libconsts.a(const__1.o)
                0x0000000008059b8c                const__1
 .rodata.const_gammaC00
                0x0000000008059b98       0x24 build/libconsts.a(const_gammaC00.o)
                0x0000000008059b98                const_gammaC00
 .rodata.const_ln2
                0x0000000008059bbc       0x24 build/libconsts.a(const_ln2.o)
                0x0000000008059bbc                const_ln2
 .rodata.const_gammaC18
                0x0000000008059be0       0x24 build/libconsts.a(const_gammaC18.o)
                0x0000000008059be0                const_gammaC18
 .rodata.const_2PI
                0x0000000008059c04      0x138 build/libconsts.a(const_2PI.o)
                0x0000000008059c04                const_2PI
 .rodata.const_1e_14
                0x0000000008059d3c        0xc build/libconsts.a(const_1e_14.o)
                0x0000000008059d3c                const_1e_14
 .rodata.const_0
                0x0000000008059d48        0xc build/libconsts.a(const_0.o)
                0x0000000008059d48                const_0
 .rodata.const_PIon180
                0x0000000008059d54       0x24 build/libconsts.a(const_PIon180.o)
                0x0000000008059d54                const_PIon180
 .rodata.const_9000
                0x0000000008059d78        0xc build/libconsts.a(const_9000.o)
                0x0000000008059d78                const_9000
 .rodata.const_0_9
                0x0000000008059d84        0xc build/libconsts.a(const_0_9.o)
                0x0000000008059d84                const_0_9
 .rodata.const_gammaC08
                0x0000000008059d90       0x24 build/libconsts.a(const_gammaC08.o)
                0x0000000008059d90                const_gammaC08
 .rodata.const_gammaC21
                0x0000000008059db4       0x24 build/libconsts.a(const_gammaC21.o)
                0x0000000008059db4                const_gammaC21
 .rodata.const_1e_37
                0x0000000008059dd8        0xc build/libconsts.a(const_1e_37.o)
                0x0000000008059dd8                const_1e_37
 .rodata.const_gammaC05
                0x0000000008059de4       0x24 build/libconsts.a(const_gammaC05.o)
                0x0000000008059de4                const_gammaC05
 .rodata.const_2
                0x0000000008059e08        0xc build/libconsts.a(const_2.o)
                0x0000000008059e08                const_2
 .rodata.const_gammaC13
                0x0000000008059e14       0x24 build/libconsts.a(const_gammaC13.o)
                0x0000000008059e14                const_gammaC13
 .rodata.const_100000
                0x0000000008059e38        0xc build/libconsts.a(const_100000.o)
                0x0000000008059e38                const_100000
 .rodata.const_gammaR
                0x0000000008059e44       0x10 build/libconsts.a(const_gammaR.o)
                0x0000000008059e44                const_gammaR
 .rodata.const_5
                0x0000000008059e54        0xc build/libconsts.a(const_5.o)
                0x0000000008059e54                const_5
 .rodata.const_1
                0x0000000008059e60        0xc build/libconsts.a(const_1.o)
                0x0000000008059e60                const_1
 .rodata.const_gammaC19
                0x0000000008059e6c       0x24 build/libconsts.a(const_gammaC19.o)
                0x0000000008059e6c                const_gammaC19
 .rodata.const_inf
                0x0000000008059e90        0xc build/libconsts.a(const_inf.o)
                0x0000000008059e90                const_inf
 .rodata.const_0_995
                0x0000000008059e9c        0xc build/libconsts.a(const_0_995.o)
                0x0000000008059e9c                const_0_995
 .rodata.const_0_0001
                0x0000000008059ea8        0xc build/libconsts.a(const_0_0001.o)
                0x0000000008059ea8                const_0_0001
 .rodata.const_1on60
                0x0000000008059eb4       0x24 build/libconsts.a(const_1on60.o)
                0x0000000008059eb4                const_1on60
 .rodata.const_PIon200
                0x0000000008059ed8       0x24 build/libconsts.a(const_PIon200.o)
                0x0000000008059ed8                const_PIon200
 .rodata.const_gammaC01
                0x0000000008059efc       0x24 build/libconsts.a(const_gammaC01.o)
                0x0000000008059efc                const_gammaC01
 .rodata.const_gammaC09
                0x0000000008059f20       0x24 build/libconsts.a(const_gammaC09.o)
                0x0000000008059f20                const_gammaC09
 .rodata.const_0_5
                0x0000000008059f44        0xc build/libconsts.a(const_0_5.o)
                0x0000000008059f44                const_0_5
 .rodata.const_9on5
                0x0000000008059f50        0xc build/libconsts.a(const_9on5.o)
                0x0000000008059f50                const_9on5
 .rodata.const_20
                0x0000000008059f5c        0xc build/libconsts.a(const_20.o)
                0x0000000008059f5c                const_20
 .rodata.const_gammaC20
                0x0000000008059f68       0x24 build/libconsts.a(const_gammaC20.o)
                0x0000000008059f68                const_gammaC20
 .rodata.const_400
                0x0000000008059f8c        0xc build/libconsts.a(const_400.o)
                0x0000000008059f8c                const_400
 .rodata.const_gammaC07
                0x0000000008059f98       0x24 build/libconsts.a(const_gammaC07.o)
                0x0000000008059f98                const_gammaC07
 .rodata.const__0
                0x0000000008059fbc        0xc build/libconsts.a(const__0.o)
                0x0000000008059fbc                const__0
 .rodata.const_0_4
                0x0000000008059fc8        0xc build/libconsts.a(const_0_4.o)
                0x0000000008059fc8                const_0_4
 .rodata.const_1e_10000
                0x0000000008059fd4        0xc build/libconsts.a(const_1e_10000.o)
                0x0000000008059fd4                const_1e_10000
 .rodata.const_gammaC12
                0x0000000008059fe0       0x24 build/libconsts.a(const_gammaC12.o)
                0x0000000008059fe0                const_gammaC12
 .rodata.const_36000
                0x000000000805a004        0xc build/libconsts.a(const_36000.o)
                0x000000000805a004                const_36000
 .rodata.const_2pow64
                0x000000000805a010       0x18 build/libconsts.a(const_2pow64.o)
                0x000000000805a010                const_2pow64
 .rodata.const_PIon2
                0x000000000805a028       0x24 build/libconsts.a(const_PIon2.o)
                0x000000000805a028                const_PIon2
 .rodata.const_gammaC04
                0x000000000805a04c       0x24 build/libconsts.a(const_gammaC04.o)
                0x000000000805a04c                const_gammaC04
 .rodata.const_90
                0x000000000805a070        0xc build/libconsts.a(const_90.o)
                0x000000000805a070                const_90
 .rodata.const_gammaC17
                0x000000000805a07c       0x24 build/libconsts.a(const_gammaC17.o)
                0x000000000805a07c                const_gammaC17
 .rodata.const_gammaC02
                0x000000000805a0a0       0x24 build/libconsts.a(const_gammaC02.o)
                0x000000000805a0a0                const_gammaC02
 .rodata.const_PI
                0x000000000805a0c4       0x24 build/libconsts.a(const_PI.o)
                0x000000000805a0c4                const_PI
 .rodata.const_root2on2
                0x000000000805a0e8       0x24 build/libconsts.a(const_root2on2.o)
                0x000000000805a0e8                const_root2on2
 .rodata.const_100
                0x000000000805a10c        0xc build/libconsts.a(const_100.o)
                0x000000000805a10c                const_100
 .rodata.const_0_1
                0x000000000805a118        0xc build/libconsts.a(const_0_1.o)
                0x000000000805a118                const_0_1
 .rodata.decNumberToString.str1.4
                0x000000000805a124        0x9 build/libdecNumber.a(decNumber.o)
                                         0x10 (size before relaxing)
 *fill*         0x000000000805a12d        0x3 
 .rodata.decNumberFromString.str1.4
                0x000000000805a130       0x1c build/libdecNumber.a(decNumber.o)
                                         0x20 (size before relaxing)
 .rodata.multies
                0x000000000805a14c       0x14 build/libdecNumber.a(decNumber.o)
 .rodata.powers
                0x000000000805a160       0x28 build/libdecNumber.a(decNumber.o)
                0x000000000805a160                powers
 .rodata.resmap
                0x000000000805a188        0xa build/libdecNumber.a(decNumber.o)
 *fill*         0x000000000805a192        0x2 
 .rodata.uarrone
                0x000000000805a194        0x2 build/libdecNumber.a(decNumber.o)
 *fill*         0x000000000805a196        0x2 
 .rodata.COMBEXP
                0x000000000805a198       0x80 build/libdecNumber.a(decimal64.o)
                0x000000000805a198                COMBEXP
 .rodata.COMBMSD
                0x000000000805a218       0x80 build/libdecNumber.a(decimal64.o)
                0x000000000805a218                COMBMSD
 .rodata.multies
                0x000000000805a298       0x14 build/libdecNumber.a(decimal64.o)
 .rodata.str1.4
                0x000000000805a2ac        0x6 /usr/lib/gcc/arm-none-eabi/9.2.1/../../../arm-none-eabi/lib/thumb/v7e-m+fp/hard/libc.a(lib_a-perror.o)
 *fill*         0x000000000805a2b2        0x2 
 .rodata.str1.4
                0x000000000805a2b4      0x700 /usr/lib/gcc/arm-none-eabi/9.2.1/../../../arm-none-eabi/lib/thumb/v7e-m+fp/hard/libc.a(lib_a-strerror.o)
                                        0x701 (size before relaxing)
 .rodata.str1.4
                0x000000000805a9b4       0x33 /usr/lib/gcc/arm-none-eabi/9.2.1/../../../arm-none-eabi/lib/thumb/v7e-m+fp/hard/libc.a(lib_a-svfprintf.o)
                                         0x42 (size before relaxing)
 *fill*         0x000000000805a9e7        0x1 
 .rodata.str1.4
                0x000000000805a9e8       0x46 /usr/lib/gcc/arm-none-eabi/9.2.1/../../../arm-none-eabi/lib/thumb/v7e-m+fp/hard/libc.a(lib_a-dtoa.o)
                                         0x5a (size before relaxing)
 *fill*         0x000000000805aa2e        0x2 
 .rodata.str1.4
                0x000000000805aa30       0x33 /usr/lib/gcc/arm-none-eabi/9.2.1/../../../arm-none-eabi/lib/thumb/v7e-m+fp/hard/libc.a(lib_a-mprec.o)
                                         0x47 (size before relaxing)
 .rodata.str1.4
                0x000000000805aa63       0x2f /usr/lib/gcc/arm-none-eabi/9.2.1/../../../arm-none-eabi/lib/thumb/v7e-m+fp/hard/libc.a(lib_a-svfiprintf.o)
 *fill*         0x000000000805aa63        0x1 
 .rodata.str1.4
                0x000000000805aa64       0x3f /usr/lib/gcc/arm-none-eabi/9.2.1/../../../arm-none-eabi/lib/thumb/v7e-m+fp/hard/libc.a(lib_a-assert.o)
                                         0x43 (size before relaxing)
 *fill*         0x000000000805aaa3        0x1 
 .rodata.str1.4
                0x000000000805aaa4        0x6 /usr/lib/gcc/arm-none-eabi/9.2.1/../../../arm-none-eabi/lib/thumb/v7e-m+fp/hard/libc.a(lib_a-locale.o)
                                         0x12 (size before relaxing)
 .rodata.str1.4
                0x000000000805aaaa       0x2f /usr/lib/gcc/arm-none-eabi/9.2.1/../../../arm-none-eabi/lib/thumb/v7e-m+fp/hard/libc.a(lib_a-vfiprintf.o)
                0x000000000805aae0                . = ALIGN (0x8)
 *fill*         0x000000000805aaaa        0x6 
                0x0000000090000000                _qspi_init_base = LOADADDR (.qspi)
                0x0000000000000000                _qspi_init_length = SIZEOF (.qspi)

.text           0x000000000805aac0    0x26158
                0x000000000805aac0                . = ALIGN (0x8)
 *(.text)
 .text          0x000000000805aac0       0x88 /usr/lib/gcc/arm-none-eabi/9.2.1/thumb/v7e-m+fp/hard/crtbegin.o
 .text          0x000000000805ab48       0x30 /usr/lib/gcc/arm-none-eabi/9.2.1/thumb/v7e-m+fp/hard/libgcc.a(_aeabi_uldivmod.o)
                0x000000000805ab48                __aeabi_uldivmod
 .text          0x000000000805ab78      0x2c4 /usr/lib/gcc/arm-none-eabi/9.2.1/thumb/v7e-m+fp/hard/libgcc.a(_udivmoddi4.o)
                0x000000000805ab78                __udivmoddi4
 .text          0x000000000805ae3c        0x4 /usr/lib/gcc/arm-none-eabi/9.2.1/thumb/v7e-m+fp/hard/libgcc.a(_dvmd_tls.o)
                0x000000000805ae3c                __aeabi_ldiv0
                0x000000000805ae3c                __aeabi_idiv0
 .text          0x000000000805ae40        0xc /usr/lib/gcc/arm-none-eabi/9.2.1/../../../arm-none-eabi/lib/thumb/v7e-m+fp/hard/libc.a(lib_a-atexit.o)
                0x000000000805ae40                atexit
 .text          0x000000000805ae4c        0xc /usr/lib/gcc/arm-none-eabi/9.2.1/../../../arm-none-eabi/lib/thumb/v7e-m+fp/hard/libc.a(lib_a-errno.o)
                0x000000000805ae4c                __errno
 .text          0x000000000805ae58       0x34 /usr/lib/gcc/arm-none-eabi/9.2.1/../../../arm-none-eabi/lib/thumb/v7e-m+fp/hard/libc.a(lib_a-fini.o)
                0x000000000805ae58                __libc_fini_array
 .text          0x000000000805ae8c       0x48 /usr/lib/gcc/arm-none-eabi/9.2.1/../../../arm-none-eabi/lib/thumb/v7e-m+fp/hard/libc.a(lib_a-init.o)
                0x000000000805ae8c                __libc_init_array
 .text          0x000000000805aed4      0x134 /usr/lib/gcc/arm-none-eabi/9.2.1/../../../arm-none-eabi/lib/thumb/v7e-m+fp/hard/libc.a(lib_a-memcpy.o)
                0x000000000805aed4                memcpy
 .text          0x000000000805b008       0xa0 /usr/lib/gcc/arm-none-eabi/9.2.1/../../../arm-none-eabi/lib/thumb/v7e-m+fp/hard/libc.a(lib_a-memset.o)
                0x000000000805b008                memset
 .text          0x000000000805b0a8      0x100 /usr/lib/gcc/arm-none-eabi/9.2.1/../../../arm-none-eabi/lib/thumb/v7e-m+fp/hard/libc.a(lib_a-perror.o)
                0x000000000805b0a8                _perror_r
                0x000000000805b198                perror
 .text          0x000000000805b1a8       0x80 /usr/lib/gcc/arm-none-eabi/9.2.1/../../../arm-none-eabi/lib/thumb/v7e-m+fp/hard/libc.a(lib_a-sprintf.o)
                0x000000000805b1a8                _sprintf_r
                0x000000000805b1e4                sprintf
 .text          0x000000000805b228      0x3fc /usr/lib/gcc/arm-none-eabi/9.2.1/../../../arm-none-eabi/lib/thumb/v7e-m+fp/hard/libc.a(lib_a-strerror.o)
                0x000000000805b228                _strerror_r
                0x000000000805b5f4                strerror
                0x000000000805b60c                strerror_l
 *fill*         0x000000000805b624       0x1c 
 .text          0x000000000805b640       0xdc /usr/lib/gcc/arm-none-eabi/9.2.1/../../../arm-none-eabi/lib/thumb/v7e-m+fp/hard/libc.a(lib_a-strlen.o)
                0x000000000805b640                strlen
 .text          0x000000000805b71c       0x74 /usr/lib/gcc/arm-none-eabi/9.2.1/../../../arm-none-eabi/lib/thumb/v7e-m+fp/hard/libc.a(lib_a-strncpy.o)
                0x000000000805b71c                strncpy
 .text          0x000000000805b790     0x1498 /usr/lib/gcc/arm-none-eabi/9.2.1/../../../arm-none-eabi/lib/thumb/v7e-m+fp/hard/libc.a(lib_a-svfprintf.o)
                0x000000000805b790                _svfprintf_r
 .text          0x000000000805cc28        0x4 /usr/lib/gcc/arm-none-eabi/9.2.1/../../../arm-none-eabi/lib/thumb/v7e-m+fp/hard/libc.a(lib_a-u_strerr.o)
                0x000000000805cc28                _user_strerror
 .text          0x000000000805cc2c       0x2c /usr/lib/gcc/arm-none-eabi/9.2.1/../../../arm-none-eabi/lib/thumb/v7e-m+fp/hard/libc.a(lib_a-writer.o)
                0x000000000805cc2c                _write_r
 .text          0x000000000805cc58       0x68 /usr/lib/gcc/arm-none-eabi/9.2.1/../../../arm-none-eabi/lib/thumb/v7e-m+fp/hard/libc.a(lib_a-__atexit.o)
                0x000000000805cc58                __register_exitproc
 .text          0x000000000805ccc0      0xfc0 /usr/lib/gcc/arm-none-eabi/9.2.1/../../../arm-none-eabi/lib/thumb/v7e-m+fp/hard/libc.a(lib_a-dtoa.o)
                0x000000000805cde4                _dtoa_r
 .text          0x000000000805dc80      0x1a4 /usr/lib/gcc/arm-none-eabi/9.2.1/../../../arm-none-eabi/lib/thumb/v7e-m+fp/hard/libc.a(lib_a-fflush.o)
                0x000000000805dc80                __sflush_r
                0x000000000805ddcc                _fflush_r
                0x000000000805de00                fflush
 .text          0x000000000805de24       0x34 /usr/lib/gcc/arm-none-eabi/9.2.1/../../../arm-none-eabi/lib/thumb/v7e-m+fp/hard/libc.a(lib_a-fileno.o)
                0x000000000805de24                fileno
 .text          0x000000000805de58      0x1f4 /usr/lib/gcc/arm-none-eabi/9.2.1/../../../arm-none-eabi/lib/thumb/v7e-m+fp/hard/libc.a(lib_a-findfp.o)
                0x000000000805de5c                _cleanup_r
                0x000000000805df40                __sfmoreglue
                0x000000000805df70                __sfp
                0x000000000805dff8                _cleanup
                0x000000000805e00c                __sinit
                0x000000000805e014                __sfp_lock_acquire
                0x000000000805e018                __sfp_lock_release
                0x000000000805e01c                __sinit_lock_acquire
                0x000000000805e020                __sinit_lock_release
                0x000000000805e024                __fp_lock_all
                0x000000000805e038                __fp_unlock_all
 .text          0x000000000805e04c       0xa0 /usr/lib/gcc/arm-none-eabi/9.2.1/../../../arm-none-eabi/lib/thumb/v7e-m+fp/hard/libc.a(lib_a-fwalk.o)
                0x000000000805e04c                _fwalk
                0x000000000805e098                _fwalk_reent
 .text          0x000000000805e0ec       0x14 /usr/lib/gcc/arm-none-eabi/9.2.1/../../../arm-none-eabi/lib/thumb/v7e-m+fp/hard/libc.a(lib_a-localeconv.o)
                0x000000000805e0ec                __localeconv_l
                0x000000000805e0f0                _localeconv_r
                0x000000000805e0f8                localeconv
 .text          0x000000000805e100       0xa0 /usr/lib/gcc/arm-none-eabi/9.2.1/../../../arm-none-eabi/lib/thumb/v7e-m+fp/hard/libc.a(lib_a-memchr.o)
                0x000000000805e100                memchr
 .text          0x000000000805e1a0      0x9a8 /usr/lib/gcc/arm-none-eabi/9.2.1/../../../arm-none-eabi/lib/thumb/v7e-m+fp/hard/libc.a(lib_a-mprec.o)
                0x000000000805e1a0                _Balloc
                0x000000000805e1ec                _Bfree
                0x000000000805e200                __multadd
                0x000000000805e2a4                __s2b
                0x000000000805e350                __hi0bits
                0x000000000805e390                __lo0bits
                0x000000000805e3f0                __i2b
                0x000000000805e41c                __multiply
                0x000000000805e568                __pow5mult
                0x000000000805e600                __lshift
                0x000000000805e6cc                __mcmp
                0x000000000805e704                __mdiff
                0x000000000805e82c                __ulp
                0x000000000805e87c                __b2d
                0x000000000805e934                __d2b
                0x000000000805ea08                __ratio
                0x000000000805ea68                _mprec_log10
                0x000000000805eaa8                __copybits
                0x000000000805eaf0                __any_on
 .text          0x000000000805eb48       0x90 /usr/lib/gcc/arm-none-eabi/9.2.1/../../../arm-none-eabi/lib/thumb/v7e-m+fp/hard/libc.a(lib_a-stdio.o)
                0x000000000805eb48                __sread
                0x000000000805eb6c                __seofread
                0x000000000805eb70                __swrite
                0x000000000805ebb0                __sseek
                0x000000000805ebd0                __sclose
 .text          0x000000000805ebd8      0xb64 /usr/lib/gcc/arm-none-eabi/9.2.1/../../../arm-none-eabi/lib/thumb/v7e-m+fp/hard/libc.a(lib_a-svfiprintf.o)
                0x000000000805ebd8                __ssprint_r
                0x000000000805ecd0                _svfiprintf_r
 .text          0x000000000805f73c       0x48 /usr/lib/gcc/arm-none-eabi/9.2.1/../../../arm-none-eabi/lib/thumb/v7e-m+fp/hard/libc.a(lib_a-assert.o)
                0x000000000805f73c                __assert_func
                0x000000000805f778                __assert
 .text          0x000000000805f784       0x24 /usr/lib/gcc/arm-none-eabi/9.2.1/../../../arm-none-eabi/lib/thumb/v7e-m+fp/hard/libc.a(lib_a-closer.o)
                0x000000000805f784                _close_r
 .text          0x000000000805f7a8       0x98 /usr/lib/gcc/arm-none-eabi/9.2.1/../../../arm-none-eabi/lib/thumb/v7e-m+fp/hard/libc.a(lib_a-fclose.o)
                0x000000000805f7a8                _fclose_r
                0x000000000805f830                fclose
 .text          0x000000000805f840       0x44 /usr/lib/gcc/arm-none-eabi/9.2.1/../../../arm-none-eabi/lib/thumb/v7e-m+fp/hard/libc.a(lib_a-fiprintf.o)
                0x000000000805f840                _fiprintf_r
                0x000000000805f85c                fiprintf
 .text          0x000000000805f884       0x5c /usr/lib/gcc/arm-none-eabi/9.2.1/../../../arm-none-eabi/lib/thumb/v7e-m+fp/hard/libc.a(lib_a-locale.o)
                0x000000000805f884                _setlocale_r
                0x000000000805f8c4                __locale_mb_cur_max
                0x000000000805f8d0                setlocale
 .text          0x000000000805f8e0       0x2c /usr/lib/gcc/arm-none-eabi/9.2.1/../../../arm-none-eabi/lib/thumb/v7e-m+fp/hard/libc.a(lib_a-lseekr.o)
                0x000000000805f8e0                _lseek_r
 .text          0x000000000805f90c       0x40 /usr/lib/gcc/arm-none-eabi/9.2.1/../../../arm-none-eabi/lib/thumb/v7e-m+fp/hard/libc.a(lib_a-mbtowc_r.o)
                0x000000000805f90c                _mbtowc_r
                0x000000000805f920                __ascii_mbtowc
 .text          0x000000000805f94c       0xd0 /usr/lib/gcc/arm-none-eabi/9.2.1/../../../arm-none-eabi/lib/thumb/v7e-m+fp/hard/libc.a(lib_a-memmove.o)
                0x000000000805f94c                memmove
 .text          0x000000000805fa1c       0x2c /usr/lib/gcc/arm-none-eabi/9.2.1/../../../arm-none-eabi/lib/thumb/v7e-m+fp/hard/libc.a(lib_a-readr.o)
                0x000000000805fa1c                _read_r
 *fill*         0x000000000805fa48       0x18 
 .text          0x000000000805fa60      0x2dc /usr/lib/gcc/arm-none-eabi/9.2.1/../../../arm-none-eabi/lib/thumb/v7e-m+fp/hard/libc.a(lib_a-strcmp.o)
                0x000000000805fa68                strcmp
 .text          0x000000000805fd3c      0xd00 /usr/lib/gcc/arm-none-eabi/9.2.1/../../../arm-none-eabi/lib/thumb/v7e-m+fp/hard/libc.a(lib_a-vfiprintf.o)
                0x000000000805fdb4                __sprint_r
                0x000000000805fdc8                _vfiprintf_r
                0x00000000080609b8                vfiprintf
 .text          0x0000000008060a3c       0x30 /usr/lib/gcc/arm-none-eabi/9.2.1/../../../arm-none-eabi/lib/thumb/v7e-m+fp/hard/libc.a(lib_a-wctomb_r.o)
                0x0000000008060a3c                _wctomb_r
                0x0000000008060a50                __ascii_wctomb
 .text          0x0000000008060a6c       0xd0 /usr/lib/gcc/arm-none-eabi/9.2.1/../../../arm-none-eabi/lib/thumb/v7e-m+fp/hard/libc.a(lib_a-wsetup.o)
                0x0000000008060a6c                __swsetup_r
 .text          0x0000000008060b3c       0x10 /usr/lib/gcc/arm-none-eabi/9.2.1/../../../arm-none-eabi/lib/thumb/v7e-m+fp/hard/libc.a(lib_a-abort.o)
                0x0000000008060b3c                abort
 .text          0x0000000008060b4c      0x110 /usr/lib/gcc/arm-none-eabi/9.2.1/../../../arm-none-eabi/lib/thumb/v7e-m+fp/hard/libc.a(lib_a-fputwc.o)
                0x0000000008060b4c                __fputwc
                0x0000000008060bf4                _fputwc_r
                0x0000000008060c1c                fputwc
 .text          0x0000000008060c5c      0x308 /usr/lib/gcc/arm-none-eabi/9.2.1/../../../arm-none-eabi/lib/thumb/v7e-m+fp/hard/libc.a(lib_a-fvwrite.o)
                0x0000000008060c5c                __sfvwrite_r
 .text          0x0000000008060f64       0xf0 /usr/lib/gcc/arm-none-eabi/9.2.1/../../../arm-none-eabi/lib/thumb/v7e-m+fp/hard/libc.a(lib_a-makebuf.o)
                0x0000000008060f64                __swhatbuf_r
                0x0000000008060fc0                __smakebuf_r
 .text          0x0000000008061054      0x15c /usr/lib/gcc/arm-none-eabi/9.2.1/../../../arm-none-eabi/lib/thumb/v7e-m+fp/hard/libc.a(lib_a-signal.o)
                0x000000000806107c                _init_signal_r
                0x0000000008061088                _signal_r
                0x00000000080610c0                _raise_r
                0x0000000008061118                __sigtramp_r
                0x000000000806116c                raise
                0x000000000806117c                signal
                0x000000000806118c                _init_signal
                0x00000000080611a0                __sigtramp
 .text          0x00000000080611b0       0x2c /usr/lib/gcc/arm-none-eabi/9.2.1/../../../arm-none-eabi/lib/thumb/v7e-m+fp/hard/libc.a(lib_a-signalr.o)
                0x00000000080611b0                _kill_r
                0x00000000080611d8                _getpid_r
 .text          0x00000000080611dc       0xc0 /usr/lib/gcc/arm-none-eabi/9.2.1/../../../arm-none-eabi/lib/thumb/v7e-m+fp/hard/libc.a(lib_a-wbuf.o)
                0x00000000080611dc                __swbuf_r
                0x000000000806128c                __swbuf
 .text          0x000000000806129c       0x7c /usr/lib/gcc/arm-none-eabi/9.2.1/../../../arm-none-eabi/lib/thumb/v7e-m+fp/hard/libc.a(lib_a-wcrtomb.o)
                0x000000000806129c                _wcrtomb_r
                0x00000000080612d0                wcrtomb
 .text          0x0000000008061318       0x28 /usr/lib/gcc/arm-none-eabi/9.2.1/../../../arm-none-eabi/lib/thumb/v7e-m+fp/hard/libc.a(lib_a-fstatr.o)
                0x0000000008061318                _fstat_r
 .text          0x0000000008061340       0x24 /usr/lib/gcc/arm-none-eabi/9.2.1/../../../arm-none-eabi/lib/thumb/v7e-m+fp/hard/libc.a(lib_a-isattyr.o)
                0x0000000008061340                _isatty_r
 .text          0x0000000008061364      0x378 /usr/lib/gcc/arm-none-eabi/9.2.1/thumb/v7e-m+fp/hard/libgcc.a(_arm_addsubdf3.o)
                0x0000000008061364                __aeabi_drsub
                0x000000000806136c                __aeabi_dsub
                0x000000000806136c                __subdf3
                0x0000000008061370                __adddf3
                0x0000000008061370                __aeabi_dadd
                0x00000000080615e8                __aeabi_ui2d
                0x00000000080615e8                __floatunsidf
                0x0000000008061608                __floatsidf
                0x0000000008061608                __aeabi_i2d
                0x000000000806162c                __extendsfdf2
                0x000000000806162c                __aeabi_f2d
                0x0000000008061670                __aeabi_ul2d
                0x0000000008061670                __floatundidf
                0x0000000008061680                __floatdidf
                0x0000000008061680                __aeabi_l2d
 .text          0x00000000080616dc      0x424 /usr/lib/gcc/arm-none-eabi/9.2.1/thumb/v7e-m+fp/hard/libgcc.a(_arm_muldivdf3.o)
                0x00000000080616dc                __aeabi_dmul
                0x00000000080616dc                __muldf3
                0x0000000008061930                __aeabi_ddiv
                0x0000000008061930                __divdf3
 .text          0x0000000008061b00      0x110 /usr/lib/gcc/arm-none-eabi/9.2.1/thumb/v7e-m+fp/hard/libgcc.a(_arm_cmpdf2.o)
                0x0000000008061b00                __gtdf2
                0x0000000008061b00                __gedf2
                0x0000000008061b08                __ltdf2
                0x0000000008061b08                __ledf2
                0x0000000008061b10                __cmpdf2
                0x0000000008061b10                __eqdf2
                0x0000000008061b10                __nedf2
                0x0000000008061b8c                __aeabi_cdrcmple
                0x0000000008061b9c                __aeabi_cdcmple
                0x0000000008061b9c                __aeabi_cdcmpeq
                0x0000000008061bac                __aeabi_dcmpeq
                0x0000000008061bc0                __aeabi_dcmplt
                0x0000000008061bd4                __aeabi_dcmple
                0x0000000008061be8                __aeabi_dcmpge
                0x0000000008061bfc                __aeabi_dcmpgt
 .text          0x0000000008061c10       0x2c /usr/lib/gcc/arm-none-eabi/9.2.1/thumb/v7e-m+fp/hard/libgcc.a(_arm_unorddf2.o)
                0x0000000008061c10                __aeabi_dcmpun
                0x0000000008061c10                __unorddf2
 .text          0x0000000008061c3c       0x50 /usr/lib/gcc/arm-none-eabi/9.2.1/thumb/v7e-m+fp/hard/libgcc.a(_arm_fixdfsi.o)
                0x0000000008061c3c                __fixdfsi
                0x0000000008061c3c                __aeabi_d2iz
 .text          0x0000000008061c8c        0x4 /usr/lib/gcc/arm-none-eabi/9.2.1/../../../arm-none-eabi/lib/thumb/v7e-m+fp/hard/libnosys.a(_exit.o)
                0x0000000008061c8c                _exit
 *(.text*)
 .text._read    0x0000000008061c90        0x4 build/pgm_syscalls.o
                0x0000000008061c90                _read
 .text._write   0x0000000008061c94        0x8 build/pgm_syscalls.o
                0x0000000008061c94                _write
 .text._close   0x0000000008061c9c        0x8 build/pgm_syscalls.o
                0x0000000008061c9c                _close
 .text._fstat   0x0000000008061ca4        0xc build/pgm_syscalls.o
                0x0000000008061ca4                _fstat
 .text._isatty  0x0000000008061cb0        0x4 build/pgm_syscalls.o
                0x0000000008061cb0                _isatty
 .text._lseek   0x0000000008061cb4        0x4 build/pgm_syscalls.o
                0x0000000008061cb4                _lseek
 .text._kill    0x0000000008061cb8       0x10 build/pgm_syscalls.o
                0x0000000008061cb8                _kill
 .text._getpid  0x0000000008061cc8        0x4 build/pgm_syscalls.o
                0x0000000008061cc8                _getpid
 .text.free     0x0000000008061ccc        0x8 build/pgm_syscalls.o
                0x0000000008061ccc                free
 .text.calloc   0x0000000008061cd4        0x8 build/pgm_syscalls.o
                0x0000000008061cd4                calloc
 .text.__wrap__malloc_r
                0x0000000008061cdc        0xc build/pgm_syscalls.o
                0x0000000008061cdc                __wrap__malloc_r
 .text._calloc_r
                0x0000000008061ce8        0xc build/pgm_syscalls.o
                0x0000000008061ce8                _calloc_r
 .text._realloc_r
                0x0000000008061cf4        0xc build/pgm_syscalls.o
                0x0000000008061cf4                _realloc_r
 .text._free_r  0x0000000008061d00        0xc build/pgm_syscalls.o
                0x0000000008061d00                _free_r
 .text.post_main
                0x0000000008061d0c       0x1c build/pgm_syscalls.o
                0x0000000008061d0c                post_main
 .text.gtodot_digit
                0x0000000008061d28       0x60 build/keys.o
 .text.check_f_key
                0x0000000008061d88       0x40 build/keys.o
 .text.is_label_or_end_at
                0x0000000008061dc8       0x30 build/keys.o
 .text.advance_to_next_label
                0x0000000008061df8       0x4c build/keys.o
 .text.init_cat
                0x0000000008061e44       0xec build/keys.o
 .text.advance_to_previous_label
                0x0000000008061f30       0x50 build/keys.o
 .text.check_confirm.part.0
                0x0000000008061f80       0x38 build/keys.o
 .text.init_arg.part.0
                0x0000000008061fb8       0x28 build/keys.o
 .text.reset_arg
                0x0000000008061fe0       0x1c build/keys.o
 .text.arg_eval
                0x0000000008061ffc       0x9c build/keys.o
 .text.arg_digit
                0x0000000008062098      0x104 build/keys.o
 .text.process_arg_shuffle
                0x000000000806219c       0x30 build/keys.o
 .text.process_h_shifted
                0x00000000080621cc       0xd8 build/keys.o
 .text.intltr   0x00000000080622a4       0x38 build/keys.o
 .text.process_normal
                0x00000000080622dc      0x278 build/keys.o
 .text.process_fg_shifted
                0x0000000008062554      0x2a8 build/keys.o
 .text.set_window
                0x00000000080627fc       0x98 build/keys.o
 .text.arg_storcl
                0x0000000008062894       0x44 build/keys.o
 .text.process_arg
                0x00000000080628d8      0x550 build/keys.o
 .text.cur_shift
                0x0000000008062e28       0x14 build/keys.o
                0x0000000008062e28                cur_shift
 .text.reset_shift
                0x0000000008062e3c       0x18 build/keys.o
                0x0000000008062e3c                reset_shift
 .text.keycode_to_row_column
                0x0000000008062e54       0x24 build/keys.o
                0x0000000008062e54                keycode_to_row_column
 .text.row_column_to_keycode
                0x0000000008062e78       0x40 build/keys.o
                0x0000000008062e78                row_column_to_keycode
 .text.init_state
                0x0000000008062eb8       0x80 build/keys.o
                0x0000000008062eb8                init_state
 .text.process_cmplx
                0x0000000008062f38       0xd0 build/keys.o
 .text.soft_init_state
                0x0000000008063008       0x50 build/keys.o
                0x0000000008063008                soft_init_state
 .text.finish_cpx_entry
                0x0000000008063058       0xc8 build/keys.o
                0x0000000008063058                finish_cpx_entry
 .text.stack_begin
                0x0000000008063120       0xbc build/keys.o
                0x0000000008063120                stack_begin
 .text.current_catalogue
                0x00000000080631dc       0xe0 build/keys.o
                0x00000000080631dc                current_catalogue
 .text.process_catalogue
                0x00000000080632bc      0x31c build/keys.o
 .text.get_alpha_state
                0x00000000080635d8       0x28 build/keys.o
                0x00000000080635d8                get_alpha_state
 .text.process_keycode
                0x0000000008063600     0x1ea4 build/keys.o
                0x0000000008063600                process_keycode
 .text.process_keycode_with_shift
                0x00000000080654a4       0xa8 build/keys.o
                0x00000000080654a4                process_keycode_with_shift
 .text.set_separator_decimal_modes
                0x000000000806554c       0x54 build/display.o
 .text.set_dig  0x00000000080655a0       0x78 build/display.o
 .text.hms_render
                0x0000000008065618       0xa8 build/display.o
 .text.set_exp_digits_string
                0x00000000080656c0       0x40 build/display.o
 .text.hms_step
                0x0000000008065700       0x38 build/display.o
 .text.set_exp  0x0000000008065738      0x124 build/display.o
 .text.set_separator.part.0
                0x000000000806585c       0x40 build/display.o
 .text.set_decimal
                0x000000000806589c       0x54 build/display.o
 .text.set_digits_string
                0x00000000080658f0       0x44 build/display.o
 .text.check_special_dn.isra.0
                0x0000000008065934       0x9c build/display.o
 .text.set_x_hms
                0x00000000080659d0      0x1c8 build/display.o
 .text.set_x_fract
                0x0000000008065b98      0x1b4 build/display.o
 .text.carry_overflow
                0x0000000008065d4c       0x84 build/display.o
 .text.set_int_x
                0x0000000008065dd0      0x3d4 build/display.o
 .text.s_s_sized.constprop.0
                0x00000000080661a4      0x19c build/display.o
 .text.dot      0x0000000008066340        0xc build/display.o
                0x0000000008066340                dot
 .text.std_round_fix
                0x000000000806634c       0x7c build/display.o
                0x000000000806634c                std_round_fix
 .text.set_IO_annunciator
                0x00000000080663c8       0x40 build/display.o
                0x00000000080663c8                set_IO_annunciator
 .text.set_annunciators
                0x0000000008066408       0xec build/display.o
 .text.pixel_length
                0x00000000080664f4       0x40 build/display.o
                0x00000000080664f4                pixel_length
 .text.set_status
                0x0000000008066534       0x38 build/display.o
 .text.set_x_dn
                0x000000000806656c      0x9ec build/display.o
                0x000000000806656c                set_x_dn
 .text.set_x    0x0000000008066f58       0x34 build/display.o
 .text.format_reg
                0x0000000008066f8c       0x6c build/display.o
                0x0000000008066f8c                format_reg
 .text.set_status_right
                0x0000000008066ff8       0x64 build/display.o
 .text.annunciators
                0x000000000806705c      0x52c build/display.o
 .text.display  0x0000000008067588      0xe88 build/display.o
                0x0000000008067588                display
 .text.frozen_display
                0x0000000008068410       0x20 build/display.o
                0x0000000008068410                frozen_display
 .text.message  0x0000000008068430       0x70 build/display.o
                0x0000000008068430                message
 .text.error_message
                0x00000000080684a0       0xfc build/display.o
                0x00000000080684a0                error_message
 .text.stopwatch_message
                0x000000000806859c       0x60 build/display.o
                0x000000000806859c                stopwatch_message
 .text.find_section_bounds
                0x00000000080685fc       0x78 build/xeq.o
 .text.reg_address
                0x0000000008068674       0x64 build/xeq.o
 .text.retstk_up
                0x00000000080686d8       0x80 build/xeq.o
 .text.flag_word
                0x0000000008068758       0x80 build/xeq.o
 .text.set_zero
                0x00000000080687d8       0x24 build/xeq.o
 .text.intResult
                0x00000000080687fc       0xac build/xeq.o
 .text.check_stack_overlap
                0x00000000080688a8       0x74 build/xeq.o
 .text.move_retstk
                0x000000000806891c       0x80 build/xeq.o
                0x000000000806891c                move_retstk
 .text.local_regs_rarg
                0x000000000806899c       0x68 build/xeq.o
                0x000000000806899c                local_regs_rarg
 .text.get_reg_limit
                0x0000000008068a04       0xbc build/xeq.o
 .text.local_regs
                0x0000000008068ac0       0x44 build/xeq.o
                0x0000000008068ac0                local_regs
 .text.global_regs_rarg
                0x0000000008068b04       0x40 build/xeq.o
                0x0000000008068b04                global_regs_rarg
 .text.global_regs
                0x0000000008068b44       0x24 build/xeq.o
                0x0000000008068b44                global_regs
 .text.version  0x0000000008068b68       0x1c build/xeq.o
                0x0000000008068b68                version
 .text.cmd_off  0x0000000008068b84        0x4 build/xeq.o
                0x0000000008068b84                cmd_off
 .text.init_RegionTab
                0x0000000008068b88       0x2c build/xeq.o
                0x0000000008068b88                init_RegionTab
 .text.sizeLIB  0x0000000008068bb4       0x20 build/xeq.o
                0x0000000008068bb4                sizeLIB
 .text.getprog  0x0000000008068bd4       0x50 build/xeq.o
                0x0000000008068bd4                getprog
 .text.get_current_prog
                0x0000000008068c24       0x28 build/xeq.o
                0x0000000008068c24                get_current_prog
 .text.do_inc   0x0000000008068c4c       0x48 build/xeq.o
                0x0000000008068c4c                do_inc
 .text.user_pc.part.0
                0x0000000008068c94       0x38 build/xeq.o
 .text.print_step
                0x0000000008068ccc       0xac build/xeq.o
 .text.do_dec   0x0000000008068d78       0x4c build/xeq.o
                0x0000000008068d78                do_dec
 .text.update_program_bounds
                0x0000000008068dc4       0x98 build/xeq.o
                0x0000000008068dc4                update_program_bounds
 .text.set_pc   0x0000000008068e5c       0xb0 build/xeq.o
                0x0000000008068e5c                set_pc
 .text.incpc    0x0000000008068f0c       0x2c build/xeq.o
                0x0000000008068f0c                incpc
 .text.decpc    0x0000000008068f38       0x28 build/xeq.o
                0x0000000008068f38                decpc
 .text.do_rtn   0x0000000008068f60       0xa0 build/xeq.o
 .text.user_pc  0x0000000008069000       0x14 build/xeq.o
                0x0000000008069000                user_pc
 .text.find_user_pc
                0x0000000008069014       0x54 build/xeq.o
                0x0000000008069014                find_user_pc
 .text.report_err
                0x0000000008069068       0x20 build/xeq.o
                0x0000000008069068                report_err
 .text.report_warn
                0x0000000008069088       0x5c build/xeq.o
                0x0000000008069088                report_warn
 .text.bad_mode_error
                0x00000000080690e4       0x10 build/xeq.o
                0x00000000080690e4                bad_mode_error
 .text.cmderr   0x00000000080690f4       0x14 build/xeq.o
                0x00000000080690f4                cmderr
 .text.cmdmsg   0x0000000008069108        0x4 build/xeq.o
                0x0000000008069108                cmdmsg
 .text.rarg_roundingmode
                0x000000000806910c       0x18 build/xeq.o
                0x000000000806910c                rarg_roundingmode
 .text.packed_from_number
                0x0000000008069124       0x3c build/xeq.o
                0x0000000008069124                packed_from_number
 .text.packed128_from_number
                0x0000000008069160       0x3c build/xeq.o
                0x0000000008069160                packed128_from_number
 .text.check_special
                0x000000000806919c       0xa8 build/xeq.o
 .text.packed_from_packed128
                0x0000000008069244       0x1c build/xeq.o
                0x0000000008069244                packed_from_packed128
 .text.packed128_from_packed
                0x0000000008069260       0x1c build/xeq.o
                0x0000000008069260                packed128_from_packed
 .text.stack_size
                0x000000000806927c       0x38 build/xeq.o
                0x000000000806927c                stack_size
 .text.copyreg  0x00000000080692b4       0x20 build/xeq.o
                0x00000000080692b4                copyreg
 .text.set_lift
                0x00000000080692d4       0x10 build/xeq.o
                0x00000000080692d4                set_lift
 .text.entry_rpn_on_off
                0x00000000080692e4       0x34 build/xeq.o
                0x00000000080692e4                entry_rpn_on_off
 .text.is_dblmode
                0x0000000008069318       0x20 build/xeq.o
                0x0000000008069318                is_dblmode
 .text.s_to_i   0x0000000008069338       0x6c build/xeq.o
                0x0000000008069338                s_to_i
 .text.digit    0x00000000080693a4      0x190 build/xeq.o
 .text.s_to_ull
                0x0000000008069534       0x3c build/xeq.o
                0x0000000008069534                s_to_ull
 .text.get_cmdline
                0x0000000008069570       0x18 build/xeq.o
                0x0000000008069570                get_cmdline
 .text.is_bad_cmdline
                0x0000000008069588        0x4 build/xeq.o
                0x0000000008069588                is_bad_cmdline
 .text.get_flash_reg_n
                0x000000000806958c       0x20 build/xeq.o
                0x000000000806958c                get_flash_reg_n
 .text.get_const
                0x00000000080695ac       0x84 build/xeq.o
                0x00000000080695ac                get_const
 .text.get_reg_n
                0x0000000008069630       0xbc build/xeq.o
                0x0000000008069630                get_reg_n
 .text.lift     0x00000000080696ec       0x6c build/xeq.o
                0x00000000080696ec                lift
 .text.lift2_if_enabled
                0x0000000008069758       0x48 build/xeq.o
 .text.lower    0x00000000080697a0       0x74 build/xeq.o
 .text.get_stack_top
                0x0000000008069814       0x3c build/xeq.o
 .text.roll_down
                0x0000000008069850       0x54 build/xeq.o
                0x0000000008069850                roll_down
 .text.cpx_roll_down
                0x00000000080698a4       0x34 build/xeq.o
                0x00000000080698a4                cpx_roll_down
 .text.roll_up  0x00000000080698d8       0x54 build/xeq.o
                0x00000000080698d8                roll_up
 .text.cpx_roll_up
                0x000000000806992c       0x34 build/xeq.o
                0x000000000806992c                cpx_roll_up
 .text.fill     0x0000000008069960       0x70 build/xeq.o
                0x0000000008069960                fill
 .text.lower2   0x00000000080699d0       0x74 build/xeq.o
 .text.drop     0x0000000008069a44       0x20 build/xeq.o
                0x0000000008069a44                drop
 .text.copyreg_n
                0x0000000008069a64       0x3c build/xeq.o
                0x0000000008069a64                copyreg_n
 .text.setlastX
                0x0000000008069aa0        0x8 build/xeq.o
                0x0000000008069aa0                setlastX
 .text.setlastXY
                0x0000000008069aa8       0x18 build/xeq.o
 .text.getRegister
                0x0000000008069ac0       0x34 build/xeq.o
                0x0000000008069ac0                getRegister
 .text.getX     0x0000000008069af4        0x8 build/xeq.o
                0x0000000008069af4                getX
 .text.getY     0x0000000008069afc        0x8 build/xeq.o
                0x0000000008069afc                getY
 .text.getXY    0x0000000008069b04       0x18 build/xeq.o
                0x0000000008069b04                getXY
 .text.getXYZ   0x0000000008069b1c       0x20 build/xeq.o
                0x0000000008069b1c                getXYZ
 .text.getXYZT  0x0000000008069b3c       0x14 build/xeq.o
                0x0000000008069b3c                getXYZT
 .text.storcl_op
                0x0000000008069b50       0x84 build/xeq.o
 .text.storcl_cop
                0x0000000008069bd4       0xc0 build/xeq.o
 .text.cpx_enter
                0x0000000008069c94       0x50 build/xeq.o
                0x0000000008069c94                cpx_enter
 .text.cpx_fill
                0x0000000008069ce4       0x94 build/xeq.o
                0x0000000008069ce4                cpx_fill
 .text.setRegister
                0x0000000008069d78       0x54 build/xeq.o
                0x0000000008069d78                setRegister
 .text.setX     0x0000000008069dcc        0x8 build/xeq.o
                0x0000000008069dcc                setX
 .text.rarg_round
                0x0000000008069dd4       0x70 build/xeq.o
                0x0000000008069dd4                rarg_round
 .text.setY     0x0000000008069e44        0x8 build/xeq.o
                0x0000000008069e44                setY
 .text.setXY    0x0000000008069e4c       0x2c build/xeq.o
                0x0000000008069e4c                setXY
 .text.convert_regK
                0x0000000008069e78       0xc4 build/xeq.o
                0x0000000008069e78                convert_regK
 .text.cpx_nop  0x0000000008069f3c      0x170 build/xeq.o
                0x0000000008069f3c                cpx_nop
 .text.get_reg_n_int
                0x000000000806a0ac       0x1c build/xeq.o
                0x000000000806a0ac                get_reg_n_int
 .text.storcl_intop
                0x000000000806a0c8       0xb0 build/xeq.o
 .text.incdec   0x000000000806a178       0x98 build/xeq.o
 .text.set_reg_n_int
                0x000000000806a210       0x1c build/xeq.o
                0x000000000806a210                set_reg_n_int
 .text.get_reg_n_int_sgn
                0x000000000806a22c       0x38 build/xeq.o
                0x000000000806a22c                get_reg_n_int_sgn
 .text.get_keycode_from_reg
                0x000000000806a264       0x30 build/xeq.o
 .text.getX_int
                0x000000000806a294        0x8 build/xeq.o
                0x000000000806a294                getX_int
 .text.getX_int_sgn
                0x000000000806a29c        0x8 build/xeq.o
                0x000000000806a29c                getX_int_sgn
 .text.set_reg_n_int_sgn
                0x000000000806a2a4       0x64 build/xeq.o
                0x000000000806a2a4                set_reg_n_int_sgn
 .text.op_roundingmode
                0x000000000806a308       0x28 build/xeq.o
                0x000000000806a308                op_roundingmode
 .text.register_from_int
                0x000000000806a330       0x64 build/xeq.o
 .text.int_from_register
                0x000000000806a394       0x48 build/xeq.o
 .text.switch_to_int
                0x000000000806a3dc       0x80 build/xeq.o
 .text.process_cmdline.part.0
                0x000000000806a45c      0x250 build/xeq.o
 .text.process_cmdline
                0x000000000806a6ac       0x10 build/xeq.o
                0x000000000806a6ac                process_cmdline
 .text.cpx_pi   0x000000000806a6bc       0xcc build/xeq.o
                0x000000000806a6bc                cpx_pi
 .text.process_cmdline_set_lift
                0x000000000806a788       0x24 build/xeq.o
                0x000000000806a788                process_cmdline_set_lift
 .text.setX_int
                0x000000000806a7ac       0x20 build/xeq.o
                0x000000000806a7ac                setX_int
 .text.do_rcl   0x000000000806a7cc       0xdc build/xeq.o
 .text.setX_int_sgn
                0x000000000806a8a8       0x18 build/xeq.o
                0x000000000806a8a8                setX_int_sgn
 .text.zero_X   0x000000000806a8c0        0xc build/xeq.o
                0x000000000806a8c0                zero_X
 .text.zero_Y   0x000000000806a8cc       0x10 build/xeq.o
                0x000000000806a8cc                zero_Y
 .text.clrx     0x000000000806a8dc       0x78 build/xeq.o
                0x000000000806a8dc                clrx
 .text.clrstk   0x000000000806a954       0x6c build/xeq.o
                0x000000000806a954                clrstk
 .text.clrreg   0x000000000806a9c0      0x130 build/xeq.o
                0x000000000806a9c0                clrreg
 .text.clrretstk
                0x000000000806aaf0       0x1c build/xeq.o
                0x000000000806aaf0                clrretstk
 .text.clrretstk_pc
                0x000000000806ab0c       0x2c build/xeq.o
                0x000000000806ab0c                clrretstk_pc
 .text.cmdconst
                0x000000000806ab38       0xd4 build/xeq.o
                0x000000000806ab38                cmdconst
 .text.cmdsto   0x000000000806ac0c       0x80 build/xeq.o
                0x000000000806ac0c                cmdsto
 .text.cmdrcl   0x000000000806ac8c        0x4 build/xeq.o
                0x000000000806ac8c                cmdrcl
 .text.cmdcsto  0x000000000806ac90       0xd0 build/xeq.o
                0x000000000806ac90                cmdcsto
 .text.cmdcrcl  0x000000000806ad60      0x108 build/xeq.o
                0x000000000806ad60                cmdcrcl
 .text.cmdircl  0x000000000806ae68       0x20 build/xeq.o
                0x000000000806ae68                cmdircl
 .text.cmdrrcl  0x000000000806ae88       0x88 build/xeq.o
                0x000000000806ae88                cmdrrcl
 .text.swap_reg
                0x000000000806af10       0x64 build/xeq.o
                0x000000000806af10                swap_reg
 .text.cmdswap  0x000000000806af74       0x9c build/xeq.o
                0x000000000806af74                cmdswap
 .text.cmdview  0x000000000806b010       0x5c build/xeq.o
                0x000000000806b010                cmdview
 .text.get_stack_size
                0x000000000806b06c       0x48 build/xeq.o
                0x000000000806b06c                get_stack_size
 .text.get_word_size
                0x000000000806b0b4       0x1c build/xeq.o
                0x000000000806b0b4                get_word_size
 .text.get_sign_mode
                0x000000000806b0d0       0x28 build/xeq.o
                0x000000000806b0d0                get_sign_mode
 .text.get_base
                0x000000000806b0f8       0x1c build/xeq.o
                0x000000000806b0f8                get_base
 .text.DM42_Ticker
                0x000000000806b114       0x18 build/xeq.o
                0x000000000806b114                DM42_Ticker
 .text.op_ticks
                0x000000000806b12c       0x28 build/xeq.o
                0x000000000806b12c                op_ticks
 .text.op_voltage
                0x000000000806b154       0x64 build/xeq.o
                0x000000000806b154                op_voltage
 .text.free_mem
                0x000000000806b1b8       0x18 build/xeq.o
                0x000000000806b1b8                free_mem
 .text.free_flash
                0x000000000806b1d0       0x14 build/xeq.o
                0x000000000806b1d0                free_flash
 .text.get_mem  0x000000000806b1e4       0xb0 build/xeq.o
                0x000000000806b1e4                get_mem
 .text.cmdputkey
                0x000000000806b294       0x3c build/xeq.o
                0x000000000806b294                cmdputkey
 .text.cmdkeytype
                0x000000000806b2d0       0x50 build/xeq.o
                0x000000000806b2d0                cmdkeytype
 .text.cmdstostk
                0x000000000806b320       0x24 build/xeq.o
                0x000000000806b320                cmdstostk
 .text.cmdrclstk
                0x000000000806b344       0x24 build/xeq.o
                0x000000000806b344                cmdrclstk
 .text.find_opcode_from
                0x000000000806b368       0x70 build/xeq.o
                0x000000000806b368                find_opcode_from
 .text.find_label_from
                0x000000000806b3d8        0x8 build/xeq.o
                0x000000000806b3d8                find_label_from
 .text.op_rtn   0x000000000806b3e0       0x28 build/xeq.o
                0x000000000806b3e0                op_rtn
 .text.op_popusr
                0x000000000806b408       0x6c build/xeq.o
                0x000000000806b408                op_popusr
 .text.findmultilbl
                0x000000000806b474       0x4c build/xeq.o
                0x000000000806b474                findmultilbl
 .text.multiumenu
                0x000000000806b4c0       0x18 build/xeq.o
                0x000000000806b4c0                multiumenu
 .text.get_dispmode_digs
                0x000000000806b4d8       0x30 build/xeq.o
                0x000000000806b4d8                get_dispmode_digs
 .text.convC2F  0x000000000806b508       0x24 build/xeq.o
                0x000000000806b508                convC2F
 .text.convF2C  0x000000000806b52c       0x24 build/xeq.o
                0x000000000806b52c                convF2C
 .text.convDB2AR
                0x000000000806b550       0x20 build/xeq.o
                0x000000000806b550                convDB2AR
 .text.convAR2DB
                0x000000000806b570       0x20 build/xeq.o
                0x000000000806b570                convAR2DB
 .text.convDB2PR
                0x000000000806b590       0x1c build/xeq.o
                0x000000000806b590                convDB2PR
 .text.convPR2DB
                0x000000000806b5ac       0x1c build/xeq.o
                0x000000000806b5ac                convPR2DB
 .text.do_conv  0x000000000806b5c8       0x44 build/xeq.o
                0x000000000806b5c8                do_conv
 .text.cmdconv  0x000000000806b60c       0x40 build/xeq.o
                0x000000000806b60c                cmdconv
 .text.fin_tst  0x000000000806b64c       0x68 build/xeq.o
                0x000000000806b64c                fin_tst
 .text.check_mode
                0x000000000806b6b4       0x28 build/xeq.o
                0x000000000806b6b4                check_mode
 .text.check_dblmode
                0x000000000806b6dc       0x20 build/xeq.o
                0x000000000806b6dc                check_dblmode
 .text.op_query_xtal
                0x000000000806b6fc        0x8 build/xeq.o
                0x000000000806b6fc                op_query_xtal
 .text.isTop    0x000000000806b704       0x48 build/xeq.o
                0x000000000806b704                isTop
 .text.cmdlblp  0x000000000806b74c       0x28 build/xeq.o
                0x000000000806b74c                cmdlblp
 .text.cmdmultilblp
                0x000000000806b774       0x18 build/xeq.o
                0x000000000806b774                cmdmultilblp
 .text.cmdkeyp  0x000000000806b78c       0x48 build/xeq.o
                0x000000000806b78c                cmdkeyp
 .text.do_tst   0x000000000806b7d4      0x170 build/xeq.o
 .text.do_ztst  0x000000000806b944       0xac build/xeq.o
 .text.op_query_print
                0x000000000806b9f0        0x8 build/xeq.o
                0x000000000806b9f0                op_query_print
 .text.check_zero
                0x000000000806b9f8       0x70 build/xeq.o
                0x000000000806b9f8                check_zero
 .text.cmdtest  0x000000000806ba68        0x8 build/xeq.o
                0x000000000806ba68                cmdtest
 .text.cmdztest
                0x000000000806ba70       0x2c build/xeq.o
                0x000000000806ba70                cmdztest
 .text.cmdlincdec
                0x000000000806ba9c       0x10 build/xeq.o
                0x000000000806ba9c                cmdlincdec
 .text.cmdloopz
                0x000000000806baac       0x18 build/xeq.o
                0x000000000806baac                cmdloopz
 .text.cmdloop  0x000000000806bac4      0x1f8 build/xeq.o
                0x000000000806bac4                cmdloop
 .text.op_shift_digit
                0x000000000806bcbc       0x68 build/xeq.o
                0x000000000806bcbc                op_shift_digit
 .text.get_user_flag
                0x000000000806bd24       0x20 build/xeq.o
                0x000000000806bd24                get_user_flag
 .text.cmdflag  0x000000000806bd44       0xc0 build/xeq.o
                0x000000000806bd44                cmdflag
 .text.clrflags
                0x000000000806be04       0x30 build/xeq.o
                0x000000000806be04                clrflags
 .text.intws    0x000000000806be34       0xec build/xeq.o
                0x000000000806be34                intws
 .text.get_maxdenom
                0x000000000806bf20       0x20 build/xeq.o
                0x000000000806bf20                get_maxdenom
 .text.op_2frac
                0x000000000806bf40       0xa0 build/xeq.o
                0x000000000806bf40                op_2frac
 .text.op_fracdenom
                0x000000000806bfe0       0x84 build/xeq.o
                0x000000000806bfe0                op_fracdenom
 .text.op_float
                0x000000000806c064       0xd4 build/xeq.o
                0x000000000806c064                op_float
 .text.cmddisp  0x000000000806c138       0xc4 build/xeq.o
                0x000000000806c138                cmddisp
 .text.set_int_base
                0x000000000806c1fc       0x50 build/xeq.o
                0x000000000806c1fc                set_int_base
 .text.op_fract
                0x000000000806c24c       0x44 build/xeq.o
                0x000000000806c24c                op_fract
 .text.cmdsavem
                0x000000000806c290       0x1c build/xeq.o
                0x000000000806c290                cmdsavem
 .text.set_entry
                0x000000000806c2ac       0x2c build/xeq.o
                0x000000000806c2ac                set_entry
 .text.get_trig_mode
                0x000000000806c2d8       0x30 build/xeq.o
                0x000000000806c2d8                get_trig_mode
 .text.cmdpause
                0x000000000806c308       0x24 build/xeq.o
                0x000000000806c308                cmdpause
 .text.op_setspeed
                0x000000000806c32c       0x20 build/xeq.o
                0x000000000806c32c                op_setspeed
 .text.op_prompt
                0x000000000806c34c       0x30 build/xeq.o
                0x000000000806c34c                op_prompt
 .text.XisInt   0x000000000806c37c       0x60 build/xeq.o
                0x000000000806c37c                XisInt
 .text.XisEvenOrOdd
                0x000000000806c3dc       0x64 build/xeq.o
                0x000000000806c3dc                XisEvenOrOdd
 .text.XisPrime
                0x000000000806c440       0x84 build/xeq.o
                0x000000000806c440                XisPrime
 .text.isInfinite
                0x000000000806c4c4       0x30 build/xeq.o
                0x000000000806c4c4                isInfinite
 .text.isNan    0x000000000806c4f4       0x40 build/xeq.o
                0x000000000806c4f4                isNan
 .text.isSpecial
                0x000000000806c534       0x40 build/xeq.o
                0x000000000806c534                isSpecial
 .text.op_entryp
                0x000000000806c574       0x14 build/xeq.o
                0x000000000806c574                op_entryp
 .text.reg_decode
                0x000000000806c588      0x240 build/xeq.o
                0x000000000806c588                reg_decode
 .text.op_regcopy
                0x000000000806c7c8       0x4c build/xeq.o
                0x000000000806c7c8                op_regcopy
 .text.op_regswap
                0x000000000806c814       0x70 build/xeq.o
                0x000000000806c814                op_regswap
 .text.op_regclr
                0x000000000806c884       0x48 build/xeq.o
                0x000000000806c884                op_regclr
 .text.op_regsort
                0x000000000806c8cc      0x114 build/xeq.o
                0x000000000806c8cc                op_regsort
 .text.busy     0x000000000806c9e0       0x24 build/xeq.o
                0x000000000806c9e0                busy
 .text.intMonadic
                0x000000000806ca04       0x98 build/xeq.o
                0x000000000806ca04                intMonadic
 .text.intDyadic
                0x000000000806ca9c       0xd4 build/xeq.o
                0x000000000806ca9c                intDyadic
 .text.xeq_init_contexts
                0x000000000806cb70       0x9c build/xeq.o
                0x000000000806cb70                xeq_init_contexts
 .text.not_running
                0x000000000806cc0c       0x24 build/xeq.o
                0x000000000806cc0c                not_running
 .text.set_running_off
                0x000000000806cc30       0x24 build/xeq.o
                0x000000000806cc30                set_running_off
 .text.set_running_on
                0x000000000806cc54       0x44 build/xeq.o
                0x000000000806cc54                set_running_on
 .text.gsbgto   0x000000000806cc98       0xb0 build/xeq.o
 .text.cmdgtocommon
                0x000000000806cd48       0x34 build/xeq.o
                0x000000000806cd48                cmdgtocommon
 .text.cmdgto   0x000000000806cd7c       0x44 build/xeq.o
                0x000000000806cd7c                cmdgto
 .text.branchtoalpha
                0x000000000806cdc0       0x28 build/xeq.o
 .text.cmdalphagto
                0x000000000806cde8       0x2c build/xeq.o
                0x000000000806cde8                cmdalphagto
 .text.op_gtoalpha
                0x000000000806ce14       0x34 build/xeq.o
                0x000000000806ce14                op_gtoalpha
 .text.cmdskip  0x000000000806ce48       0x84 build/xeq.o
                0x000000000806ce48                cmdskip
 .text.cmdback  0x000000000806cecc       0x74 build/xeq.o
                0x000000000806cecc                cmdback
 .text.usergsb_common
                0x000000000806cf40       0x9c build/xeq.o
 .text.do_usergsb
                0x000000000806cfdc       0x18 build/xeq.o
                0x000000000806cfdc                do_usergsb
 .text.cmdmultigto
                0x000000000806cff4       0x50 build/xeq.o
                0x000000000806cff4                cmdmultigto
 .text.store_a_to_d
                0x000000000806d044       0x24 build/xeq.o
                0x000000000806d044                store_a_to_d
 .text.cmdlocr  0x000000000806d068      0x190 build/xeq.o
                0x000000000806d068                cmdlocr
 .text.cmdxout  0x000000000806d1f8      0x210 build/xeq.o
                0x000000000806d1f8                cmdxout
 .text.cmdconverged
                0x000000000806d408       0xf8 build/xeq.o
                0x000000000806d408                cmdconverged
 .text.cmdshuffle
                0x000000000806d500       0x8c build/xeq.o
                0x000000000806d500                cmdshuffle
 .text.cmdmode  0x000000000806d58c       0x54 build/xeq.o
                0x000000000806d58c                cmdmode
 .text.cmdlpop  0x000000000806d5e0       0x3c build/xeq.o
                0x000000000806d5e0                cmdlpop
 .text.cmdregs  0x000000000806d61c       0xb8 build/xeq.o
                0x000000000806d61c                cmdregs
 .text.op_double
                0x000000000806d6d4      0x128 build/xeq.o
                0x000000000806d6d4                op_double
 .text.cmdrestm
                0x000000000806d7fc       0x9c build/xeq.o
                0x000000000806d7fc                cmdrestm
 .text.cmdxin   0x000000000806d898      0x1d4 build/xeq.o
                0x000000000806d898                cmdxin
 .text.xeq      0x000000000806da6c      0xee0 build/xeq.o
                0x000000000806da6c                xeq
 .text.xeq_single
                0x000000000806e94c       0x24 build/xeq.o
 .text.xeq_xrom2
                0x000000000806e970       0x88 build/xeq.o
 .text.xeq_xrom
                0x000000000806e9f8       0x14 build/xeq.o
                0x000000000806e9f8                xeq_xrom
 .text.dispatch_xrom
                0x000000000806ea0c       0x78 build/xeq.o
 .text.op_rs    0x000000000806ea84       0x8c build/xeq.o
                0x000000000806ea84                op_rs
 .text.xeqprog  0x000000000806eb10       0x74 build/xeq.o
                0x000000000806eb10                xeqprog
 .text.xeq_sst_bst
                0x000000000806eb84       0xac build/xeq.o
                0x000000000806eb84                xeq_sst_bst
 .text.init_34s
                0x000000000806ec30       0x3c build/xeq.o
                0x000000000806ec30                init_34s
 .text.prt_multi
                0x000000000806ec6c       0x58 build/prt.o
 .text.prt_conv
                0x000000000806ecc4       0x64 build/prt.o
 .text.prt_specials.part.0
                0x000000000806ed28      0x10c build/prt.o
 .text.prt_monadic
                0x000000000806ee34       0x44 build/prt.o
 .text.prt_dyadic
                0x000000000806ee78       0x44 build/prt.o
 .text.prt_triadic
                0x000000000806eebc       0x44 build/prt.o
 .text.num_arg_digits.part.0
                0x000000000806ef00       0x34 build/prt.o
 .text.prt_rargs
                0x000000000806ef34      0x194 build/prt.o
 .text.num_arg_digits
                0x000000000806f0c8       0x20 build/prt.o
                0x000000000806f0c8                num_arg_digits
 .text.prt      0x000000000806f0e8       0xf4 build/prt.o
                0x000000000806f0e8                prt
 .text.prt_umen
                0x000000000806f1dc      0x15c build/prt.o
                0x000000000806f1dc                prt_umen
 .text.catcmd   0x000000000806f338      0x120 build/prt.o
                0x000000000806f338                catcmd
 .text.decNumberDRG_internal
                0x000000000806f458       0x9c build/decn.o