Archive member included to satisfy reference by file (symbol)

build/libconsts.a(const_400.o)
                              build/xeq.o (const_400)
build/libconsts.a(const_45.o)
                              build/decn.o (const_45)
build/libconsts.a(const_0_4.o)
                              build/decn.o (const_0_4)
build/libconsts.a(const_20.o)
                              build/xeq.o (const_20)
build/libconsts.a(const_PI.o)
                              build/xeq.o (const_PI)
build/libconsts.a(const_36000.o)
                              build/stopwatch.o (const_36000)
build/libconsts.a(const_2pow64.o)
                              build/xeq.o (const_2pow64)
build/libconsts.a(const_hms_threshold.o)
                              build/display.o (const_hms_threshold)
build/libconsts.a(const_gammaC19.o)
                              build/decn.o (const_gammaC19)
build/libconsts.a(const_gammaR.o)
                              build/decn.o (const_gammaR)
build/libconsts.a(const_1e_32.o)
                              build/xeq.o (const_1e_32)
build/libconsts.a(const_gammaC16.o)
                              build/decn.o (const_gammaC16)
build/libconsts.a(const_gammaC14.o)
                              build/decn.o (const_gammaC14)
build/libconsts.a(const_32.o)
                              build/xeq.o (const_32)
build/libconsts.a(const_egamma.o)
                              build/decn.o (const_egamma)
build/libconsts.a(const_PIon2.o)
                              build/decn.o (const_PIon2)
build/libconsts.a(const_gammaC03.o)
                              build/decn.o (const_gammaC03)
build/libconsts.a(const_0_5.o)
                              build/decn.o (const_0_5)
build/libconsts.a(const_9000.o)
                              build/display.o (const_9000)
build/libconsts.a(const_90.o)
                              build/decn.o (const_90)
build/libconsts.a(const_ln2.o)
                              build/decn.o (const_ln2)
build/libconsts.a(const_gammaC02.o)
                              build/decn.o (const_gammaC02)
build/libconsts.a(const_gammaC11.o)
                              build/decn.o (const_gammaC11)
build/libconsts.a(const_gammaC20.o)
                              build/decn.o (const_gammaC20)
build/libconsts.a(const_2PI.o)
                              build/xeq.o (const_2PI)
build/libconsts.a(const_PIon200.o)
                              build/decn.o (const_PIon200)
build/libconsts.a(const_256.o)
                              build/decn.o (const_256)
build/libconsts.a(const_PIon180.o)
                              build/decn.o (const_PIon180)
build/libconsts.a(const_1on60.o)
                              build/decn.o (const_1on60)
build/libconsts.a(const_1e_24.o)
                              build/xeq.o (const_1e_24)
build/libconsts.a(const_0_0001.o)
                              build/display.o (const_0_0001)
build/libconsts.a(const_gammaC21.o)
                              build/decn.o (const_gammaC21)
build/libconsts.a(const_gammaC17.o)
                              build/decn.o (const_gammaC17)
build/libconsts.a(const_0_1.o)
                              build/decn.o (const_0_1)
build/libconsts.a(const_NaN.o)
                              build/xeq.o (const_NaN)
build/libconsts.a(const_gammaC05.o)
                              build/decn.o (const_gammaC05)
build/libconsts.a(const__0.o)
                              build/decn.o (const__0)
build/libconsts.a(const_gammaC00.o)
                              build/decn.o (const_gammaC00)
build/libconsts.a(const_50.o)
                              build/decn.o (const_50)
build/libconsts.a(const_randfac.o)
                              build/stats.o (const_randfac)
build/libconsts.a(const__inf.o)
                              build/decn.o (const__inf)
build/libconsts.a(const_10.o)
                              build/decn.o (const_10)
build/libconsts.a(const_gammaC18.o)
                              build/decn.o (const_gammaC18)
build/libconsts.a(const_60.o)
                              build/decn.o (const_60)
build/libconsts.a(const_ln10.o)
                              build/decn.o (const_ln10)
build/libconsts.a(const_1e_14.o)
                              build/xeq.o (const_1e_14)
build/libconsts.a(const_gammaC08.o)
                              build/decn.o (const_gammaC08)
build/libconsts.a(const_2.o)  build/decn.o (const_2)
build/libconsts.a(const_gammaC09.o)
                              build/decn.o (const_gammaC09)
build/libconsts.a(const_21.o)
                              build/decn.o (const_21)
build/libconsts.a(const_0.o)  build/xeq.o (const_0)
build/libconsts.a(const_gammaC07.o)
                              build/decn.o (const_gammaC07)
build/libconsts.a(const_0_05.o)
                              build/xeq.o (const_0_05)
build/libconsts.a(const_0_9.o)
                              build/decn.o (const_0_9)
build/libconsts.a(const_0_995.o)
                              build/decn.o (const_0_995)
build/libconsts.a(const_gammaC12.o)
[...]
Memory Configuration

Name             Origin             Length             Attributes
FLASH            0x0000000008050000 0x00000000000b0000 xr
RAM              0x0000000010000000 0x0000000000002000 xrw
QSPI             0x0000000090000000 0x0000000000200000 xr
*default*        0x0000000000000000 0xffffffffffffffff

Linker script and memory map

LOAD /usr/lib/gcc/arm-none-eabi/9.2.1/thumb/v7e-m+fp/hard/crti.o
LOAD /usr/lib/gcc/arm-none-eabi/9.2.1/thumb/v7e-m+fp/hard/crtbegin.o
LOAD /usr/lib/gcc/arm-none-eabi/9.2.1/../../../arm-none-eabi/lib/thumb/v7e-m+fp/hard/crt0.o
LOAD build/pgm_syscalls.o
LOAD build/keys.o
LOAD build/display.o
LOAD build/xeq.o
LOAD build/prt.o
LOAD build/decn.o
LOAD build/complex.o
LOAD build/stats.o
LOAD build/lcd.o
LOAD build/int.o
LOAD build/date.o
LOAD build/consts.o
LOAD build/alpha.o
LOAD build/charmap.o
LOAD build/commands.o
LOAD build/string.o
LOAD build/storage.o
LOAD build/matrix.o
LOAD build/font.o
LOAD build/xrom.o
LOAD build/console.o
LOAD build/stopwatch.o
LOAD build/printer.o
LOAD build/libconsts.a
LOAD build/libdecNumber.a
LOAD build/startup_pgm.o
START GROUP
LOAD /usr/lib/gcc/arm-none-eabi/9.2.1/thumb/v7e-m+fp/hard/libgcc.a
LOAD /usr/lib/gcc/arm-none-eabi/9.2.1/../../../arm-none-eabi/lib/thumb/v7e-m+fp/hard/libc.a
END GROUP
START GROUP
LOAD /usr/lib/gcc/arm-none-eabi/9.2.1/thumb/v7e-m+fp/hard/libgcc.a
LOAD /usr/lib/gcc/arm-none-eabi/9.2.1/../../../arm-none-eabi/lib/thumb/v7e-m+fp/hard/libc.a
LOAD /usr/lib/gcc/arm-none-eabi/9.2.1/../../../arm-none-eabi/lib/thumb/v7e-m+fp/hard/libnosys.a
END GROUP
LOAD /usr/lib/gcc/arm-none-eabi/9.2.1/thumb/v7e-m+fp/hard/crtend.o
LOAD /usr/lib/gcc/arm-none-eabi/9.2.1/thumb/v7e-m+fp/hard/crtn.o

.qspi           0x0000000090000000        0x0
                0x0000000090000000                . = ALIGN (0x8)
                0x0000000090000000                _qspi_start = .
 *(.qspi)
 *(.qspi*)
 *(.rodata.__bid_mod10_18_tbl)
 *(.rodata.__bid_convert_table)
 *(.rodata.bid_log_table_1)
 *(.rodata.bid_log_table_2)
 *(.rodata.bid_decimal128_moduli)
 *(.rodata.bid_exponents_bid64)
 *(.rodata.bid_exponents_binary128)
 *(.rodata.bid_breakpoints_binary128)
 *(.rodata.bid_breakpoints_bid64)
 *(.rodata.bid_multipliers1_binary128)
 *(.rodata.bid_multipliers2_bid64)
 *(.rodata.bid_multipliers1_bid64)
 *(.rodata.bid_multipliers2_binary128)
                0x0000000090000000                . = ALIGN (0x8)
                0x0000000090000000                _qspi_end = .

.rodata         0x0000000008050000     0xa7b8
 *(.rodata.prog_info)
 .rodata.prog_info
                0x0000000008050000       0x40 build/pgm_syscalls.o
                0x0000000008050000                prog_info
                0x0000000008050040                . = ALIGN (0x40)
 *(.rodata)
 .rodata        0x0000000008050040      0x1ba build/display.o
 *fill*         0x00000000080501fa        0x2 
 .rodata        0x00000000080501fc       0x29 build/xeq.o
 *fill*         0x0000000008050225        0x3 
 .rodata        0x0000000008050228       0x40 build/date.o
 .rodata        0x0000000008050268       0x39 build/console.o
 *fill*         0x00000000080502a1        0x3 
 .rodata        0x00000000080502a4       0xa0 build/printer.o
 .rodata        0x0000000008050344        0x4 /usr/lib/gcc/arm-none-eabi/9.2.1/../../../arm-none-eabi/lib/thumb/v7e-m+fp/hard/libc.a(lib_a-impure.o)
                0x0000000008050344                _global_impure_ptr
 .rodata        0x0000000008050348       0x20 /usr/lib/gcc/arm-none-eabi/9.2.1/../../../arm-none-eabi/lib/thumb/v7e-m+fp/hard/libc.a(lib_a-svfprintf.o)
 .rodata        0x0000000008050368      0x101 /usr/lib/gcc/arm-none-eabi/9.2.1/../../../arm-none-eabi/lib/thumb/v7e-m+fp/hard/libc.a(lib_a-ctype_.o)
                0x0000000008050368                _ctype_
 *fill*         0x0000000008050469        0x7 
 .rodata        0x0000000008050470      0x128 /usr/lib/gcc/arm-none-eabi/9.2.1/../../../arm-none-eabi/lib/thumb/v7e-m+fp/hard/libc.a(lib_a-mprec.o)
                0x0000000008050480                __mprec_tens
                0x0000000008050548                __mprec_tinytens
                0x0000000008050570                __mprec_bigtens
 .rodata        0x0000000008050598       0x20 /usr/lib/gcc/arm-none-eabi/9.2.1/../../../arm-none-eabi/lib/thumb/v7e-m+fp/hard/libc.a(lib_a-svfiprintf.o)
 .rodata        0x00000000080505b8       0x20 /usr/lib/gcc/arm-none-eabi/9.2.1/../../../arm-none-eabi/lib/thumb/v7e-m+fp/hard/libc.a(lib_a-vfiprintf.o)
 *(.rodata*)
 .rodata.process_keycode.str1.4
                0x00000000080505d8       0x14 build/keys.o
 .rodata.alpha_arrows
                0x00000000080505ec        0x9 build/keys.o
 *fill*         0x00000000080505f5        0x3 
 .rodata.alpha_catalogue
                0x00000000080505f8       0x12 build/keys.o
 *fill*         0x000000000805060a        0x2 
 .rodata.alpha_compares
                0x000000000805060c        0xa build/keys.o
 *fill*         0x0000000008050616        0x2 
 .rodata.alpha_letters
                0x0000000008050618       0x28 build/keys.o
 .rodata.alpha_letters_lower
                0x0000000008050640       0x28 build/keys.o
 .rodata.alpha_subscripts
                0x0000000008050668       0x1a build/keys.o
 *fill*         0x0000000008050682        0x2 
 .rodata.alpha_symbols
                0x0000000008050684       0x13 build/keys.o
 *fill*         0x0000000008050697        0x1 
 .rodata.alphamap.9463
                0x0000000008050698       0xe4 build/keys.o
 .rodata.amap.9454
                0x000000000805077c       0x20 build/keys.o
 .rodata.catalogue
                0x000000000805079c       0x87 build/keys.o
 *fill*         0x0000000008050823        0x1 
 .rodata.catalogue_sizes.9779
                0x0000000008050824       0x15 build/keys.o
 *fill*         0x0000000008050839        0x3 
 .rodata.catalogues.9787
                0x000000000805083c       0x54 build/keys.o
 .rodata.cmap.9453
                0x0000000008050890       0x30 build/keys.o
 .rodata.conv_catalogue
                0x00000000080508c0       0x58 build/keys.o
 .rodata.conv_mapping.9826
                0x0000000008050918       0x18 build/keys.o
 .rodata.cplx_catalogue
                0x0000000008050930       0x21 build/keys.o
 *fill*         0x0000000008050951        0x3 
 .rodata.disp.9637
                0x0000000008050954        0x4 build/keys.o
 .rodata.int_catalogue
                0x0000000008050958       0x4d build/keys.o
 *fill*         0x00000000080509a5        0x3 
 .rodata.linear_key_map.9419
                0x00000000080509a8       0x2f build/keys.o
 *fill*         0x00000000080509d7        0x1 
 .rodata.linear_key_map.9423
                0x00000000080509d8       0x2f build/keys.o
 *fill*         0x0000000008050a07        0x1 
 .rodata.map.9435
                0x0000000008050a08       0x2b build/keys.o
 *fill*         0x0000000008050a33        0x1 
 .rodata.matrix_catalogue
                0x0000000008050a34       0x18 build/keys.o
 .rodata.mode_catalogue
                0x0000000008050a4c       0x4f build/keys.o
 *fill*         0x0000000008050a9b        0x1 
 .rodata.op_map.9507
                0x0000000008050a9c       0x46 build/keys.o
 *fill*         0x0000000008050ae2        0x2 
 .rodata.op_map.9532
                0x0000000008050ae4       0x8c build/keys.o
 .rodata.op_map.9555
                0x0000000008050b70       0x46 build/keys.o
 *fill*         0x0000000008050bb6        0x2 
 .rodata.op_map.9610
                0x0000000008050bb8      0x118 build/keys.o
 .rodata.op_map.9622
                0x0000000008050cd0        0x6 build/keys.o
 *fill*         0x0000000008050cd6        0x2 
 .rodata.op_map.9636
                0x0000000008050cd8        0xc build/keys.o
 .rodata.op_map2.9533
                0x0000000008050ce4        0x8 build/keys.o
 .rodata.opcode_breaks
                0x0000000008050cec        0x7 build/keys.o
 *fill*         0x0000000008050cf3        0x1 
 .rodata.prob_catalogue
                0x0000000008050cf4       0x44 build/keys.o
 .rodata.prog_catalogue
                0x0000000008050d38       0x70 build/keys.o
 .rodata.program_xfcn
                0x0000000008050da8       0xa3 build/keys.o
 *fill*         0x0000000008050e4b        0x1 
 .rodata.smap.9455
                0x0000000008050e4c        0x4 build/keys.o
 .rodata.stats_catalogue
                0x0000000008050e50       0x16 build/keys.o
 *fill*         0x0000000008050e66        0x2 
 .rodata.sums_catalogue
                0x0000000008050e68       0x12 build/keys.o
 *fill*         0x0000000008050e7a        0x2 
 .rodata.test_catalogue
                0x0000000008050e7c       0x30 build/keys.o
 .rodata.check_special_dn.isra.0.str1.4
                0x0000000008050eac        0x4 build/display.o
 .rodata.carry_overflow.str1.4
                0x0000000008050eb0       0x10 build/display.o
 .rodata.annunciators.str1.4
                0x0000000008050ec0       0x74 build/display.o
 .rodata.display.str1.4
                0x0000000008050f34       0xa1 build/display.o
                                         0xa9 (size before relaxing)
 *fill*         0x0000000008050fd5        0x3 
 .rodata.str1.4
                0x0000000008050fd8        0xf build/display.o
 *fill*         0x0000000008050fe7        0x1 
 .rodata.CSWTCH.354
                0x0000000008050fe8       0x10 build/display.o
 .rodata.CSWTCH.379
                0x0000000008050ff8        0xc build/display.o
 .rodata.DIGITS
                0x0000000008051004       0x11 build/display.o
                0x0000000008051004                DIGITS
 *fill*         0x0000000008051015        0x3 
 .rodata.S7_ERROR
                0x0000000008051018        0x6 build/display.o
 *fill*         0x000000000805101e        0x2 
 .rodata.S7_INF
                0x0000000008051020        0x9 build/display.o
 *fill*         0x0000000008051029        0x3 
 .rodata.S7_NaN
                0x000000000805102c        0xd build/display.o
 *fill*         0x0000000008051039        0x3 
 .rodata.S7_STEP
                0x000000000805103c        0x6 build/display.o
 *fill*         0x0000000008051042        0x2 
 .rodata.S7_fract_EQ
                0x0000000008051044        0x4 build/display.o
 .rodata.S7_fract_GT
                0x0000000008051048        0x4 build/display.o
 .rodata.S7_fract_LT
                0x000000000805104c        0x4 build/display.o
 .rodata.S_SURE
                0x0000000008051050        0x6 build/display.o
 *fill*         0x0000000008051056        0x2 
 .rodata.SvnRevision
                0x0000000008051058        0x4 build/display.o
                0x0000000008051058                SvnRevision
 .rodata.digtbl
                0x000000000805105c       0x7a build/display.o
 *fill*         0x00000000080510d6        0x2 
 .rodata.error_table.9322
                0x00000000080510d8       0x6c build/display.o
 .rodata.libname
                0x0000000008051144       0x14 build/display.o
 .rodata.shift_chars.9427
                0x0000000008051158        0x4 build/display.o
 .rodata.small_dots.9625
                0x000000000805115c        0xd build/display.o
 *fill*         0x0000000008051169        0x3 
 .rodata.small_minus.9624
                0x000000000805116c        0x4 build/display.o
 .rodata.print_step.str1.4
                0x0000000008051170        0x5 build/xeq.o
 *fill*         0x0000000008051175        0x3 
 .rodata.display_help_file.str1.4
                0x0000000008051178       0x12 build/xeq.o
 *fill*         0x000000000805118a        0x2 
 .rodata.alpha_help.str1.4
                0x000000000805118c       0x10 build/xeq.o
                                         0x18 (size before relaxing)
 .rodata.fin_tst.str1.4
                0x000000000805119c        0xd build/xeq.o
 *fill*         0x00000000080511a9        0x3 
 .rodata.op_2frac.str1.4
                0x00000000080511ac       0x18 build/xeq.o
 .rodata.busy.str1.4
                0x00000000080511c4        0x8 build/xeq.o
 .rodata.xeq.str1.4
                0x00000000080511cc        0x8 build/xeq.o
 .rodata.StackRegMask
                0x00000000080511d4        0x4 build/xeq.o
 .rodata.convergence_tolerances
                0x00000000080511d8        0xc build/xeq.o
 .rodata.modes.11433
                0x00000000080511e4        0x7 build/xeq.o
 *fill*         0x00000000080511eb        0x1 
 .rodata.modes.11950
                0x00000000080511ec        0x4 build/xeq.o
 .rodata.xrom_targets
                0x00000000080511f0       0x34 build/xeq.o
                0x00000000080511f0                xrom_targets
 .rodata.prt_multi.str1.4
                0x0000000008051224        0x4 build/prt.o
 .rodata.prt_specials.part.0.str1.4
                0x0000000008051228       0x17 build/prt.o
                                         0x28 (size before relaxing)
 *fill*         0x000000000805123f        0x1 
 .rodata.prt_rargs.str1.4
                0x0000000008051240        0xc build/prt.o
                                         0x19 (size before relaxing)
 .rodata.prt_umen.str1.4
                0x000000000805124c        0xb build/prt.o
 *fill*         0x0000000008051257        0x1 
 .rodata.digits.8301
                0x0000000008051258       0x10 build/prt.o
 .rodata.degrees.9109
                0x0000000008051268       0x10 build/decn.o
 .rodata.gamma_consts
                0x0000000008051278       0x54 build/decn.o
                0x0000000008051278                gamma_consts
 .rodata.gradians.9110
                0x00000000080512cc       0x10 build/decn.o
 .rodata.get_sigmas.str1.4
                0x00000000080512dc       0x16 build/stats.o
 *fill*         0x00000000080512f2        0x2 
 .rodata.draw_BEG.part.0.str1.4
                0x00000000080512f4        0x4 build/lcd.o
 .rodata.draw_BATT.part.0.str1.4
                0x00000000080512f8        0x4 build/lcd.o
 .rodata.draw_BEG.str1.4
                0x00000000080512fc        0x4 build/lcd.o
 .rodata.draw_BATT.str1.4
                0x0000000008051300        0x4 build/lcd.o
 .rodata.draw_RPN.str1.4
                0x0000000008051304        0xc build/lcd.o
 .rodata.draw_RCL.str1.4
                0x0000000008051310        0x4 build/lcd.o
 .rodata.draw_LEQ.str1.4
                0x0000000008051310        0x5 build/lcd.o
                                          0xa (size before relaxing)
 *fill*         0x0000000008051315        0x3 
 .rodata.draw_dot.str1.4
                0x0000000008051318        0xc build/lcd.o
                                         0x14 (size before relaxing)
 .rodata.draw_PRT.str1.4
                0x0000000008051324        0x4 build/lcd.o
 .rodata.primes
                0x0000000008051328       0x10 build/int.o
 .rodata.date_alphaday.str1.4
                0x0000000008051338       0x16 build/date.o
 *fill*         0x000000000805134e        0x2 
 .rodata.date_alphatime.str1.4
                0x0000000008051350        0x8 build/date.o
                                          0x9 (size before relaxing)
 .rodata.mons.9116
                0x0000000008051358       0x24 build/date.o
 .rodata.str1.4
                0x000000000805137c      0x241 build/consts.o
                                        0x24d (size before relaxing)
 *fill*         0x00000000080515bd        0x3 
 .rodata.cnsts  0x00000000080515c0      0x4f8 build/consts.o
                0x00000000080515c0                cnsts
 .rodata.cnsts_conv
                0x0000000008051ab8      0x260 build/consts.o
                0x0000000008051ab8                cnsts_conv
 .rodata.cnsts_d128
                0x0000000008051d18      0x200 build/consts.o
                0x0000000008051d18                cnsts_d128
 .rodata.cnsts_d64
                0x0000000008051f18      0x260 build/consts.o
                0x0000000008051f18                cnsts_d64
 .rodata.character_remapping_order
                0x0000000008052178      0x100 build/charmap.o
 .rodata.str1.4
                0x0000000008052278      0x6e8 build/commands.o
                                        0x728 (size before relaxing)
 .rodata.argcmds
                0x0000000008052960      0x9f0 build/commands.o
                0x0000000008052960                argcmds
 .rodata.dyfuncs
                0x0000000008053350      0x498 build/commands.o
                0x0000000008053350                dyfuncs
 .rodata.monfuncs
                0x00000000080537e8      0xea0 build/commands.o
                0x00000000080537e8                monfuncs
 .rodata.multicmds
                0x0000000008054688       0xc0 build/commands.o
                0x0000000008054688                multicmds
 .rodata.niladics
                0x0000000008054748      0xdc0 build/commands.o
                0x0000000008054748                niladics
 .rodata.trifuncs
                0x0000000008055508       0xf0 build/commands.o
                0x0000000008055508                trifuncs
 .rodata.program_flash.str1.4
                0x00000000080555f8       0x33 build/storage.o
 *fill*         0x000000000805562b        0x1 
 .rodata.open_selected_file.str1.4
                0x000000000805562c       0x17 build/storage.o
 *fill*         0x0000000008055643        0x1 
 .rodata.init_mem.str1.4
                0x0000000008055644        0xe build/storage.o
 *fill*         0x0000000008055652        0x2 
 .rodata.reset.str1.4
                0x0000000008055654        0x7 build/storage.o
 *fill*         0x000000000805565b        0x1 
 .rodata.store_program_from_buffer.part.0.str1.4
                0x000000000805565c        0x9 build/storage.o
 *fill*         0x0000000008055665        0x3 
 .rodata.flash_backup.str1.4
                0x0000000008055668        0xe build/storage.o
 *fill*         0x0000000008055676        0x2 
 .rodata.flash_restore.str1.4
                0x0000000008055678        0x9 build/storage.o
 *fill*         0x0000000008055681        0x3 
 .rodata.save_lib_file.str1.4
                0x0000000008055684       0x26 build/storage.o
 *fill*         0x00000000080556aa        0x2 
 .rodata.load_lib_file.str1.4
                0x00000000080556ac       0x1f build/storage.o
 *fill*         0x00000000080556cb        0x1 
 .rodata.save_ram_file.str1.4
                0x00000000080556cc       0x26 build/storage.o
 *fill*         0x00000000080556f2        0x2 
 .rodata.load_ram_file.str1.4
                0x00000000080556f4        0xe build/storage.o
 *fill*         0x0000000008055702        0x2 
 .rodata.load_backup_file.str1.4
                0x0000000008055704       0x15 build/storage.o
 *fill*         0x0000000008055719        0x3 
 .rodata.save_prog_file.str1.4
                0x000000000805571c       0x36 build/storage.o
 *fill*         0x0000000008055752        0x2 
 .rodata.load_prog_file.str1.4
                0x0000000008055754       0x28 build/storage.o
 .rodata.bm_large.5521
                0x000000000805577c      0x2fa build/font.o
 *fill*         0x0000000008055a76        0x2 
 .rodata.bm_small.5522
                0x0000000008055a78      0x25e build/font.o
 *fill*         0x0000000008055cd6        0x2 
 .rodata.divs.5505
                0x0000000008055cd8        0x3 build/font.o
 *fill*         0x0000000008055cdb        0x1 
 .rodata.widths.5504
                0x0000000008055cdc       0xab build/font.o
 *fill*         0x0000000008055d87        0x1 
 .rodata.xrom   0x0000000008055d88     0x1a1c build/xrom.o
                0x0000000008055d88                xrom
 .rodata.xrom_size
                0x00000000080577a4        0x2 build/xrom.o
                0x00000000080577a4                xrom_size
 *fill*         0x00000000080577a6        0x2 
 .rodata.menu_line_str.str1.4
                0x00000000080577a8        0x8 build/console.o
 .rodata.disp_about.str1.4
                0x00000000080577b0      0x137 build/console.o
 *fill*         0x00000000080578e7        0x1 
 .rodata.do_multi.str1.4
                0x00000000080578e8       0x16 build/console.o
 *fill*         0x00000000080578fe        0x2 
 .rodata.str1.4
                0x0000000008057900       0x10 build/console.o
 .rodata.MID_MENU
                0x0000000008057910       0x10 build/console.o
                0x0000000008057910                MID_MENU
 .rodata.Menus  0x0000000008057920     0x1520 build/console.o
 .rodata.mapping_alpha.11198
                0x0000000008058e40      0x178 build/console.o
 .rodata.mapping_fshift.11196
                0x0000000008058fb8      0x178 build/console.o
 .rodata.mapping_gshift.11197
                0x0000000008059130      0x178 build/console.o
 .rodata.mapping_none.11195
                0x00000000080592a8      0x178 build/console.o
 .rodata.mapping_running.11199
                0x0000000008059420      0x178 build/console.o
 .rodata.mid_menu
                0x0000000008059598        0x4 build/console.o
                0x0000000008059598                mid_menu
 .rodata.stopwatch_callback.str1.4
                0x000000000805959c       0x16 build/stopwatch.o
 *fill*         0x00000000080595b2        0x2 
 .rodata.CSWTCH.61
                0x00000000080595b4       0x40 build/stopwatch.o
 .rodata.print_reg_cmplx.part.0.str1.4
                0x00000000080595f4       0x18 build/printer.o
                                         0x1c (size before relaxing)
 .rodata.print_registers_cmplx.str1.4
                0x000000000805960c        0xd build/printer.o
                                         0x11 (size before relaxing)
 *fill*         0x0000000008059619        0x3 
 .rodata.print_registers.str1.4
                0x000000000805961c        0x2 build/printer.o
                                         0x15 (size before relaxing)
 *fill*         0x000000000805961e        0x2 
 .rodata.print_trace.str1.4
                0x0000000008059620        0xc build/printer.o
                                         0x10 (size before relaxing)
 .rodata.ops.9100
                0x000000000805962c        0xe build/printer.o
 *fill*         0x000000000805963a        0x2 
 .rodata.const_400
                0x000000000805963c        0xc build/libconsts.a(const_400.o)
                0x000000000805963c                const_400
 .rodata.const_45
                0x0000000008059648        0xc build/libconsts.a(const_45.o)
                0x0000000008059648                const_45
 .rodata.const_0_4
                0x0000000008059654        0xc build/libconsts.a(const_0_4.o)
                0x0000000008059654                const_0_4
 .rodata.const_20
                0x0000000008059660        0xc build/libconsts.a(const_20.o)
                0x0000000008059660                const_20
 .rodata.const_PI
                0x000000000805966c       0x24 build/libconsts.a(const_PI.o)
                0x000000000805966c                const_PI
 .rodata.const_36000
                0x0000000008059690        0xc build/libconsts.a(const_36000.o)
                0x0000000008059690                const_36000
 .rodata.const_2pow64
                0x000000000805969c       0x18 build/libconsts.a(const_2pow64.o)
                0x000000000805969c                const_2pow64
 .rodata.const_hms_threshold
                0x00000000080596b4       0x24 build/libconsts.a(const_hms_threshold.o)
                0x00000000080596b4                const_hms_threshold
 .rodata.const_gammaC19
                0x00000000080596d8       0x24 build/libconsts.a(const_gammaC19.o)
                0x00000000080596d8                const_gammaC19
 .rodata.const_gammaR
                0x00000000080596fc       0x10 build/libconsts.a(const_gammaR.o)
                0x00000000080596fc                const_gammaR
 .rodata.const_1e_32
                0x000000000805970c        0xc build/libconsts.a(const_1e_32.o)
                0x000000000805970c                const_1e_32
 .rodata.const_gammaC16
                0x0000000008059718       0x24 build/libconsts.a(const_gammaC16.o)
                0x0000000008059718                const_gammaC16
 .rodata.const_gammaC14
                0x000000000805973c       0x24 build/libconsts.a(const_gammaC14.o)
                0x000000000805973c                const_gammaC14
 .rodata.const_32
                0x0000000008059760        0xc build/libconsts.a(const_32.o)
                0x0000000008059760                const_32
 .rodata.const_egamma
                0x000000000805976c       0x24 build/libconsts.a(const_egamma.o)
                0x000000000805976c                const_egamma
 .rodata.const_PIon2
                0x0000000008059790       0x24 build/libconsts.a(const_PIon2.o)
                0x0000000008059790                const_PIon2
 .rodata.const_gammaC03
                0x00000000080597b4       0x24 build/libconsts.a(const_gammaC03.o)
                0x00000000080597b4                const_gammaC03
 .rodata.const_0_5
                0x00000000080597d8        0xc build/libconsts.a(const_0_5.o)
                0x00000000080597d8                const_0_5
 .rodata.const_9000
                0x00000000080597e4        0xc build/libconsts.a(const_9000.o)
                0x00000000080597e4                const_9000
 .rodata.const_90
                0x00000000080597f0        0xc build/libconsts.a(const_90.o)
                0x00000000080597f0                const_90
 .rodata.const_ln2
                0x00000000080597fc       0x24 build/libconsts.a(const_ln2.o)
                0x00000000080597fc                const_ln2
 .rodata.const_gammaC02
                0x0000000008059820       0x24 build/libconsts.a(const_gammaC02.o)
                0x0000000008059820                const_gammaC02
 .rodata.const_gammaC11
                0x0000000008059844       0x24 build/libconsts.a(const_gammaC11.o)
                0x0000000008059844                const_gammaC11
 .rodata.const_gammaC20
                0x0000000008059868       0x24 build/libconsts.a(const_gammaC20.o)
                0x0000000008059868                const_gammaC20
 .rodata.const_2PI
                0x000000000805988c      0x138 build/libconsts.a(const_2PI.o)
                0x000000000805988c                const_2PI
 .rodata.const_PIon200
                0x00000000080599c4       0x24 build/libconsts.a(const_PIon200.o)
                0x00000000080599c4                const_PIon200
 .rodata.const_256
                0x00000000080599e8        0xc build/libconsts.a(const_256.o)
                0x00000000080599e8                const_256
 .rodata.const_PIon180
                0x00000000080599f4       0x24 build/libconsts.a(const_PIon180.o)
                0x00000000080599f4                const_PIon180
 .rodata.const_1on60
                0x0000000008059a18       0x24 build/libconsts.a(const_1on60.o)
                0x0000000008059a18                const_1on60
 .rodata.const_1e_24
                0x0000000008059a3c        0xc build/libconsts.a(const_1e_24.o)
                0x0000000008059a3c                const_1e_24
 .rodata.const_0_0001
                0x0000000008059a48        0xc build/libconsts.a(const_0_0001.o)
                0x0000000008059a48                const_0_0001
 .rodata.const_gammaC21
                0x0000000008059a54       0x24 build/libconsts.a(const_gammaC21.o)
                0x0000000008059a54                const_gammaC21
 .rodata.const_gammaC17
                0x0000000008059a78       0x24 build/libconsts.a(const_gammaC17.o)
                0x0000000008059a78                const_gammaC17
 .rodata.const_0_1
                0x0000000008059a9c        0xc build/libconsts.a(const_0_1.o)
                0x0000000008059a9c                const_0_1
 .rodata.const_NaN
                0x0000000008059aa8        0xc build/libconsts.a(const_NaN.o)
                0x0000000008059aa8                const_NaN
 .rodata.const_gammaC05
                0x0000000008059ab4       0x24 build/libconsts.a(const_gammaC05.o)
                0x0000000008059ab4                const_gammaC05
 .rodata.const__0
                0x0000000008059ad8        0xc build/libconsts.a(const__0.o)
                0x0000000008059ad8                const__0
 .rodata.const_gammaC00
                0x0000000008059ae4       0x24 build/libconsts.a(const_gammaC00.o)
                0x0000000008059ae4                const_gammaC00
 .rodata.const_50
                0x0000000008059b08        0xc build/libconsts.a(const_50.o)
                0x0000000008059b08                const_50
 .rodata.const_randfac
                0x0000000008059b14       0x1c build/libconsts.a(const_randfac.o)
                0x0000000008059b14                const_randfac
 .rodata.const__inf
                0x0000000008059b30        0xc build/libconsts.a(const__inf.o)
                0x0000000008059b30                const__inf
 .rodata.const_10
                0x0000000008059b3c        0xc build/libconsts.a(const_10.o)
                0x0000000008059b3c                const_10
 .rodata.const_gammaC18
                0x0000000008059b48       0x24 build/libconsts.a(const_gammaC18.o)
                0x0000000008059b48                const_gammaC18
 .rodata.const_60
                0x0000000008059b6c        0xc build/libconsts.a(const_60.o)
                0x0000000008059b6c                const_60
 .rodata.const_ln10
                0x0000000008059b78       0x24 build/libconsts.a(const_ln10.o)
                0x0000000008059b78                const_ln10
 .rodata.const_1e_14
                0x0000000008059b9c        0xc build/libconsts.a(const_1e_14.o)
                0x0000000008059b9c                const_1e_14
 .rodata.const_gammaC08
                0x0000000008059ba8       0x24 build/libconsts.a(const_gammaC08.o)
                0x0000000008059ba8                const_gammaC08
 .rodata.const_2
                0x0000000008059bcc        0xc build/libconsts.a(const_2.o)
                0x0000000008059bcc                const_2
 .rodata.const_gammaC09
                0x0000000008059bd8       0x24 build/libconsts.a(const_gammaC09.o)
                0x0000000008059bd8                const_gammaC09
 .rodata.const_21
                0x0000000008059bfc        0xc build/libconsts.a(const_21.o)
                0x0000000008059bfc                const_21
 .rodata.const_0
                0x0000000008059c08        0xc build/libconsts.a(const_0.o)
                0x0000000008059c08                const_0
 .rodata.const_gammaC07
                0x0000000008059c14       0x24 build/libconsts.a(const_gammaC07.o)
                0x0000000008059c14                const_gammaC07
 .rodata.const_0_05
                0x0000000008059c38        0xc build/libconsts.a(const_0_05.o)
                0x0000000008059c38                const_0_05
 .rodata.const_0_9
                0x0000000008059c44        0xc build/libconsts.a(const_0_9.o)
                0x0000000008059c44                const_0_9
 .rodata.const_0_995
                0x0000000008059c50        0xc build/libconsts.a(const_0_995.o)
                0x0000000008059c50                const_0_995
 .rodata.const_gammaC12
                0x0000000008059c5c       0x24 build/libconsts.a(const_gammaC12.o)
                0x0000000008059c5c                const_gammaC12
 .rodata.const_3
                0x0000000008059c80        0xc build/libconsts.a(const_3.o)
                0x0000000008059c80                const_3
 .rodata.const_180
                0x0000000008059c8c        0xc build/libconsts.a(const_180.o)
                0x0000000008059c8c                const_180
 .rodata.const_100000
                0x0000000008059c98        0xc build/libconsts.a(const_100000.o)
                0x0000000008059c98                const_100000
 .rodata.const_root2on2
                0x0000000008059ca4       0x24 build/libconsts.a(const_root2on2.o)
                0x0000000008059ca4                const_root2on2
 .rodata.const_gammaC04
                0x0000000008059cc8       0x24 build/libconsts.a(const_gammaC04.o)
                0x0000000008059cc8                const_gammaC04
 .rodata.const_100
                0x0000000008059cec        0xc build/libconsts.a(const_100.o)
                0x0000000008059cec                const_100
 .rodata.const_9on5
                0x0000000008059cf8        0xc build/libconsts.a(const_9on5.o)
                0x0000000008059cf8                const_9on5
 .rodata.const__1
                0x0000000008059d04        0xc build/libconsts.a(const__1.o)
                0x0000000008059d04                const__1
 .rodata.const_360
                0x0000000008059d10        0xc build/libconsts.a(const_360.o)
                0x0000000008059d10                const_360
 .rodata.const_0_6
                0x0000000008059d1c        0xc build/libconsts.a(const_0_6.o)
                0x0000000008059d1c                const_0_6
 .rodata.const_1e_37
                0x0000000008059d28        0xc build/libconsts.a(const_1e_37.o)
                0x0000000008059d28                const_1e_37
 .rodata.const_gammaC10
                0x0000000008059d34       0x24 build/libconsts.a(const_gammaC10.o)
                0x0000000008059d34                const_gammaC10
 .rodata.const_1
                0x0000000008059d58        0xc build/libconsts.a(const_1.o)
                0x0000000008059d58                const_1
 .rodata.const_inf
                0x0000000008059d64        0xc build/libconsts.a(const_inf.o)
                0x0000000008059d64                const_inf
 .rodata.const_gammaC01
                0x0000000008059d70       0x24 build/libconsts.a(const_gammaC01.o)
                0x0000000008059d70                const_gammaC01
 .rodata.const_200
                0x0000000008059d94        0xc build/libconsts.a(const_200.o)
                0x0000000008059d94                const_200
 .rodata.const_1e_10000
                0x0000000008059da0        0xc build/libconsts.a(const_1e_10000.o)
                0x0000000008059da0                const_1e_10000
 .rodata.const_gammaC06
                0x0000000008059dac       0x24 build/libconsts.a(const_gammaC06.o)
                0x0000000008059dac                const_gammaC06
 .rodata.const_5
                0x0000000008059dd0        0xc build/libconsts.a(const_5.o)
                0x0000000008059dd0                const_5
 .rodata.const_0_75
                0x0000000008059ddc        0xc build/libconsts.a(const_0_75.o)
                0x0000000008059ddc                const_0_75
 .rodata.const_gammaC15
                0x0000000008059de8       0x24 build/libconsts.a(const_gammaC15.o)
                0x0000000008059de8                const_gammaC15
 .rodata.const_gammaC13
                0x0000000008059e0c       0x24 build/libconsts.a(const_gammaC13.o)
                0x0000000008059e0c                const_gammaC13
 .rodata.decNumberToString.str1.4
                0x0000000008059e30        0x9 build/libdecNumber.a(decNumber.o)
                                         0x10 (size before relaxing)
 *fill*         0x0000000008059e39        0x3 
 .rodata.decNumberFromString.str1.4
                0x0000000008059e3c       0x1c build/libdecNumber.a(decNumber.o)
                                         0x20 (size before relaxing)
 .rodata.multies
                0x0000000008059e58       0x14 build/libdecNumber.a(decNumber.o)
 .rodata.powers
                0x0000000008059e6c       0x28 build/libdecNumber.a(decNumber.o)
                0x0000000008059e6c                powers
 .rodata.resmap
                0x0000000008059e94        0xa build/libdecNumber.a(decNumber.o)
 *fill*         0x0000000008059e9e        0x2 
 .rodata.uarrone
                0x0000000008059ea0        0x2 build/libdecNumber.a(decNumber.o)
 *fill*         0x0000000008059ea2        0x2 
 .rodata.COMBEXP
                0x0000000008059ea4       0x80 build/libdecNumber.a(decimal64.o)
                0x0000000008059ea4                COMBEXP
 .rodata.COMBMSD
                0x0000000008059f24       0x80 build/libdecNumber.a(decimal64.o)
                0x0000000008059f24                COMBMSD
 .rodata.multies
                0x0000000008059fa4       0x14 build/libdecNumber.a(decimal64.o)
 .rodata.str1.4
                0x0000000008059fb8        0x6 /usr/lib/gcc/arm-none-eabi/9.2.1/../../../arm-none-eabi/lib/thumb/v7e-m+fp/hard/libc.a(lib_a-perror.o)
 *fill*         0x0000000008059fbe        0x2 
 .rodata.str1.4
                0x0000000008059fc0      0x700 /usr/lib/gcc/arm-none-eabi/9.2.1/../../../arm-none-eabi/lib/thumb/v7e-m+fp/hard/libc.a(lib_a-strerror.o)
                                        0x701 (size before relaxing)
 .rodata.str1.4
                0x000000000805a6c0       0x33 /usr/lib/gcc/arm-none-eabi/9.2.1/../../../arm-none-eabi/lib/thumb/v7e-m+fp/hard/libc.a(lib_a-svfprintf.o)
                                         0x42 (size before relaxing)
 *fill*         0x000000000805a6f3        0x1 
 .rodata.str1.4
                0x000000000805a6f4       0x46 /usr/lib/gcc/arm-none-eabi/9.2.1/../../../arm-none-eabi/lib/thumb/v7e-m+fp/hard/libc.a(lib_a-dtoa.o)
                                         0x5a (size before relaxing)
 *fill*         0x000000000805a73a        0x2 
 .rodata.str1.4
                0x000000000805a73c       0x33 /usr/lib/gcc/arm-none-eabi/9.2.1/../../../arm-none-eabi/lib/thumb/v7e-m+fp/hard/libc.a(lib_a-mprec.o)
                                         0x47 (size before relaxing)
 .rodata.str1.4
                0x000000000805a76f       0x2f /usr/lib/gcc/arm-none-eabi/9.2.1/../../../arm-none-eabi/lib/thumb/v7e-m+fp/hard/libc.a(lib_a-svfiprintf.o)
 *fill*         0x000000000805a76f        0x1 
 .rodata.str1.4
                0x000000000805a770       0x3f /usr/lib/gcc/arm-none-eabi/9.2.1/../../../arm-none-eabi/lib/thumb/v7e-m+fp/hard/libc.a(lib_a-assert.o)
                                         0x43 (size before relaxing)
 *fill*         0x000000000805a7af        0x1 
 .rodata.str1.4
                0x000000000805a7b0        0x6 /usr/lib/gcc/arm-none-eabi/9.2.1/../../../arm-none-eabi/lib/thumb/v7e-m+fp/hard/libc.a(lib_a-locale.o)
                                         0x12 (size before relaxing)
 .rodata.str1.4
                0x000000000805a7b6       0x2f /usr/lib/gcc/arm-none-eabi/9.2.1/../../../arm-none-eabi/lib/thumb/v7e-m+fp/hard/libc.a(lib_a-vfiprintf.o)
                0x000000000805a7e8                . = ALIGN (0x8)
 *fill*         0x000000000805a7b6        0x2 
                0x0000000090000000                _qspi_init_base = LOADADDR (.qspi)
                0x0000000000000000                _qspi_init_length = SIZEOF (.qspi)

.text           0x000000000805a7c0    0x26bd0
                0x000000000805a7c0                . = ALIGN (0x8)
 *(.text)
 .text          0x000000000805a7c0       0x88 /usr/lib/gcc/arm-none-eabi/9.2.1/thumb/v7e-m+fp/hard/crtbegin.o
 .text          0x000000000805a848       0x30 /usr/lib/gcc/arm-none-eabi/9.2.1/thumb/v7e-m+fp/hard/libgcc.a(_aeabi_uldivmod.o)
                0x000000000805a848                __aeabi_uldivmod
 .text          0x000000000805a878      0x2c4 /usr/lib/gcc/arm-none-eabi/9.2.1/thumb/v7e-m+fp/hard/libgcc.a(_udivmoddi4.o)
                0x000000000805a878                __udivmoddi4
 .text          0x000000000805ab3c        0x4 /usr/lib/gcc/arm-none-eabi/9.2.1/thumb/v7e-m+fp/hard/libgcc.a(_dvmd_tls.o)
                0x000000000805ab3c                __aeabi_ldiv0
                0x000000000805ab3c                __aeabi_idiv0
 .text          0x000000000805ab40        0xc /usr/lib/gcc/arm-none-eabi/9.2.1/../../../arm-none-eabi/lib/thumb/v7e-m+fp/hard/libc.a(lib_a-atexit.o)
                0x000000000805ab40                atexit
 .text          0x000000000805ab4c        0xc /usr/lib/gcc/arm-none-eabi/9.2.1/../../../arm-none-eabi/lib/thumb/v7e-m+fp/hard/libc.a(lib_a-errno.o)
                0x000000000805ab4c                __errno
 .text          0x000000000805ab58       0x34 /usr/lib/gcc/arm-none-eabi/9.2.1/../../../arm-none-eabi/lib/thumb/v7e-m+fp/hard/libc.a(lib_a-fini.o)
                0x000000000805ab58                __libc_fini_array
 .text          0x000000000805ab8c       0x48 /usr/lib/gcc/arm-none-eabi/9.2.1/../../../arm-none-eabi/lib/thumb/v7e-m+fp/hard/libc.a(lib_a-init.o)
                0x000000000805ab8c                __libc_init_array
 .text          0x000000000805abd4      0x134 /usr/lib/gcc/arm-none-eabi/9.2.1/../../../arm-none-eabi/lib/thumb/v7e-m+fp/hard/libc.a(lib_a-memcpy.o)
                0x000000000805abd4                memcpy
 .text          0x000000000805ad08       0xa0 /usr/lib/gcc/arm-none-eabi/9.2.1/../../../arm-none-eabi/lib/thumb/v7e-m+fp/hard/libc.a(lib_a-memset.o)
                0x000000000805ad08                memset
 .text          0x000000000805ada8      0x100 /usr/lib/gcc/arm-none-eabi/9.2.1/../../../arm-none-eabi/lib/thumb/v7e-m+fp/hard/libc.a(lib_a-perror.o)
                0x000000000805ada8                _perror_r
                0x000000000805ae98                perror
 .text          0x000000000805aea8       0x80 /usr/lib/gcc/arm-none-eabi/9.2.1/../../../arm-none-eabi/lib/thumb/v7e-m+fp/hard/libc.a(lib_a-sprintf.o)
                0x000000000805aea8                _sprintf_r
                0x000000000805aee4                sprintf
 .text          0x000000000805af28       0x40 /usr/lib/gcc/arm-none-eabi/9.2.1/../../../arm-none-eabi/lib/thumb/v7e-m+fp/hard/libc.a(lib_a-strcat.o)
                0x000000000805af28                strcat
 .text          0x000000000805af68       0xbc /usr/lib/gcc/arm-none-eabi/9.2.1/../../../arm-none-eabi/lib/thumb/v7e-m+fp/hard/libc.a(lib_a-strcpy.o)
                0x000000000805af68                strcpy
 .text          0x000000000805b024      0x3fc /usr/lib/gcc/arm-none-eabi/9.2.1/../../../arm-none-eabi/lib/thumb/v7e-m+fp/hard/libc.a(lib_a-strerror.o)
                0x000000000805b024                _strerror_r
                0x000000000805b3f0                strerror
                0x000000000805b408                strerror_l
 *fill*         0x000000000805b420       0x20 
 .text          0x000000000805b440       0xdc /usr/lib/gcc/arm-none-eabi/9.2.1/../../../arm-none-eabi/lib/thumb/v7e-m+fp/hard/libc.a(lib_a-strlen.o)
                0x000000000805b440                strlen
 .text          0x000000000805b51c       0x74 /usr/lib/gcc/arm-none-eabi/9.2.1/../../../arm-none-eabi/lib/thumb/v7e-m+fp/hard/libc.a(lib_a-strncpy.o)
                0x000000000805b51c                strncpy
 .text          0x000000000805b590     0x1498 /usr/lib/gcc/arm-none-eabi/9.2.1/../../../arm-none-eabi/lib/thumb/v7e-m+fp/hard/libc.a(lib_a-svfprintf.o)
                0x000000000805b590                _svfprintf_r
 .text          0x000000000805ca28        0x4 /usr/lib/gcc/arm-none-eabi/9.2.1/../../../arm-none-eabi/lib/thumb/v7e-m+fp/hard/libc.a(lib_a-u_strerr.o)
                0x000000000805ca28                _user_strerror
 .text          0x000000000805ca2c       0x2c /usr/lib/gcc/arm-none-eabi/9.2.1/../../../arm-none-eabi/lib/thumb/v7e-m+fp/hard/libc.a(lib_a-writer.o)
                0x000000000805ca2c                _write_r
 .text          0x000000000805ca58       0x68 /usr/lib/gcc/arm-none-eabi/9.2.1/../../../arm-none-eabi/lib/thumb/v7e-m+fp/hard/libc.a(lib_a-__atexit.o)
                0x000000000805ca58                __register_exitproc
 .text          0x000000000805cac0      0xfc0 /usr/lib/gcc/arm-none-eabi/9.2.1/../../../arm-none-eabi/lib/thumb/v7e-m+fp/hard/libc.a(lib_a-dtoa.o)
                0x000000000805cbe4                _dtoa_r
 .text          0x000000000805da80      0x1a4 /usr/lib/gcc/arm-none-eabi/9.2.1/../../../arm-none-eabi/lib/thumb/v7e-m+fp/hard/libc.a(lib_a-fflush.o)
                0x000000000805da80                __sflush_r
                0x000000000805dbcc                _fflush_r
                0x000000000805dc00                fflush
 .text          0x000000000805dc24       0x34 /usr/lib/gcc/arm-none-eabi/9.2.1/../../../arm-none-eabi/lib/thumb/v7e-m+fp/hard/libc.a(lib_a-fileno.o)
                0x000000000805dc24                fileno
 .text          0x000000000805dc58      0x1f4 /usr/lib/gcc/arm-none-eabi/9.2.1/../../../arm-none-eabi/lib/thumb/v7e-m+fp/hard/libc.a(lib_a-findfp.o)
                0x000000000805dc5c                _cleanup_r
                0x000000000805dd40                __sfmoreglue
                0x000000000805dd70                __sfp
                0x000000000805ddf8                _cleanup
                0x000000000805de0c                __sinit
                0x000000000805de14                __sfp_lock_acquire
                0x000000000805de18                __sfp_lock_release
                0x000000000805de1c                __sinit_lock_acquire
                0x000000000805de20                __sinit_lock_release
                0x000000000805de24                __fp_lock_all
                0x000000000805de38                __fp_unlock_all
 .text          0x000000000805de4c       0xa0 /usr/lib/gcc/arm-none-eabi/9.2.1/../../../arm-none-eabi/lib/thumb/v7e-m+fp/hard/libc.a(lib_a-fwalk.o)
                0x000000000805de4c                _fwalk
                0x000000000805de98                _fwalk_reent
 .text          0x000000000805deec       0x14 /usr/lib/gcc/arm-none-eabi/9.2.1/../../../arm-none-eabi/lib/thumb/v7e-m+fp/hard/libc.a(lib_a-localeconv.o)
                0x000000000805deec                __localeconv_l
                0x000000000805def0                _localeconv_r
                0x000000000805def8                localeconv
 .text          0x000000000805df00       0xa0 /usr/lib/gcc/arm-none-eabi/9.2.1/../../../arm-none-eabi/lib/thumb/v7e-m+fp/hard/libc.a(lib_a-memchr.o)
                0x000000000805df00                memchr
 .text          0x000000000805dfa0      0x9a8 /usr/lib/gcc/arm-none-eabi/9.2.1/../../../arm-none-eabi/lib/thumb/v7e-m+fp/hard/libc.a(lib_a-mprec.o)
                0x000000000805dfa0                _Balloc
                0x000000000805dfec                _Bfree
                0x000000000805e000                __multadd
                0x000000000805e0a4                __s2b
                0x000000000805e150                __hi0bits
                0x000000000805e190                __lo0bits
                0x000000000805e1f0                __i2b
                0x000000000805e21c                __multiply
                0x000000000805e368                __pow5mult
                0x000000000805e400                __lshift
                0x000000000805e4cc                __mcmp
                0x000000000805e504                __mdiff
                0x000000000805e62c                __ulp
                0x000000000805e67c                __b2d
                0x000000000805e734                __d2b
                0x000000000805e808                __ratio
                0x000000000805e868                _mprec_log10
                0x000000000805e8a8                __copybits
                0x000000000805e8f0                __any_on
 .text          0x000000000805e948       0x90 /usr/lib/gcc/arm-none-eabi/9.2.1/../../../arm-none-eabi/lib/thumb/v7e-m+fp/hard/libc.a(lib_a-stdio.o)
                0x000000000805e948                __sread
                0x000000000805e96c                __seofread
                0x000000000805e970                __swrite
                0x000000000805e9b0                __sseek
                0x000000000805e9d0                __sclose
 .text          0x000000000805e9d8      0xb64 /usr/lib/gcc/arm-none-eabi/9.2.1/../../../arm-none-eabi/lib/thumb/v7e-m+fp/hard/libc.a(lib_a-svfiprintf.o)
                0x000000000805e9d8                __ssprint_r
                0x000000000805ead0                _svfiprintf_r
 .text          0x000000000805f53c       0x48 /usr/lib/gcc/arm-none-eabi/9.2.1/../../../arm-none-eabi/lib/thumb/v7e-m+fp/hard/libc.a(lib_a-assert.o)
                0x000000000805f53c                __assert_func
                0x000000000805f578                __assert
 .text          0x000000000805f584       0x24 /usr/lib/gcc/arm-none-eabi/9.2.1/../../../arm-none-eabi/lib/thumb/v7e-m+fp/hard/libc.a(lib_a-closer.o)
                0x000000000805f584                _close_r
 .text          0x000000000805f5a8       0x98 /usr/lib/gcc/arm-none-eabi/9.2.1/../../../arm-none-eabi/lib/thumb/v7e-m+fp/hard/libc.a(lib_a-fclose.o)
                0x000000000805f5a8                _fclose_r
                0x000000000805f630                fclose
 .text          0x000000000805f640       0x44 /usr/lib/gcc/arm-none-eabi/9.2.1/../../../arm-none-eabi/lib/thumb/v7e-m+fp/hard/libc.a(lib_a-fiprintf.o)
                0x000000000805f640                _fiprintf_r
                0x000000000805f65c                fiprintf
 .text          0x000000000805f684       0x5c /usr/lib/gcc/arm-none-eabi/9.2.1/../../../arm-none-eabi/lib/thumb/v7e-m+fp/hard/libc.a(lib_a-locale.o)
                0x000000000805f684                _setlocale_r
                0x000000000805f6c4                __locale_mb_cur_max
                0x000000000805f6d0                setlocale
 .text          0x000000000805f6e0       0x2c /usr/lib/gcc/arm-none-eabi/9.2.1/../../../arm-none-eabi/lib/thumb/v7e-m+fp/hard/libc.a(lib_a-lseekr.o)
                0x000000000805f6e0                _lseek_r
 .text          0x000000000805f70c       0x40 /usr/lib/gcc/arm-none-eabi/9.2.1/../../../arm-none-eabi/lib/thumb/v7e-m+fp/hard/libc.a(lib_a-mbtowc_r.o)
                0x000000000805f70c                _mbtowc_r
                0x000000000805f720                __ascii_mbtowc
 .text          0x000000000805f74c       0xd0 /usr/lib/gcc/arm-none-eabi/9.2.1/../../../arm-none-eabi/lib/thumb/v7e-m+fp/hard/libc.a(lib_a-memmove.o)
                0x000000000805f74c                memmove
 .text          0x000000000805f81c       0x2c /usr/lib/gcc/arm-none-eabi/9.2.1/../../../arm-none-eabi/lib/thumb/v7e-m+fp/hard/libc.a(lib_a-readr.o)
                0x000000000805f81c                _read_r
 *fill*         0x000000000805f848       0x18 
 .text          0x000000000805f860      0x2dc /usr/lib/gcc/arm-none-eabi/9.2.1/../../../arm-none-eabi/lib/thumb/v7e-m+fp/hard/libc.a(lib_a-strcmp.o)
                0x000000000805f868                strcmp
 .text          0x000000000805fb3c      0xd00 /usr/lib/gcc/arm-none-eabi/9.2.1/../../../arm-none-eabi/lib/thumb/v7e-m+fp/hard/libc.a(lib_a-vfiprintf.o)
                0x000000000805fbb4                __sprint_r
                0x000000000805fbc8                _vfiprintf_r
                0x00000000080607b8                vfiprintf
 .text          0x000000000806083c       0x30 /usr/lib/gcc/arm-none-eabi/9.2.1/../../../arm-none-eabi/lib/thumb/v7e-m+fp/hard/libc.a(lib_a-wctomb_r.o)
                0x000000000806083c                _wctomb_r
                0x0000000008060850                __ascii_wctomb
 .text          0x000000000806086c       0xd0 /usr/lib/gcc/arm-none-eabi/9.2.1/../../../arm-none-eabi/lib/thumb/v7e-m+fp/hard/libc.a(lib_a-wsetup.o)
                0x000000000806086c                __swsetup_r
 .text          0x000000000806093c       0x10 /usr/lib/gcc/arm-none-eabi/9.2.1/../../../arm-none-eabi/lib/thumb/v7e-m+fp/hard/libc.a(lib_a-abort.o)
                0x000000000806093c                abort
 .text          0x000000000806094c      0x110 /usr/lib/gcc/arm-none-eabi/9.2.1/../../../arm-none-eabi/lib/thumb/v7e-m+fp/hard/libc.a(lib_a-fputwc.o)
                0x000000000806094c                __fputwc
                0x00000000080609f4                _fputwc_r
                0x0000000008060a1c                fputwc
 .text          0x0000000008060a5c      0x308 /usr/lib/gcc/arm-none-eabi/9.2.1/../../../arm-none-eabi/lib/thumb/v7e-m+fp/hard/libc.a(lib_a-fvwrite.o)
                0x0000000008060a5c                __sfvwrite_r
 .text          0x0000000008060d64       0xf0 /usr/lib/gcc/arm-none-eabi/9.2.1/../../../arm-none-eabi/lib/thumb/v7e-m+fp/hard/libc.a(lib_a-makebuf.o)
                0x0000000008060d64                __swhatbuf_r
                0x0000000008060dc0                __smakebuf_r
 .text          0x0000000008060e54      0x15c /usr/lib/gcc/arm-none-eabi/9.2.1/../../../arm-none-eabi/lib/thumb/v7e-m+fp/hard/libc.a(lib_a-signal.o)
                0x0000000008060e7c                _init_signal_r
                0x0000000008060e88                _signal_r
                0x0000000008060ec0                _raise_r
                0x0000000008060f18                __sigtramp_r
                0x0000000008060f6c                raise
                0x0000000008060f7c                signal
                0x0000000008060f8c                _init_signal
                0x0000000008060fa0                __sigtramp
 .text          0x0000000008060fb0       0x2c /usr/lib/gcc/arm-none-eabi/9.2.1/../../../arm-none-eabi/lib/thumb/v7e-m+fp/hard/libc.a(lib_a-signalr.o)
                0x0000000008060fb0                _kill_r
                0x0000000008060fd8                _getpid_r
 .text          0x0000000008060fdc       0xc0 /usr/lib/gcc/arm-none-eabi/9.2.1/../../../arm-none-eabi/lib/thumb/v7e-m+fp/hard/libc.a(lib_a-wbuf.o)
                0x0000000008060fdc                __swbuf_r
                0x000000000806108c                __swbuf
 .text          0x000000000806109c       0x7c /usr/lib/gcc/arm-none-eabi/9.2.1/../../../arm-none-eabi/lib/thumb/v7e-m+fp/hard/libc.a(lib_a-wcrtomb.o)
                0x000000000806109c                _wcrtomb_r
                0x00000000080610d0                wcrtomb
 .text          0x0000000008061118       0x28 /usr/lib/gcc/arm-none-eabi/9.2.1/../../../arm-none-eabi/lib/thumb/v7e-m+fp/hard/libc.a(lib_a-fstatr.o)
                0x0000000008061118                _fstat_r
 .text          0x0000000008061140       0x24 /usr/lib/gcc/arm-none-eabi/9.2.1/../../../arm-none-eabi/lib/thumb/v7e-m+fp/hard/libc.a(lib_a-isattyr.o)
                0x0000000008061140                _isatty_r
 .text          0x0000000008061164      0x378 /usr/lib/gcc/arm-none-eabi/9.2.1/thumb/v7e-m+fp/hard/libgcc.a(_arm_addsubdf3.o)
                0x0000000008061164                __aeabi_drsub
                0x000000000806116c                __aeabi_dsub
                0x000000000806116c                __subdf3
                0x0000000008061170                __adddf3
                0x0000000008061170                __aeabi_dadd
                0x00000000080613e8                __aeabi_ui2d
                0x00000000080613e8                __floatunsidf
                0x0000000008061408                __floatsidf
                0x0000000008061408                __aeabi_i2d
                0x000000000806142c                __extendsfdf2
                0x000000000806142c                __aeabi_f2d
                0x0000000008061470                __aeabi_ul2d
                0x0000000008061470                __floatundidf
                0x0000000008061480                __floatdidf
                0x0000000008061480                __aeabi_l2d
 .text          0x00000000080614dc      0x424 /usr/lib/gcc/arm-none-eabi/9.2.1/thumb/v7e-m+fp/hard/libgcc.a(_arm_muldivdf3.o)
                0x00000000080614dc                __aeabi_dmul
                0x00000000080614dc                __muldf3
                0x0000000008061730                __aeabi_ddiv
                0x0000000008061730                __divdf3
 .text          0x0000000008061900      0x110 /usr/lib/gcc/arm-none-eabi/9.2.1/thumb/v7e-m+fp/hard/libgcc.a(_arm_cmpdf2.o)
                0x0000000008061900                __gtdf2
                0x0000000008061900                __gedf2
                0x0000000008061908                __ltdf2
                0x0000000008061908                __ledf2
                0x0000000008061910                __cmpdf2
                0x0000000008061910                __eqdf2
                0x0000000008061910                __nedf2
                0x000000000806198c                __aeabi_cdrcmple
                0x000000000806199c                __aeabi_cdcmple
                0x000000000806199c                __aeabi_cdcmpeq
                0x00000000080619ac                __aeabi_dcmpeq
                0x00000000080619c0                __aeabi_dcmplt
                0x00000000080619d4                __aeabi_dcmple
                0x00000000080619e8                __aeabi_dcmpge
                0x00000000080619fc                __aeabi_dcmpgt
 .text          0x0000000008061a10       0x2c /usr/lib/gcc/arm-none-eabi/9.2.1/thumb/v7e-m+fp/hard/libgcc.a(_arm_unorddf2.o)
                0x0000000008061a10                __aeabi_dcmpun
                0x0000000008061a10                __unorddf2
 .text          0x0000000008061a3c       0x50 /usr/lib/gcc/arm-none-eabi/9.2.1/thumb/v7e-m+fp/hard/libgcc.a(_arm_fixdfsi.o)
                0x0000000008061a3c                __fixdfsi
                0x0000000008061a3c                __aeabi_d2iz
 .text          0x0000000008061a8c        0x4 /usr/lib/gcc/arm-none-eabi/9.2.1/../../../arm-none-eabi/lib/thumb/v7e-m+fp/hard/libnosys.a(_exit.o)
                0x0000000008061a8c                _exit
 *(.text*)
 .text._read    0x0000000008061a90        0x4 build/pgm_syscalls.o
                0x0000000008061a90                _read
 .text._write   0x0000000008061a94        0x8 build/pgm_syscalls.o
                0x0000000008061a94                _write
 .text._close   0x0000000008061a9c        0x8 build/pgm_syscalls.o
                0x0000000008061a9c                _close
 .text._fstat   0x0000000008061aa4        0xc build/pgm_syscalls.o
                0x0000000008061aa4                _fstat
 .text._isatty  0x0000000008061ab0        0x4 build/pgm_syscalls.o
                0x0000000008061ab0                _isatty
 .text._lseek   0x0000000008061ab4        0x4 build/pgm_syscalls.o
                0x0000000008061ab4                _lseek
 .text._kill    0x0000000008061ab8       0x10 build/pgm_syscalls.o
                0x0000000008061ab8                _kill
 .text._getpid  0x0000000008061ac8        0x4 build/pgm_syscalls.o
                0x0000000008061ac8                _getpid
 .text.free     0x0000000008061acc        0x8 build/pgm_syscalls.o
                0x0000000008061acc                free
 .text.calloc   0x0000000008061ad4        0x8 build/pgm_syscalls.o
                0x0000000008061ad4                calloc
 .text.__wrap__malloc_r
                0x0000000008061adc        0xc build/pgm_syscalls.o
                0x0000000008061adc                __wrap__malloc_r
 .text._calloc_r
                0x0000000008061ae8        0xc build/pgm_syscalls.o
                0x0000000008061ae8                _calloc_r
 .text._realloc_r
                0x0000000008061af4        0xc build/pgm_syscalls.o
                0x0000000008061af4                _realloc_r
 .text._free_r  0x0000000008061b00        0xc build/pgm_syscalls.o
                0x0000000008061b00                _free_r
 .text.post_main
                0x0000000008061b0c       0x1c build/pgm_syscalls.o
                0x0000000008061b0c                post_main
 .text.gtodot_digit
                0x0000000008061b28       0x60 build/keys.o
 .text.check_f_key
                0x0000000008061b88       0x40 build/keys.o
 .text.is_label_or_end_at
                0x0000000008061bc8       0x30 build/keys.o
 .text.advance_to_next_label
                0x0000000008061bf8       0x4c build/keys.o
 .text.init_cat
                0x0000000008061c44       0xec build/keys.o
 .text.advance_to_previous_label
                0x0000000008061d30       0x50 build/keys.o
 .text.check_confirm.part.0
                0x0000000008061d80       0x38 build/keys.o
 .text.init_arg.part.0
                0x0000000008061db8       0x28 build/keys.o
 .text.reset_arg
                0x0000000008061de0       0x1c build/keys.o
 .text.arg_eval
                0x0000000008061dfc       0xb0 build/keys.o
 .text.arg_digit
                0x0000000008061eac      0x104 build/keys.o
 .text.process_arg_shuffle
                0x0000000008061fb0       0x30 build/keys.o
 .text.process_h_shifted
                0x0000000008061fe0       0xd8 build/keys.o
 .text.intltr   0x00000000080620b8       0x38 build/keys.o
 .text.process_normal
                0x00000000080620f0      0x17c build/keys.o
 .text.process_fg_shifted
                0x000000000806226c      0x2a8 build/keys.o
 .text.set_window
                0x0000000008062514       0x98 build/keys.o
 .text.arg_storcl
                0x00000000080625ac       0x44 build/keys.o
 .text.process_arg
                0x00000000080625f0      0x550 build/keys.o
 .text.cur_shift
                0x0000000008062b40       0x14 build/keys.o
                0x0000000008062b40                cur_shift
 .text.reset_shift
                0x0000000008062b54       0x18 build/keys.o
                0x0000000008062b54                reset_shift
 .text.keycode_to_row_column
                0x0000000008062b6c       0x24 build/keys.o
                0x0000000008062b6c                keycode_to_row_column
 .text.row_column_to_keycode
                0x0000000008062b90       0x40 build/keys.o
                0x0000000008062b90                row_column_to_keycode
 .text.init_state
                0x0000000008062bd0       0x80 build/keys.o
                0x0000000008062bd0                init_state
 .text.process_cmplx
                0x0000000008062c50       0xd0 build/keys.o
 .text.soft_init_state
                0x0000000008062d20       0x60 build/keys.o
                0x0000000008062d20                soft_init_state
 .text.finish_cpx_entry
                0x0000000008062d80       0xd4 build/keys.o
                0x0000000008062d80                finish_cpx_entry
 .text.stack_begin
                0x0000000008062e54       0xbc build/keys.o
                0x0000000008062e54                stack_begin
 .text.current_catalogue
                0x0000000008062f10       0xe0 build/keys.o
                0x0000000008062f10                current_catalogue
 .text.process_catalogue
                0x0000000008062ff0      0x31c build/keys.o
 .text.get_alpha_state
                0x000000000806330c       0x28 build/keys.o
                0x000000000806330c                get_alpha_state
 .text.process_keycode
                0x0000000008063334     0x1f5c build/keys.o
                0x0000000008063334                process_keycode
 .text.process_keycode_with_shift
                0x0000000008065290       0xb0 build/keys.o
                0x0000000008065290                process_keycode_with_shift
 .text.set_separator_decimal_modes
                0x0000000008065340       0x54 build/display.o
 .text.set_dig  0x0000000008065394       0x30 build/display.o
 .text.hms_render
                0x00000000080653c4       0xa8 build/display.o
 .text.set_exp_digits_string
                0x000000000806546c       0x40 build/display.o
 .text.hms_step
                0x00000000080654ac       0x38 build/display.o
 .text.set_exp  0x00000000080654e4      0x100 build/display.o
 .text.set_annunciators
                0x00000000080655e4       0xd0 build/display.o
 .text.set_separator.part.0
                0x00000000080656b4       0x20 build/display.o
 .text.set_decimal.part.0
                0x00000000080656d4       0x20 build/display.o
 .text.set_digits_string
                0x00000000080656f4       0x40 build/display.o
 .text.check_special_dn.isra.0
                0x0000000008065734       0x64 build/display.o
 .text.set_x_hms
                0x0000000008065798      0x1d0 build/display.o
 .text.set_x_fract
                0x0000000008065968      0x1ac build/display.o
 .text.carry_overflow
                0x0000000008065b14       0x7c build/display.o
 .text.set_int_x
                0x0000000008065b90      0x3bc build/display.o
 .text.s_s_sized.constprop.0
                0x0000000008065f4c      0x164 build/display.o
 .text.dot      0x00000000080660b0        0xc build/display.o
                0x00000000080660b0                dot
 .text.std_round_fix
                0x00000000080660bc       0x7c build/display.o
                0x00000000080660bc                std_round_fix
 .text.pixel_length
                0x0000000008066138       0x40 build/display.o
                0x0000000008066138                pixel_length
 .text.set_status
                0x0000000008066178       0x38 build/display.o
 .text.set_x_dn
                0x00000000080661b0      0x9e0 build/display.o
                0x00000000080661b0                set_x_dn
 .text.set_x    0x0000000008066b90       0x34 build/display.o
 .text.format_reg
                0x0000000008066bc4       0x6c build/display.o
                0x0000000008066bc4                format_reg
 .text.set_status_right
                0x0000000008066c30       0x64 build/display.o
 .text.annunciators
                0x0000000008066c94      0x56c build/display.o
 .text.display  0x0000000008067200      0xde8 build/display.o
                0x0000000008067200                display
 .text.frozen_display
                0x0000000008067fe8       0x20 build/display.o
                0x0000000008067fe8                frozen_display
 .text.message  0x0000000008068008       0x70 build/display.o
                0x0000000008068008                message
 .text.error_message
                0x0000000008068078       0xe8 build/display.o
                0x0000000008068078                error_message
 .text.stopwatch_message
                0x0000000008068160       0x50 build/display.o
                0x0000000008068160                stopwatch_message
 .text.find_section_bounds
                0x00000000080681b0       0x78 build/xeq.o
 .text.reg_address
                0x0000000008068228       0x64 build/xeq.o
 .text.retstk_up
                0x000000000806828c       0x80 build/xeq.o
 .text.flag_word
                0x000000000806830c       0x80 build/xeq.o
 .text.set_zero
                0x000000000806838c       0x24 build/xeq.o
 .text.intResult
                0x00000000080683b0       0xac build/xeq.o
 .text.check_stack_overlap
                0x000000000806845c       0x74 build/xeq.o
 .text.move_retstk
                0x00000000080684d0       0x80 build/xeq.o
                0x00000000080684d0                move_retstk
 .text.local_regs_rarg
                0x0000000008068550       0x68 build/xeq.o
                0x0000000008068550                local_regs_rarg
 .text.get_reg_limit
                0x00000000080685b8       0xbc build/xeq.o
 .text.local_regs
                0x0000000008068674       0x44 build/xeq.o
                0x0000000008068674                local_regs
 .text.global_regs_rarg
                0x00000000080686b8       0x40 build/xeq.o
                0x00000000080686b8                global_regs_rarg
 .text.global_regs
                0x00000000080686f8       0x24 build/xeq.o
                0x00000000080686f8                global_regs
 .text.version  0x000000000806871c       0x1c build/xeq.o
                0x000000000806871c                version
 .text.cmd_off  0x0000000008068738        0x4 build/xeq.o
                0x0000000008068738                cmd_off
 .text.init_RegionTab
                0x000000000806873c       0x2c build/xeq.o
                0x000000000806873c                init_RegionTab
 .text.sizeLIB  0x0000000008068768       0x20 build/xeq.o
                0x0000000008068768                sizeLIB
 .text.getprog  0x0000000008068788       0x50 build/xeq.o
                0x0000000008068788                getprog
 .text.get_current_prog
                0x00000000080687d8       0x28 build/xeq.o
                0x00000000080687d8                get_current_prog
 .text.do_inc   0x0000000008068800       0x48 build/xeq.o
                0x0000000008068800                do_inc
 .text.user_pc.part.0
                0x0000000008068848       0x38 build/xeq.o
 .text.print_step
                0x0000000008068880       0xac build/xeq.o
 .text.do_dec   0x000000000806892c       0x4c build/xeq.o
                0x000000000806892c                do_dec
 .text.update_program_bounds
                0x0000000008068978       0x98 build/xeq.o
                0x0000000008068978                update_program_bounds
 .text.set_pc   0x0000000008068a10       0xb0 build/xeq.o
                0x0000000008068a10                set_pc
 .text.incpc    0x0000000008068ac0       0x2c build/xeq.o
                0x0000000008068ac0                incpc
 .text.decpc    0x0000000008068aec       0x28 build/xeq.o
                0x0000000008068aec                decpc
 .text.do_rtn   0x0000000008068b14       0xa0 build/xeq.o
 .text.user_pc  0x0000000008068bb4       0x14 build/xeq.o
                0x0000000008068bb4                user_pc
 .text.find_user_pc
                0x0000000008068bc8       0x54 build/xeq.o
                0x0000000008068bc8                find_user_pc
 .text.report_err
                0x0000000008068c1c       0x20 build/xeq.o
                0x0000000008068c1c                report_err
 .text.report_warn
                0x0000000008068c3c       0x5c build/xeq.o
                0x0000000008068c3c                report_warn
 .text.bad_mode_error
                0x0000000008068c98       0x10 build/xeq.o
                0x0000000008068c98                bad_mode_error
 .text.cmderr   0x0000000008068ca8       0x14 build/xeq.o
                0x0000000008068ca8                cmderr
 .text.cmdmsg   0x0000000008068cbc        0x4 build/xeq.o
                0x0000000008068cbc                cmdmsg
 .text.rarg_roundingmode
                0x0000000008068cc0       0x18 build/xeq.o
                0x0000000008068cc0                rarg_roundingmode
 .text.packed_from_number
                0x0000000008068cd8       0x3c build/xeq.o
                0x0000000008068cd8                packed_from_number
 .text.packed128_from_number
                0x0000000008068d14       0x3c build/xeq.o
                0x0000000008068d14                packed128_from_number
 .text.check_special
                0x0000000008068d50       0xa8 build/xeq.o
 .text.packed_from_packed128
                0x0000000008068df8       0x1c build/xeq.o
                0x0000000008068df8                packed_from_packed128
 .text.packed128_from_packed
                0x0000000008068e14       0x1c build/xeq.o
                0x0000000008068e14                packed128_from_packed
 .text.stack_size
                0x0000000008068e30       0x38 build/xeq.o
                0x0000000008068e30                stack_size
 .text.copyreg  0x0000000008068e68       0x20 build/xeq.o
                0x0000000008068e68                copyreg
 .text.set_lift
                0x0000000008068e88       0x10 build/xeq.o
                0x0000000008068e88                set_lift
 .text.entry_rpn_on_off
                0x0000000008068e98       0x34 build/xeq.o
                0x0000000008068e98                entry_rpn_on_off
 .text.is_dblmode
                0x0000000008068ecc       0x20 build/xeq.o
                0x0000000008068ecc                is_dblmode
 .text.s_to_i   0x0000000008068eec       0x6c build/xeq.o
                0x0000000008068eec                s_to_i
 .text.digit    0x0000000008068f58      0x190 build/xeq.o
 .text.s_to_ull
                0x00000000080690e8       0x3c build/xeq.o
                0x00000000080690e8                s_to_ull
 .text.get_cmdline
                0x0000000008069124       0x18 build/xeq.o
                0x0000000008069124                get_cmdline
 .text.is_bad_cmdline
                0x000000000806913c        0x4 build/xeq.o
                0x000000000806913c                is_bad_cmdline
 .text.get_flash_reg_n
                0x0000000008069140       0x20 build/xeq.o
                0x0000000008069140                get_flash_reg_n
 .text.get_const
                0x0000000008069160       0x84 build/xeq.o
                0x0000000008069160                get_const
 .text.get_reg_n
                0x00000000080691e4       0xbc build/xeq.o
                0x00000000080691e4                get_reg_n
 .text.lift     0x00000000080692a0       0x6c build/xeq.o
                0x00000000080692a0                lift
 .text.lift2_if_enabled
                0x000000000806930c       0x3c build/xeq.o
 .text.lower    0x0000000008069348       0x74 build/xeq.o
 .text.get_stack_top
                0x00000000080693bc       0x3c build/xeq.o
 .text.roll_down
                0x00000000080693f8       0x54 build/xeq.o
                0x00000000080693f8                roll_down
 .text.cpx_roll_down
                0x000000000806944c       0x34 build/xeq.o
                0x000000000806944c                cpx_roll_down
 .text.roll_up  0x0000000008069480       0x54 build/xeq.o
                0x0000000008069480                roll_up
 .text.cpx_roll_up
                0x00000000080694d4       0x34 build/xeq.o
                0x00000000080694d4                cpx_roll_up
 .text.fill     0x0000000008069508       0x70 build/xeq.o
                0x0000000008069508                fill
 .text.lower2   0x0000000008069578       0x74 build/xeq.o
 .text.drop     0x00000000080695ec       0x20 build/xeq.o
                0x00000000080695ec                drop
 .text.copyreg_n
                0x000000000806960c       0x3c build/xeq.o
                0x000000000806960c                copyreg_n
 .text.setlastX
                0x0000000008069648        0x8 build/xeq.o
                0x0000000008069648                setlastX
 .text.setlastXY
                0x0000000008069650       0x18 build/xeq.o
 .text.getRegister
                0x0000000008069668       0x34 build/xeq.o
                0x0000000008069668                getRegister
 .text.getX     0x000000000806969c        0x8 build/xeq.o
                0x000000000806969c                getX
 .text.getY     0x00000000080696a4        0x8 build/xeq.o
                0x00000000080696a4                getY
 .text.getXY    0x00000000080696ac       0x18 build/xeq.o
                0x00000000080696ac                getXY
 .text.getXYZ   0x00000000080696c4       0x20 build/xeq.o
                0x00000000080696c4                getXYZ
 .text.getXYZT  0x00000000080696e4       0x14 build/xeq.o
                0x00000000080696e4                getXYZT
 .text.storcl_op
                0x00000000080696f8       0x84 build/xeq.o
 .text.storcl_cop
                0x000000000806977c       0xc0 build/xeq.o
 .text.cpx_enter
                0x000000000806983c       0x50 build/xeq.o
                0x000000000806983c                cpx_enter
 .text.cpx_fill
                0x000000000806988c       0x94 build/xeq.o
                0x000000000806988c                cpx_fill
 .text.setRegister
                0x0000000008069920       0x54 build/xeq.o
                0x0000000008069920                setRegister
 .text.setX     0x0000000008069974        0x8 build/xeq.o
                0x0000000008069974                setX
 .text.rarg_round
                0x000000000806997c       0x70 build/xeq.o
                0x000000000806997c                rarg_round
 .text.setY     0x00000000080699ec        0x8 build/xeq.o
                0x00000000080699ec                setY
 .text.setXY    0x00000000080699f4       0x2c build/xeq.o
                0x00000000080699f4                setXY
 .text.convert_regK
                0x0000000008069a20       0xc4 build/xeq.o
                0x0000000008069a20                convert_regK
 .text.cpx_nop  0x0000000008069ae4      0x1b0 build/xeq.o
                0x0000000008069ae4                cpx_nop
 .text.get_reg_n_int
                0x0000000008069c94       0x1c build/xeq.o
                0x0000000008069c94                get_reg_n_int
 .text.storcl_intop
                0x0000000008069cb0       0xb0 build/xeq.o
 .text.incdec   0x0000000008069d60       0x98 build/xeq.o
 .text.set_reg_n_int
                0x0000000008069df8       0x1c build/xeq.o
                0x0000000008069df8                set_reg_n_int
 .text.get_reg_n_int_sgn
                0x0000000008069e14       0x38 build/xeq.o
                0x0000000008069e14                get_reg_n_int_sgn
 .text.get_keycode_from_reg
                0x0000000008069e4c       0x30 build/xeq.o
 .text.getX_int
                0x0000000008069e7c        0x8 build/xeq.o
                0x0000000008069e7c                getX_int
 .text.getX_int_sgn
                0x0000000008069e84        0x8 build/xeq.o
                0x0000000008069e84                getX_int_sgn
 .text.set_reg_n_int_sgn
                0x0000000008069e8c       0x64 build/xeq.o
                0x0000000008069e8c                set_reg_n_int_sgn
 .text.op_roundingmode
                0x0000000008069ef0       0x28 build/xeq.o
                0x0000000008069ef0                op_roundingmode
 .text.register_from_int
                0x0000000008069f18       0x64 build/xeq.o
 .text.int_from_register
                0x0000000008069f7c       0x48 build/xeq.o
 .text.switch_to_int
                0x0000000008069fc4       0x80 build/xeq.o
 .text.process_cmdline.part.0
                0x000000000806a044      0x250 build/xeq.o
 .text.process_cmdline
                0x000000000806a294       0x10 build/xeq.o
                0x000000000806a294                process_cmdline
 .text.cpx_pi   0x000000000806a2a4       0xd0 build/xeq.o
                0x000000000806a2a4                cpx_pi
 .text.process_cmdline_set_lift
                0x000000000806a374       0x24 build/xeq.o
                0x000000000806a374                process_cmdline_set_lift
 .text.setX_int
                0x000000000806a398       0x20 build/xeq.o
                0x000000000806a398                setX_int
 .text.do_rcl   0x000000000806a3b8       0xdc build/xeq.o
 .text.setX_int_sgn
                0x000000000806a494       0x18 build/xeq.o
                0x000000000806a494                setX_int_sgn
 .text.zero_X   0x000000000806a4ac        0xc build/xeq.o
                0x000000000806a4ac                zero_X
 .text.zero_Y   0x000000000806a4b8       0x10 build/xeq.o
                0x000000000806a4b8                zero_Y
 .text.clrx     0x000000000806a4c8       0x88 build/xeq.o
                0x000000000806a4c8                clrx
 .text.clrstk   0x000000000806a550       0x6c build/xeq.o
                0x000000000806a550                clrstk
 .text.clrreg   0x000000000806a5bc      0x130 build/xeq.o
                0x000000000806a5bc                clrreg
 .text.clrretstk
                0x000000000806a6ec       0x1c build/xeq.o
                0x000000000806a6ec                clrretstk
 .text.clrretstk_pc
                0x000000000806a708       0x2c build/xeq.o
                0x000000000806a708                clrretstk_pc
 .text.cmdconst
                0x000000000806a734       0xd4 build/xeq.o
                0x000000000806a734                cmdconst
 .text.cmdsto   0x000000000806a808       0x80 build/xeq.o
                0x000000000806a808                cmdsto
 .text.cmdrcl   0x000000000806a888        0x4 build/xeq.o
                0x000000000806a888                cmdrcl
 .text.cmdcsto  0x000000000806a88c       0xd0 build/xeq.o
                0x000000000806a88c                cmdcsto
 .text.cmdcrcl  0x000000000806a95c      0x108 build/xeq.o
                0x000000000806a95c                cmdcrcl
 .text.cmdircl  0x000000000806aa64       0x20 build/xeq.o
                0x000000000806aa64                cmdircl
 .text.cmdrrcl  0x000000000806aa84       0x88 build/xeq.o
                0x000000000806aa84                cmdrrcl
 .text.swap_reg
                0x000000000806ab0c       0x64 build/xeq.o
                0x000000000806ab0c                swap_reg
 .text.cmdswap  0x000000000806ab70       0xa0 build/xeq.o
                0x000000000806ab70                cmdswap
 .text.cmdview  0x000000000806ac10       0x5c build/xeq.o
                0x000000000806ac10                cmdview
 .text.get_stack_size
                0x000000000806ac6c       0x48 build/xeq.o
                0x000000000806ac6c                get_stack_size
 .text.get_word_size
                0x000000000806acb4       0x1c build/xeq.o
                0x000000000806acb4                get_word_size
 .text.get_sign_mode
                0x000000000806acd0       0x28 build/xeq.o
                0x000000000806acd0                get_sign_mode
 .text.get_base
                0x000000000806acf8       0x1c build/xeq.o
                0x000000000806acf8                get_base
 .text.DM42_Ticker
                0x000000000806ad14       0x18 build/xeq.o
                0x000000000806ad14                DM42_Ticker
 .text.op_ticks
                0x000000000806ad2c       0x28 build/xeq.o
                0x000000000806ad2c                op_ticks
 .text.op_voltage
                0x000000000806ad54       0x64 build/xeq.o
                0x000000000806ad54                op_voltage
 .text.free_mem
                0x000000000806adb8       0x18 build/xeq.o
                0x000000000806adb8                free_mem
 .text.free_flash
                0x000000000806add0       0x14 build/xeq.o
                0x000000000806add0                free_flash
 .text.get_mem  0x000000000806ade4       0xb0 build/xeq.o
                0x000000000806ade4                get_mem
 .text.cmdputkey
                0x000000000806ae94       0x3c build/xeq.o
                0x000000000806ae94                cmdputkey
 .text.cmdkeytype
                0x000000000806aed0       0x50 build/xeq.o
                0x000000000806aed0                cmdkeytype
 .text.cmdstostk
                0x000000000806af20       0x24 build/xeq.o
                0x000000000806af20                cmdstostk
 .text.cmdrclstk
                0x000000000806af44       0x24 build/xeq.o
                0x000000000806af44                cmdrclstk
 .text.find_opcode_from
                0x000000000806af68       0x70 build/xeq.o
                0x000000000806af68                find_opcode_from
 .text.find_label_from
                0x000000000806afd8        0x8 build/xeq.o
                0x000000000806afd8                find_label_from
 .text.op_rtn   0x000000000806afe0       0x28 build/xeq.o
                0x000000000806afe0                op_rtn
 .text.op_popusr
                0x000000000806b008       0x6c build/xeq.o
                0x000000000806b008                op_popusr
 .text.findmultilbl
                0x000000000806b074       0x4c build/xeq.o
                0x000000000806b074                findmultilbl
 .text.multiumenu
                0x000000000806b0c0       0x84 build/xeq.o
                0x000000000806b0c0                multiumenu
 .text.display_help_file
                0x000000000806b144       0x54 build/xeq.o
                0x000000000806b144                display_help_file
 .text.alpha_help
                0x000000000806b198       0x70 build/xeq.o
                0x000000000806b198                alpha_help
 .text.get_dispmode_digs
                0x000000000806b208       0x30 build/xeq.o
                0x000000000806b208                get_dispmode_digs
 .text.convC2F  0x000000000806b238       0x24 build/xeq.o
                0x000000000806b238                convC2F
 .text.convF2C  0x000000000806b25c       0x24 build/xeq.o
                0x000000000806b25c                convF2C
 .text.convDB2AR
                0x000000000806b280       0x20 build/xeq.o
                0x000000000806b280                convDB2AR
 .text.convAR2DB
                0x000000000806b2a0       0x20 build/xeq.o
                0x000000000806b2a0                convAR2DB
 .text.convDB2PR
                0x000000000806b2c0       0x1c build/xeq.o
                0x000000000806b2c0                convDB2PR
 .text.convPR2DB
                0x000000000806b2dc       0x1c build/xeq.o
                0x000000000806b2dc                convPR2DB
 .text.do_conv  0x000000000806b2f8       0x44 build/xeq.o
                0x000000000806b2f8                do_conv
 .text.cmdconv  0x000000000806b33c       0x40 build/xeq.o
                0x000000000806b33c                cmdconv
 .text.fin_tst  0x000000000806b37c       0x68 build/xeq.o
                0x000000000806b37c                fin_tst
 .text.check_mode
                0x000000000806b3e4       0x28 build/xeq.o
                0x000000000806b3e4                check_mode
 .text.check_dblmode
                0x000000000806b40c       0x20 build/xeq.o
                0x000000000806b40c                check_dblmode
 .text.op_query_xtal
                0x000000000806b42c        0x8 build/xeq.o
                0x000000000806b42c                op_query_xtal
 .text.isTop    0x000000000806b434       0x48 build/xeq.o
                0x000000000806b434                isTop
 .text.cmdlblp  0x000000000806b47c       0x28 build/xeq.o
                0x000000000806b47c                cmdlblp
 .text.cmdmultilblp
                0x000000000806b4a4       0x18 build/xeq.o
                0x000000000806b4a4                cmdmultilblp
 .text.cmdkeyp  0x000000000806b4bc       0x48 build/xeq.o
                0x000000000806b4bc                cmdkeyp
 .text.do_tst   0x000000000806b504      0x170 build/xeq.o
 .text.do_ztst  0x000000000806b674       0xac build/xeq.o
 .text.op_query_print
                0x000000000806b720        0x8 build/xeq.o
                0x000000000806b720                op_query_print
 .text.check_zero
                0x000000000806b728       0x70 build/xeq.o
                0x000000000806b728                check_zero
 .text.cmdtest  0x000000000806b798        0x8 build/xeq.o
                0x000000000806b798                cmdtest
 .text.cmdztest
                0x000000000806b7a0       0x2c build/xeq.o
                0x000000000806b7a0                cmdztest
 .text.cmdlincdec
                0x000000000806b7cc       0x10 build/xeq.o
                0x000000000806b7cc                cmdlincdec
 .text.cmdloopz
                0x000000000806b7dc       0x18 build/xeq.o
                0x000000000806b7dc                cmdloopz
 .text.cmdloop  0x000000000806b7f4      0x1f8 build/xeq.o
                0x000000000806b7f4                cmdloop
 .text.op_shift_digit
                0x000000000806b9ec       0x68 build/xeq.o
                0x000000000806b9ec                op_shift_digit
 .text.get_user_flag
                0x000000000806ba54       0x20 build/xeq.o
                0x000000000806ba54                get_user_flag
 .text.cmdflag  0x000000000806ba74       0xc4 build/xeq.o
                0x000000000806ba74                cmdflag
 .text.clrflags
                0x000000000806bb38       0x30 build/xeq.o
                0x000000000806bb38                clrflags
 .text.intws    0x000000000806bb68       0xec build/xeq.o
                0x000000000806bb68                intws
 .text.get_maxdenom
                0x000000000806bc54       0x20 build/xeq.o
                0x000000000806bc54                get_maxdenom
 .text.op_2frac
                0x000000000806bc74       0xa0 build/xeq.o
                0x000000000806bc74                op_2frac
 .text.op_fracdenom
                0x000000000806bd14       0x84 build/xeq.o
                0x000000000806bd14                op_fracdenom
 .text.op_float
                0x000000000806bd98       0xd4 build/xeq.o
                0x000000000806bd98                op_float
 .text.cmddisp  0x000000000806be6c       0xc4 build/xeq.o
                0x000000000806be6c                cmddisp
 .text.set_int_base
                0x000000000806bf30       0x50 build/xeq.o
                0x000000000806bf30                set_int_base
 .text.op_fract
                0x000000000806bf80       0x44 build/xeq.o
                0x000000000806bf80                op_fract
 .text.cmdsavem
                0x000000000806bfc4       0x1c build/xeq.o
                0x000000000806bfc4                cmdsavem
 .text.set_entry
                0x000000000806bfe0       0x2c build/xeq.o
                0x000000000806bfe0                set_entry
 .text.get_trig_mode
                0x000000000806c00c       0x30 build/xeq.o
                0x000000000806c00c                get_trig_mode
 .text.cmdpause
                0x000000000806c03c       0x24 build/xeq.o
                0x000000000806c03c                cmdpause
 .text.op_setspeed
                0x000000000806c060        0x4 build/xeq.o
                0x000000000806c060                op_setspeed
 .text.op_prompt
                0x000000000806c064       0x30 build/xeq.o
                0x000000000806c064                op_prompt
 .text.XisInt   0x000000000806c094       0x60 build/xeq.o
                0x000000000806c094                XisInt
 .text.XisEvenOrOdd
                0x000000000806c0f4       0x64 build/xeq.o
                0x000000000806c0f4                XisEvenOrOdd
 .text.XisPrime
                0x000000000806c158       0x84 build/xeq.o
                0x000000000806c158                XisPrime
 .text.isInfinite
                0x000000000806c1dc       0x30 build/xeq.o
                0x000000000806c1dc                isInfinite
 .text.isNan    0x000000000806c20c       0x40 build/xeq.o
                0x000000000806c20c                isNan
 .text.isSpecial
                0x000000000806c24c       0x40 build/xeq.o
                0x000000000806c24c                isSpecial
 .text.op_entryp
                0x000000000806c28c       0x14 build/xeq.o
                0x000000000806c28c                op_entryp
 .text.reg_decode
                0x000000000806c2a0      0x240 build/xeq.o
                0x000000000806c2a0                reg_decode
 .text.op_regcopy
                0x000000000806c4e0       0x4c build/xeq.o
                0x000000000806c4e0                op_regcopy
 .text.op_regswap
                0x000000000806c52c       0x70 build/xeq.o
                0x000000000806c52c                op_regswap
 .text.op_regclr
                0x000000000806c59c       0x48 build/xeq.o
                0x000000000806c59c                op_regclr
 .text.op_regsort
                0x000000000806c5e4      0x114 build/xeq.o
                0x000000000806c5e4                op_regsort
 .text.busy     0x000000000806c6f8       0x24 build/xeq.o
                0x000000000806c6f8                busy
 .text.intMonadic
                0x000000000806c71c       0x98 build/xeq.o
                0x000000000806c71c                intMonadic
 .text.intDyadic
                0x000000000806c7b4       0xd4 build/xeq.o
                0x000000000806c7b4                intDyadic
 .text.xeq_init_contexts
                0x000000000806c888       0x9c build/xeq.o
                0x000000000806c888                xeq_init_contexts
 .text.plot_check_range
                0x000000000806c924       0xac build/xeq.o
                0x000000000806c924                plot_check_range
 .text.cmdplotdisplay
                0x000000000806c9d0       0x24 build/xeq.o
                0x000000000806c9d0                cmdplotdisplay
 .text.cmdplotinit
                0x000000000806c9f4       0x54 build/xeq.o
                0x000000000806c9f4                cmdplotinit
 .text.cmdplotdim
                0x000000000806ca48       0x34 build/xeq.o
                0x000000000806ca48                cmdplotdim
 .text.cmdplotpixel
                0x000000000806ca7c       0x98 build/xeq.o
                0x000000000806ca7c                cmdplotpixel
 .text.not_running
                0x000000000806cb14       0x24 build/xeq.o
                0x000000000806cb14                not_running
 .text.set_running_off
                0x000000000806cb38       0x24 build/xeq.o
                0x000000000806cb38                set_running_off
 .text.set_running_on
                0x000000000806cb5c       0x48 build/xeq.o
                0x000000000806cb5c                set_running_on
 .text.gsbgto   0x000000000806cba4       0xb0 build/xeq.o
 .text.cmdgtocommon
                0x000000000806cc54       0x34 build/xeq.o
                0x000000000806cc54                cmdgtocommon
 .text.cmdgto   0x000000000806cc88       0x44 build/xeq.o
                0x000000000806cc88                cmdgto
 .text.branchtoalpha
                0x000000000806cccc       0x28 build/xeq.o
 .text.cmdalphagto
                0x000000000806ccf4       0x2c build/xeq.o
                0x000000000806ccf4                cmdalphagto
 .text.op_gtoalpha
                0x000000000806cd20       0x34 build/xeq.o
                0x000000000806cd20                op_gtoalpha
 .text.cmdskip  0x000000000806cd54       0x84 build/xeq.o
                0x000000000806cd54                cmdskip
 .text.cmdback  0x000000000806cdd8       0x74 build/xeq.o
                0x000000000806cdd8                cmdback
 .text.usergsb_common
                0x000000000806ce4c       0x9c build/xeq.o
 .text.do_usergsb
                0x000000000806cee8       0x18 build/xeq.o
                0x000000000806cee8                do_usergsb
 .text.cmdmultigto
                0x000000000806cf00       0x50 build/xeq.o
                0x000000000806cf00                cmdmultigto
 .text.store_a_to_d
                0x000000000806cf50       0x24 build/xeq.o
                0x000000000806cf50                store_a_to_d
 .text.cmdlocr  0x000000000806cf74      0x190 build/xeq.o
                0x000000000806cf74                cmdlocr
 .text.cmdxout  0x000000000806d104      0x210 build/xeq.o
                0x000000000806d104                cmdxout
 .text.cmdconverged
                0x000000000806d314       0xf8 build/xeq.o
                0x000000000806d314                cmdconverged
 .text.cmdshuffle
                0x000000000806d40c       0x8c build/xeq.o
                0x000000000806d40c                cmdshuffle
 .text.cmdmode  0x000000000806d498       0x54 build/xeq.o
                0x000000000806d498                cmdmode
 .text.cmdlpop  0x000000000806d4ec       0x3c build/xeq.o
                0x000000000806d4ec                cmdlpop
 .text.cmdregs  0x000000000806d528       0xb8 build/xeq.o
                0x000000000806d528                cmdregs
 .text.op_double
                0x000000000806d5e0      0x128 build/xeq.o
                0x000000000806d5e0                op_double
 .text.cmdrestm
                0x000000000806d708       0x9c build/xeq.o
                0x000000000806d708                cmdrestm
 .text.cmdxin   0x000000000806d7a4      0x1d4 build/xeq.o
                0x000000000806d7a4                cmdxin
 .text.xeq      0x000000000806d978      0xeec build/xeq.o
                0x000000000806d978                xeq
 .text.xeq_single
                0x000000000806e864       0x24 build/xeq.o
 .text.xeq_xrom2
                0x000000000806e888       0x88 build/xeq.o
 .text.xeq_xrom
                0x000000000806e910       0x14 build/xeq.o
                0x000000000806e910                xeq_xrom
 .text.dispatch_xrom
                0x000000000806e924       0x78 build/xeq.o
 .text.op_rs    0x000000000806e99c       0x8c build/xeq.o
                0x000000000806e99c                op_rs
 .text.xeqprog  0x000000000806ea28       0x7c build/xeq.o
                0x000000000806ea28                xeqprog
 .text.xeq_sst_bst
                0x000000000806eaa4       0xac build/xeq.o