Archive member included to satisfy reference by file (symbol)

build/libconsts.a(const_50.o)
                              build/decn.o (const_50)
build/libconsts.a(const_randfac.o)
                              build/stats.o (const_randfac)
build/libconsts.a(const_ln10.o)
                              build/decn.o (const_ln10)
build/libconsts.a(const_egamma.o)
                              build/decn.o (const_egamma)
build/libconsts.a(const_256.o)
                              build/decn.o (const_256)
build/libconsts.a(const_180.o)
                              build/decn.o (const_180)
build/libconsts.a(const_1e_32.o)
                              build/xeq.o (const_1e_32)
build/libconsts.a(const_gammaC03.o)
                              build/decn.o (const_gammaC03)
build/libconsts.a(const_60.o)
                              build/decn.o (const_60)
build/libconsts.a(const_10.o)
                              build/decn.o (const_10)
build/libconsts.a(const_360.o)
                              build/xeq.o (const_360)
build/libconsts.a(const_gammaC10.o)
                              build/decn.o (const_gammaC10)
build/libconsts.a(const_gammaC11.o)
                              build/decn.o (const_gammaC11)
build/libconsts.a(const__inf.o)
                              build/decn.o (const__inf)
build/libconsts.a(const_21.o)
                              build/decn.o (const_21)
build/libconsts.a(const_gammaC16.o)
                              build/decn.o (const_gammaC16)
build/libconsts.a(const_200.o)
                              build/decn.o (const_200)
build/libconsts.a(const_gammaC06.o)
                              build/decn.o (const_gammaC06)
build/libconsts.a(const_NaN.o)
                              build/xeq.o (const_NaN)
build/libconsts.a(const_gammaC15.o)
                              build/decn.o (const_gammaC15)
build/libconsts.a(const_1e_24.o)
                              build/xeq.o (const_1e_24)
build/libconsts.a(const_45.o)
                              build/decn.o (const_45)
build/libconsts.a(const_0_05.o)
                              build/xeq.o (const_0_05)
build/libconsts.a(const_3.o)  build/decn.o (const_3)
build/libconsts.a(const_hms_threshold.o)
                              build/display.o (const_hms_threshold)
build/libconsts.a(const_gammaC14.o)
                              build/decn.o (const_gammaC14)
build/libconsts.a(const_0_6.o)
                              build/decn.o (const_0_6)
build/libconsts.a(const_32.o)
                              build/xeq.o (const_32)
build/libconsts.a(const_0_75.o)
                              build/decn.o (const_0_75)
build/libconsts.a(const__1.o)
                              build/decn.o (const__1)
build/libconsts.a(const_gammaC00.o)
                              build/decn.o (const_gammaC00)
build/libconsts.a(const_ln2.o)
                              build/decn.o (const_ln2)
build/libconsts.a(const_gammaC18.o)
                              build/decn.o (const_gammaC18)
build/libconsts.a(const_2PI.o)
                              build/xeq.o (const_2PI)
build/libconsts.a(const_1e_14.o)
                              build/xeq.o (const_1e_14)
build/libconsts.a(const_0.o)  build/xeq.o (const_0)
build/libconsts.a(const_PIon180.o)
                              build/decn.o (const_PIon180)
build/libconsts.a(const_9000.o)
                              build/display.o (const_9000)
build/libconsts.a(const_0_9.o)
                              build/decn.o (const_0_9)
build/libconsts.a(const_gammaC08.o)
                              build/decn.o (const_gammaC08)
build/libconsts.a(const_gammaC21.o)
                              build/decn.o (const_gammaC21)
build/libconsts.a(const_1e_37.o)
                              build/decn.o (const_1e_37)
build/libconsts.a(const_gammaC05.o)
                              build/decn.o (const_gammaC05)
build/libconsts.a(const_2.o)  build/decn.o (const_2)
build/libconsts.a(const_gammaC13.o)
                              build/decn.o (const_gammaC13)
build/libconsts.a(const_100000.o)
                              build/display.o (const_100000)
build/libconsts.a(const_gammaR.o)
                              build/decn.o (const_gammaR)
build/libconsts.a(const_5.o)  build/decn.o (const_5)
build/libconsts.a(const_1.o)  build/xeq.o (const_1)
build/libconsts.a(const_gammaC19.o)
                              build/decn.o (const_gammaC19)
build/libconsts.a(const_inf.o)
                              build/decn.o (const_inf)
build/libconsts.a(const_0_995.o)
                              build/decn.o (const_0_995)
build/libconsts.a(const_0_0001.o)
                              build/display.o (const_0_0001)
build/libconsts.a(const_1on60.o)
                              build/decn.o (const_1on60)
build/libconsts.a(const_PIon200.o)
                              build/decn.o (const_PIon200)
build/libconsts.a(const_gammaC01.o)
                              build/decn.o (const_gammaC01)
build/libconsts.a(const_gammaC09.o)
[...]
Memory Configuration

Name             Origin             Length             Attributes
FLASH            0x0000000008050000 0x00000000000b0000 xr
RAM              0x0000000010000000 0x0000000000002000 xrw
QSPI             0x0000000090000000 0x0000000000200000 xr
*default*        0x0000000000000000 0xffffffffffffffff

Linker script and memory map

LOAD /usr/lib/gcc/arm-none-eabi/9.2.1/thumb/v7e-m+fp/hard/crti.o
LOAD /usr/lib/gcc/arm-none-eabi/9.2.1/thumb/v7e-m+fp/hard/crtbegin.o
LOAD /usr/lib/gcc/arm-none-eabi/9.2.1/../../../arm-none-eabi/lib/thumb/v7e-m+fp/hard/crt0.o
LOAD build/pgm_syscalls.o
LOAD build/keys.o
LOAD build/display.o
LOAD build/xeq.o
LOAD build/prt.o
LOAD build/decn.o
LOAD build/complex.o
LOAD build/stats.o
LOAD build/lcd.o
LOAD build/int.o
LOAD build/date.o
LOAD build/consts.o
LOAD build/alpha.o
LOAD build/charmap.o
LOAD build/commands.o
LOAD build/string.o
LOAD build/storage.o
LOAD build/matrix.o
LOAD build/font.o
LOAD build/xrom.o
LOAD build/console.o
LOAD build/libconsts.a
LOAD build/libdecNumber.a
LOAD build/startup_pgm.o
START GROUP
LOAD /usr/lib/gcc/arm-none-eabi/9.2.1/thumb/v7e-m+fp/hard/libgcc.a
LOAD /usr/lib/gcc/arm-none-eabi/9.2.1/../../../arm-none-eabi/lib/thumb/v7e-m+fp/hard/libc.a
END GROUP
START GROUP
LOAD /usr/lib/gcc/arm-none-eabi/9.2.1/thumb/v7e-m+fp/hard/libgcc.a
LOAD /usr/lib/gcc/arm-none-eabi/9.2.1/../../../arm-none-eabi/lib/thumb/v7e-m+fp/hard/libc.a
LOAD /usr/lib/gcc/arm-none-eabi/9.2.1/../../../arm-none-eabi/lib/thumb/v7e-m+fp/hard/libnosys.a
END GROUP
LOAD /usr/lib/gcc/arm-none-eabi/9.2.1/thumb/v7e-m+fp/hard/crtend.o
LOAD /usr/lib/gcc/arm-none-eabi/9.2.1/thumb/v7e-m+fp/hard/crtn.o

.qspi           0x0000000090000000        0x0
                0x0000000090000000                . = ALIGN (0x8)
                0x0000000090000000                _qspi_start = .
 *(.qspi)
 *(.qspi*)
 *(.rodata.__bid_mod10_18_tbl)
 *(.rodata.__bid_convert_table)
 *(.rodata.bid_log_table_1)
 *(.rodata.bid_log_table_2)
 *(.rodata.bid_decimal128_moduli)
 *(.rodata.bid_exponents_bid64)
 *(.rodata.bid_exponents_binary128)
 *(.rodata.bid_breakpoints_binary128)
 *(.rodata.bid_breakpoints_bid64)
 *(.rodata.bid_multipliers1_binary128)
 *(.rodata.bid_multipliers2_bid64)
 *(.rodata.bid_multipliers1_bid64)
 *(.rodata.bid_multipliers2_binary128)
                0x0000000090000000                . = ALIGN (0x8)
                0x0000000090000000                _qspi_end = .

.rodata         0x0000000008050000     0x9fc8
 *(.rodata.prog_info)
 .rodata.prog_info
                0x0000000008050000       0x40 build/pgm_syscalls.o
                0x0000000008050000                prog_info
                0x0000000008050040                . = ALIGN (0x40)
 *(.rodata)
 .rodata        0x0000000008050040      0x1ba build/display.o
 *fill*         0x00000000080501fa        0x2 
 .rodata        0x00000000080501fc       0x29 build/xeq.o
 *fill*         0x0000000008050225        0x3 
 .rodata        0x0000000008050228       0x40 build/date.o
 .rodata        0x0000000008050268       0x29 build/console.o
 *fill*         0x0000000008050291        0x3 
 .rodata        0x0000000008050294        0x4 /usr/lib/gcc/arm-none-eabi/9.2.1/../../../arm-none-eabi/lib/thumb/v7e-m+fp/hard/libc.a(lib_a-impure.o)
                0x0000000008050294                _global_impure_ptr
 .rodata        0x0000000008050298       0x20 /usr/lib/gcc/arm-none-eabi/9.2.1/../../../arm-none-eabi/lib/thumb/v7e-m+fp/hard/libc.a(lib_a-svfprintf.o)
 .rodata        0x00000000080502b8      0x101 /usr/lib/gcc/arm-none-eabi/9.2.1/../../../arm-none-eabi/lib/thumb/v7e-m+fp/hard/libc.a(lib_a-ctype_.o)
                0x00000000080502b8                _ctype_
 *fill*         0x00000000080503b9        0x7 
 .rodata        0x00000000080503c0      0x128 /usr/lib/gcc/arm-none-eabi/9.2.1/../../../arm-none-eabi/lib/thumb/v7e-m+fp/hard/libc.a(lib_a-mprec.o)
                0x00000000080503d0                __mprec_tens
                0x0000000008050498                __mprec_tinytens
                0x00000000080504c0                __mprec_bigtens
 .rodata        0x00000000080504e8       0x20 /usr/lib/gcc/arm-none-eabi/9.2.1/../../../arm-none-eabi/lib/thumb/v7e-m+fp/hard/libc.a(lib_a-svfiprintf.o)
 .rodata        0x0000000008050508       0x20 /usr/lib/gcc/arm-none-eabi/9.2.1/../../../arm-none-eabi/lib/thumb/v7e-m+fp/hard/libc.a(lib_a-vfiprintf.o)
 *(.rodata*)
 .rodata.process_keycode.str1.4
                0x0000000008050528       0x14 build/keys.o
 .rodata.alpha_arrows
                0x000000000805053c        0x9 build/keys.o
 *fill*         0x0000000008050545        0x3 
 .rodata.alpha_catalogue
                0x0000000008050548       0x12 build/keys.o
 *fill*         0x000000000805055a        0x2 
 .rodata.alpha_compares
                0x000000000805055c        0xa build/keys.o
 *fill*         0x0000000008050566        0x2 
 .rodata.alpha_letters
                0x0000000008050568       0x28 build/keys.o
 .rodata.alpha_letters_lower
                0x0000000008050590       0x28 build/keys.o
 .rodata.alpha_subscripts
                0x00000000080505b8       0x1a build/keys.o
 *fill*         0x00000000080505d2        0x2 
 .rodata.alpha_symbols
                0x00000000080505d4       0x13 build/keys.o
 *fill*         0x00000000080505e7        0x1 
 .rodata.alphamap.9274
                0x00000000080505e8       0xe4 build/keys.o
 .rodata.amap.9265
                0x00000000080506cc       0x20 build/keys.o
 .rodata.catalogue
                0x00000000080506ec       0x8b build/keys.o
 *fill*         0x0000000008050777        0x1 
 .rodata.catalogue_sizes.9586
                0x0000000008050778       0x15 build/keys.o
 *fill*         0x000000000805078d        0x3 
 .rodata.catalogues.9594
                0x0000000008050790       0x54 build/keys.o
 .rodata.cmap.9264
                0x00000000080507e4       0x30 build/keys.o
 .rodata.conv_catalogue
                0x0000000008050814       0x58 build/keys.o
 .rodata.conv_mapping.9633
                0x000000000805086c       0x18 build/keys.o
 .rodata.cplx_catalogue
                0x0000000008050884       0x26 build/keys.o
 *fill*         0x00000000080508aa        0x2 
 .rodata.disp.9444
                0x00000000080508ac        0x4 build/keys.o
 .rodata.int_catalogue
                0x00000000080508b0       0x4d build/keys.o
 *fill*         0x00000000080508fd        0x3 
 .rodata.linear_key_map.9230
                0x0000000008050900       0x2f build/keys.o
 *fill*         0x000000000805092f        0x1 
 .rodata.linear_key_map.9234
                0x0000000008050930       0x2f build/keys.o
 *fill*         0x000000000805095f        0x1 
 .rodata.map.9246
                0x0000000008050960       0x2b build/keys.o
 *fill*         0x000000000805098b        0x1 
 .rodata.matrix_catalogue
                0x000000000805098c       0x18 build/keys.o
 .rodata.mode_catalogue
                0x00000000080509a4       0x41 build/keys.o
 *fill*         0x00000000080509e5        0x3 
 .rodata.op_map.9318
                0x00000000080509e8       0x46 build/keys.o
 *fill*         0x0000000008050a2e        0x2 
 .rodata.op_map.9341
                0x0000000008050a30       0x8c build/keys.o
 .rodata.op_map.9364
                0x0000000008050abc       0x46 build/keys.o
 *fill*         0x0000000008050b02        0x2 
 .rodata.op_map.9417
                0x0000000008050b04      0x118 build/keys.o
 .rodata.op_map.9429
                0x0000000008050c1c        0x6 build/keys.o
 *fill*         0x0000000008050c22        0x2 
 .rodata.op_map.9443
                0x0000000008050c24        0xc build/keys.o
 .rodata.op_map2.9342
                0x0000000008050c30        0x8 build/keys.o
 .rodata.opcode_breaks
                0x0000000008050c38        0x7 build/keys.o
 *fill*         0x0000000008050c3f        0x1 
 .rodata.prob_catalogue
                0x0000000008050c40       0x44 build/keys.o
 .rodata.prog_catalogue
                0x0000000008050c84       0x54 build/keys.o
 .rodata.program_xfcn
                0x0000000008050cd8       0xa7 build/keys.o
 *fill*         0x0000000008050d7f        0x1 
 .rodata.smap.9266
                0x0000000008050d80        0x4 build/keys.o
 .rodata.stats_catalogue
                0x0000000008050d84       0x16 build/keys.o
 *fill*         0x0000000008050d9a        0x2 
 .rodata.sums_catalogue
                0x0000000008050d9c       0x12 build/keys.o
 *fill*         0x0000000008050dae        0x2 
 .rodata.test_catalogue
                0x0000000008050db0       0x2f build/keys.o
 *fill*         0x0000000008050ddf        0x1 
 .rodata.check_special_dn.isra.0.str1.4
                0x0000000008050de0        0x4 build/display.o
 .rodata.carry_overflow.str1.4
                0x0000000008050de4       0x10 build/display.o
 .rodata.annunciators.str1.4
                0x0000000008050df4       0x74 build/display.o
 .rodata.display.str1.4
                0x0000000008050e68       0xbd build/display.o
                                         0xc9 (size before relaxing)
 *fill*         0x0000000008050f25        0x3 
 .rodata.str1.4
                0x0000000008050f28      0x10c build/display.o
 .rodata.CSWTCH.349
                0x0000000008051034       0x10 build/display.o
 .rodata.CSWTCH.375
                0x0000000008051044        0xc build/display.o
 .rodata.DIGITS
                0x0000000008051050       0x11 build/display.o
                0x0000000008051050                DIGITS
 *fill*         0x0000000008051061        0x3 
 .rodata.S7_ERROR
                0x0000000008051064        0x6 build/display.o
 *fill*         0x000000000805106a        0x2 
 .rodata.S7_INF
                0x000000000805106c        0x9 build/display.o
 *fill*         0x0000000008051075        0x3 
 .rodata.S7_INF_Text
                0x0000000008051078       0x12 build/display.o
 *fill*         0x000000000805108a        0x2 
 .rodata.S7_NEG_INF_Text
                0x000000000805108c       0x12 build/display.o
 *fill*         0x000000000805109e        0x2 
 .rodata.S7_NaN
                0x00000000080510a0        0xd build/display.o
 *fill*         0x00000000080510ad        0x3 
 .rodata.S7_NaN_Text
                0x00000000080510b0       0x18 build/display.o
 .rodata.S7_STEP
                0x00000000080510c8        0x6 build/display.o
 *fill*         0x00000000080510ce        0x2 
 .rodata.S7_STEP_ShortText
                0x00000000080510d0        0x5 build/display.o
 *fill*         0x00000000080510d5        0x3 
 .rodata.S7_fract_EQ
                0x00000000080510d8        0x4 build/display.o
 .rodata.S7_fract_GT
                0x00000000080510dc        0x4 build/display.o
 .rodata.S7_fract_LT
                0x00000000080510e0        0x4 build/display.o
 .rodata.S_SURE
                0x00000000080510e4        0x6 build/display.o
 *fill*         0x00000000080510ea        0x2 
 .rodata.SvnRevision
                0x00000000080510ec        0x4 build/display.o
                0x00000000080510ec                SvnRevision
 .rodata.digtbl
                0x00000000080510f0       0x7a build/display.o
 *fill*         0x000000000805116a        0x2 
 .rodata.error_table.8568
                0x000000000805116c       0x6c build/display.o
 .rodata.error_table_text.8569
                0x00000000080511d8       0x6c build/display.o
 .rodata.libname
                0x0000000008051244       0x14 build/display.o
 .rodata.libname_shorttext
                0x0000000008051258       0x14 build/display.o
 .rodata.libname_text
                0x000000000805126c       0x28 build/display.o
 .rodata.shift_chars.8670
                0x0000000008051294        0x4 build/display.o
 .rodata.small_dots.8868
                0x0000000008051298        0xd build/display.o
 *fill*         0x00000000080512a5        0x3 
 .rodata.small_minus.8867
                0x00000000080512a8        0x4 build/display.o
 .rodata.print_step.str1.4
                0x00000000080512ac        0x5 build/xeq.o
 *fill*         0x00000000080512b1        0x3 
 .rodata.op_query_xtal.str1.4
                0x00000000080512b4        0x5 build/xeq.o
 *fill*         0x00000000080512b9        0x3 
 .rodata.op_query_print.str1.4
                0x00000000080512bc        0x6 build/xeq.o
 *fill*         0x00000000080512c2        0x2 
 .rodata.op_2frac.str1.4
                0x00000000080512c4       0x18 build/xeq.o
 .rodata.busy.str1.4
                0x00000000080512dc        0x8 build/xeq.o
 .rodata.xeq.str1.4
                0x00000000080512e4        0x8 build/xeq.o
 .rodata.StackRegMask
                0x00000000080512ec        0x4 build/xeq.o
 .rodata.convergence_tolerances
                0x00000000080512f0        0xc build/xeq.o
 .rodata.modes.11158
                0x00000000080512fc        0x7 build/xeq.o
 *fill*         0x0000000008051303        0x1 
 .rodata.modes.11669
                0x0000000008051304        0x4 build/xeq.o
 .rodata.xrom_targets
                0x0000000008051308       0x36 build/xeq.o
                0x0000000008051308                xrom_targets
 *fill*         0x000000000805133e        0x2 
 .rodata.prt_multi.str1.4
                0x0000000008051340        0x4 build/prt.o
 .rodata.prt_specials.part.0.str1.4
                0x0000000008051344       0x1b build/prt.o
                                         0x28 (size before relaxing)
 *fill*         0x000000000805135f        0x1 
 .rodata.prt.str1.4
                0x0000000008051360        0xc build/prt.o
                                         0x19 (size before relaxing)
 .rodata.digits.8265
                0x000000000805136c       0x10 build/prt.o
 .rodata.degrees.9055
                0x000000000805137c       0x10 build/decn.o
 .rodata.gamma_consts
                0x000000000805138c       0x54 build/decn.o
                0x000000000805138c                gamma_consts
 .rodata.gradians.9056
                0x00000000080513e0       0x10 build/decn.o
 .rodata.get_sigmas.str1.4
                0x00000000080513f0       0x16 build/stats.o
 *fill*         0x0000000008051406        0x2 
 .rodata.show_disp.str1.4
                0x0000000008051408       0x18 build/lcd.o
                                         0x28 (size before relaxing)
 .rodata.primes
                0x0000000008051420       0x10 build/int.o
 .rodata.date_alphaday.str1.4
                0x0000000008051430       0x16 build/date.o
 *fill*         0x0000000008051446        0x2 
 .rodata.date_alphatime.str1.4
                0x0000000008051448        0x8 build/date.o
                                          0x9 (size before relaxing)
 .rodata.mons.9084
                0x0000000008051450       0x24 build/date.o
 .rodata.str1.4
                0x0000000008051474      0x241 build/consts.o
                                        0x24d (size before relaxing)
 *fill*         0x00000000080516b5        0x3 
 .rodata.cnsts  0x00000000080516b8      0x4f8 build/consts.o
                0x00000000080516b8                cnsts
 .rodata.cnsts_conv
                0x0000000008051bb0      0x260 build/consts.o
                0x0000000008051bb0                cnsts_conv
 .rodata.cnsts_d128
                0x0000000008051e10      0x200 build/consts.o
                0x0000000008051e10                cnsts_d128
 .rodata.cnsts_d64
                0x0000000008052010      0x260 build/consts.o
                0x0000000008052010                cnsts_d64
 .rodata.character_remapping_order
                0x0000000008052270      0x100 build/charmap.o
 .rodata.str1.4
                0x0000000008052370      0x648 build/commands.o
                                        0x688 (size before relaxing)
 .rodata.argcmds
                0x00000000080529b8      0x8f0 build/commands.o
                0x00000000080529b8                argcmds
 .rodata.dyfuncs
                0x00000000080532a8      0x4f8 build/commands.o
                0x00000000080532a8                dyfuncs
 .rodata.monfuncs
                0x00000000080537a0      0xea0 build/commands.o
                0x00000000080537a0                monfuncs
 .rodata.multicmds
                0x0000000008054640       0xb0 build/commands.o
                0x0000000008054640                multicmds
 .rodata.niladics
                0x00000000080546f0      0xcd0 build/commands.o
                0x00000000080546f0                niladics
 .rodata.trifuncs
                0x00000000080553c0       0xf0 build/commands.o
                0x00000000080553c0                trifuncs
 .rodata.program_flash.str1.4
                0x00000000080554b0       0x33 build/storage.o
 *fill*         0x00000000080554e3        0x1 
 .rodata.open_selected_file.str1.4
                0x00000000080554e4       0x11 build/storage.o
 *fill*         0x00000000080554f5        0x3 
 .rodata.init_mem.str1.4
                0x00000000080554f8        0xe build/storage.o
 *fill*         0x0000000008055506        0x2 
 .rodata.reset.str1.4
                0x0000000008055508        0x7 build/storage.o
 *fill*         0x000000000805550f        0x1 
 .rodata.store_program_from_buffer.part.0.str1.4
                0x0000000008055510        0x9 build/storage.o
 *fill*         0x0000000008055519        0x3 
 .rodata.flash_backup.str1.4
                0x000000000805551c        0xe build/storage.o
 *fill*         0x000000000805552a        0x2 
 .rodata.flash_restore.str1.4
                0x000000000805552c        0x9 build/storage.o
 *fill*         0x0000000008055535        0x3 
 .rodata.save_lib_file.str1.4
                0x0000000008055538       0x31 build/storage.o
 *fill*         0x0000000008055569        0x3 
 .rodata.load_lib_file.str1.4
                0x000000000805556c       0x21 build/storage.o
 *fill*         0x000000000805558d        0x3 
 .rodata.save_ram_file.str1.4
                0x0000000008055590       0x3d build/storage.o
 *fill*         0x00000000080555cd        0x3 
 .rodata.load_ram_file.str1.4
                0x00000000080555d0       0x19 build/storage.o
 *fill*         0x00000000080555e9        0x3 
 .rodata.load_backup_file.str1.4
                0x00000000080555ec       0x21 build/storage.o
 *fill*         0x000000000805560d        0x3 
 .rodata.save_prog_file.str1.4
                0x0000000008055610       0x36 build/storage.o
 *fill*         0x0000000008055646        0x2 
 .rodata.load_prog_file.str1.4
                0x0000000008055648       0x29 build/storage.o
 *fill*         0x0000000008055671        0x3 
 .rodata.bm_large.5521
                0x0000000008055674      0x2fa build/font.o
 *fill*         0x000000000805596e        0x2 
 .rodata.bm_small.5522
                0x0000000008055970      0x25e build/font.o
 *fill*         0x0000000008055bce        0x2 
 .rodata.divs.5505
                0x0000000008055bd0        0x3 build/font.o
 *fill*         0x0000000008055bd3        0x1 
 .rodata.widths.5504
                0x0000000008055bd4       0xab build/font.o
 *fill*         0x0000000008055c7f        0x1 
 .rodata.xrom   0x0000000008055c80     0x1b9a build/xrom.o
                0x0000000008055c80                xrom
 .rodata.xrom_size
                0x000000000805781a        0x2 build/xrom.o
                0x000000000805781a                xrom_size
 .rodata.menu_line_str.str1.4
                0x000000000805781c        0x8 build/console.o
 .rodata.disp_about.str1.4
                0x0000000008057824       0xce build/console.o
 *fill*         0x00000000080578f2        0x2 
 .rodata.do_multi.str1.4
                0x00000000080578f4       0x16 build/console.o
 *fill*         0x000000000805790a        0x2 
 .rodata.str1.4
                0x000000000805790c       0x10 build/console.o
 .rodata.MID_MENU
                0x000000000805791c       0x10 build/console.o
                0x000000000805791c                MID_MENU
 .rodata.Menus  0x000000000805792c      0xdd0 build/console.o
 .rodata.mapping_alpha.11007
                0x00000000080586fc      0x178 build/console.o
 .rodata.mapping_fshift.11005
                0x0000000008058874      0x178 build/console.o
 .rodata.mapping_gshift.11006
                0x00000000080589ec      0x178 build/console.o
 .rodata.mapping_none.11004
                0x0000000008058b64      0x178 build/console.o
 .rodata.mapping_running.11008
                0x0000000008058cdc      0x178 build/console.o
 .rodata.mid_menu
                0x0000000008058e54        0x4 build/console.o
                0x0000000008058e54                mid_menu
 .rodata.const_50
                0x0000000008058e58        0xc build/libconsts.a(const_50.o)
                0x0000000008058e58                const_50
 .rodata.const_randfac
                0x0000000008058e64       0x1c build/libconsts.a(const_randfac.o)
                0x0000000008058e64                const_randfac
 .rodata.const_ln10
                0x0000000008058e80       0x24 build/libconsts.a(const_ln10.o)
                0x0000000008058e80                const_ln10
 .rodata.const_egamma
                0x0000000008058ea4       0x24 build/libconsts.a(const_egamma.o)
                0x0000000008058ea4                const_egamma
 .rodata.const_256
                0x0000000008058ec8        0xc build/libconsts.a(const_256.o)
                0x0000000008058ec8                const_256
 .rodata.const_180
                0x0000000008058ed4        0xc build/libconsts.a(const_180.o)
                0x0000000008058ed4                const_180
 .rodata.const_1e_32
                0x0000000008058ee0        0xc build/libconsts.a(const_1e_32.o)
                0x0000000008058ee0                const_1e_32
 .rodata.const_gammaC03
                0x0000000008058eec       0x24 build/libconsts.a(const_gammaC03.o)
                0x0000000008058eec                const_gammaC03
 .rodata.const_60
                0x0000000008058f10        0xc build/libconsts.a(const_60.o)
                0x0000000008058f10                const_60
 .rodata.const_10
                0x0000000008058f1c        0xc build/libconsts.a(const_10.o)
                0x0000000008058f1c                const_10
 .rodata.const_360
                0x0000000008058f28        0xc build/libconsts.a(const_360.o)
                0x0000000008058f28                const_360
 .rodata.const_gammaC10
                0x0000000008058f34       0x24 build/libconsts.a(const_gammaC10.o)
                0x0000000008058f34                const_gammaC10
 .rodata.const_gammaC11
                0x0000000008058f58       0x24 build/libconsts.a(const_gammaC11.o)
                0x0000000008058f58                const_gammaC11
 .rodata.const__inf
                0x0000000008058f7c        0xc build/libconsts.a(const__inf.o)
                0x0000000008058f7c                const__inf
 .rodata.const_21
                0x0000000008058f88        0xc build/libconsts.a(const_21.o)
                0x0000000008058f88                const_21
 .rodata.const_gammaC16
                0x0000000008058f94       0x24 build/libconsts.a(const_gammaC16.o)
                0x0000000008058f94                const_gammaC16
 .rodata.const_200
                0x0000000008058fb8        0xc build/libconsts.a(const_200.o)
                0x0000000008058fb8                const_200
 .rodata.const_gammaC06
                0x0000000008058fc4       0x24 build/libconsts.a(const_gammaC06.o)
                0x0000000008058fc4                const_gammaC06
 .rodata.const_NaN
                0x0000000008058fe8        0xc build/libconsts.a(const_NaN.o)
                0x0000000008058fe8                const_NaN
 .rodata.const_gammaC15
                0x0000000008058ff4       0x24 build/libconsts.a(const_gammaC15.o)
                0x0000000008058ff4                const_gammaC15
 .rodata.const_1e_24
                0x0000000008059018        0xc build/libconsts.a(const_1e_24.o)
                0x0000000008059018                const_1e_24
 .rodata.const_45
                0x0000000008059024        0xc build/libconsts.a(const_45.o)
                0x0000000008059024                const_45
 .rodata.const_0_05
                0x0000000008059030        0xc build/libconsts.a(const_0_05.o)
                0x0000000008059030                const_0_05
 .rodata.const_3
                0x000000000805903c        0xc build/libconsts.a(const_3.o)
                0x000000000805903c                const_3
 .rodata.const_hms_threshold
                0x0000000008059048       0x24 build/libconsts.a(const_hms_threshold.o)
                0x0000000008059048                const_hms_threshold
 .rodata.const_gammaC14
                0x000000000805906c       0x24 build/libconsts.a(const_gammaC14.o)
                0x000000000805906c                const_gammaC14
 .rodata.const_0_6
                0x0000000008059090        0xc build/libconsts.a(const_0_6.o)
                0x0000000008059090                const_0_6
 .rodata.const_32
                0x000000000805909c        0xc build/libconsts.a(const_32.o)
                0x000000000805909c                const_32
 .rodata.const_0_75
                0x00000000080590a8        0xc build/libconsts.a(const_0_75.o)
                0x00000000080590a8                const_0_75
 .rodata.const__1
                0x00000000080590b4        0xc build/libconsts.a(const__1.o)
                0x00000000080590b4                const__1
 .rodata.const_gammaC00
                0x00000000080590c0       0x24 build/libconsts.a(const_gammaC00.o)
                0x00000000080590c0                const_gammaC00
 .rodata.const_ln2
                0x00000000080590e4       0x24 build/libconsts.a(const_ln2.o)
                0x00000000080590e4                const_ln2
 .rodata.const_gammaC18
                0x0000000008059108       0x24 build/libconsts.a(const_gammaC18.o)
                0x0000000008059108                const_gammaC18
 .rodata.const_2PI
                0x000000000805912c      0x138 build/libconsts.a(const_2PI.o)
                0x000000000805912c                const_2PI
 .rodata.const_1e_14
                0x0000000008059264        0xc build/libconsts.a(const_1e_14.o)
                0x0000000008059264                const_1e_14
 .rodata.const_0
                0x0000000008059270        0xc build/libconsts.a(const_0.o)
                0x0000000008059270                const_0
 .rodata.const_PIon180
                0x000000000805927c       0x24 build/libconsts.a(const_PIon180.o)
                0x000000000805927c                const_PIon180
 .rodata.const_9000
                0x00000000080592a0        0xc build/libconsts.a(const_9000.o)
                0x00000000080592a0                const_9000
 .rodata.const_0_9
                0x00000000080592ac        0xc build/libconsts.a(const_0_9.o)
                0x00000000080592ac                const_0_9
 .rodata.const_gammaC08
                0x00000000080592b8       0x24 build/libconsts.a(const_gammaC08.o)
                0x00000000080592b8                const_gammaC08
 .rodata.const_gammaC21
                0x00000000080592dc       0x24 build/libconsts.a(const_gammaC21.o)
                0x00000000080592dc                const_gammaC21
 .rodata.const_1e_37
                0x0000000008059300        0xc build/libconsts.a(const_1e_37.o)
                0x0000000008059300                const_1e_37
 .rodata.const_gammaC05
                0x000000000805930c       0x24 build/libconsts.a(const_gammaC05.o)
                0x000000000805930c                const_gammaC05
 .rodata.const_2
                0x0000000008059330        0xc build/libconsts.a(const_2.o)
                0x0000000008059330                const_2
 .rodata.const_gammaC13
                0x000000000805933c       0x24 build/libconsts.a(const_gammaC13.o)
                0x000000000805933c                const_gammaC13
 .rodata.const_100000
                0x0000000008059360        0xc build/libconsts.a(const_100000.o)
                0x0000000008059360                const_100000
 .rodata.const_gammaR
                0x000000000805936c       0x10 build/libconsts.a(const_gammaR.o)
                0x000000000805936c                const_gammaR
 .rodata.const_5
                0x000000000805937c        0xc build/libconsts.a(const_5.o)
                0x000000000805937c                const_5
 .rodata.const_1
                0x0000000008059388        0xc build/libconsts.a(const_1.o)
                0x0000000008059388                const_1
 .rodata.const_gammaC19
                0x0000000008059394       0x24 build/libconsts.a(const_gammaC19.o)
                0x0000000008059394                const_gammaC19
 .rodata.const_inf
                0x00000000080593b8        0xc build/libconsts.a(const_inf.o)
                0x00000000080593b8                const_inf
 .rodata.const_0_995
                0x00000000080593c4        0xc build/libconsts.a(const_0_995.o)
                0x00000000080593c4                const_0_995
 .rodata.const_0_0001
                0x00000000080593d0        0xc build/libconsts.a(const_0_0001.o)
                0x00000000080593d0                const_0_0001
 .rodata.const_1on60
                0x00000000080593dc       0x24 build/libconsts.a(const_1on60.o)
                0x00000000080593dc                const_1on60
 .rodata.const_PIon200
                0x0000000008059400       0x24 build/libconsts.a(const_PIon200.o)
                0x0000000008059400                const_PIon200
 .rodata.const_gammaC01
                0x0000000008059424       0x24 build/libconsts.a(const_gammaC01.o)
                0x0000000008059424                const_gammaC01
 .rodata.const_gammaC09
                0x0000000008059448       0x24 build/libconsts.a(const_gammaC09.o)
                0x0000000008059448                const_gammaC09
 .rodata.const_0_5
                0x000000000805946c        0xc build/libconsts.a(const_0_5.o)
                0x000000000805946c                const_0_5
 .rodata.const_9on5
                0x0000000008059478        0xc build/libconsts.a(const_9on5.o)
                0x0000000008059478                const_9on5
 .rodata.const_20
                0x0000000008059484        0xc build/libconsts.a(const_20.o)
                0x0000000008059484                const_20
 .rodata.const_gammaC20
                0x0000000008059490       0x24 build/libconsts.a(const_gammaC20.o)
                0x0000000008059490                const_gammaC20
 .rodata.const_400
                0x00000000080594b4        0xc build/libconsts.a(const_400.o)
                0x00000000080594b4                const_400
 .rodata.const_gammaC07
                0x00000000080594c0       0x24 build/libconsts.a(const_gammaC07.o)
                0x00000000080594c0                const_gammaC07
 .rodata.const__0
                0x00000000080594e4        0xc build/libconsts.a(const__0.o)
                0x00000000080594e4                const__0
 .rodata.const_0_4
                0x00000000080594f0        0xc build/libconsts.a(const_0_4.o)
                0x00000000080594f0                const_0_4
 .rodata.const_1e_10000
                0x00000000080594fc        0xc build/libconsts.a(const_1e_10000.o)
                0x00000000080594fc                const_1e_10000
 .rodata.const_gammaC12
                0x0000000008059508       0x24 build/libconsts.a(const_gammaC12.o)
                0x0000000008059508                const_gammaC12
 .rodata.const_2pow64
                0x000000000805952c       0x18 build/libconsts.a(const_2pow64.o)
                0x000000000805952c                const_2pow64
 .rodata.const_PIon2
                0x0000000008059544       0x24 build/libconsts.a(const_PIon2.o)
                0x0000000008059544                const_PIon2
 .rodata.const_gammaC04
                0x0000000008059568       0x24 build/libconsts.a(const_gammaC04.o)
                0x0000000008059568                const_gammaC04
 .rodata.const_90
                0x000000000805958c        0xc build/libconsts.a(const_90.o)
                0x000000000805958c                const_90
 .rodata.const_gammaC17
                0x0000000008059598       0x24 build/libconsts.a(const_gammaC17.o)
                0x0000000008059598                const_gammaC17
 .rodata.const_gammaC02
                0x00000000080595bc       0x24 build/libconsts.a(const_gammaC02.o)
                0x00000000080595bc                const_gammaC02
 .rodata.const_PI
                0x00000000080595e0       0x24 build/libconsts.a(const_PI.o)
                0x00000000080595e0                const_PI
 .rodata.const_root2on2
                0x0000000008059604       0x24 build/libconsts.a(const_root2on2.o)
                0x0000000008059604                const_root2on2
 .rodata.const_100
                0x0000000008059628        0xc build/libconsts.a(const_100.o)
                0x0000000008059628                const_100
 .rodata.const_0_1
                0x0000000008059634        0xc build/libconsts.a(const_0_1.o)
                0x0000000008059634                const_0_1
 .rodata.decNumberToString.str1.4
                0x0000000008059640        0x9 build/libdecNumber.a(decNumber.o)
                                         0x10 (size before relaxing)
 *fill*         0x0000000008059649        0x3 
 .rodata.decNumberFromString.str1.4
                0x000000000805964c       0x1c build/libdecNumber.a(decNumber.o)
                                         0x20 (size before relaxing)
 .rodata.multies
                0x0000000008059668       0x14 build/libdecNumber.a(decNumber.o)
 .rodata.powers
                0x000000000805967c       0x28 build/libdecNumber.a(decNumber.o)
                0x000000000805967c                powers
 .rodata.resmap
                0x00000000080596a4        0xa build/libdecNumber.a(decNumber.o)
 *fill*         0x00000000080596ae        0x2 
 .rodata.uarrone
                0x00000000080596b0        0x2 build/libdecNumber.a(decNumber.o)
 *fill*         0x00000000080596b2        0x2 
 .rodata.COMBEXP
                0x00000000080596b4       0x80 build/libdecNumber.a(decimal64.o)
                0x00000000080596b4                COMBEXP
 .rodata.COMBMSD
                0x0000000008059734       0x80 build/libdecNumber.a(decimal64.o)
                0x0000000008059734                COMBMSD
 .rodata.multies
                0x00000000080597b4       0x14 build/libdecNumber.a(decimal64.o)
 .rodata.str1.4
                0x00000000080597c8        0x6 /usr/lib/gcc/arm-none-eabi/9.2.1/../../../arm-none-eabi/lib/thumb/v7e-m+fp/hard/libc.a(lib_a-perror.o)
 *fill*         0x00000000080597ce        0x2 
 .rodata.str1.4
                0x00000000080597d0      0x700 /usr/lib/gcc/arm-none-eabi/9.2.1/../../../arm-none-eabi/lib/thumb/v7e-m+fp/hard/libc.a(lib_a-strerror.o)
                                        0x701 (size before relaxing)
 .rodata.str1.4
                0x0000000008059ed0       0x33 /usr/lib/gcc/arm-none-eabi/9.2.1/../../../arm-none-eabi/lib/thumb/v7e-m+fp/hard/libc.a(lib_a-svfprintf.o)
                                         0x42 (size before relaxing)
 *fill*         0x0000000008059f03        0x1 
 .rodata.str1.4
                0x0000000008059f04       0x46 /usr/lib/gcc/arm-none-eabi/9.2.1/../../../arm-none-eabi/lib/thumb/v7e-m+fp/hard/libc.a(lib_a-dtoa.o)
                                         0x5a (size before relaxing)
 *fill*         0x0000000008059f4a        0x2 
 .rodata.str1.4
                0x0000000008059f4c       0x33 /usr/lib/gcc/arm-none-eabi/9.2.1/../../../arm-none-eabi/lib/thumb/v7e-m+fp/hard/libc.a(lib_a-mprec.o)
                                         0x47 (size before relaxing)
 .rodata.str1.4
                0x0000000008059f7f       0x2f /usr/lib/gcc/arm-none-eabi/9.2.1/../../../arm-none-eabi/lib/thumb/v7e-m+fp/hard/libc.a(lib_a-svfiprintf.o)
 *fill*         0x0000000008059f7f        0x1 
 .rodata.str1.4
                0x0000000008059f80       0x3f /usr/lib/gcc/arm-none-eabi/9.2.1/../../../arm-none-eabi/lib/thumb/v7e-m+fp/hard/libc.a(lib_a-assert.o)
                                         0x43 (size before relaxing)
 *fill*         0x0000000008059fbf        0x1 
 .rodata.str1.4
                0x0000000008059fc0        0x6 /usr/lib/gcc/arm-none-eabi/9.2.1/../../../arm-none-eabi/lib/thumb/v7e-m+fp/hard/libc.a(lib_a-locale.o)
                                         0x12 (size before relaxing)
 .rodata.str1.4
                0x0000000008059fc6       0x2f /usr/lib/gcc/arm-none-eabi/9.2.1/../../../arm-none-eabi/lib/thumb/v7e-m+fp/hard/libc.a(lib_a-vfiprintf.o)
                0x0000000008059ff8                . = ALIGN (0x8)
 *fill*         0x0000000008059fc6        0x2 
                0x0000000090000000                _qspi_init_base = LOADADDR (.qspi)
                0x0000000000000000                _qspi_init_length = SIZEOF (.qspi)

.text           0x000000000805a000    0x24778
                0x000000000805a000                . = ALIGN (0x8)
 *(.text)
 .text          0x000000000805a000       0x88 /usr/lib/gcc/arm-none-eabi/9.2.1/thumb/v7e-m+fp/hard/crtbegin.o
 .text          0x000000000805a088       0x30 /usr/lib/gcc/arm-none-eabi/9.2.1/thumb/v7e-m+fp/hard/libgcc.a(_aeabi_uldivmod.o)
                0x000000000805a088                __aeabi_uldivmod
 .text          0x000000000805a0b8      0x2c4 /usr/lib/gcc/arm-none-eabi/9.2.1/thumb/v7e-m+fp/hard/libgcc.a(_udivmoddi4.o)
                0x000000000805a0b8                __udivmoddi4
 .text          0x000000000805a37c        0x4 /usr/lib/gcc/arm-none-eabi/9.2.1/thumb/v7e-m+fp/hard/libgcc.a(_dvmd_tls.o)
                0x000000000805a37c                __aeabi_ldiv0
                0x000000000805a37c                __aeabi_idiv0
 .text          0x000000000805a380        0xc /usr/lib/gcc/arm-none-eabi/9.2.1/../../../arm-none-eabi/lib/thumb/v7e-m+fp/hard/libc.a(lib_a-atexit.o)
                0x000000000805a380                atexit
 .text          0x000000000805a38c        0xc /usr/lib/gcc/arm-none-eabi/9.2.1/../../../arm-none-eabi/lib/thumb/v7e-m+fp/hard/libc.a(lib_a-errno.o)
                0x000000000805a38c                __errno
 .text          0x000000000805a398       0x34 /usr/lib/gcc/arm-none-eabi/9.2.1/../../../arm-none-eabi/lib/thumb/v7e-m+fp/hard/libc.a(lib_a-fini.o)
                0x000000000805a398                __libc_fini_array
 .text          0x000000000805a3cc       0x48 /usr/lib/gcc/arm-none-eabi/9.2.1/../../../arm-none-eabi/lib/thumb/v7e-m+fp/hard/libc.a(lib_a-init.o)
                0x000000000805a3cc                __libc_init_array
 .text          0x000000000805a414       0xa0 /usr/lib/gcc/arm-none-eabi/9.2.1/../../../arm-none-eabi/lib/thumb/v7e-m+fp/hard/libc.a(lib_a-memset.o)
                0x000000000805a414                memset
 .text          0x000000000805a4b4      0x100 /usr/lib/gcc/arm-none-eabi/9.2.1/../../../arm-none-eabi/lib/thumb/v7e-m+fp/hard/libc.a(lib_a-perror.o)
                0x000000000805a4b4                _perror_r
                0x000000000805a5a4                perror
 .text          0x000000000805a5b4       0x80 /usr/lib/gcc/arm-none-eabi/9.2.1/../../../arm-none-eabi/lib/thumb/v7e-m+fp/hard/libc.a(lib_a-sprintf.o)
                0x000000000805a5b4                _sprintf_r
                0x000000000805a5f0                sprintf
 .text          0x000000000805a634      0x3fc /usr/lib/gcc/arm-none-eabi/9.2.1/../../../arm-none-eabi/lib/thumb/v7e-m+fp/hard/libc.a(lib_a-strerror.o)
                0x000000000805a634                _strerror_r
                0x000000000805aa00                strerror
                0x000000000805aa18                strerror_l
 *fill*         0x000000000805aa30       0x10 
 .text          0x000000000805aa40       0xdc /usr/lib/gcc/arm-none-eabi/9.2.1/../../../arm-none-eabi/lib/thumb/v7e-m+fp/hard/libc.a(lib_a-strlen.o)
                0x000000000805aa40                strlen
 .text          0x000000000805ab1c       0x74 /usr/lib/gcc/arm-none-eabi/9.2.1/../../../arm-none-eabi/lib/thumb/v7e-m+fp/hard/libc.a(lib_a-strncpy.o)
                0x000000000805ab1c                strncpy
 .text          0x000000000805ab90     0x1498 /usr/lib/gcc/arm-none-eabi/9.2.1/../../../arm-none-eabi/lib/thumb/v7e-m+fp/hard/libc.a(lib_a-svfprintf.o)
                0x000000000805ab90                _svfprintf_r
 .text          0x000000000805c028        0x4 /usr/lib/gcc/arm-none-eabi/9.2.1/../../../arm-none-eabi/lib/thumb/v7e-m+fp/hard/libc.a(lib_a-u_strerr.o)
                0x000000000805c028                _user_strerror
 .text          0x000000000805c02c       0x2c /usr/lib/gcc/arm-none-eabi/9.2.1/../../../arm-none-eabi/lib/thumb/v7e-m+fp/hard/libc.a(lib_a-writer.o)
                0x000000000805c02c                _write_r
 .text          0x000000000805c058       0x68 /usr/lib/gcc/arm-none-eabi/9.2.1/../../../arm-none-eabi/lib/thumb/v7e-m+fp/hard/libc.a(lib_a-__atexit.o)
                0x000000000805c058                __register_exitproc
 .text          0x000000000805c0c0      0xfc0 /usr/lib/gcc/arm-none-eabi/9.2.1/../../../arm-none-eabi/lib/thumb/v7e-m+fp/hard/libc.a(lib_a-dtoa.o)
                0x000000000805c1e4                _dtoa_r
 .text          0x000000000805d080      0x1a4 /usr/lib/gcc/arm-none-eabi/9.2.1/../../../arm-none-eabi/lib/thumb/v7e-m+fp/hard/libc.a(lib_a-fflush.o)
                0x000000000805d080                __sflush_r
                0x000000000805d1cc                _fflush_r
                0x000000000805d200                fflush
 .text          0x000000000805d224       0x34 /usr/lib/gcc/arm-none-eabi/9.2.1/../../../arm-none-eabi/lib/thumb/v7e-m+fp/hard/libc.a(lib_a-fileno.o)
                0x000000000805d224                fileno
 .text          0x000000000805d258      0x1f4 /usr/lib/gcc/arm-none-eabi/9.2.1/../../../arm-none-eabi/lib/thumb/v7e-m+fp/hard/libc.a(lib_a-findfp.o)
                0x000000000805d25c                _cleanup_r
                0x000000000805d340                __sfmoreglue
                0x000000000805d370                __sfp
                0x000000000805d3f8                _cleanup
                0x000000000805d40c                __sinit
                0x000000000805d414                __sfp_lock_acquire
                0x000000000805d418                __sfp_lock_release
                0x000000000805d41c                __sinit_lock_acquire
                0x000000000805d420                __sinit_lock_release
                0x000000000805d424                __fp_lock_all
                0x000000000805d438                __fp_unlock_all
 .text          0x000000000805d44c       0xa0 /usr/lib/gcc/arm-none-eabi/9.2.1/../../../arm-none-eabi/lib/thumb/v7e-m+fp/hard/libc.a(lib_a-fwalk.o)
                0x000000000805d44c                _fwalk
                0x000000000805d498                _fwalk_reent
 .text          0x000000000805d4ec       0x14 /usr/lib/gcc/arm-none-eabi/9.2.1/../../../arm-none-eabi/lib/thumb/v7e-m+fp/hard/libc.a(lib_a-localeconv.o)
                0x000000000805d4ec                __localeconv_l
                0x000000000805d4f0                _localeconv_r
                0x000000000805d4f8                localeconv
 .text          0x000000000805d500       0xa0 /usr/lib/gcc/arm-none-eabi/9.2.1/../../../arm-none-eabi/lib/thumb/v7e-m+fp/hard/libc.a(lib_a-memchr.o)
                0x000000000805d500                memchr
 .text          0x000000000805d5a0      0x134 /usr/lib/gcc/arm-none-eabi/9.2.1/../../../arm-none-eabi/lib/thumb/v7e-m+fp/hard/libc.a(lib_a-memcpy.o)
                0x000000000805d5a0                memcpy
 .text          0x000000000805d6d4      0x9a8 /usr/lib/gcc/arm-none-eabi/9.2.1/../../../arm-none-eabi/lib/thumb/v7e-m+fp/hard/libc.a(lib_a-mprec.o)
                0x000000000805d6d4                _Balloc
                0x000000000805d720                _Bfree
                0x000000000805d734                __multadd
                0x000000000805d7d8                __s2b
                0x000000000805d884                __hi0bits
                0x000000000805d8c4                __lo0bits
                0x000000000805d924                __i2b
                0x000000000805d950                __multiply
                0x000000000805da9c                __pow5mult
                0x000000000805db34                __lshift
                0x000000000805dc00                __mcmp
                0x000000000805dc38                __mdiff
                0x000000000805dd60                __ulp
                0x000000000805ddb0                __b2d
                0x000000000805de68                __d2b
                0x000000000805df3c                __ratio
                0x000000000805df9c                _mprec_log10
                0x000000000805dfdc                __copybits
                0x000000000805e024                __any_on
 .text          0x000000000805e07c       0x90 /usr/lib/gcc/arm-none-eabi/9.2.1/../../../arm-none-eabi/lib/thumb/v7e-m+fp/hard/libc.a(lib_a-stdio.o)
                0x000000000805e07c                __sread
                0x000000000805e0a0                __seofread
                0x000000000805e0a4                __swrite
                0x000000000805e0e4                __sseek
                0x000000000805e104                __sclose
 .text          0x000000000805e10c      0xb64 /usr/lib/gcc/arm-none-eabi/9.2.1/../../../arm-none-eabi/lib/thumb/v7e-m+fp/hard/libc.a(lib_a-svfiprintf.o)
                0x000000000805e10c                __ssprint_r
                0x000000000805e204                _svfiprintf_r
 .text          0x000000000805ec70       0x48 /usr/lib/gcc/arm-none-eabi/9.2.1/../../../arm-none-eabi/lib/thumb/v7e-m+fp/hard/libc.a(lib_a-assert.o)
                0x000000000805ec70                __assert_func
                0x000000000805ecac                __assert
 .text          0x000000000805ecb8       0x24 /usr/lib/gcc/arm-none-eabi/9.2.1/../../../arm-none-eabi/lib/thumb/v7e-m+fp/hard/libc.a(lib_a-closer.o)
                0x000000000805ecb8                _close_r
 .text          0x000000000805ecdc       0x98 /usr/lib/gcc/arm-none-eabi/9.2.1/../../../arm-none-eabi/lib/thumb/v7e-m+fp/hard/libc.a(lib_a-fclose.o)
                0x000000000805ecdc                _fclose_r
                0x000000000805ed64                fclose
 .text          0x000000000805ed74       0x44 /usr/lib/gcc/arm-none-eabi/9.2.1/../../../arm-none-eabi/lib/thumb/v7e-m+fp/hard/libc.a(lib_a-fiprintf.o)
                0x000000000805ed74                _fiprintf_r
                0x000000000805ed90                fiprintf
 .text          0x000000000805edb8       0x5c /usr/lib/gcc/arm-none-eabi/9.2.1/../../../arm-none-eabi/lib/thumb/v7e-m+fp/hard/libc.a(lib_a-locale.o)
                0x000000000805edb8                _setlocale_r
                0x000000000805edf8                __locale_mb_cur_max
                0x000000000805ee04                setlocale
 .text          0x000000000805ee14       0x2c /usr/lib/gcc/arm-none-eabi/9.2.1/../../../arm-none-eabi/lib/thumb/v7e-m+fp/hard/libc.a(lib_a-lseekr.o)
                0x000000000805ee14                _lseek_r
 .text          0x000000000805ee40       0x40 /usr/lib/gcc/arm-none-eabi/9.2.1/../../../arm-none-eabi/lib/thumb/v7e-m+fp/hard/libc.a(lib_a-mbtowc_r.o)
                0x000000000805ee40                _mbtowc_r
                0x000000000805ee54                __ascii_mbtowc
 .text          0x000000000805ee80       0xd0 /usr/lib/gcc/arm-none-eabi/9.2.1/../../../arm-none-eabi/lib/thumb/v7e-m+fp/hard/libc.a(lib_a-memmove.o)
                0x000000000805ee80                memmove
 .text          0x000000000805ef50       0x2c /usr/lib/gcc/arm-none-eabi/9.2.1/../../../arm-none-eabi/lib/thumb/v7e-m+fp/hard/libc.a(lib_a-readr.o)
                0x000000000805ef50                _read_r
 *fill*         0x000000000805ef7c        0x4 
 .text          0x000000000805ef80      0x2dc /usr/lib/gcc/arm-none-eabi/9.2.1/../../../arm-none-eabi/lib/thumb/v7e-m+fp/hard/libc.a(lib_a-strcmp.o)
                0x000000000805ef88                strcmp
 .text          0x000000000805f25c      0xd00 /usr/lib/gcc/arm-none-eabi/9.2.1/../../../arm-none-eabi/lib/thumb/v7e-m+fp/hard/libc.a(lib_a-vfiprintf.o)
                0x000000000805f2d4                __sprint_r
                0x000000000805f2e8                _vfiprintf_r
                0x000000000805fed8                vfiprintf
 .text          0x000000000805ff5c       0x30 /usr/lib/gcc/arm-none-eabi/9.2.1/../../../arm-none-eabi/lib/thumb/v7e-m+fp/hard/libc.a(lib_a-wctomb_r.o)
                0x000000000805ff5c                _wctomb_r
                0x000000000805ff70                __ascii_wctomb
 .text          0x000000000805ff8c       0xd0 /usr/lib/gcc/arm-none-eabi/9.2.1/../../../arm-none-eabi/lib/thumb/v7e-m+fp/hard/libc.a(lib_a-wsetup.o)
                0x000000000805ff8c                __swsetup_r
 .text          0x000000000806005c       0x10 /usr/lib/gcc/arm-none-eabi/9.2.1/../../../arm-none-eabi/lib/thumb/v7e-m+fp/hard/libc.a(lib_a-abort.o)
                0x000000000806005c                abort
 .text          0x000000000806006c      0x110 /usr/lib/gcc/arm-none-eabi/9.2.1/../../../arm-none-eabi/lib/thumb/v7e-m+fp/hard/libc.a(lib_a-fputwc.o)
                0x000000000806006c                __fputwc
                0x0000000008060114                _fputwc_r
                0x000000000806013c                fputwc
 .text          0x000000000806017c      0x308 /usr/lib/gcc/arm-none-eabi/9.2.1/../../../arm-none-eabi/lib/thumb/v7e-m+fp/hard/libc.a(lib_a-fvwrite.o)
                0x000000000806017c                __sfvwrite_r
 .text          0x0000000008060484       0xf0 /usr/lib/gcc/arm-none-eabi/9.2.1/../../../arm-none-eabi/lib/thumb/v7e-m+fp/hard/libc.a(lib_a-makebuf.o)
                0x0000000008060484                __swhatbuf_r
                0x00000000080604e0                __smakebuf_r
 .text          0x0000000008060574      0x15c /usr/lib/gcc/arm-none-eabi/9.2.1/../../../arm-none-eabi/lib/thumb/v7e-m+fp/hard/libc.a(lib_a-signal.o)
                0x000000000806059c                _init_signal_r
                0x00000000080605a8                _signal_r
                0x00000000080605e0                _raise_r
                0x0000000008060638                __sigtramp_r
                0x000000000806068c                raise
                0x000000000806069c                signal
                0x00000000080606ac                _init_signal
                0x00000000080606c0                __sigtramp
 .text          0x00000000080606d0       0x2c /usr/lib/gcc/arm-none-eabi/9.2.1/../../../arm-none-eabi/lib/thumb/v7e-m+fp/hard/libc.a(lib_a-signalr.o)
                0x00000000080606d0                _kill_r
                0x00000000080606f8                _getpid_r
 .text          0x00000000080606fc       0xc0 /usr/lib/gcc/arm-none-eabi/9.2.1/../../../arm-none-eabi/lib/thumb/v7e-m+fp/hard/libc.a(lib_a-wbuf.o)
                0x00000000080606fc                __swbuf_r
                0x00000000080607ac                __swbuf
 .text          0x00000000080607bc       0x7c /usr/lib/gcc/arm-none-eabi/9.2.1/../../../arm-none-eabi/lib/thumb/v7e-m+fp/hard/libc.a(lib_a-wcrtomb.o)
                0x00000000080607bc                _wcrtomb_r
                0x00000000080607f0                wcrtomb
 .text          0x0000000008060838       0x28 /usr/lib/gcc/arm-none-eabi/9.2.1/../../../arm-none-eabi/lib/thumb/v7e-m+fp/hard/libc.a(lib_a-fstatr.o)
                0x0000000008060838                _fstat_r
 .text          0x0000000008060860       0x24 /usr/lib/gcc/arm-none-eabi/9.2.1/../../../arm-none-eabi/lib/thumb/v7e-m+fp/hard/libc.a(lib_a-isattyr.o)
                0x0000000008060860                _isatty_r
 .text          0x0000000008060884      0x378 /usr/lib/gcc/arm-none-eabi/9.2.1/thumb/v7e-m+fp/hard/libgcc.a(_arm_addsubdf3.o)
                0x0000000008060884                __aeabi_drsub
                0x000000000806088c                __aeabi_dsub
                0x000000000806088c                __subdf3
                0x0000000008060890                __adddf3
                0x0000000008060890                __aeabi_dadd
                0x0000000008060b08                __aeabi_ui2d
                0x0000000008060b08                __floatunsidf
                0x0000000008060b28                __floatsidf
                0x0000000008060b28                __aeabi_i2d
                0x0000000008060b4c                __extendsfdf2
                0x0000000008060b4c                __aeabi_f2d
                0x0000000008060b90                __aeabi_ul2d
                0x0000000008060b90                __floatundidf
                0x0000000008060ba0                __floatdidf
                0x0000000008060ba0                __aeabi_l2d
 .text          0x0000000008060bfc      0x424 /usr/lib/gcc/arm-none-eabi/9.2.1/thumb/v7e-m+fp/hard/libgcc.a(_arm_muldivdf3.o)
                0x0000000008060bfc                __aeabi_dmul
                0x0000000008060bfc                __muldf3
                0x0000000008060e50                __aeabi_ddiv
                0x0000000008060e50                __divdf3
 .text          0x0000000008061020      0x110 /usr/lib/gcc/arm-none-eabi/9.2.1/thumb/v7e-m+fp/hard/libgcc.a(_arm_cmpdf2.o)
                0x0000000008061020                __gtdf2
                0x0000000008061020                __gedf2
                0x0000000008061028                __ltdf2
                0x0000000008061028                __ledf2
                0x0000000008061030                __cmpdf2
                0x0000000008061030                __eqdf2
                0x0000000008061030                __nedf2
                0x00000000080610ac                __aeabi_cdrcmple
                0x00000000080610bc                __aeabi_cdcmple
                0x00000000080610bc                __aeabi_cdcmpeq
                0x00000000080610cc                __aeabi_dcmpeq
                0x00000000080610e0                __aeabi_dcmplt
                0x00000000080610f4                __aeabi_dcmple
                0x0000000008061108                __aeabi_dcmpge
                0x000000000806111c                __aeabi_dcmpgt
 .text          0x0000000008061130       0x2c /usr/lib/gcc/arm-none-eabi/9.2.1/thumb/v7e-m+fp/hard/libgcc.a(_arm_unorddf2.o)
                0x0000000008061130                __aeabi_dcmpun
                0x0000000008061130                __unorddf2
 .text          0x000000000806115c       0x50 /usr/lib/gcc/arm-none-eabi/9.2.1/thumb/v7e-m+fp/hard/libgcc.a(_arm_fixdfsi.o)
                0x000000000806115c                __fixdfsi
                0x000000000806115c                __aeabi_d2iz
 .text          0x00000000080611ac        0x4 /usr/lib/gcc/arm-none-eabi/9.2.1/../../../arm-none-eabi/lib/thumb/v7e-m+fp/hard/libnosys.a(_exit.o)
                0x00000000080611ac                _exit
 *(.text*)
 .text._read    0x00000000080611b0        0x4 build/pgm_syscalls.o
                0x00000000080611b0                _read
 .text._write   0x00000000080611b4        0x8 build/pgm_syscalls.o
                0x00000000080611b4                _write
 .text._close   0x00000000080611bc        0x8 build/pgm_syscalls.o
                0x00000000080611bc                _close
 .text._fstat   0x00000000080611c4        0xc build/pgm_syscalls.o
                0x00000000080611c4                _fstat
 .text._isatty  0x00000000080611d0        0x4 build/pgm_syscalls.o
                0x00000000080611d0                _isatty
 .text._lseek   0x00000000080611d4        0x4 build/pgm_syscalls.o
                0x00000000080611d4                _lseek
 .text._kill    0x00000000080611d8       0x10 build/pgm_syscalls.o
                0x00000000080611d8                _kill
 .text._getpid  0x00000000080611e8        0x4 build/pgm_syscalls.o
                0x00000000080611e8                _getpid
 .text.free     0x00000000080611ec        0x8 build/pgm_syscalls.o
                0x00000000080611ec                free
 .text.calloc   0x00000000080611f4        0x8 build/pgm_syscalls.o
                0x00000000080611f4                calloc
 .text.__wrap__malloc_r
                0x00000000080611fc        0xc build/pgm_syscalls.o
                0x00000000080611fc                __wrap__malloc_r
 .text._calloc_r
                0x0000000008061208        0xc build/pgm_syscalls.o
                0x0000000008061208                _calloc_r
 .text._realloc_r
                0x0000000008061214        0xc build/pgm_syscalls.o
                0x0000000008061214                _realloc_r
 .text._free_r  0x0000000008061220        0xc build/pgm_syscalls.o
                0x0000000008061220                _free_r
 .text.post_main
                0x000000000806122c       0x1c build/pgm_syscalls.o
                0x000000000806122c                post_main
 .text.gtodot_digit
                0x0000000008061248       0x60 build/keys.o
 .text.check_f_key
                0x00000000080612a8       0x40 build/keys.o
 .text.is_label_or_end_at
                0x00000000080612e8       0x30 build/keys.o
 .text.advance_to_next_label
                0x0000000008061318       0x4c build/keys.o
 .text.init_cat
                0x0000000008061364       0xec build/keys.o
 .text.advance_to_previous_label
                0x0000000008061450       0x50 build/keys.o
 .text.check_confirm.part.0
                0x00000000080614a0       0x30 build/keys.o
 .text.init_arg.part.0
                0x00000000080614d0       0x28 build/keys.o
 .text.reset_arg
                0x00000000080614f8       0x1c build/keys.o
 .text.arg_eval
                0x0000000008061514       0x9c build/keys.o
 .text.arg_digit
                0x00000000080615b0      0x10c build/keys.o
 .text.process_arg_shuffle
                0x00000000080616bc       0x30 build/keys.o
 .text.process_h_shifted
                0x00000000080616ec       0xd8 build/keys.o
 .text.intltr   0x00000000080617c4       0x38 build/keys.o
 .text.process_normal
                0x00000000080617fc      0x278 build/keys.o
 .text.process_fg_shifted
                0x0000000008061a74      0x2a8 build/keys.o
 .text.set_window
                0x0000000008061d1c       0x98 build/keys.o
 .text.arg_storcl
                0x0000000008061db4       0x44 build/keys.o
 .text.process_arg
                0x0000000008061df8      0x550 build/keys.o
 .text.cur_shift
                0x0000000008062348       0x14 build/keys.o
                0x0000000008062348                cur_shift
 .text.reset_shift
                0x000000000806235c       0x18 build/keys.o
                0x000000000806235c                reset_shift
 .text.keycode_to_row_column
                0x0000000008062374       0x24 build/keys.o
                0x0000000008062374                keycode_to_row_column
 .text.row_column_to_keycode
                0x0000000008062398       0x40 build/keys.o
                0x0000000008062398                row_column_to_keycode
 .text.init_state
                0x00000000080623d8       0x8c build/keys.o
                0x00000000080623d8                init_state
 .text.process_cmplx
                0x0000000008062464       0xbc build/keys.o
 .text.soft_init_state
                0x0000000008062520       0x50 build/keys.o
                0x0000000008062520                soft_init_state
 .text.finish_cpx_entry
                0x0000000008062570       0xc8 build/keys.o
                0x0000000008062570                finish_cpx_entry
 .text.stack_begin
                0x0000000008062638       0xbc build/keys.o
                0x0000000008062638                stack_begin
 .text.current_catalogue
                0x00000000080626f4       0xe0 build/keys.o
                0x00000000080626f4                current_catalogue
 .text.process_catalogue
                0x00000000080627d4      0x31c build/keys.o
 .text.get_alpha_state
                0x0000000008062af0       0x28 build/keys.o
                0x0000000008062af0                get_alpha_state
 .text.process_keycode
                0x0000000008062b18     0x1e38 build/keys.o
                0x0000000008062b18                process_keycode
 .text.process_keycode_with_shift
                0x0000000008064950       0xa8 build/keys.o
                0x0000000008064950                process_keycode_with_shift
 .text.set_separator_decimal_modes
                0x00000000080649f8       0x54 build/display.o
 .text.set_dig  0x0000000008064a4c       0x78 build/display.o
 .text.hms_render
                0x0000000008064ac4       0xa8 build/display.o
 .text.set_exp_digits_string
                0x0000000008064b6c       0x40 build/display.o
 .text.hms_step
                0x0000000008064bac       0x38 build/display.o
 .text.set_exp  0x0000000008064be4      0x124 build/display.o
 .text.set_separator.part.0
                0x0000000008064d08       0x40 build/display.o
 .text.set_decimal
                0x0000000008064d48       0x54 build/display.o
 .text.set_digits_string
                0x0000000008064d9c       0x44 build/display.o
 .text.check_special_dn.isra.0
                0x0000000008064de0       0x9c build/display.o
 .text.set_x_hms
                0x0000000008064e7c      0x1c8 build/display.o
 .text.set_x_fract
                0x0000000008065044      0x1b4 build/display.o
 .text.carry_overflow
                0x00000000080651f8       0x84 build/display.o
 .text.set_int_x
                0x000000000806527c      0x3d4 build/display.o
 .text.set_annunciators
                0x0000000008065650      0x108 build/display.o
 .text.s_s_sized.constprop.0
                0x0000000008065758      0x19c build/display.o
 .text.dot      0x00000000080658f4        0xc build/display.o
                0x00000000080658f4                dot
 .text.std_round_fix
                0x0000000008065900       0x7c build/display.o
                0x0000000008065900                std_round_fix
 .text.pixel_length
                0x000000000806597c       0x40 build/display.o
                0x000000000806597c                pixel_length
 .text.set_status
                0x00000000080659bc       0x38 build/display.o
 .text.set_x_dn
                0x00000000080659f4      0x9ec build/display.o
                0x00000000080659f4                set_x_dn
 .text.set_x    0x00000000080663e0       0x34 build/display.o
 .text.format_reg
                0x0000000008066414       0x6c build/display.o
                0x0000000008066414                format_reg
 .text.set_status_right
                0x0000000008066480       0x64 build/display.o
 .text.annunciators
                0x00000000080664e4      0x528 build/display.o
 .text.display  0x0000000008066a0c      0xe90 build/display.o
                0x0000000008066a0c                display
 .text.frozen_display
                0x000000000806789c       0x20 build/display.o
                0x000000000806789c                frozen_display
 .text.message  0x00000000080678bc       0x70 build/display.o
                0x00000000080678bc                message
 .text.error_message
                0x000000000806792c       0x88 build/display.o
                0x000000000806792c                error_message
 .text.find_section_bounds
                0x00000000080679b4       0x78 build/xeq.o
 .text.reg_address
                0x0000000008067a2c       0x64 build/xeq.o
 .text.retstk_up
                0x0000000008067a90       0x74 build/xeq.o
 .text.flag_word
                0x0000000008067b04       0x78 build/xeq.o
 .text.set_zero
                0x0000000008067b7c       0x24 build/xeq.o
 .text.intResult
                0x0000000008067ba0       0xac build/xeq.o
 .text.check_stack_overlap
                0x0000000008067c4c       0x74 build/xeq.o
 .text.move_retstk
                0x0000000008067cc0       0x80 build/xeq.o
                0x0000000008067cc0                move_retstk
 .text.local_regs_rarg
                0x0000000008067d40       0x60 build/xeq.o
                0x0000000008067d40                local_regs_rarg
 .text.get_reg_limit
                0x0000000008067da0       0xbc build/xeq.o
 .text.local_regs
                0x0000000008067e5c       0x40 build/xeq.o
                0x0000000008067e5c                local_regs
 .text.global_regs_rarg
                0x0000000008067e9c       0x40 build/xeq.o
                0x0000000008067e9c                global_regs_rarg
 .text.global_regs
                0x0000000008067edc       0x24 build/xeq.o
                0x0000000008067edc                global_regs
 .text.version  0x0000000008067f00       0x1c build/xeq.o
                0x0000000008067f00                version
 .text.cmd_off  0x0000000008067f1c        0x4 build/xeq.o
                0x0000000008067f1c                cmd_off
 .text.init_RegionTab
                0x0000000008067f20       0x2c build/xeq.o
                0x0000000008067f20                init_RegionTab
 .text.sizeLIB  0x0000000008067f4c       0x20 build/xeq.o
                0x0000000008067f4c                sizeLIB
 .text.getprog  0x0000000008067f6c       0x50 build/xeq.o
                0x0000000008067f6c                getprog
 .text.get_current_prog
                0x0000000008067fbc       0x28 build/xeq.o
                0x0000000008067fbc                get_current_prog
 .text.do_inc   0x0000000008067fe4       0x48 build/xeq.o
                0x0000000008067fe4                do_inc
 .text.user_pc.part.0
                0x000000000806802c       0x38 build/xeq.o
 .text.print_step
                0x0000000008068064       0xac build/xeq.o
 .text.do_dec   0x0000000008068110       0x4c build/xeq.o
                0x0000000008068110                do_dec
 .text.update_program_bounds
                0x000000000806815c       0x98 build/xeq.o
                0x000000000806815c                update_program_bounds
 .text.set_pc   0x00000000080681f4       0xb0 build/xeq.o
                0x00000000080681f4                set_pc
 .text.incpc    0x00000000080682a4       0x2c build/xeq.o
                0x00000000080682a4                incpc
 .text.decpc    0x00000000080682d0       0x28 build/xeq.o
                0x00000000080682d0                decpc
 .text.fin_tst.part.0
                0x00000000080682f8       0x14 build/xeq.o
 .text.do_rtn   0x000000000806830c       0x98 build/xeq.o
 .text.user_pc  0x00000000080683a4       0x14 build/xeq.o
                0x00000000080683a4                user_pc
 .text.find_user_pc
                0x00000000080683b8       0x54 build/xeq.o
                0x00000000080683b8                find_user_pc
 .text.report_err
                0x000000000806840c       0x20 build/xeq.o
                0x000000000806840c                report_err
 .text.report_warn
                0x000000000806842c       0x5c build/xeq.o
                0x000000000806842c                report_warn
 .text.cmderr   0x0000000008068488       0x14 build/xeq.o
                0x0000000008068488                cmderr
 .text.cmdmsg   0x000000000806849c        0x4 build/xeq.o
                0x000000000806849c                cmdmsg
 .text.rarg_roundingmode
                0x00000000080684a0       0x18 build/xeq.o
                0x00000000080684a0                rarg_roundingmode
 .text.packed_from_number
                0x00000000080684b8       0x3c build/xeq.o
                0x00000000080684b8                packed_from_number
 .text.packed128_from_number
                0x00000000080684f4       0x3c build/xeq.o
                0x00000000080684f4                packed128_from_number
 .text.check_special
                0x0000000008068530       0xa8 build/xeq.o
 .text.packed_from_packed128
                0x00000000080685d8       0x1c build/xeq.o
                0x00000000080685d8                packed_from_packed128
 .text.packed128_from_packed
                0x00000000080685f4       0x1c build/xeq.o
                0x00000000080685f4                packed128_from_packed
 .text.stack_size
                0x0000000008068610       0x38 build/xeq.o
                0x0000000008068610                stack_size
 .text.copyreg  0x0000000008068648       0x20 build/xeq.o
                0x0000000008068648                copyreg
 .text.set_lift
                0x0000000008068668       0x10 build/xeq.o
                0x0000000008068668                set_lift
 .text.is_dblmode
                0x0000000008068678       0x20 build/xeq.o
                0x0000000008068678                is_dblmode
 .text.s_to_i   0x0000000008068698       0x6c build/xeq.o
                0x0000000008068698                s_to_i
 .text.digit    0x0000000008068704      0x190 build/xeq.o
 .text.s_to_ull
                0x0000000008068894       0x3c build/xeq.o
                0x0000000008068894                s_to_ull
 .text.get_cmdline
                0x00000000080688d0       0x18 build/xeq.o
                0x00000000080688d0                get_cmdline
 .text.is_bad_cmdline
                0x00000000080688e8        0x4 build/xeq.o
                0x00000000080688e8                is_bad_cmdline
 .text.get_flash_reg_n
                0x00000000080688ec       0x20 build/xeq.o
                0x00000000080688ec                get_flash_reg_n
 .text.get_const
                0x000000000806890c       0x84 build/xeq.o
                0x000000000806890c                get_const
 .text.get_reg_n
                0x0000000008068990       0xb4 build/xeq.o
                0x0000000008068990                get_reg_n
 .text.lift     0x0000000008068a44       0x6c build/xeq.o
                0x0000000008068a44                lift
 .text.lift2_if_enabled
                0x0000000008068ab0       0x48 build/xeq.o
 .text.lower    0x0000000008068af8       0x74 build/xeq.o
 .text.get_stack_top
                0x0000000008068b6c       0x3c build/xeq.o
 .text.roll_down
                0x0000000008068ba8       0x54 build/xeq.o
                0x0000000008068ba8                roll_down
 .text.cpx_roll_down
                0x0000000008068bfc       0x34 build/xeq.o
                0x0000000008068bfc                cpx_roll_down
 .text.roll_up  0x0000000008068c30       0x54 build/xeq.o
                0x0000000008068c30                roll_up
 .text.cpx_roll_up
                0x0000000008068c84       0x34 build/xeq.o
                0x0000000008068c84                cpx_roll_up
 .text.fill     0x0000000008068cb8       0x70 build/xeq.o
                0x0000000008068cb8                fill
 .text.lower2   0x0000000008068d28       0x74 build/xeq.o
 .text.drop     0x0000000008068d9c       0x20 build/xeq.o
                0x0000000008068d9c                drop
 .text.copyreg_n
                0x0000000008068dbc       0x3c build/xeq.o
                0x0000000008068dbc                copyreg_n
 .text.setlastX
                0x0000000008068df8        0x8 build/xeq.o
                0x0000000008068df8                setlastX
 .text.setlastXY
                0x0000000008068e00       0x18 build/xeq.o
 .text.getRegister
                0x0000000008068e18       0x34 build/xeq.o
                0x0000000008068e18                getRegister
 .text.getX     0x0000000008068e4c        0x8 build/xeq.o
                0x0000000008068e4c                getX
 .text.getY     0x0000000008068e54        0x8 build/xeq.o
                0x0000000008068e54                getY
 .text.getXY    0x0000000008068e5c       0x18 build/xeq.o
                0x0000000008068e5c                getXY
 .text.getXYZ   0x0000000008068e74       0x20 build/xeq.o
                0x0000000008068e74                getXYZ
 .text.getXYZT  0x0000000008068e94       0x14 build/xeq.o
                0x0000000008068e94                getXYZT
 .text.storcl_op
                0x0000000008068ea8       0x84 build/xeq.o
 .text.storcl_cop
                0x0000000008068f2c       0xc0 build/xeq.o
 .text.cpx_enter
                0x0000000008068fec       0x50 build/xeq.o
                0x0000000008068fec                cpx_enter
 .text.cpx_fill
                0x000000000806903c       0x94 build/xeq.o
                0x000000000806903c                cpx_fill
 .text.setRegister
                0x00000000080690d0       0x54 build/xeq.o
                0x00000000080690d0                setRegister
 .text.setX     0x0000000008069124        0x8 build/xeq.o
                0x0000000008069124                setX
 .text.rarg_round
                0x000000000806912c       0x70 build/xeq.o
                0x000000000806912c                rarg_round
 .text.setY     0x000000000806919c        0x8 build/xeq.o
                0x000000000806919c                setY
 .text.setXY    0x00000000080691a4       0x2c build/xeq.o
                0x00000000080691a4                setXY
 .text.convert_regK
                0x00000000080691d0       0xc4 build/xeq.o
                0x00000000080691d0                convert_regK
 .text.cpx_nop  0x0000000008069294      0x15c build/xeq.o
                0x0000000008069294                cpx_nop
 .text.get_reg_n_int
                0x00000000080693f0       0x1c build/xeq.o
                0x00000000080693f0                get_reg_n_int
 .text.storcl_intop
                0x000000000806940c       0xb0 build/xeq.o
 .text.incdec   0x00000000080694bc       0x98 build/xeq.o
 .text.set_reg_n_int
                0x0000000008069554       0x1c build/xeq.o
                0x0000000008069554                set_reg_n_int
 .text.get_reg_n_int_sgn
                0x0000000008069570       0x38 build/xeq.o
                0x0000000008069570                get_reg_n_int_sgn
 .text.get_keycode_from_reg
                0x00000000080695a8       0x30 build/xeq.o
 .text.getX_int
                0x00000000080695d8        0x8 build/xeq.o
                0x00000000080695d8                getX_int
 .text.getX_int_sgn
                0x00000000080695e0        0x8 build/xeq.o
                0x00000000080695e0                getX_int_sgn
 .text.set_reg_n_int_sgn
                0x00000000080695e8       0x64 build/xeq.o
                0x00000000080695e8                set_reg_n_int_sgn
 .text.op_roundingmode
                0x000000000806964c       0x28 build/xeq.o
                0x000000000806964c                op_roundingmode
 .text.register_from_int
                0x0000000008069674       0x64 build/xeq.o
 .text.int_from_register
                0x00000000080696d8       0x48 build/xeq.o
 .text.switch_to_int
                0x0000000008069720       0x80 build/xeq.o
 .text.process_cmdline.part.0
                0x00000000080697a0      0x250 build/xeq.o
 .text.process_cmdline
                0x00000000080699f0       0x10 build/xeq.o
                0x00000000080699f0                process_cmdline
 .text.cpx_pi   0x0000000008069a00       0xcc build/xeq.o
                0x0000000008069a00                cpx_pi
 .text.process_cmdline_set_lift
                0x0000000008069acc       0x24 build/xeq.o
                0x0000000008069acc                process_cmdline_set_lift
 .text.setX_int
                0x0000000008069af0       0x20 build/xeq.o
                0x0000000008069af0                setX_int
 .text.do_rcl   0x0000000008069b10       0xdc build/xeq.o
 .text.setX_int_sgn
                0x0000000008069bec       0x18 build/xeq.o
                0x0000000008069bec                setX_int_sgn
 .text.zero_X   0x0000000008069c04        0xc build/xeq.o
                0x0000000008069c04                zero_X
 .text.zero_Y   0x0000000008069c10       0x10 build/xeq.o
                0x0000000008069c10                zero_Y
 .text.clrx     0x0000000008069c20       0x78 build/xeq.o
                0x0000000008069c20                clrx
 .text.clrstk   0x0000000008069c98       0x6c build/xeq.o
                0x0000000008069c98                clrstk
 .text.clrreg   0x0000000008069d04      0x12c build/xeq.o
                0x0000000008069d04                clrreg
 .text.clrretstk
                0x0000000008069e30       0x14 build/xeq.o
                0x0000000008069e30                clrretstk
 .text.clrretstk_pc
                0x0000000008069e44       0x24 build/xeq.o
                0x0000000008069e44                clrretstk_pc
 .text.cmdconst
                0x0000000008069e68       0xd4 build/xeq.o
                0x0000000008069e68                cmdconst
 .text.cmdsto   0x0000000008069f3c       0x80 build/xeq.o
                0x0000000008069f3c                cmdsto
 .text.cmdrcl   0x0000000008069fbc        0x4 build/xeq.o
                0x0000000008069fbc                cmdrcl
 .text.cmdcsto  0x0000000008069fc0       0xd0 build/xeq.o
                0x0000000008069fc0                cmdcsto
 .text.cmdcrcl  0x000000000806a090      0x108 build/xeq.o
                0x000000000806a090                cmdcrcl
 .text.cmdircl  0x000000000806a198       0x20 build/xeq.o
                0x000000000806a198                cmdircl
 .text.cmdrrcl  0x000000000806a1b8       0x88 build/xeq.o
                0x000000000806a1b8                cmdrrcl
 .text.swap_reg
                0x000000000806a240       0x64 build/xeq.o
                0x000000000806a240                swap_reg
 .text.cmdswap  0x000000000806a2a4       0x9c build/xeq.o
                0x000000000806a2a4                cmdswap
 .text.cmdview  0x000000000806a340       0x5c build/xeq.o
                0x000000000806a340                cmdview
 .text.get_stack_size
                0x000000000806a39c       0x48 build/xeq.o
                0x000000000806a39c                get_stack_size
 .text.get_word_size
                0x000000000806a3e4       0x1c build/xeq.o
                0x000000000806a3e4                get_word_size
 .text.get_sign_mode
                0x000000000806a400       0x28 build/xeq.o
                0x000000000806a400                get_sign_mode
 .text.get_base
                0x000000000806a428       0x1c build/xeq.o
                0x000000000806a428                get_base
 .text.op_ticks
                0x000000000806a444       0x28 build/xeq.o
                0x000000000806a444                op_ticks
 .text.op_voltage
                0x000000000806a46c       0x64 build/xeq.o
                0x000000000806a46c                op_voltage
 .text.free_mem
                0x000000000806a4d0       0x18 build/xeq.o
                0x000000000806a4d0                free_mem
 .text.free_flash
                0x000000000806a4e8       0x14 build/xeq.o
                0x000000000806a4e8                free_flash
 .text.get_mem  0x000000000806a4fc       0xac build/xeq.o
                0x000000000806a4fc                get_mem
 .text.cmdputkey
                0x000000000806a5a8       0x3c build/xeq.o
                0x000000000806a5a8                cmdputkey
 .text.cmdkeytype
                0x000000000806a5e4       0x50 build/xeq.o
                0x000000000806a5e4                cmdkeytype
 .text.op_query_xtal
                0x000000000806a634       0x24 build/xeq.o
                0x000000000806a634                op_query_xtal
 .text.op_query_print
                0x000000000806a658       0x28 build/xeq.o
                0x000000000806a658                op_query_print
 .text.cmdstostk
                0x000000000806a680       0x24 build/xeq.o
                0x000000000806a680                cmdstostk
 .text.cmdrclstk
                0x000000000806a6a4       0x24 build/xeq.o
                0x000000000806a6a4                cmdrclstk
 .text.find_opcode_from
                0x000000000806a6c8       0x70 build/xeq.o
                0x000000000806a6c8                find_opcode_from
 .text.find_label_from
                0x000000000806a738        0x8 build/xeq.o
                0x000000000806a738                find_label_from
 .text.op_rtn   0x000000000806a740       0x28 build/xeq.o
                0x000000000806a740                op_rtn
 .text.op_popusr
                0x000000000806a768       0x60 build/xeq.o
                0x000000000806a768                op_popusr
 .text.findmultilbl
                0x000000000806a7c8       0x4c build/xeq.o
                0x000000000806a7c8                findmultilbl
 .text.get_dispmode_digs
                0x000000000806a814       0x30 build/xeq.o
                0x000000000806a814                get_dispmode_digs
 .text.convC2F  0x000000000806a844       0x24 build/xeq.o
                0x000000000806a844                convC2F
 .text.convF2C  0x000000000806a868       0x24 build/xeq.o
                0x000000000806a868                convF2C
 .text.convDB2AR
                0x000000000806a88c       0x20 build/xeq.o
                0x000000000806a88c                convDB2AR
 .text.convAR2DB
                0x000000000806a8ac       0x20 build/xeq.o
                0x000000000806a8ac                convAR2DB
 .text.convDB2PR
                0x000000000806a8cc       0x1c build/xeq.o
                0x000000000806a8cc                convDB2PR
 .text.convPR2DB
                0x000000000806a8e8       0x1c build/xeq.o
                0x000000000806a8e8                convPR2DB
 .text.do_conv  0x000000000806a904       0x44 build/xeq.o
                0x000000000806a904                do_conv
 .text.cmdconv  0x000000000806a948       0x40 build/xeq.o
                0x000000000806a948                cmdconv
 .text.fin_tst  0x000000000806a988       0x40 build/xeq.o
                0x000000000806a988                fin_tst
 .text.check_mode
                0x000000000806a9c8       0x28 build/xeq.o
                0x000000000806a9c8                check_mode
 .text.check_dblmode
                0x000000000806a9f0       0x20 build/xeq.o
                0x000000000806a9f0                check_dblmode
 .text.isTop    0x000000000806aa10       0x44 build/xeq.o
                0x000000000806aa10                isTop
 .text.cmdlblp  0x000000000806aa54       0x28 build/xeq.o
                0x000000000806aa54                cmdlblp
 .text.cmdmultilblp
                0x000000000806aa7c       0x18 build/xeq.o
                0x000000000806aa7c                cmdmultilblp
 .text.cmdkeyp  0x000000000806aa94       0x48 build/xeq.o
                0x000000000806aa94                cmdkeyp
 .text.do_tst   0x000000000806aadc      0x170 build/xeq.o
 .text.do_ztst  0x000000000806ac4c       0xd0 build/xeq.o
 .text.check_zero
                0x000000000806ad1c       0x70 build/xeq.o
                0x000000000806ad1c                check_zero
 .text.cmdtest  0x000000000806ad8c        0x8 build/xeq.o
                0x000000000806ad8c                cmdtest
 .text.cmdztest
                0x000000000806ad94       0x2c build/xeq.o
                0x000000000806ad94                cmdztest
 .text.cmdlincdec
                0x000000000806adc0       0x10 build/xeq.o
                0x000000000806adc0                cmdlincdec
 .text.cmdloopz
                0x000000000806add0       0x18 build/xeq.o
                0x000000000806add0                cmdloopz
 .text.cmdloop  0x000000000806ade8      0x1f8 build/xeq.o
                0x000000000806ade8                cmdloop
 .text.op_shift_digit
                0x000000000806afe0       0x68 build/xeq.o
                0x000000000806afe0                op_shift_digit
 .text.get_user_flag
                0x000000000806b048       0x20 build/xeq.o
                0x000000000806b048                get_user_flag
 .text.cmdflag  0x000000000806b068       0xc0 build/xeq.o
                0x000000000806b068                cmdflag
 .text.clrflags
                0x000000000806b128       0x30 build/xeq.o
                0x000000000806b128                clrflags
 .text.intws    0x000000000806b158       0xec build/xeq.o
                0x000000000806b158                intws
 .text.get_maxdenom
                0x000000000806b244       0x20 build/xeq.o
                0x000000000806b244                get_maxdenom
 .text.op_2frac
                0x000000000806b264       0xa0 build/xeq.o
                0x000000000806b264                op_2frac
 .text.op_fracdenom
                0x000000000806b304       0x84 build/xeq.o
                0x000000000806b304                op_fracdenom
 .text.op_float
                0x000000000806b388       0xd4 build/xeq.o
                0x000000000806b388                op_float
 .text.cmddisp  0x000000000806b45c       0xc4 build/xeq.o
                0x000000000806b45c                cmddisp
 .text.set_int_base
                0x000000000806b520       0x50 build/xeq.o
                0x000000000806b520                set_int_base
 .text.op_fract
                0x000000000806b570       0x44 build/xeq.o
                0x000000000806b570                op_fract
 .text.cmdsavem
                0x000000000806b5b4       0x1c build/xeq.o
                0x000000000806b5b4                cmdsavem
 .text.set_entry
                0x000000000806b5d0       0x2c build/xeq.o
                0x000000000806b5d0                set_entry
 .text.get_trig_mode
                0x000000000806b5fc       0x30 build/xeq.o
                0x000000000806b5fc                get_trig_mode
 .text.cmdpause
                0x000000000806b62c       0x24 build/xeq.o
                0x000000000806b62c                cmdpause
 .text.op_setspeed
                0x000000000806b650       0x20 build/xeq.o
                0x000000000806b650                op_setspeed
 .text.op_prompt
                0x000000000806b670       0x30 build/xeq.o
                0x000000000806b670                op_prompt
 .text.XisInt   0x000000000806b6a0       0x60 build/xeq.o
                0x000000000806b6a0                XisInt
 .text.XisEvenOrOdd
                0x000000000806b700       0x64 build/xeq.o
                0x000000000806b700                XisEvenOrOdd
 .text.XisPrime
                0x000000000806b764       0x84 build/xeq.o
                0x000000000806b764                XisPrime
 .text.isInfinite
                0x000000000806b7e8       0x30 build/xeq.o
                0x000000000806b7e8                isInfinite
 .text.isNan    0x000000000806b818       0x40 build/xeq.o
                0x000000000806b818                isNan
 .text.isSpecial
                0x000000000806b858       0x40 build/xeq.o
                0x000000000806b858                isSpecial
 .text.op_entryp
                0x000000000806b898       0x14 build/xeq.o
                0x000000000806b898                op_entryp
 .text.reg_decode
                0x000000000806b8ac      0x238 build/xeq.o
                0x000000000806b8ac                reg_decode
 .text.op_regcopy
                0x000000000806bae4       0x4c build/xeq.o
                0x000000000806bae4                op_regcopy
 .text.op_regswap
                0x000000000806bb30       0x70 build/xeq.o
                0x000000000806bb30                op_regswap
 .text.op_regclr
                0x000000000806bba0       0x48 build/xeq.o
                0x000000000806bba0                op_regclr
 .text.op_regsort
                0x000000000806bbe8      0x114 build/xeq.o
                0x000000000806bbe8                op_regsort
 .text.busy     0x000000000806bcfc       0x24 build/xeq.o
                0x000000000806bcfc                busy
 .text.intMonadic
                0x000000000806bd20       0x98 build/xeq.o
                0x000000000806bd20                intMonadic
 .text.intDyadic
                0x000000000806bdb8       0xd4 build/xeq.o
                0x000000000806bdb8                intDyadic
 .text.xeq_init_contexts
                0x000000000806be8c       0x9c build/xeq.o
                0x000000000806be8c                xeq_init_contexts
 .text.not_running
                0x000000000806bf28       0x24 build/xeq.o
                0x000000000806bf28                not_running
 .text.set_running_off
                0x000000000806bf4c       0x24 build/xeq.o
                0x000000000806bf4c                set_running_off
 .text.set_running_on
                0x000000000806bf70       0x44 build/xeq.o
                0x000000000806bf70                set_running_on
 .text.gsbgto   0x000000000806bfb4       0xa8 build/xeq.o
 .text.cmdgtocommon
                0x000000000806c05c       0x34 build/xeq.o
                0x000000000806c05c                cmdgtocommon
 .text.cmdgto   0x000000000806c090       0x44 build/xeq.o
                0x000000000806c090                cmdgto
 .text.branchtoalpha
                0x000000000806c0d4       0x28 build/xeq.o
 .text.cmdalphagto
                0x000000000806c0fc       0x2c build/xeq.o
                0x000000000806c0fc                cmdalphagto
 .text.op_gtoalpha
                0x000000000806c128       0x34 build/xeq.o
                0x000000000806c128                op_gtoalpha
 .text.cmdskip  0x000000000806c15c       0x84 build/xeq.o
                0x000000000806c15c                cmdskip
 .text.cmdback  0x000000000806c1e0       0x74 build/xeq.o
                0x000000000806c1e0                cmdback
 .text.usergsb_common
                0x000000000806c254       0x8c build/xeq.o
 .text.do_usergsb
                0x000000000806c2e0       0x18 build/xeq.o
                0x000000000806c2e0                do_usergsb
 .text.cmdmultigto
                0x000000000806c2f8       0x50 build/xeq.o
                0x000000000806c2f8                cmdmultigto
 .text.store_a_to_d
                0x000000000806c348       0x24 build/xeq.o
                0x000000000806c348                store_a_to_d
 .text.cmdlocr  0x000000000806c36c      0x16c build/xeq.o
                0x000000000806c36c                cmdlocr
 .text.cmdxout  0x000000000806c4d8      0x208 build/xeq.o
                0x000000000806c4d8                cmdxout
 .text.cmdconverged
                0x000000000806c6e0       0xf8 build/xeq.o
                0x000000000806c6e0                cmdconverged
 .text.cmdshuffle
                0x000000000806c7d8       0x8c build/xeq.o
                0x000000000806c7d8                cmdshuffle
 .text.cmdmode  0x000000000806c864       0x54 build/xeq.o
                0x000000000806c864                cmdmode
 .text.cmdlpop  0x000000000806c8b8       0x3c build/xeq.o
                0x000000000806c8b8                cmdlpop
 .text.cmdregs  0x000000000806c8f4       0xb8 build/xeq.o
                0x000000000806c8f4                cmdregs
 .text.op_double
                0x000000000806c9ac      0x128 build/xeq.o
                0x000000000806c9ac                op_double
 .text.cmdrestm
                0x000000000806cad4       0xac build/xeq.o
                0x000000000806cad4                cmdrestm
 .text.cmdxin   0x000000000806cb80      0x1d0 build/xeq.o
                0x000000000806cb80                cmdxin
 .text.xeq      0x000000000806cd50      0xd0c build/xeq.o
                0x000000000806cd50                xeq
 .text.xeq_single
                0x000000000806da5c       0x24 build/xeq.o
 .text.xeq_xrom2
                0x000000000806da80       0x88 build/xeq.o
 .text.xeq_xrom
                0x000000000806db08       0x14 build/xeq.o
                0x000000000806db08                xeq_xrom
 .text.dispatch_xrom
                0x000000000806db1c       0x74 build/xeq.o
 .text.op_rs    0x000000000806db90       0x8c build/xeq.o
                0x000000000806db90                op_rs
 .text.xeqprog  0x000000000806dc1c       0x74 build/xeq.o
                0x000000000806dc1c                xeqprog
 .text.xeq_sst_bst
                0x000000000806dc90       0xac build/xeq.o
                0x000000000806dc90                xeq_sst_bst
 .text.init_34s
                0x000000000806dd3c       0x2c build/xeq.o
                0x000000000806dd3c                init_34s
 .text.prt_multi
                0x000000000806dd68       0x58 build/prt.o
 .text.prt_conv
                0x000000000806ddc0       0x64 build/prt.o
 .text.prt_specials.part.0
                0x000000000806de24      0x10c build/prt.o
 .text.num_arg_digits.part.0
                0x000000000806df30       0x34 build/prt.o
 .text.num_arg_digits
                0x000000000806df64       0x20 build/prt.o
                0x000000000806df64                num_arg_digits
 .text.prt      0x000000000806df84      0x2cc build/prt.o
                0x000000000806df84                prt
 .text.catcmd   0x000000000806e250      0x120 build/prt.o
                0x000000000806e250                catcmd
 .text.decNumberDRG_internal
                0x000000000806e370       0x9c build/decn.o
 .text.realULP  0x000000000806e40c       0x98 build/decn.o
 .text.dn_lt0   0x000000000806e4a4       0x28 build/decn.o
                0x000000000806e4a4                dn_lt0
 .text.dn_le0   0x000000000806e4cc       0x28 build/decn.o
                0x000000000806e4cc                dn_le0
 .text.dn_eq0   0x000000000806e4f4       0x1c build/decn.o
                0x000000000806e4f4                dn_eq0
 .text.dn_eq    0x000000000806e510       0x50 build/decn.o
                0x000000000806e510                dn_eq
 .text.dn_lt    0x000000000806e560       0x44 build/decn.o
                0x000000000806e560                dn_lt
 .text.dn_abs_lt
                0x000000000806e5a4       0x20 build/decn.o
                0x000000000806e5a4                dn_abs_lt
 .text.gcheckSmall
                0x000000000806e5c4       0x20 build/decn.o
 .text.relative_error
                0x000000000806e5e4       0x4c build/decn.o
                0x000000000806e5e4                relative_error
 .text.absolute_error
                0x000000000806e630       0x24 build/decn.o
                0x000000000806e630                absolute_error
 .text.dn_add   0x000000000806e654        0xc build/decn.o
                0x000000000806e654                dn_add
 .text.dn_subtract
                0x000000000806e660        0xc build/decn.o
                0x000000000806e660                dn_subtract
 .text.dn_multiply
                0x000000000806e66c        0xc build/decn.o
                0x000000000806e66c                dn_multiply
 .text.dn_divide
                0x000000000806e678        0xc build/decn.o
                0x000000000806e678                dn_divide
 .text.dn_compare
                0x000000000806e684        0xc build/decn.o
                0x000000000806e684                dn_compare
 .text.dn_min   0x000000000806e690        0xc build/decn.o
                0x000000000806e690                dn_min
 .text.dn_max   0x000000000806e69c        0xc build/decn.o
                0x000000000806e69c                dn_max
 .text.dn_abs   0x000000000806e6a8        0xc build/decn.o
                0x000000000806e6a8                dn_abs
 .text.dn_minus
                0x000000000806e6b4        0xc build/decn.o
                0x000000000806e6b4                dn_minus
 .text.dn_plus  0x000000000806e6c0        0xc build/decn.o
                0x000000000806e6c0                dn_plus
 .text.dn_sqrt  0x000000000806e6cc        0xc build/decn.o
                0x000000000806e6cc                dn_sqrt
 .text.dn_exp   0x000000000806e6d8        0xc build/decn.o
                0x000000000806e6d8                dn_exp
 .text.dn_average
                0x000000000806e6e4       0x28 build/decn.o