Archive member included to satisfy reference by file (symbol)

build/libconsts.a(const_50.o)
                              build/decn.o (const_50)
build/libconsts.a(const_randfac.o)
                              build/stats.o (const_randfac)
build/libconsts.a(const_ln10.o)
                              build/decn.o (const_ln10)
build/libconsts.a(const_egamma.o)
                              build/decn.o (const_egamma)
build/libconsts.a(const_256.o)
                              build/decn.o (const_256)
build/libconsts.a(const_180.o)
                              build/decn.o (const_180)
build/libconsts.a(const_1e_32.o)
                              build/xeq.o (const_1e_32)
build/libconsts.a(const_gammaC03.o)
                              build/decn.o (const_gammaC03)
build/libconsts.a(const_60.o)
                              build/decn.o (const_60)
build/libconsts.a(const_10.o)
                              build/decn.o (const_10)
build/libconsts.a(const_360.o)
                              build/xeq.o (const_360)
build/libconsts.a(const_gammaC10.o)
                              build/decn.o (const_gammaC10)
build/libconsts.a(const_gammaC11.o)
                              build/decn.o (const_gammaC11)
build/libconsts.a(const__inf.o)
                              build/decn.o (const__inf)
build/libconsts.a(const_21.o)
                              build/decn.o (const_21)
build/libconsts.a(const_gammaC16.o)
                              build/decn.o (const_gammaC16)
build/libconsts.a(const_200.o)
                              build/decn.o (const_200)
build/libconsts.a(const_gammaC06.o)
                              build/decn.o (const_gammaC06)
build/libconsts.a(const_NaN.o)
                              build/xeq.o (const_NaN)
build/libconsts.a(const_gammaC15.o)
                              build/decn.o (const_gammaC15)
build/libconsts.a(const_1e_24.o)
                              build/xeq.o (const_1e_24)
build/libconsts.a(const_45.o)
                              build/decn.o (const_45)
build/libconsts.a(const_0_05.o)
                              build/xeq.o (const_0_05)
build/libconsts.a(const_3.o)  build/decn.o (const_3)
build/libconsts.a(const_hms_threshold.o)
                              build/display.o (const_hms_threshold)
build/libconsts.a(const_gammaC14.o)
                              build/decn.o (const_gammaC14)
build/libconsts.a(const_0_6.o)
                              build/decn.o (const_0_6)
build/libconsts.a(const_32.o)
                              build/xeq.o (const_32)
build/libconsts.a(const_0_75.o)
                              build/decn.o (const_0_75)
build/libconsts.a(const__1.o)
                              build/decn.o (const__1)
build/libconsts.a(const_gammaC00.o)
                              build/decn.o (const_gammaC00)
build/libconsts.a(const_ln2.o)
                              build/decn.o (const_ln2)
build/libconsts.a(const_gammaC18.o)
                              build/decn.o (const_gammaC18)
build/libconsts.a(const_2PI.o)
                              build/xeq.o (const_2PI)
build/libconsts.a(const_1e_14.o)
                              build/xeq.o (const_1e_14)
build/libconsts.a(const_0.o)  build/xeq.o (const_0)
build/libconsts.a(const_PIon180.o)
                              build/decn.o (const_PIon180)
build/libconsts.a(const_9000.o)
                              build/display.o (const_9000)
build/libconsts.a(const_0_9.o)
                              build/decn.o (const_0_9)
build/libconsts.a(const_gammaC08.o)
                              build/decn.o (const_gammaC08)
build/libconsts.a(const_gammaC21.o)
                              build/decn.o (const_gammaC21)
build/libconsts.a(const_1e_37.o)
                              build/decn.o (const_1e_37)
build/libconsts.a(const_gammaC05.o)
                              build/decn.o (const_gammaC05)
build/libconsts.a(const_2.o)  build/decn.o (const_2)
build/libconsts.a(const_gammaC13.o)
                              build/decn.o (const_gammaC13)
build/libconsts.a(const_100000.o)
                              build/display.o (const_100000)
build/libconsts.a(const_gammaR.o)
                              build/decn.o (const_gammaR)
build/libconsts.a(const_5.o)  build/decn.o (const_5)
build/libconsts.a(const_1.o)  build/xeq.o (const_1)
build/libconsts.a(const_gammaC19.o)
                              build/decn.o (const_gammaC19)
build/libconsts.a(const_inf.o)
                              build/decn.o (const_inf)
build/libconsts.a(const_0_995.o)
                              build/decn.o (const_0_995)
build/libconsts.a(const_0_0001.o)
                              build/display.o (const_0_0001)
build/libconsts.a(const_1on60.o)
                              build/decn.o (const_1on60)
build/libconsts.a(const_PIon200.o)
                              build/decn.o (const_PIon200)
build/libconsts.a(const_gammaC01.o)
                              build/decn.o (const_gammaC01)
build/libconsts.a(const_gammaC09.o)
[...]
Memory Configuration

Name             Origin             Length             Attributes
FLASH            0x0000000008050000 0x00000000000b0000 xr
RAM              0x0000000010000000 0x0000000000002000 xrw
QSPI             0x0000000090000000 0x0000000000200000 xr
*default*        0x0000000000000000 0xffffffffffffffff

Linker script and memory map

LOAD /usr/lib/gcc/arm-none-eabi/9.2.1/thumb/v7e-m+fp/hard/crti.o
LOAD /usr/lib/gcc/arm-none-eabi/9.2.1/thumb/v7e-m+fp/hard/crtbegin.o
LOAD /usr/lib/gcc/arm-none-eabi/9.2.1/../../../arm-none-eabi/lib/thumb/v7e-m+fp/hard/crt0.o
LOAD build/pgm_syscalls.o
LOAD build/keys.o
LOAD build/display.o
LOAD build/xeq.o
LOAD build/prt.o
LOAD build/decn.o
LOAD build/complex.o
LOAD build/stats.o
LOAD build/lcd.o
LOAD build/int.o
LOAD build/date.o
LOAD build/consts.o
LOAD build/alpha.o
LOAD build/charmap.o
LOAD build/commands.o
LOAD build/string.o
LOAD build/storage.o
LOAD build/matrix.o
LOAD build/font.o
LOAD build/xrom.o
LOAD build/console.o
LOAD build/stopwatch.o
LOAD build/printer.o
LOAD build/libconsts.a
LOAD build/libdecNumber.a
LOAD build/startup_pgm.o
START GROUP
LOAD /usr/lib/gcc/arm-none-eabi/9.2.1/thumb/v7e-m+fp/hard/libgcc.a
LOAD /usr/lib/gcc/arm-none-eabi/9.2.1/../../../arm-none-eabi/lib/thumb/v7e-m+fp/hard/libc.a
END GROUP
START GROUP
LOAD /usr/lib/gcc/arm-none-eabi/9.2.1/thumb/v7e-m+fp/hard/libgcc.a
LOAD /usr/lib/gcc/arm-none-eabi/9.2.1/../../../arm-none-eabi/lib/thumb/v7e-m+fp/hard/libc.a
LOAD /usr/lib/gcc/arm-none-eabi/9.2.1/../../../arm-none-eabi/lib/thumb/v7e-m+fp/hard/libnosys.a
END GROUP
LOAD /usr/lib/gcc/arm-none-eabi/9.2.1/thumb/v7e-m+fp/hard/crtend.o
LOAD /usr/lib/gcc/arm-none-eabi/9.2.1/thumb/v7e-m+fp/hard/crtn.o

.qspi           0x0000000090000000        0x0
                0x0000000090000000                . = ALIGN (0x8)
                0x0000000090000000                _qspi_start = .
 *(.qspi)
 *(.qspi*)
 *(.rodata.__bid_mod10_18_tbl)
 *(.rodata.__bid_convert_table)
 *(.rodata.bid_log_table_1)
 *(.rodata.bid_log_table_2)
 *(.rodata.bid_decimal128_moduli)
 *(.rodata.bid_exponents_bid64)
 *(.rodata.bid_exponents_binary128)
 *(.rodata.bid_breakpoints_binary128)
 *(.rodata.bid_breakpoints_bid64)
 *(.rodata.bid_multipliers1_binary128)
 *(.rodata.bid_multipliers2_bid64)
 *(.rodata.bid_multipliers1_bid64)
 *(.rodata.bid_multipliers2_binary128)
                0x0000000090000000                . = ALIGN (0x8)
                0x0000000090000000                _qspi_end = .

.rodata         0x0000000008050000     0xa938
 *(.rodata.prog_info)
 .rodata.prog_info
                0x0000000008050000       0x40 build/pgm_syscalls.o
                0x0000000008050000                prog_info
                0x0000000008050040                . = ALIGN (0x40)
 *(.rodata)
 .rodata        0x0000000008050040      0x1ba build/display.o
 *fill*         0x00000000080501fa        0x2 
 .rodata        0x00000000080501fc       0x29 build/xeq.o
 *fill*         0x0000000008050225        0x3 
 .rodata        0x0000000008050228       0x40 build/date.o
 .rodata        0x0000000008050268       0x39 build/console.o
 *fill*         0x00000000080502a1        0x3 
 .rodata        0x00000000080502a4       0xa0 build/printer.o
 .rodata        0x0000000008050344        0x4 /usr/lib/gcc/arm-none-eabi/9.2.1/../../../arm-none-eabi/lib/thumb/v7e-m+fp/hard/libc.a(lib_a-impure.o)
                0x0000000008050344                _global_impure_ptr
 .rodata        0x0000000008050348       0x20 /usr/lib/gcc/arm-none-eabi/9.2.1/../../../arm-none-eabi/lib/thumb/v7e-m+fp/hard/libc.a(lib_a-svfprintf.o)
 .rodata        0x0000000008050368      0x101 /usr/lib/gcc/arm-none-eabi/9.2.1/../../../arm-none-eabi/lib/thumb/v7e-m+fp/hard/libc.a(lib_a-ctype_.o)
                0x0000000008050368                _ctype_
 *fill*         0x0000000008050469        0x7 
 .rodata        0x0000000008050470      0x128 /usr/lib/gcc/arm-none-eabi/9.2.1/../../../arm-none-eabi/lib/thumb/v7e-m+fp/hard/libc.a(lib_a-mprec.o)
                0x0000000008050480                __mprec_tens
                0x0000000008050548                __mprec_tinytens
                0x0000000008050570                __mprec_bigtens
 .rodata        0x0000000008050598       0x20 /usr/lib/gcc/arm-none-eabi/9.2.1/../../../arm-none-eabi/lib/thumb/v7e-m+fp/hard/libc.a(lib_a-svfiprintf.o)
 .rodata        0x00000000080505b8       0x20 /usr/lib/gcc/arm-none-eabi/9.2.1/../../../arm-none-eabi/lib/thumb/v7e-m+fp/hard/libc.a(lib_a-vfiprintf.o)
 *(.rodata*)
 .rodata.process_keycode.str1.4
                0x00000000080505d8       0x14 build/keys.o
 .rodata.alpha_arrows
                0x00000000080505ec        0x9 build/keys.o
 *fill*         0x00000000080505f5        0x3 
 .rodata.alpha_catalogue
                0x00000000080505f8       0x12 build/keys.o
 *fill*         0x000000000805060a        0x2 
 .rodata.alpha_compares
                0x000000000805060c        0xa build/keys.o
 *fill*         0x0000000008050616        0x2 
 .rodata.alpha_letters
                0x0000000008050618       0x28 build/keys.o
 .rodata.alpha_letters_lower
                0x0000000008050640       0x28 build/keys.o
 .rodata.alpha_subscripts
                0x0000000008050668       0x1a build/keys.o
 *fill*         0x0000000008050682        0x2 
 .rodata.alpha_symbols
                0x0000000008050684       0x13 build/keys.o
 *fill*         0x0000000008050697        0x1 
 .rodata.alphamap.9447
                0x0000000008050698       0xe4 build/keys.o
 .rodata.amap.9438
                0x000000000805077c       0x20 build/keys.o
 .rodata.catalogue
                0x000000000805079c       0x87 build/keys.o
 *fill*         0x0000000008050823        0x1 
 .rodata.catalogue_sizes.9761
                0x0000000008050824       0x15 build/keys.o
 *fill*         0x0000000008050839        0x3 
 .rodata.catalogues.9769
                0x000000000805083c       0x54 build/keys.o
 .rodata.cmap.9437
                0x0000000008050890       0x30 build/keys.o
 .rodata.conv_catalogue
                0x00000000080508c0       0x58 build/keys.o
 .rodata.conv_mapping.9808
                0x0000000008050918       0x18 build/keys.o
 .rodata.cplx_catalogue
                0x0000000008050930       0x21 build/keys.o
 *fill*         0x0000000008050951        0x3 
 .rodata.disp.9619
                0x0000000008050954        0x4 build/keys.o
 .rodata.int_catalogue
                0x0000000008050958       0x4d build/keys.o
 *fill*         0x00000000080509a5        0x3 
 .rodata.linear_key_map.9403
                0x00000000080509a8       0x2f build/keys.o
 *fill*         0x00000000080509d7        0x1 
 .rodata.linear_key_map.9407
                0x00000000080509d8       0x2f build/keys.o
 *fill*         0x0000000008050a07        0x1 
 .rodata.map.9419
                0x0000000008050a08       0x2b build/keys.o
 *fill*         0x0000000008050a33        0x1 
 .rodata.matrix_catalogue
                0x0000000008050a34       0x18 build/keys.o
 .rodata.mode_catalogue
                0x0000000008050a4c       0x4f build/keys.o
 *fill*         0x0000000008050a9b        0x1 
 .rodata.op_map.9491
                0x0000000008050a9c       0x46 build/keys.o
 *fill*         0x0000000008050ae2        0x2 
 .rodata.op_map.9514
                0x0000000008050ae4       0x8c build/keys.o
 .rodata.op_map.9537
                0x0000000008050b70       0x46 build/keys.o
 *fill*         0x0000000008050bb6        0x2 
 .rodata.op_map.9592
                0x0000000008050bb8      0x118 build/keys.o
 .rodata.op_map.9604
                0x0000000008050cd0        0x6 build/keys.o
 *fill*         0x0000000008050cd6        0x2 
 .rodata.op_map.9618
                0x0000000008050cd8        0xc build/keys.o
 .rodata.op_map2.9515
                0x0000000008050ce4        0x8 build/keys.o
 .rodata.opcode_breaks
                0x0000000008050cec        0x7 build/keys.o
 *fill*         0x0000000008050cf3        0x1 
 .rodata.prob_catalogue
                0x0000000008050cf4       0x44 build/keys.o
 .rodata.prog_catalogue
                0x0000000008050d38       0x66 build/keys.o
 *fill*         0x0000000008050d9e        0x2 
 .rodata.program_xfcn
                0x0000000008050da0       0xa3 build/keys.o
 *fill*         0x0000000008050e43        0x1 
 .rodata.smap.9439
                0x0000000008050e44        0x4 build/keys.o
 .rodata.stats_catalogue
                0x0000000008050e48       0x16 build/keys.o
 *fill*         0x0000000008050e5e        0x2 
 .rodata.sums_catalogue
                0x0000000008050e60       0x12 build/keys.o
 *fill*         0x0000000008050e72        0x2 
 .rodata.test_catalogue
                0x0000000008050e74       0x2f build/keys.o
 *fill*         0x0000000008050ea3        0x1 
 .rodata.check_special_dn.isra.0.str1.4
                0x0000000008050ea4        0x4 build/display.o
 .rodata.carry_overflow.str1.4
                0x0000000008050ea8       0x10 build/display.o
 .rodata.annunciators.str1.4
                0x0000000008050eb8       0x74 build/display.o
 .rodata.display.str1.4
                0x0000000008050f2c       0xbd build/display.o
                                         0xc9 (size before relaxing)
 *fill*         0x0000000008050fe9        0x3 
 .rodata.str1.4
                0x0000000008050fec      0x10c build/display.o
 .rodata.CSWTCH.352
                0x00000000080510f8       0x10 build/display.o
 .rodata.CSWTCH.378
                0x0000000008051108        0xc build/display.o
 .rodata.DIGITS
                0x0000000008051114       0x11 build/display.o
                0x0000000008051114                DIGITS
 *fill*         0x0000000008051125        0x3 
 .rodata.S7_ERROR
                0x0000000008051128        0x6 build/display.o
 *fill*         0x000000000805112e        0x2 
 .rodata.S7_INF
                0x0000000008051130        0x9 build/display.o
 *fill*         0x0000000008051139        0x3 
 .rodata.S7_INF_Text
                0x000000000805113c       0x12 build/display.o
 *fill*         0x000000000805114e        0x2 
 .rodata.S7_NEG_INF_Text
                0x0000000008051150       0x12 build/display.o
 *fill*         0x0000000008051162        0x2 
 .rodata.S7_NaN
                0x0000000008051164        0xd build/display.o
 *fill*         0x0000000008051171        0x3 
 .rodata.S7_NaN_Text
                0x0000000008051174       0x18 build/display.o
 .rodata.S7_STEP
                0x000000000805118c        0x6 build/display.o
 *fill*         0x0000000008051192        0x2 
 .rodata.S7_STEP_ShortText
                0x0000000008051194        0x5 build/display.o
 *fill*         0x0000000008051199        0x3 
 .rodata.S7_fract_EQ
                0x000000000805119c        0x4 build/display.o
 .rodata.S7_fract_GT
                0x00000000080511a0        0x4 build/display.o
 .rodata.S7_fract_LT
                0x00000000080511a4        0x4 build/display.o
 .rodata.S_SURE
                0x00000000080511a8        0x6 build/display.o
 *fill*         0x00000000080511ae        0x2 
 .rodata.SvnRevision
                0x00000000080511b0        0x4 build/display.o
                0x00000000080511b0                SvnRevision
 .rodata.digtbl
                0x00000000080511b4       0x7a build/display.o
 *fill*         0x000000000805122e        0x2 
 .rodata.error_table.8683
                0x0000000008051230       0x6c build/display.o
 .rodata.error_table_text.8684
                0x000000000805129c       0x6c build/display.o
 .rodata.libname
                0x0000000008051308       0x14 build/display.o
 .rodata.libname_shorttext
                0x000000000805131c       0x14 build/display.o
 .rodata.libname_text
                0x0000000008051330       0x28 build/display.o
 .rodata.shift_chars.8789
                0x0000000008051358        0x4 build/display.o
 .rodata.small_dots.8987
                0x000000000805135c        0xd build/display.o
 *fill*         0x0000000008051369        0x3 
 .rodata.small_minus.8986
                0x000000000805136c        0x4 build/display.o
 .rodata.print_step.str1.4
                0x0000000008051370        0x5 build/xeq.o
 *fill*         0x0000000008051375        0x3 
 .rodata.fin_tst.str1.4
                0x0000000008051378        0xd build/xeq.o
 *fill*         0x0000000008051385        0x3 
 .rodata.op_2frac.str1.4
                0x0000000008051388       0x18 build/xeq.o
 .rodata.busy.str1.4
                0x00000000080513a0        0x8 build/xeq.o
 .rodata.xeq.str1.4
                0x00000000080513a8        0x8 build/xeq.o
 .rodata.StackRegMask
                0x00000000080513b0        0x4 build/xeq.o
 .rodata.convergence_tolerances
                0x00000000080513b4        0xc build/xeq.o
 .rodata.modes.11417
                0x00000000080513c0        0x7 build/xeq.o
 *fill*         0x00000000080513c7        0x1 
 .rodata.modes.11934
                0x00000000080513c8        0x4 build/xeq.o
 .rodata.xrom_targets
                0x00000000080513cc       0x34 build/xeq.o
                0x00000000080513cc                xrom_targets
 .rodata.prt_multi.str1.4
                0x0000000008051400        0x4 build/prt.o
 .rodata.prt_specials.part.0.str1.4
                0x0000000008051404       0x17 build/prt.o
                                         0x28 (size before relaxing)
 *fill*         0x000000000805141b        0x1 
 .rodata.prt_rargs.str1.4
                0x000000000805141c        0xc build/prt.o
                                         0x19 (size before relaxing)
 .rodata.prt_umen.str1.4
                0x0000000008051428        0xb build/prt.o
 *fill*         0x0000000008051433        0x1 
 .rodata.digits.8306
                0x0000000008051434       0x10 build/prt.o
 .rodata.degrees.9101
                0x0000000008051444       0x10 build/decn.o
 .rodata.gamma_consts
                0x0000000008051454       0x54 build/decn.o
                0x0000000008051454                gamma_consts
 .rodata.gradians.9102
                0x00000000080514a8       0x10 build/decn.o
 .rodata.get_sigmas.str1.4
                0x00000000080514b8       0x16 build/stats.o
 *fill*         0x00000000080514ce        0x2 
 .rodata.draw_RPN_RCL.str1.4
                0x00000000080514d0        0xc build/lcd.o
                                         0x10 (size before relaxing)
 .rodata.draw_LEQ.str1.4
                0x00000000080514dc        0x5 build/lcd.o
                                          0xa (size before relaxing)
 *fill*         0x00000000080514e1        0x3 
 .rodata.draw_PRT.str1.4
                0x00000000080514e4        0x4 build/lcd.o
 .rodata.show_disp.str1.4
                0x00000000080514e8       0x14 build/lcd.o
                                         0x1c (size before relaxing)
 .rodata.primes
                0x00000000080514fc       0x10 build/int.o
 .rodata.date_alphaday.str1.4
                0x000000000805150c       0x16 build/date.o
 *fill*         0x0000000008051522        0x2 
 .rodata.date_alphatime.str1.4
                0x0000000008051524        0x8 build/date.o
                                          0x9 (size before relaxing)
 .rodata.mons.9120
                0x000000000805152c       0x24 build/date.o
 .rodata.str1.4
                0x0000000008051550      0x241 build/consts.o
                                        0x24d (size before relaxing)
 *fill*         0x0000000008051791        0x3 
 .rodata.cnsts  0x0000000008051794      0x4f8 build/consts.o
                0x0000000008051794                cnsts
 .rodata.cnsts_conv
                0x0000000008051c8c      0x260 build/consts.o
                0x0000000008051c8c                cnsts_conv
 .rodata.cnsts_d128
                0x0000000008051eec      0x200 build/consts.o
                0x0000000008051eec                cnsts_d128
 .rodata.cnsts_d64
                0x00000000080520ec      0x260 build/consts.o
                0x00000000080520ec                cnsts_d64
 .rodata.character_remapping_order
                0x000000000805234c      0x100 build/charmap.o
 .rodata.str1.4
                0x000000000805244c      0x6d8 build/commands.o
                                        0x718 (size before relaxing)
 .rodata.argcmds
                0x0000000008052b24      0x970 build/commands.o
                0x0000000008052b24                argcmds
 .rodata.dyfuncs
                0x0000000008053494      0x498 build/commands.o
                0x0000000008053494                dyfuncs
 .rodata.monfuncs
                0x000000000805392c      0xea0 build/commands.o
                0x000000000805392c                monfuncs
 .rodata.multicmds
                0x00000000080547cc       0xc0 build/commands.o
                0x00000000080547cc                multicmds
 .rodata.niladics
                0x000000000805488c      0xdb0 build/commands.o
                0x000000000805488c                niladics
 .rodata.trifuncs
                0x000000000805563c       0xf0 build/commands.o
                0x000000000805563c                trifuncs
 .rodata.program_flash.str1.4
                0x000000000805572c       0x33 build/storage.o
 *fill*         0x000000000805575f        0x1 
 .rodata.open_selected_file.str1.4
                0x0000000008055760       0x11 build/storage.o
 *fill*         0x0000000008055771        0x3 
 .rodata.init_mem.str1.4
                0x0000000008055774        0xe build/storage.o
 *fill*         0x0000000008055782        0x2 
 .rodata.reset.str1.4
                0x0000000008055784        0x7 build/storage.o
 *fill*         0x000000000805578b        0x1 
 .rodata.store_program_from_buffer.part.0.str1.4
                0x000000000805578c        0x9 build/storage.o
 *fill*         0x0000000008055795        0x3 
 .rodata.flash_backup.str1.4
                0x0000000008055798        0xe build/storage.o
 *fill*         0x00000000080557a6        0x2 
 .rodata.flash_restore.str1.4
                0x00000000080557a8        0x9 build/storage.o
 *fill*         0x00000000080557b1        0x3 
 .rodata.save_lib_file.str1.4
                0x00000000080557b4       0x31 build/storage.o
 *fill*         0x00000000080557e5        0x3 
 .rodata.load_lib_file.str1.4
                0x00000000080557e8       0x21 build/storage.o
 *fill*         0x0000000008055809        0x3 
 .rodata.save_ram_file.str1.4
                0x000000000805580c       0x3d build/storage.o
 *fill*         0x0000000008055849        0x3 
 .rodata.load_ram_file.str1.4
                0x000000000805584c       0x19 build/storage.o
 *fill*         0x0000000008055865        0x3 
 .rodata.load_backup_file.str1.4
                0x0000000008055868       0x21 build/storage.o
 *fill*         0x0000000008055889        0x3 
 .rodata.save_prog_file.str1.4
                0x000000000805588c       0x36 build/storage.o
 *fill*         0x00000000080558c2        0x2 
 .rodata.load_prog_file.str1.4
                0x00000000080558c4       0x29 build/storage.o
 *fill*         0x00000000080558ed        0x3 
 .rodata.bm_large.5521
                0x00000000080558f0      0x2fa build/font.o
 *fill*         0x0000000008055bea        0x2 
 .rodata.bm_small.5522
                0x0000000008055bec      0x25e build/font.o
 *fill*         0x0000000008055e4a        0x2 
 .rodata.divs.5505
                0x0000000008055e4c        0x3 build/font.o
 *fill*         0x0000000008055e4f        0x1 
 .rodata.widths.5504
                0x0000000008055e50       0xab build/font.o
 *fill*         0x0000000008055efb        0x1 
 .rodata.xrom   0x0000000008055efc     0x1a1c build/xrom.o
                0x0000000008055efc                xrom
 .rodata.xrom_size
                0x0000000008057918        0x2 build/xrom.o
                0x0000000008057918                xrom_size
 *fill*         0x000000000805791a        0x2 
 .rodata.menu_line_str.str1.4
                0x000000000805791c        0x8 build/console.o
 .rodata.disp_about.str1.4
                0x0000000008057924      0x143 build/console.o
 *fill*         0x0000000008057a67        0x1 
 .rodata.do_multi.str1.4
                0x0000000008057a68       0x16 build/console.o
 *fill*         0x0000000008057a7e        0x2 
 .rodata.str1.4
                0x0000000008057a80       0x10 build/console.o
 .rodata.MID_MENU
                0x0000000008057a90       0x10 build/console.o
                0x0000000008057a90                MID_MENU
 .rodata.Menus  0x0000000008057aa0     0x1520 build/console.o
 .rodata.mapping_alpha.11156
                0x0000000008058fc0      0x178 build/console.o
 .rodata.mapping_fshift.11154
                0x0000000008059138      0x178 build/console.o
 .rodata.mapping_gshift.11155
                0x00000000080592b0      0x178 build/console.o
 .rodata.mapping_none.11153
                0x0000000008059428      0x178 build/console.o
 .rodata.mapping_running.11157
                0x00000000080595a0      0x178 build/console.o
 .rodata.mid_menu
                0x0000000008059718        0x4 build/console.o
                0x0000000008059718                mid_menu
 .rodata.stopwatch_callback.str1.4
                0x000000000805971c       0x16 build/stopwatch.o
 *fill*         0x0000000008059732        0x2 
 .rodata.CSWTCH.61
                0x0000000008059734       0x40 build/stopwatch.o
 .rodata.print_reg_cmplx.part.0.str1.4
                0x0000000008059774       0x18 build/printer.o
                                         0x1c (size before relaxing)
 .rodata.print_registers_cmplx.str1.4
                0x000000000805978c        0xd build/printer.o
                                         0x11 (size before relaxing)
 *fill*         0x0000000008059799        0x3 
 .rodata.print_registers.str1.4
                0x000000000805979c        0x2 build/printer.o
                                         0x15 (size before relaxing)
 *fill*         0x000000000805979e        0x2 
 .rodata.print_trace.str1.4
                0x00000000080597a0        0xc build/printer.o
                                         0x10 (size before relaxing)
 .rodata.ops.9093
                0x00000000080597ac        0xe build/printer.o
 *fill*         0x00000000080597ba        0x2 
 .rodata.const_50
                0x00000000080597bc        0xc build/libconsts.a(const_50.o)
                0x00000000080597bc                const_50
 .rodata.const_randfac
                0x00000000080597c8       0x1c build/libconsts.a(const_randfac.o)
                0x00000000080597c8                const_randfac
 .rodata.const_ln10
                0x00000000080597e4       0x24 build/libconsts.a(const_ln10.o)
                0x00000000080597e4                const_ln10
 .rodata.const_egamma
                0x0000000008059808       0x24 build/libconsts.a(const_egamma.o)
                0x0000000008059808                const_egamma
 .rodata.const_256
                0x000000000805982c        0xc build/libconsts.a(const_256.o)
                0x000000000805982c                const_256
 .rodata.const_180
                0x0000000008059838        0xc build/libconsts.a(const_180.o)
                0x0000000008059838                const_180
 .rodata.const_1e_32
                0x0000000008059844        0xc build/libconsts.a(const_1e_32.o)
                0x0000000008059844                const_1e_32
 .rodata.const_gammaC03
                0x0000000008059850       0x24 build/libconsts.a(const_gammaC03.o)
                0x0000000008059850                const_gammaC03
 .rodata.const_60
                0x0000000008059874        0xc build/libconsts.a(const_60.o)
                0x0000000008059874                const_60
 .rodata.const_10
                0x0000000008059880        0xc build/libconsts.a(const_10.o)
                0x0000000008059880                const_10
 .rodata.const_360
                0x000000000805988c        0xc build/libconsts.a(const_360.o)
                0x000000000805988c                const_360
 .rodata.const_gammaC10
                0x0000000008059898       0x24 build/libconsts.a(const_gammaC10.o)
                0x0000000008059898                const_gammaC10
 .rodata.const_gammaC11
                0x00000000080598bc       0x24 build/libconsts.a(const_gammaC11.o)
                0x00000000080598bc                const_gammaC11
 .rodata.const__inf
                0x00000000080598e0        0xc build/libconsts.a(const__inf.o)
                0x00000000080598e0                const__inf
 .rodata.const_21
                0x00000000080598ec        0xc build/libconsts.a(const_21.o)
                0x00000000080598ec                const_21
 .rodata.const_gammaC16
                0x00000000080598f8       0x24 build/libconsts.a(const_gammaC16.o)
                0x00000000080598f8                const_gammaC16
 .rodata.const_200
                0x000000000805991c        0xc build/libconsts.a(const_200.o)
                0x000000000805991c                const_200
 .rodata.const_gammaC06
                0x0000000008059928       0x24 build/libconsts.a(const_gammaC06.o)
                0x0000000008059928                const_gammaC06
 .rodata.const_NaN
                0x000000000805994c        0xc build/libconsts.a(const_NaN.o)
                0x000000000805994c                const_NaN
 .rodata.const_gammaC15
                0x0000000008059958       0x24 build/libconsts.a(const_gammaC15.o)
                0x0000000008059958                const_gammaC15
 .rodata.const_1e_24
                0x000000000805997c        0xc build/libconsts.a(const_1e_24.o)
                0x000000000805997c                const_1e_24
 .rodata.const_45
                0x0000000008059988        0xc build/libconsts.a(const_45.o)
                0x0000000008059988                const_45
 .rodata.const_0_05
                0x0000000008059994        0xc build/libconsts.a(const_0_05.o)
                0x0000000008059994                const_0_05
 .rodata.const_3
                0x00000000080599a0        0xc build/libconsts.a(const_3.o)
                0x00000000080599a0                const_3
 .rodata.const_hms_threshold
                0x00000000080599ac       0x24 build/libconsts.a(const_hms_threshold.o)
                0x00000000080599ac                const_hms_threshold
 .rodata.const_gammaC14
                0x00000000080599d0       0x24 build/libconsts.a(const_gammaC14.o)
                0x00000000080599d0                const_gammaC14
 .rodata.const_0_6
                0x00000000080599f4        0xc build/libconsts.a(const_0_6.o)
                0x00000000080599f4                const_0_6
 .rodata.const_32
                0x0000000008059a00        0xc build/libconsts.a(const_32.o)
                0x0000000008059a00                const_32
 .rodata.const_0_75
                0x0000000008059a0c        0xc build/libconsts.a(const_0_75.o)
                0x0000000008059a0c                const_0_75
 .rodata.const__1
                0x0000000008059a18        0xc build/libconsts.a(const__1.o)
                0x0000000008059a18                const__1
 .rodata.const_gammaC00
                0x0000000008059a24       0x24 build/libconsts.a(const_gammaC00.o)
                0x0000000008059a24                const_gammaC00
 .rodata.const_ln2
                0x0000000008059a48       0x24 build/libconsts.a(const_ln2.o)
                0x0000000008059a48                const_ln2
 .rodata.const_gammaC18
                0x0000000008059a6c       0x24 build/libconsts.a(const_gammaC18.o)
                0x0000000008059a6c                const_gammaC18
 .rodata.const_2PI
                0x0000000008059a90      0x138 build/libconsts.a(const_2PI.o)
                0x0000000008059a90                const_2PI
 .rodata.const_1e_14
                0x0000000008059bc8        0xc build/libconsts.a(const_1e_14.o)
                0x0000000008059bc8                const_1e_14
 .rodata.const_0
                0x0000000008059bd4        0xc build/libconsts.a(const_0.o)
                0x0000000008059bd4                const_0
 .rodata.const_PIon180
                0x0000000008059be0       0x24 build/libconsts.a(const_PIon180.o)
                0x0000000008059be0                const_PIon180
 .rodata.const_9000
                0x0000000008059c04        0xc build/libconsts.a(const_9000.o)
                0x0000000008059c04                const_9000
 .rodata.const_0_9
                0x0000000008059c10        0xc build/libconsts.a(const_0_9.o)
                0x0000000008059c10                const_0_9
 .rodata.const_gammaC08
                0x0000000008059c1c       0x24 build/libconsts.a(const_gammaC08.o)
                0x0000000008059c1c                const_gammaC08
 .rodata.const_gammaC21
                0x0000000008059c40       0x24 build/libconsts.a(const_gammaC21.o)
                0x0000000008059c40                const_gammaC21
 .rodata.const_1e_37
                0x0000000008059c64        0xc build/libconsts.a(const_1e_37.o)
                0x0000000008059c64                const_1e_37
 .rodata.const_gammaC05
                0x0000000008059c70       0x24 build/libconsts.a(const_gammaC05.o)
                0x0000000008059c70                const_gammaC05
 .rodata.const_2
                0x0000000008059c94        0xc build/libconsts.a(const_2.o)
                0x0000000008059c94                const_2
 .rodata.const_gammaC13
                0x0000000008059ca0       0x24 build/libconsts.a(const_gammaC13.o)
                0x0000000008059ca0                const_gammaC13
 .rodata.const_100000
                0x0000000008059cc4        0xc build/libconsts.a(const_100000.o)
                0x0000000008059cc4                const_100000
 .rodata.const_gammaR
                0x0000000008059cd0       0x10 build/libconsts.a(const_gammaR.o)
                0x0000000008059cd0                const_gammaR
 .rodata.const_5
                0x0000000008059ce0        0xc build/libconsts.a(const_5.o)
                0x0000000008059ce0                const_5
 .rodata.const_1
                0x0000000008059cec        0xc build/libconsts.a(const_1.o)
                0x0000000008059cec                const_1
 .rodata.const_gammaC19
                0x0000000008059cf8       0x24 build/libconsts.a(const_gammaC19.o)
                0x0000000008059cf8                const_gammaC19
 .rodata.const_inf
                0x0000000008059d1c        0xc build/libconsts.a(const_inf.o)
                0x0000000008059d1c                const_inf
 .rodata.const_0_995
                0x0000000008059d28        0xc build/libconsts.a(const_0_995.o)
                0x0000000008059d28                const_0_995
 .rodata.const_0_0001
                0x0000000008059d34        0xc build/libconsts.a(const_0_0001.o)
                0x0000000008059d34                const_0_0001
 .rodata.const_1on60
                0x0000000008059d40       0x24 build/libconsts.a(const_1on60.o)
                0x0000000008059d40                const_1on60
 .rodata.const_PIon200
                0x0000000008059d64       0x24 build/libconsts.a(const_PIon200.o)
                0x0000000008059d64                const_PIon200
 .rodata.const_gammaC01
                0x0000000008059d88       0x24 build/libconsts.a(const_gammaC01.o)
                0x0000000008059d88                const_gammaC01
 .rodata.const_gammaC09
                0x0000000008059dac       0x24 build/libconsts.a(const_gammaC09.o)
                0x0000000008059dac                const_gammaC09
 .rodata.const_0_5
                0x0000000008059dd0        0xc build/libconsts.a(const_0_5.o)
                0x0000000008059dd0                const_0_5
 .rodata.const_9on5
                0x0000000008059ddc        0xc build/libconsts.a(const_9on5.o)
                0x0000000008059ddc                const_9on5
 .rodata.const_20
                0x0000000008059de8        0xc build/libconsts.a(const_20.o)
                0x0000000008059de8                const_20
 .rodata.const_gammaC20
                0x0000000008059df4       0x24 build/libconsts.a(const_gammaC20.o)
                0x0000000008059df4                const_gammaC20
 .rodata.const_400
                0x0000000008059e18        0xc build/libconsts.a(const_400.o)
                0x0000000008059e18                const_400
 .rodata.const_gammaC07
                0x0000000008059e24       0x24 build/libconsts.a(const_gammaC07.o)
                0x0000000008059e24                const_gammaC07
 .rodata.const__0
                0x0000000008059e48        0xc build/libconsts.a(const__0.o)
                0x0000000008059e48                const__0
 .rodata.const_0_4
                0x0000000008059e54        0xc build/libconsts.a(const_0_4.o)
                0x0000000008059e54                const_0_4
 .rodata.const_1e_10000
                0x0000000008059e60        0xc build/libconsts.a(const_1e_10000.o)
                0x0000000008059e60                const_1e_10000
 .rodata.const_gammaC12
                0x0000000008059e6c       0x24 build/libconsts.a(const_gammaC12.o)
                0x0000000008059e6c                const_gammaC12
 .rodata.const_36000
                0x0000000008059e90        0xc build/libconsts.a(const_36000.o)
                0x0000000008059e90                const_36000
 .rodata.const_2pow64
                0x0000000008059e9c       0x18 build/libconsts.a(const_2pow64.o)
                0x0000000008059e9c                const_2pow64
 .rodata.const_PIon2
                0x0000000008059eb4       0x24 build/libconsts.a(const_PIon2.o)
                0x0000000008059eb4                const_PIon2
 .rodata.const_gammaC04
                0x0000000008059ed8       0x24 build/libconsts.a(const_gammaC04.o)
                0x0000000008059ed8                const_gammaC04
 .rodata.const_90
                0x0000000008059efc        0xc build/libconsts.a(const_90.o)
                0x0000000008059efc                const_90
 .rodata.const_gammaC17
                0x0000000008059f08       0x24 build/libconsts.a(const_gammaC17.o)
                0x0000000008059f08                const_gammaC17
 .rodata.const_gammaC02
                0x0000000008059f2c       0x24 build/libconsts.a(const_gammaC02.o)
                0x0000000008059f2c                const_gammaC02
 .rodata.const_PI
                0x0000000008059f50       0x24 build/libconsts.a(const_PI.o)
                0x0000000008059f50                const_PI
 .rodata.const_root2on2
                0x0000000008059f74       0x24 build/libconsts.a(const_root2on2.o)
                0x0000000008059f74                const_root2on2
 .rodata.const_100
                0x0000000008059f98        0xc build/libconsts.a(const_100.o)
                0x0000000008059f98                const_100
 .rodata.const_0_1
                0x0000000008059fa4        0xc build/libconsts.a(const_0_1.o)
                0x0000000008059fa4                const_0_1
 .rodata.decNumberToString.str1.4
                0x0000000008059fb0        0x9 build/libdecNumber.a(decNumber.o)
                                         0x10 (size before relaxing)
 *fill*         0x0000000008059fb9        0x3 
 .rodata.decNumberFromString.str1.4
                0x0000000008059fbc       0x1c build/libdecNumber.a(decNumber.o)
                                         0x20 (size before relaxing)
 .rodata.multies
                0x0000000008059fd8       0x14 build/libdecNumber.a(decNumber.o)
 .rodata.powers
                0x0000000008059fec       0x28 build/libdecNumber.a(decNumber.o)
                0x0000000008059fec                powers
 .rodata.resmap
                0x000000000805a014        0xa build/libdecNumber.a(decNumber.o)
 *fill*         0x000000000805a01e        0x2 
 .rodata.uarrone
                0x000000000805a020        0x2 build/libdecNumber.a(decNumber.o)
 *fill*         0x000000000805a022        0x2 
 .rodata.COMBEXP
                0x000000000805a024       0x80 build/libdecNumber.a(decimal64.o)
                0x000000000805a024                COMBEXP
 .rodata.COMBMSD
                0x000000000805a0a4       0x80 build/libdecNumber.a(decimal64.o)
                0x000000000805a0a4                COMBMSD
 .rodata.multies
                0x000000000805a124       0x14 build/libdecNumber.a(decimal64.o)
 .rodata.str1.4
                0x000000000805a138        0x6 /usr/lib/gcc/arm-none-eabi/9.2.1/../../../arm-none-eabi/lib/thumb/v7e-m+fp/hard/libc.a(lib_a-perror.o)
 *fill*         0x000000000805a13e        0x2 
 .rodata.str1.4
                0x000000000805a140      0x700 /usr/lib/gcc/arm-none-eabi/9.2.1/../../../arm-none-eabi/lib/thumb/v7e-m+fp/hard/libc.a(lib_a-strerror.o)
                                        0x701 (size before relaxing)
 .rodata.str1.4
                0x000000000805a840       0x33 /usr/lib/gcc/arm-none-eabi/9.2.1/../../../arm-none-eabi/lib/thumb/v7e-m+fp/hard/libc.a(lib_a-svfprintf.o)
                                         0x42 (size before relaxing)
 *fill*         0x000000000805a873        0x1 
 .rodata.str1.4
                0x000000000805a874       0x46 /usr/lib/gcc/arm-none-eabi/9.2.1/../../../arm-none-eabi/lib/thumb/v7e-m+fp/hard/libc.a(lib_a-dtoa.o)
                                         0x5a (size before relaxing)
 *fill*         0x000000000805a8ba        0x2 
 .rodata.str1.4
                0x000000000805a8bc       0x33 /usr/lib/gcc/arm-none-eabi/9.2.1/../../../arm-none-eabi/lib/thumb/v7e-m+fp/hard/libc.a(lib_a-mprec.o)
                                         0x47 (size before relaxing)
 .rodata.str1.4
                0x000000000805a8ef       0x2f /usr/lib/gcc/arm-none-eabi/9.2.1/../../../arm-none-eabi/lib/thumb/v7e-m+fp/hard/libc.a(lib_a-svfiprintf.o)
 *fill*         0x000000000805a8ef        0x1 
 .rodata.str1.4
                0x000000000805a8f0       0x3f /usr/lib/gcc/arm-none-eabi/9.2.1/../../../arm-none-eabi/lib/thumb/v7e-m+fp/hard/libc.a(lib_a-assert.o)
                                         0x43 (size before relaxing)
 *fill*         0x000000000805a92f        0x1 
 .rodata.str1.4
                0x000000000805a930        0x6 /usr/lib/gcc/arm-none-eabi/9.2.1/../../../arm-none-eabi/lib/thumb/v7e-m+fp/hard/libc.a(lib_a-locale.o)
                                         0x12 (size before relaxing)
 .rodata.str1.4
                0x000000000805a936       0x2f /usr/lib/gcc/arm-none-eabi/9.2.1/../../../arm-none-eabi/lib/thumb/v7e-m+fp/hard/libc.a(lib_a-vfiprintf.o)
                0x000000000805a968                . = ALIGN (0x8)
 *fill*         0x000000000805a936        0x2 
                0x0000000090000000                _qspi_init_base = LOADADDR (.qspi)
                0x0000000000000000                _qspi_init_length = SIZEOF (.qspi)

.text           0x000000000805a940    0x26500
                0x000000000805a940                . = ALIGN (0x8)
 *(.text)
 .text          0x000000000805a940       0x88 /usr/lib/gcc/arm-none-eabi/9.2.1/thumb/v7e-m+fp/hard/crtbegin.o
 .text          0x000000000805a9c8       0x30 /usr/lib/gcc/arm-none-eabi/9.2.1/thumb/v7e-m+fp/hard/libgcc.a(_aeabi_uldivmod.o)
                0x000000000805a9c8                __aeabi_uldivmod
 .text          0x000000000805a9f8      0x2c4 /usr/lib/gcc/arm-none-eabi/9.2.1/thumb/v7e-m+fp/hard/libgcc.a(_udivmoddi4.o)
                0x000000000805a9f8                __udivmoddi4
 .text          0x000000000805acbc        0x4 /usr/lib/gcc/arm-none-eabi/9.2.1/thumb/v7e-m+fp/hard/libgcc.a(_dvmd_tls.o)
                0x000000000805acbc                __aeabi_ldiv0
                0x000000000805acbc                __aeabi_idiv0
 .text          0x000000000805acc0        0xc /usr/lib/gcc/arm-none-eabi/9.2.1/../../../arm-none-eabi/lib/thumb/v7e-m+fp/hard/libc.a(lib_a-atexit.o)
                0x000000000805acc0                atexit
 .text          0x000000000805accc        0xc /usr/lib/gcc/arm-none-eabi/9.2.1/../../../arm-none-eabi/lib/thumb/v7e-m+fp/hard/libc.a(lib_a-errno.o)
                0x000000000805accc                __errno
 .text          0x000000000805acd8       0x34 /usr/lib/gcc/arm-none-eabi/9.2.1/../../../arm-none-eabi/lib/thumb/v7e-m+fp/hard/libc.a(lib_a-fini.o)
                0x000000000805acd8                __libc_fini_array
 .text          0x000000000805ad0c       0x48 /usr/lib/gcc/arm-none-eabi/9.2.1/../../../arm-none-eabi/lib/thumb/v7e-m+fp/hard/libc.a(lib_a-init.o)
                0x000000000805ad0c                __libc_init_array
 .text          0x000000000805ad54      0x134 /usr/lib/gcc/arm-none-eabi/9.2.1/../../../arm-none-eabi/lib/thumb/v7e-m+fp/hard/libc.a(lib_a-memcpy.o)
                0x000000000805ad54                memcpy
 .text          0x000000000805ae88       0xa0 /usr/lib/gcc/arm-none-eabi/9.2.1/../../../arm-none-eabi/lib/thumb/v7e-m+fp/hard/libc.a(lib_a-memset.o)
                0x000000000805ae88                memset
 .text          0x000000000805af28      0x100 /usr/lib/gcc/arm-none-eabi/9.2.1/../../../arm-none-eabi/lib/thumb/v7e-m+fp/hard/libc.a(lib_a-perror.o)
                0x000000000805af28                _perror_r
                0x000000000805b018                perror
 .text          0x000000000805b028       0x80 /usr/lib/gcc/arm-none-eabi/9.2.1/../../../arm-none-eabi/lib/thumb/v7e-m+fp/hard/libc.a(lib_a-sprintf.o)
                0x000000000805b028                _sprintf_r
                0x000000000805b064                sprintf
 .text          0x000000000805b0a8      0x3fc /usr/lib/gcc/arm-none-eabi/9.2.1/../../../arm-none-eabi/lib/thumb/v7e-m+fp/hard/libc.a(lib_a-strerror.o)
                0x000000000805b0a8                _strerror_r
                0x000000000805b474                strerror
                0x000000000805b48c                strerror_l
 *fill*         0x000000000805b4a4       0x1c 
 .text          0x000000000805b4c0       0xdc /usr/lib/gcc/arm-none-eabi/9.2.1/../../../arm-none-eabi/lib/thumb/v7e-m+fp/hard/libc.a(lib_a-strlen.o)
                0x000000000805b4c0                strlen
 .text          0x000000000805b59c       0x74 /usr/lib/gcc/arm-none-eabi/9.2.1/../../../arm-none-eabi/lib/thumb/v7e-m+fp/hard/libc.a(lib_a-strncpy.o)
                0x000000000805b59c                strncpy
 .text          0x000000000805b610     0x1498 /usr/lib/gcc/arm-none-eabi/9.2.1/../../../arm-none-eabi/lib/thumb/v7e-m+fp/hard/libc.a(lib_a-svfprintf.o)
                0x000000000805b610                _svfprintf_r
 .text          0x000000000805caa8        0x4 /usr/lib/gcc/arm-none-eabi/9.2.1/../../../arm-none-eabi/lib/thumb/v7e-m+fp/hard/libc.a(lib_a-u_strerr.o)
                0x000000000805caa8                _user_strerror
 .text          0x000000000805caac       0x2c /usr/lib/gcc/arm-none-eabi/9.2.1/../../../arm-none-eabi/lib/thumb/v7e-m+fp/hard/libc.a(lib_a-writer.o)
                0x000000000805caac                _write_r
 .text          0x000000000805cad8       0x68 /usr/lib/gcc/arm-none-eabi/9.2.1/../../../arm-none-eabi/lib/thumb/v7e-m+fp/hard/libc.a(lib_a-__atexit.o)
                0x000000000805cad8                __register_exitproc
 .text          0x000000000805cb40      0xfc0 /usr/lib/gcc/arm-none-eabi/9.2.1/../../../arm-none-eabi/lib/thumb/v7e-m+fp/hard/libc.a(lib_a-dtoa.o)
                0x000000000805cc64                _dtoa_r
 .text          0x000000000805db00      0x1a4 /usr/lib/gcc/arm-none-eabi/9.2.1/../../../arm-none-eabi/lib/thumb/v7e-m+fp/hard/libc.a(lib_a-fflush.o)
                0x000000000805db00                __sflush_r
                0x000000000805dc4c                _fflush_r
                0x000000000805dc80                fflush
 .text          0x000000000805dca4       0x34 /usr/lib/gcc/arm-none-eabi/9.2.1/../../../arm-none-eabi/lib/thumb/v7e-m+fp/hard/libc.a(lib_a-fileno.o)
                0x000000000805dca4                fileno
 .text          0x000000000805dcd8      0x1f4 /usr/lib/gcc/arm-none-eabi/9.2.1/../../../arm-none-eabi/lib/thumb/v7e-m+fp/hard/libc.a(lib_a-findfp.o)
                0x000000000805dcdc                _cleanup_r
                0x000000000805ddc0                __sfmoreglue
                0x000000000805ddf0                __sfp
                0x000000000805de78                _cleanup
                0x000000000805de8c                __sinit
                0x000000000805de94                __sfp_lock_acquire
                0x000000000805de98                __sfp_lock_release
                0x000000000805de9c                __sinit_lock_acquire
                0x000000000805dea0                __sinit_lock_release
                0x000000000805dea4                __fp_lock_all
                0x000000000805deb8                __fp_unlock_all
 .text          0x000000000805decc       0xa0 /usr/lib/gcc/arm-none-eabi/9.2.1/../../../arm-none-eabi/lib/thumb/v7e-m+fp/hard/libc.a(lib_a-fwalk.o)
                0x000000000805decc                _fwalk
                0x000000000805df18                _fwalk_reent
 .text          0x000000000805df6c       0x14 /usr/lib/gcc/arm-none-eabi/9.2.1/../../../arm-none-eabi/lib/thumb/v7e-m+fp/hard/libc.a(lib_a-localeconv.o)
                0x000000000805df6c                __localeconv_l
                0x000000000805df70                _localeconv_r
                0x000000000805df78                localeconv
 .text          0x000000000805df80       0xa0 /usr/lib/gcc/arm-none-eabi/9.2.1/../../../arm-none-eabi/lib/thumb/v7e-m+fp/hard/libc.a(lib_a-memchr.o)
                0x000000000805df80                memchr
 .text          0x000000000805e020      0x9a8 /usr/lib/gcc/arm-none-eabi/9.2.1/../../../arm-none-eabi/lib/thumb/v7e-m+fp/hard/libc.a(lib_a-mprec.o)
                0x000000000805e020                _Balloc
                0x000000000805e06c                _Bfree
                0x000000000805e080                __multadd
                0x000000000805e124                __s2b
                0x000000000805e1d0                __hi0bits
                0x000000000805e210                __lo0bits
                0x000000000805e270                __i2b
                0x000000000805e29c                __multiply
                0x000000000805e3e8                __pow5mult
                0x000000000805e480                __lshift
                0x000000000805e54c                __mcmp
                0x000000000805e584                __mdiff
                0x000000000805e6ac                __ulp
                0x000000000805e6fc                __b2d
                0x000000000805e7b4                __d2b
                0x000000000805e888                __ratio
                0x000000000805e8e8                _mprec_log10
                0x000000000805e928                __copybits
                0x000000000805e970                __any_on
 .text          0x000000000805e9c8       0x90 /usr/lib/gcc/arm-none-eabi/9.2.1/../../../arm-none-eabi/lib/thumb/v7e-m+fp/hard/libc.a(lib_a-stdio.o)
                0x000000000805e9c8                __sread
                0x000000000805e9ec                __seofread
                0x000000000805e9f0                __swrite
                0x000000000805ea30                __sseek
                0x000000000805ea50                __sclose
 .text          0x000000000805ea58      0xb64 /usr/lib/gcc/arm-none-eabi/9.2.1/../../../arm-none-eabi/lib/thumb/v7e-m+fp/hard/libc.a(lib_a-svfiprintf.o)
                0x000000000805ea58                __ssprint_r
                0x000000000805eb50                _svfiprintf_r
 .text          0x000000000805f5bc       0x48 /usr/lib/gcc/arm-none-eabi/9.2.1/../../../arm-none-eabi/lib/thumb/v7e-m+fp/hard/libc.a(lib_a-assert.o)
                0x000000000805f5bc                __assert_func
                0x000000000805f5f8                __assert
 .text          0x000000000805f604       0x24 /usr/lib/gcc/arm-none-eabi/9.2.1/../../../arm-none-eabi/lib/thumb/v7e-m+fp/hard/libc.a(lib_a-closer.o)
                0x000000000805f604                _close_r
 .text          0x000000000805f628       0x98 /usr/lib/gcc/arm-none-eabi/9.2.1/../../../arm-none-eabi/lib/thumb/v7e-m+fp/hard/libc.a(lib_a-fclose.o)
                0x000000000805f628                _fclose_r
                0x000000000805f6b0                fclose
 .text          0x000000000805f6c0       0x44 /usr/lib/gcc/arm-none-eabi/9.2.1/../../../arm-none-eabi/lib/thumb/v7e-m+fp/hard/libc.a(lib_a-fiprintf.o)
                0x000000000805f6c0                _fiprintf_r
                0x000000000805f6dc                fiprintf
 .text          0x000000000805f704       0x5c /usr/lib/gcc/arm-none-eabi/9.2.1/../../../arm-none-eabi/lib/thumb/v7e-m+fp/hard/libc.a(lib_a-locale.o)
                0x000000000805f704                _setlocale_r
                0x000000000805f744                __locale_mb_cur_max
                0x000000000805f750                setlocale
 .text          0x000000000805f760       0x2c /usr/lib/gcc/arm-none-eabi/9.2.1/../../../arm-none-eabi/lib/thumb/v7e-m+fp/hard/libc.a(lib_a-lseekr.o)
                0x000000000805f760                _lseek_r
 .text          0x000000000805f78c       0x40 /usr/lib/gcc/arm-none-eabi/9.2.1/../../../arm-none-eabi/lib/thumb/v7e-m+fp/hard/libc.a(lib_a-mbtowc_r.o)
                0x000000000805f78c                _mbtowc_r
                0x000000000805f7a0                __ascii_mbtowc
 .text          0x000000000805f7cc       0xd0 /usr/lib/gcc/arm-none-eabi/9.2.1/../../../arm-none-eabi/lib/thumb/v7e-m+fp/hard/libc.a(lib_a-memmove.o)
                0x000000000805f7cc                memmove
 .text          0x000000000805f89c       0x2c /usr/lib/gcc/arm-none-eabi/9.2.1/../../../arm-none-eabi/lib/thumb/v7e-m+fp/hard/libc.a(lib_a-readr.o)
                0x000000000805f89c                _read_r
 *fill*         0x000000000805f8c8       0x18 
 .text          0x000000000805f8e0      0x2dc /usr/lib/gcc/arm-none-eabi/9.2.1/../../../arm-none-eabi/lib/thumb/v7e-m+fp/hard/libc.a(lib_a-strcmp.o)
                0x000000000805f8e8                strcmp
 .text          0x000000000805fbbc      0xd00 /usr/lib/gcc/arm-none-eabi/9.2.1/../../../arm-none-eabi/lib/thumb/v7e-m+fp/hard/libc.a(lib_a-vfiprintf.o)
                0x000000000805fc34                __sprint_r
                0x000000000805fc48                _vfiprintf_r
                0x0000000008060838                vfiprintf
 .text          0x00000000080608bc       0x30 /usr/lib/gcc/arm-none-eabi/9.2.1/../../../arm-none-eabi/lib/thumb/v7e-m+fp/hard/libc.a(lib_a-wctomb_r.o)
                0x00000000080608bc                _wctomb_r
                0x00000000080608d0                __ascii_wctomb
 .text          0x00000000080608ec       0xd0 /usr/lib/gcc/arm-none-eabi/9.2.1/../../../arm-none-eabi/lib/thumb/v7e-m+fp/hard/libc.a(lib_a-wsetup.o)
                0x00000000080608ec                __swsetup_r
 .text          0x00000000080609bc       0x10 /usr/lib/gcc/arm-none-eabi/9.2.1/../../../arm-none-eabi/lib/thumb/v7e-m+fp/hard/libc.a(lib_a-abort.o)
                0x00000000080609bc                abort
 .text          0x00000000080609cc      0x110 /usr/lib/gcc/arm-none-eabi/9.2.1/../../../arm-none-eabi/lib/thumb/v7e-m+fp/hard/libc.a(lib_a-fputwc.o)
                0x00000000080609cc                __fputwc
                0x0000000008060a74                _fputwc_r
                0x0000000008060a9c                fputwc
 .text          0x0000000008060adc      0x308 /usr/lib/gcc/arm-none-eabi/9.2.1/../../../arm-none-eabi/lib/thumb/v7e-m+fp/hard/libc.a(lib_a-fvwrite.o)
                0x0000000008060adc                __sfvwrite_r
 .text          0x0000000008060de4       0xf0 /usr/lib/gcc/arm-none-eabi/9.2.1/../../../arm-none-eabi/lib/thumb/v7e-m+fp/hard/libc.a(lib_a-makebuf.o)
                0x0000000008060de4                __swhatbuf_r
                0x0000000008060e40                __smakebuf_r
 .text          0x0000000008060ed4      0x15c /usr/lib/gcc/arm-none-eabi/9.2.1/../../../arm-none-eabi/lib/thumb/v7e-m+fp/hard/libc.a(lib_a-signal.o)
                0x0000000008060efc                _init_signal_r
                0x0000000008060f08                _signal_r
                0x0000000008060f40                _raise_r
                0x0000000008060f98                __sigtramp_r
                0x0000000008060fec                raise
                0x0000000008060ffc                signal
                0x000000000806100c                _init_signal
                0x0000000008061020                __sigtramp
 .text          0x0000000008061030       0x2c /usr/lib/gcc/arm-none-eabi/9.2.1/../../../arm-none-eabi/lib/thumb/v7e-m+fp/hard/libc.a(lib_a-signalr.o)
                0x0000000008061030                _kill_r
                0x0000000008061058                _getpid_r
 .text          0x000000000806105c       0xc0 /usr/lib/gcc/arm-none-eabi/9.2.1/../../../arm-none-eabi/lib/thumb/v7e-m+fp/hard/libc.a(lib_a-wbuf.o)
                0x000000000806105c                __swbuf_r
                0x000000000806110c                __swbuf
 .text          0x000000000806111c       0x7c /usr/lib/gcc/arm-none-eabi/9.2.1/../../../arm-none-eabi/lib/thumb/v7e-m+fp/hard/libc.a(lib_a-wcrtomb.o)
                0x000000000806111c                _wcrtomb_r
                0x0000000008061150                wcrtomb
 .text          0x0000000008061198       0x28 /usr/lib/gcc/arm-none-eabi/9.2.1/../../../arm-none-eabi/lib/thumb/v7e-m+fp/hard/libc.a(lib_a-fstatr.o)
                0x0000000008061198                _fstat_r
 .text          0x00000000080611c0       0x24 /usr/lib/gcc/arm-none-eabi/9.2.1/../../../arm-none-eabi/lib/thumb/v7e-m+fp/hard/libc.a(lib_a-isattyr.o)
                0x00000000080611c0                _isatty_r
 .text          0x00000000080611e4      0x378 /usr/lib/gcc/arm-none-eabi/9.2.1/thumb/v7e-m+fp/hard/libgcc.a(_arm_addsubdf3.o)
                0x00000000080611e4                __aeabi_drsub
                0x00000000080611ec                __aeabi_dsub
                0x00000000080611ec                __subdf3
                0x00000000080611f0                __adddf3
                0x00000000080611f0                __aeabi_dadd
                0x0000000008061468                __aeabi_ui2d
                0x0000000008061468                __floatunsidf
                0x0000000008061488                __floatsidf
                0x0000000008061488                __aeabi_i2d
                0x00000000080614ac                __extendsfdf2
                0x00000000080614ac                __aeabi_f2d
                0x00000000080614f0                __aeabi_ul2d
                0x00000000080614f0                __floatundidf
                0x0000000008061500                __floatdidf
                0x0000000008061500                __aeabi_l2d
 .text          0x000000000806155c      0x424 /usr/lib/gcc/arm-none-eabi/9.2.1/thumb/v7e-m+fp/hard/libgcc.a(_arm_muldivdf3.o)
                0x000000000806155c                __aeabi_dmul
                0x000000000806155c                __muldf3
                0x00000000080617b0                __aeabi_ddiv
                0x00000000080617b0                __divdf3
 .text          0x0000000008061980      0x110 /usr/lib/gcc/arm-none-eabi/9.2.1/thumb/v7e-m+fp/hard/libgcc.a(_arm_cmpdf2.o)
                0x0000000008061980                __gtdf2
                0x0000000008061980                __gedf2
                0x0000000008061988                __ltdf2
                0x0000000008061988                __ledf2
                0x0000000008061990                __cmpdf2
                0x0000000008061990                __eqdf2
                0x0000000008061990                __nedf2
                0x0000000008061a0c                __aeabi_cdrcmple
                0x0000000008061a1c                __aeabi_cdcmple
                0x0000000008061a1c                __aeabi_cdcmpeq
                0x0000000008061a2c                __aeabi_dcmpeq
                0x0000000008061a40                __aeabi_dcmplt
                0x0000000008061a54                __aeabi_dcmple
                0x0000000008061a68                __aeabi_dcmpge
                0x0000000008061a7c                __aeabi_dcmpgt
 .text          0x0000000008061a90       0x2c /usr/lib/gcc/arm-none-eabi/9.2.1/thumb/v7e-m+fp/hard/libgcc.a(_arm_unorddf2.o)
                0x0000000008061a90                __aeabi_dcmpun
                0x0000000008061a90                __unorddf2
 .text          0x0000000008061abc       0x50 /usr/lib/gcc/arm-none-eabi/9.2.1/thumb/v7e-m+fp/hard/libgcc.a(_arm_fixdfsi.o)
                0x0000000008061abc                __fixdfsi
                0x0000000008061abc                __aeabi_d2iz
 .text          0x0000000008061b0c        0x4 /usr/lib/gcc/arm-none-eabi/9.2.1/../../../arm-none-eabi/lib/thumb/v7e-m+fp/hard/libnosys.a(_exit.o)
                0x0000000008061b0c                _exit
 *(.text*)
 .text._read    0x0000000008061b10        0x4 build/pgm_syscalls.o
                0x0000000008061b10                _read
 .text._write   0x0000000008061b14        0x8 build/pgm_syscalls.o
                0x0000000008061b14                _write
 .text._close   0x0000000008061b1c        0x8 build/pgm_syscalls.o
                0x0000000008061b1c                _close
 .text._fstat   0x0000000008061b24        0xc build/pgm_syscalls.o
                0x0000000008061b24                _fstat
 .text._isatty  0x0000000008061b30        0x4 build/pgm_syscalls.o
                0x0000000008061b30                _isatty
 .text._lseek   0x0000000008061b34        0x4 build/pgm_syscalls.o
                0x0000000008061b34                _lseek
 .text._kill    0x0000000008061b38       0x10 build/pgm_syscalls.o
                0x0000000008061b38                _kill
 .text._getpid  0x0000000008061b48        0x4 build/pgm_syscalls.o
                0x0000000008061b48                _getpid
 .text.free     0x0000000008061b4c        0x8 build/pgm_syscalls.o
                0x0000000008061b4c                free
 .text.calloc   0x0000000008061b54        0x8 build/pgm_syscalls.o
                0x0000000008061b54                calloc
 .text.__wrap__malloc_r
                0x0000000008061b5c        0xc build/pgm_syscalls.o
                0x0000000008061b5c                __wrap__malloc_r
 .text._calloc_r
                0x0000000008061b68        0xc build/pgm_syscalls.o
                0x0000000008061b68                _calloc_r
 .text._realloc_r
                0x0000000008061b74        0xc build/pgm_syscalls.o
                0x0000000008061b74                _realloc_r
 .text._free_r  0x0000000008061b80        0xc build/pgm_syscalls.o
                0x0000000008061b80                _free_r
 .text.post_main
                0x0000000008061b8c       0x1c build/pgm_syscalls.o
                0x0000000008061b8c                post_main
 .text.gtodot_digit
                0x0000000008061ba8       0x60 build/keys.o
 .text.check_f_key
                0x0000000008061c08       0x40 build/keys.o
 .text.is_label_or_end_at
                0x0000000008061c48       0x30 build/keys.o
 .text.advance_to_next_label
                0x0000000008061c78       0x4c build/keys.o
 .text.init_cat
                0x0000000008061cc4       0xec build/keys.o
 .text.advance_to_previous_label
                0x0000000008061db0       0x50 build/keys.o
 .text.check_confirm.part.0
                0x0000000008061e00       0x38 build/keys.o
 .text.init_arg.part.0
                0x0000000008061e38       0x28 build/keys.o
 .text.reset_arg
                0x0000000008061e60       0x1c build/keys.o
 .text.arg_eval
                0x0000000008061e7c       0x9c build/keys.o
 .text.arg_digit
                0x0000000008061f18      0x104 build/keys.o
 .text.process_arg_shuffle
                0x000000000806201c       0x30 build/keys.o
 .text.process_h_shifted
                0x000000000806204c       0xd8 build/keys.o
 .text.intltr   0x0000000008062124       0x38 build/keys.o
 .text.process_normal
                0x000000000806215c      0x278 build/keys.o
 .text.process_fg_shifted
                0x00000000080623d4      0x2a8 build/keys.o
 .text.set_window
                0x000000000806267c       0x98 build/keys.o
 .text.arg_storcl
                0x0000000008062714       0x44 build/keys.o
 .text.process_arg
                0x0000000008062758      0x550 build/keys.o
 .text.cur_shift
                0x0000000008062ca8       0x14 build/keys.o
                0x0000000008062ca8                cur_shift
 .text.reset_shift
                0x0000000008062cbc       0x18 build/keys.o
                0x0000000008062cbc                reset_shift
 .text.keycode_to_row_column
                0x0000000008062cd4       0x24 build/keys.o
                0x0000000008062cd4                keycode_to_row_column
 .text.row_column_to_keycode
                0x0000000008062cf8       0x40 build/keys.o
                0x0000000008062cf8                row_column_to_keycode
 .text.init_state
                0x0000000008062d38       0x80 build/keys.o
                0x0000000008062d38                init_state
 .text.process_cmplx
                0x0000000008062db8       0xd0 build/keys.o
 .text.soft_init_state
                0x0000000008062e88       0x50 build/keys.o
                0x0000000008062e88                soft_init_state
 .text.finish_cpx_entry
                0x0000000008062ed8       0xc8 build/keys.o
                0x0000000008062ed8                finish_cpx_entry
 .text.stack_begin
                0x0000000008062fa0       0xbc build/keys.o
                0x0000000008062fa0                stack_begin
 .text.current_catalogue
                0x000000000806305c       0xe0 build/keys.o
                0x000000000806305c                current_catalogue
 .text.process_catalogue
                0x000000000806313c      0x31c build/keys.o
 .text.get_alpha_state
                0x0000000008063458       0x28 build/keys.o
                0x0000000008063458                get_alpha_state
 .text.process_keycode
                0x0000000008063480     0x1e64 build/keys.o
                0x0000000008063480                process_keycode
 .text.process_keycode_with_shift
                0x00000000080652e4       0xa8 build/keys.o
                0x00000000080652e4                process_keycode_with_shift
 .text.set_separator_decimal_modes
                0x000000000806538c       0x54 build/display.o
 .text.set_dig  0x00000000080653e0       0x78 build/display.o
 .text.hms_render
                0x0000000008065458       0xa8 build/display.o
 .text.set_exp_digits_string
                0x0000000008065500       0x40 build/display.o
 .text.hms_step
                0x0000000008065540       0x38 build/display.o
 .text.set_exp  0x0000000008065578      0x124 build/display.o
 .text.set_separator.part.0
                0x000000000806569c       0x40 build/display.o
 .text.set_decimal
                0x00000000080656dc       0x54 build/display.o
 .text.set_digits_string
                0x0000000008065730       0x44 build/display.o
 .text.check_special_dn.isra.0
                0x0000000008065774       0x9c build/display.o
 .text.set_x_hms
                0x0000000008065810      0x1c8 build/display.o
 .text.set_x_fract
                0x00000000080659d8      0x1b4 build/display.o
 .text.carry_overflow
                0x0000000008065b8c       0x84 build/display.o
 .text.set_int_x
                0x0000000008065c10      0x3d4 build/display.o
 .text.s_s_sized.constprop.0
                0x0000000008065fe4      0x19c build/display.o
 .text.dot      0x0000000008066180        0xc build/display.o
                0x0000000008066180                dot
 .text.std_round_fix
                0x000000000806618c       0x7c build/display.o
                0x000000000806618c                std_round_fix
 .text.set_IO_annunciator
                0x0000000008066208       0x40 build/display.o
                0x0000000008066208                set_IO_annunciator
 .text.set_annunciators
                0x0000000008066248       0xec build/display.o
 .text.pixel_length
                0x0000000008066334       0x40 build/display.o
                0x0000000008066334                pixel_length
 .text.set_status
                0x0000000008066374       0x38 build/display.o
 .text.set_x_dn
                0x00000000080663ac      0x9ec build/display.o
                0x00000000080663ac                set_x_dn
 .text.set_x    0x0000000008066d98       0x34 build/display.o
 .text.format_reg
                0x0000000008066dcc       0x6c build/display.o
                0x0000000008066dcc                format_reg
 .text.set_status_right
                0x0000000008066e38       0x64 build/display.o
 .text.annunciators
                0x0000000008066e9c      0x52c build/display.o
 .text.display  0x00000000080673c8      0xe8c build/display.o
                0x00000000080673c8                display
 .text.frozen_display
                0x0000000008068254       0x20 build/display.o
                0x0000000008068254                frozen_display
 .text.message  0x0000000008068274       0x70 build/display.o
                0x0000000008068274                message
 .text.error_message
                0x00000000080682e4       0xfc build/display.o
                0x00000000080682e4                error_message
 .text.stopwatch_message
                0x00000000080683e0       0x60 build/display.o
                0x00000000080683e0                stopwatch_message
 .text.find_section_bounds
                0x0000000008068440       0x78 build/xeq.o
 .text.reg_address
                0x00000000080684b8       0x64 build/xeq.o
 .text.retstk_up
                0x000000000806851c       0x80 build/xeq.o
 .text.flag_word
                0x000000000806859c       0x80 build/xeq.o
 .text.set_zero
                0x000000000806861c       0x24 build/xeq.o
 .text.intResult
                0x0000000008068640       0xac build/xeq.o
 .text.check_stack_overlap
                0x00000000080686ec       0x74 build/xeq.o
 .text.move_retstk
                0x0000000008068760       0x80 build/xeq.o
                0x0000000008068760                move_retstk
 .text.local_regs_rarg
                0x00000000080687e0       0x68 build/xeq.o
                0x00000000080687e0                local_regs_rarg
 .text.get_reg_limit
                0x0000000008068848       0xbc build/xeq.o
 .text.local_regs
                0x0000000008068904       0x44 build/xeq.o
                0x0000000008068904                local_regs
 .text.global_regs_rarg
                0x0000000008068948       0x40 build/xeq.o
                0x0000000008068948                global_regs_rarg
 .text.global_regs
                0x0000000008068988       0x24 build/xeq.o
                0x0000000008068988                global_regs
 .text.version  0x00000000080689ac       0x1c build/xeq.o
                0x00000000080689ac                version
 .text.cmd_off  0x00000000080689c8        0x4 build/xeq.o
                0x00000000080689c8                cmd_off
 .text.init_RegionTab
                0x00000000080689cc       0x2c build/xeq.o
                0x00000000080689cc                init_RegionTab
 .text.sizeLIB  0x00000000080689f8       0x20 build/xeq.o
                0x00000000080689f8                sizeLIB
 .text.getprog  0x0000000008068a18       0x50 build/xeq.o
                0x0000000008068a18                getprog
 .text.get_current_prog
                0x0000000008068a68       0x28 build/xeq.o
                0x0000000008068a68                get_current_prog
 .text.do_inc   0x0000000008068a90       0x48 build/xeq.o
                0x0000000008068a90                do_inc
 .text.user_pc.part.0
                0x0000000008068ad8       0x38 build/xeq.o
 .text.print_step
                0x0000000008068b10       0xac build/xeq.o
 .text.do_dec   0x0000000008068bbc       0x4c build/xeq.o
                0x0000000008068bbc                do_dec
 .text.update_program_bounds
                0x0000000008068c08       0x98 build/xeq.o
                0x0000000008068c08                update_program_bounds
 .text.set_pc   0x0000000008068ca0       0xb0 build/xeq.o
                0x0000000008068ca0                set_pc
 .text.incpc    0x0000000008068d50       0x2c build/xeq.o
                0x0000000008068d50                incpc
 .text.decpc    0x0000000008068d7c       0x28 build/xeq.o
                0x0000000008068d7c                decpc
 .text.do_rtn   0x0000000008068da4       0xa0 build/xeq.o
 .text.user_pc  0x0000000008068e44       0x14 build/xeq.o
                0x0000000008068e44                user_pc
 .text.find_user_pc
                0x0000000008068e58       0x54 build/xeq.o
                0x0000000008068e58                find_user_pc
 .text.report_err
                0x0000000008068eac       0x20 build/xeq.o
                0x0000000008068eac                report_err
 .text.report_warn
                0x0000000008068ecc       0x5c build/xeq.o
                0x0000000008068ecc                report_warn
 .text.bad_mode_error
                0x0000000008068f28       0x10 build/xeq.o
                0x0000000008068f28                bad_mode_error
 .text.cmderr   0x0000000008068f38       0x14 build/xeq.o
                0x0000000008068f38                cmderr
 .text.cmdmsg   0x0000000008068f4c        0x4 build/xeq.o
                0x0000000008068f4c                cmdmsg
 .text.rarg_roundingmode
                0x0000000008068f50       0x18 build/xeq.o
                0x0000000008068f50                rarg_roundingmode
 .text.packed_from_number
                0x0000000008068f68       0x3c build/xeq.o
                0x0000000008068f68                packed_from_number
 .text.packed128_from_number
                0x0000000008068fa4       0x3c build/xeq.o
                0x0000000008068fa4                packed128_from_number
 .text.check_special
                0x0000000008068fe0       0xa8 build/xeq.o
 .text.packed_from_packed128
                0x0000000008069088       0x1c build/xeq.o
                0x0000000008069088                packed_from_packed128
 .text.packed128_from_packed
                0x00000000080690a4       0x1c build/xeq.o
                0x00000000080690a4                packed128_from_packed
 .text.stack_size
                0x00000000080690c0       0x38 build/xeq.o
                0x00000000080690c0                stack_size
 .text.copyreg  0x00000000080690f8       0x20 build/xeq.o
                0x00000000080690f8                copyreg
 .text.set_lift
                0x0000000008069118       0x10 build/xeq.o
                0x0000000008069118                set_lift
 .text.entry_rpn_on_off
                0x0000000008069128       0x34 build/xeq.o
                0x0000000008069128                entry_rpn_on_off
 .text.is_dblmode
                0x000000000806915c       0x20 build/xeq.o
                0x000000000806915c                is_dblmode
 .text.s_to_i   0x000000000806917c       0x6c build/xeq.o
                0x000000000806917c                s_to_i
 .text.digit    0x00000000080691e8      0x190 build/xeq.o
 .text.s_to_ull
                0x0000000008069378       0x3c build/xeq.o
                0x0000000008069378                s_to_ull
 .text.get_cmdline
                0x00000000080693b4       0x18 build/xeq.o
                0x00000000080693b4                get_cmdline
 .text.is_bad_cmdline
                0x00000000080693cc        0x4 build/xeq.o
                0x00000000080693cc                is_bad_cmdline
 .text.get_flash_reg_n
                0x00000000080693d0       0x20 build/xeq.o
                0x00000000080693d0                get_flash_reg_n
 .text.get_const
                0x00000000080693f0       0x84 build/xeq.o
                0x00000000080693f0                get_const
 .text.get_reg_n
                0x0000000008069474       0xbc build/xeq.o
                0x0000000008069474                get_reg_n
 .text.lift     0x0000000008069530       0x6c build/xeq.o
                0x0000000008069530                lift
 .text.lift2_if_enabled
                0x000000000806959c       0x48 build/xeq.o
 .text.lower    0x00000000080695e4       0x74 build/xeq.o
 .text.get_stack_top
                0x0000000008069658       0x3c build/xeq.o
 .text.roll_down
                0x0000000008069694       0x54 build/xeq.o
                0x0000000008069694                roll_down
 .text.cpx_roll_down
                0x00000000080696e8       0x34 build/xeq.o
                0x00000000080696e8                cpx_roll_down
 .text.roll_up  0x000000000806971c       0x54 build/xeq.o
                0x000000000806971c                roll_up
 .text.cpx_roll_up
                0x0000000008069770       0x34 build/xeq.o
                0x0000000008069770                cpx_roll_up
 .text.fill     0x00000000080697a4       0x70 build/xeq.o
                0x00000000080697a4                fill
 .text.lower2   0x0000000008069814       0x74 build/xeq.o
 .text.drop     0x0000000008069888       0x20 build/xeq.o
                0x0000000008069888                drop
 .text.copyreg_n
                0x00000000080698a8       0x3c build/xeq.o
                0x00000000080698a8                copyreg_n
 .text.setlastX
                0x00000000080698e4        0x8 build/xeq.o
                0x00000000080698e4                setlastX
 .text.setlastXY
                0x00000000080698ec       0x18 build/xeq.o
 .text.getRegister
                0x0000000008069904       0x34 build/xeq.o
                0x0000000008069904                getRegister
 .text.getX     0x0000000008069938        0x8 build/xeq.o
                0x0000000008069938                getX
 .text.getY     0x0000000008069940        0x8 build/xeq.o
                0x0000000008069940                getY
 .text.getXY    0x0000000008069948       0x18 build/xeq.o
                0x0000000008069948                getXY
 .text.getXYZ   0x0000000008069960       0x20 build/xeq.o
                0x0000000008069960                getXYZ
 .text.getXYZT  0x0000000008069980       0x14 build/xeq.o
                0x0000000008069980                getXYZT
 .text.storcl_op
                0x0000000008069994       0x84 build/xeq.o
 .text.storcl_cop
                0x0000000008069a18       0xc0 build/xeq.o
 .text.cpx_enter
                0x0000000008069ad8       0x50 build/xeq.o
                0x0000000008069ad8                cpx_enter
 .text.cpx_fill
                0x0000000008069b28       0x94 build/xeq.o
                0x0000000008069b28                cpx_fill
 .text.setRegister
                0x0000000008069bbc       0x54 build/xeq.o
                0x0000000008069bbc                setRegister
 .text.setX     0x0000000008069c10        0x8 build/xeq.o
                0x0000000008069c10                setX
 .text.rarg_round
                0x0000000008069c18       0x70 build/xeq.o
                0x0000000008069c18                rarg_round
 .text.setY     0x0000000008069c88        0x8 build/xeq.o
                0x0000000008069c88                setY
 .text.setXY    0x0000000008069c90       0x2c build/xeq.o
                0x0000000008069c90                setXY
 .text.convert_regK
                0x0000000008069cbc       0xc4 build/xeq.o
                0x0000000008069cbc                convert_regK
 .text.cpx_nop  0x0000000008069d80      0x170 build/xeq.o
                0x0000000008069d80                cpx_nop
 .text.get_reg_n_int
                0x0000000008069ef0       0x1c build/xeq.o
                0x0000000008069ef0                get_reg_n_int
 .text.storcl_intop
                0x0000000008069f0c       0xb0 build/xeq.o
 .text.incdec   0x0000000008069fbc       0x98 build/xeq.o
 .text.set_reg_n_int
                0x000000000806a054       0x1c build/xeq.o
                0x000000000806a054                set_reg_n_int
 .text.get_reg_n_int_sgn
                0x000000000806a070       0x38 build/xeq.o
                0x000000000806a070                get_reg_n_int_sgn
 .text.get_keycode_from_reg
                0x000000000806a0a8       0x30 build/xeq.o
 .text.getX_int
                0x000000000806a0d8        0x8 build/xeq.o
                0x000000000806a0d8                getX_int
 .text.getX_int_sgn
                0x000000000806a0e0        0x8 build/xeq.o
                0x000000000806a0e0                getX_int_sgn
 .text.set_reg_n_int_sgn
                0x000000000806a0e8       0x64 build/xeq.o
                0x000000000806a0e8                set_reg_n_int_sgn
 .text.op_roundingmode
                0x000000000806a14c       0x28 build/xeq.o
                0x000000000806a14c                op_roundingmode
 .text.register_from_int
                0x000000000806a174       0x64 build/xeq.o
 .text.int_from_register
                0x000000000806a1d8       0x48 build/xeq.o
 .text.switch_to_int
                0x000000000806a220       0x80 build/xeq.o
 .text.process_cmdline.part.0
                0x000000000806a2a0      0x250 build/xeq.o
 .text.process_cmdline
                0x000000000806a4f0       0x10 build/xeq.o
                0x000000000806a4f0                process_cmdline
 .text.cpx_pi   0x000000000806a500       0xcc build/xeq.o
                0x000000000806a500                cpx_pi
 .text.process_cmdline_set_lift
                0x000000000806a5cc       0x24 build/xeq.o
                0x000000000806a5cc                process_cmdline_set_lift
 .text.setX_int
                0x000000000806a5f0       0x20 build/xeq.o
                0x000000000806a5f0                setX_int
 .text.do_rcl   0x000000000806a610       0xdc build/xeq.o
 .text.setX_int_sgn
                0x000000000806a6ec       0x18 build/xeq.o
                0x000000000806a6ec                setX_int_sgn
 .text.zero_X   0x000000000806a704        0xc build/xeq.o
                0x000000000806a704                zero_X
 .text.zero_Y   0x000000000806a710       0x10 build/xeq.o
                0x000000000806a710                zero_Y
 .text.clrx     0x000000000806a720       0x78 build/xeq.o
                0x000000000806a720                clrx
 .text.clrstk   0x000000000806a798       0x6c build/xeq.o
                0x000000000806a798                clrstk
 .text.clrreg   0x000000000806a804      0x130 build/xeq.o
                0x000000000806a804                clrreg
 .text.clrretstk
                0x000000000806a934       0x1c build/xeq.o
                0x000000000806a934                clrretstk
 .text.clrretstk_pc
                0x000000000806a950       0x2c build/xeq.o
                0x000000000806a950                clrretstk_pc
 .text.cmdconst
                0x000000000806a97c       0xd4 build/xeq.o
                0x000000000806a97c                cmdconst
 .text.cmdsto   0x000000000806aa50       0x80 build/xeq.o
                0x000000000806aa50                cmdsto
 .text.cmdrcl   0x000000000806aad0        0x4 build/xeq.o
                0x000000000806aad0                cmdrcl
 .text.cmdcsto  0x000000000806aad4       0xd0 build/xeq.o
                0x000000000806aad4                cmdcsto
 .text.cmdcrcl  0x000000000806aba4      0x108 build/xeq.o
                0x000000000806aba4                cmdcrcl
 .text.cmdircl  0x000000000806acac       0x20 build/xeq.o
                0x000000000806acac                cmdircl
 .text.cmdrrcl  0x000000000806accc       0x88 build/xeq.o
                0x000000000806accc                cmdrrcl
 .text.swap_reg
                0x000000000806ad54       0x64 build/xeq.o
                0x000000000806ad54                swap_reg
 .text.cmdswap  0x000000000806adb8       0x9c build/xeq.o
                0x000000000806adb8                cmdswap
 .text.cmdview  0x000000000806ae54       0x5c build/xeq.o
                0x000000000806ae54                cmdview
 .text.get_stack_size
                0x000000000806aeb0       0x48 build/xeq.o
                0x000000000806aeb0                get_stack_size
 .text.get_word_size
                0x000000000806aef8       0x1c build/xeq.o
                0x000000000806aef8                get_word_size
 .text.get_sign_mode
                0x000000000806af14       0x28 build/xeq.o
                0x000000000806af14                get_sign_mode
 .text.get_base
                0x000000000806af3c       0x1c build/xeq.o
                0x000000000806af3c                get_base
 .text.DM42_Ticker
                0x000000000806af58       0x18 build/xeq.o
                0x000000000806af58                DM42_Ticker
 .text.op_ticks
                0x000000000806af70       0x28 build/xeq.o
                0x000000000806af70                op_ticks
 .text.op_voltage
                0x000000000806af98       0x64 build/xeq.o
                0x000000000806af98                op_voltage
 .text.free_mem
                0x000000000806affc       0x18 build/xeq.o
                0x000000000806affc                free_mem
 .text.free_flash
                0x000000000806b014       0x14 build/xeq.o
                0x000000000806b014                free_flash
 .text.get_mem  0x000000000806b028       0xb0 build/xeq.o
                0x000000000806b028                get_mem
 .text.cmdputkey
                0x000000000806b0d8       0x3c build/xeq.o
                0x000000000806b0d8                cmdputkey
 .text.cmdkeytype
                0x000000000806b114       0x50 build/xeq.o
                0x000000000806b114                cmdkeytype
 .text.cmdstostk
                0x000000000806b164       0x24 build/xeq.o
                0x000000000806b164                cmdstostk
 .text.cmdrclstk
                0x000000000806b188       0x24 build/xeq.o
                0x000000000806b188                cmdrclstk
 .text.find_opcode_from
                0x000000000806b1ac       0x70 build/xeq.o
                0x000000000806b1ac                find_opcode_from
 .text.find_label_from
                0x000000000806b21c        0x8 build/xeq.o
                0x000000000806b21c                find_label_from
 .text.op_rtn   0x000000000806b224       0x28 build/xeq.o
                0x000000000806b224                op_rtn
 .text.op_popusr
                0x000000000806b24c       0x6c build/xeq.o
                0x000000000806b24c                op_popusr
 .text.findmultilbl
                0x000000000806b2b8       0x4c build/xeq.o
                0x000000000806b2b8                findmultilbl
 .text.multiumenu
                0x000000000806b304       0x18 build/xeq.o
                0x000000000806b304                multiumenu
 .text.get_dispmode_digs
                0x000000000806b31c       0x30 build/xeq.o
                0x000000000806b31c                get_dispmode_digs
 .text.convC2F  0x000000000806b34c       0x24 build/xeq.o
                0x000000000806b34c                convC2F
 .text.convF2C  0x000000000806b370       0x24 build/xeq.o
                0x000000000806b370                convF2C
 .text.convDB2AR
                0x000000000806b394       0x20 build/xeq.o
                0x000000000806b394                convDB2AR
 .text.convAR2DB
                0x000000000806b3b4       0x20 build/xeq.o
                0x000000000806b3b4                convAR2DB
 .text.convDB2PR
                0x000000000806b3d4       0x1c build/xeq.o
                0x000000000806b3d4                convDB2PR
 .text.convPR2DB
                0x000000000806b3f0       0x1c build/xeq.o
                0x000000000806b3f0                convPR2DB
 .text.do_conv  0x000000000806b40c       0x44 build/xeq.o
                0x000000000806b40c                do_conv
 .text.cmdconv  0x000000000806b450       0x40 build/xeq.o
                0x000000000806b450                cmdconv
 .text.fin_tst  0x000000000806b490       0x68 build/xeq.o
                0x000000000806b490                fin_tst
 .text.check_mode
                0x000000000806b4f8       0x28 build/xeq.o
                0x000000000806b4f8                check_mode
 .text.check_dblmode
                0x000000000806b520       0x20 build/xeq.o
                0x000000000806b520                check_dblmode
 .text.op_query_xtal
                0x000000000806b540        0x8 build/xeq.o
                0x000000000806b540                op_query_xtal
 .text.isTop    0x000000000806b548       0x48 build/xeq.o
                0x000000000806b548                isTop
 .text.cmdlblp  0x000000000806b590       0x28 build/xeq.o
                0x000000000806b590                cmdlblp
 .text.cmdmultilblp
                0x000000000806b5b8       0x18 build/xeq.o
                0x000000000806b5b8                cmdmultilblp
 .text.cmdkeyp  0x000000000806b5d0       0x48 build/xeq.o
                0x000000000806b5d0                cmdkeyp
 .text.do_tst   0x000000000806b618      0x170 build/xeq.o
 .text.do_ztst  0x000000000806b788       0xac build/xeq.o
 .text.op_query_print
                0x000000000806b834        0x8 build/xeq.o
                0x000000000806b834                op_query_print
 .text.check_zero
                0x000000000806b83c       0x70 build/xeq.o
                0x000000000806b83c                check_zero
 .text.cmdtest  0x000000000806b8ac        0x8 build/xeq.o
                0x000000000806b8ac                cmdtest
 .text.cmdztest
                0x000000000806b8b4       0x2c build/xeq.o
                0x000000000806b8b4                cmdztest
 .text.cmdlincdec
                0x000000000806b8e0       0x10 build/xeq.o
                0x000000000806b8e0                cmdlincdec
 .text.cmdloopz
                0x000000000806b8f0       0x18 build/xeq.o
                0x000000000806b8f0                cmdloopz
 .text.cmdloop  0x000000000806b908      0x1f8 build/xeq.o
                0x000000000806b908                cmdloop
 .text.op_shift_digit
                0x000000000806bb00       0x68 build/xeq.o
                0x000000000806bb00                op_shift_digit
 .text.get_user_flag
                0x000000000806bb68       0x20 build/xeq.o
                0x000000000806bb68                get_user_flag
 .text.cmdflag  0x000000000806bb88       0xc0 build/xeq.o
                0x000000000806bb88                cmdflag
 .text.clrflags
                0x000000000806bc48       0x30 build/xeq.o
                0x000000000806bc48                clrflags
 .text.intws    0x000000000806bc78       0xec build/xeq.o
                0x000000000806bc78                intws
 .text.get_maxdenom
                0x000000000806bd64       0x20 build/xeq.o
                0x000000000806bd64                get_maxdenom
 .text.op_2frac
                0x000000000806bd84       0xa0 build/xeq.o
                0x000000000806bd84                op_2frac
 .text.op_fracdenom
                0x000000000806be24       0x84 build/xeq.o
                0x000000000806be24                op_fracdenom
 .text.op_float
                0x000000000806bea8       0xd4 build/xeq.o
                0x000000000806bea8                op_float
 .text.cmddisp  0x000000000806bf7c       0xc4 build/xeq.o
                0x000000000806bf7c                cmddisp
 .text.set_int_base
                0x000000000806c040       0x50 build/xeq.o
                0x000000000806c040                set_int_base
 .text.op_fract
                0x000000000806c090       0x44 build/xeq.o
                0x000000000806c090                op_fract
 .text.cmdsavem
                0x000000000806c0d4       0x1c build/xeq.o
                0x000000000806c0d4                cmdsavem
 .text.set_entry
                0x000000000806c0f0       0x2c build/xeq.o
                0x000000000806c0f0                set_entry
 .text.get_trig_mode
                0x000000000806c11c       0x30 build/xeq.o
                0x000000000806c11c                get_trig_mode
 .text.cmdpause
                0x000000000806c14c       0x24 build/xeq.o
                0x000000000806c14c                cmdpause
 .text.op_setspeed
                0x000000000806c170       0x20 build/xeq.o
                0x000000000806c170                op_setspeed
 .text.op_prompt
                0x000000000806c190       0x30 build/xeq.o
                0x000000000806c190                op_prompt
 .text.XisInt   0x000000000806c1c0       0x60 build/xeq.o
                0x000000000806c1c0                XisInt
 .text.XisEvenOrOdd
                0x000000000806c220       0x64 build/xeq.o
                0x000000000806c220                XisEvenOrOdd
 .text.XisPrime
                0x000000000806c284       0x84 build/xeq.o
                0x000000000806c284                XisPrime
 .text.isInfinite
                0x000000000806c308       0x30 build/xeq.o
                0x000000000806c308                isInfinite
 .text.isNan    0x000000000806c338       0x40 build/xeq.o
                0x000000000806c338                isNan
 .text.isSpecial
                0x000000000806c378       0x40 build/xeq.o
                0x000000000806c378                isSpecial
 .text.op_entryp
                0x000000000806c3b8       0x14 build/xeq.o
                0x000000000806c3b8                op_entryp
 .text.reg_decode
                0x000000000806c3cc      0x240 build/xeq.o
                0x000000000806c3cc                reg_decode
 .text.op_regcopy
                0x000000000806c60c       0x4c build/xeq.o
                0x000000000806c60c                op_regcopy
 .text.op_regswap
                0x000000000806c658       0x70 build/xeq.o
                0x000000000806c658                op_regswap
 .text.op_regclr
                0x000000000806c6c8       0x48 build/xeq.o
                0x000000000806c6c8                op_regclr
 .text.op_regsort
                0x000000000806c710      0x114 build/xeq.o
                0x000000000806c710                op_regsort
 .text.busy     0x000000000806c824       0x24 build/xeq.o
                0x000000000806c824                busy
 .text.intMonadic
                0x000000000806c848       0x98 build/xeq.o
                0x000000000806c848                intMonadic
 .text.intDyadic
                0x000000000806c8e0       0xd4 build/xeq.o
                0x000000000806c8e0                intDyadic
 .text.xeq_init_contexts
                0x000000000806c9b4       0x9c build/xeq.o
                0x000000000806c9b4                xeq_init_contexts
 .text.not_running
                0x000000000806ca50       0x24 build/xeq.o
                0x000000000806ca50                not_running
 .text.set_running_off
                0x000000000806ca74       0x24 build/xeq.o
                0x000000000806ca74                set_running_off
 .text.set_running_on
                0x000000000806ca98       0x44 build/xeq.o
                0x000000000806ca98                set_running_on
 .text.gsbgto   0x000000000806cadc       0xb0 build/xeq.o
 .text.cmdgtocommon
                0x000000000806cb8c       0x34 build/xeq.o
                0x000000000806cb8c                cmdgtocommon
 .text.cmdgto   0x000000000806cbc0       0x44 build/xeq.o
                0x000000000806cbc0                cmdgto
 .text.branchtoalpha
                0x000000000806cc04       0x28 build/xeq.o
 .text.cmdalphagto
                0x000000000806cc2c       0x2c build/xeq.o
                0x000000000806cc2c                cmdalphagto
 .text.op_gtoalpha
                0x000000000806cc58       0x34 build/xeq.o
                0x000000000806cc58                op_gtoalpha
 .text.cmdskip  0x000000000806cc8c       0x84 build/xeq.o
                0x000000000806cc8c                cmdskip
 .text.cmdback  0x000000000806cd10       0x74 build/xeq.o
                0x000000000806cd10                cmdback
 .text.usergsb_common
                0x000000000806cd84       0x9c build/xeq.o
 .text.do_usergsb
                0x000000000806ce20       0x18 build/xeq.o
                0x000000000806ce20                do_usergsb
 .text.cmdmultigto
                0x000000000806ce38       0x50 build/xeq.o
                0x000000000806ce38                cmdmultigto
 .text.store_a_to_d
                0x000000000806ce88       0x24 build/xeq.o
                0x000000000806ce88                store_a_to_d
 .text.cmdlocr  0x000000000806ceac      0x190 build/xeq.o
                0x000000000806ceac                cmdlocr
 .text.cmdxout  0x000000000806d03c      0x210 build/xeq.o
                0x000000000806d03c                cmdxout
 .text.cmdconverged
                0x000000000806d24c       0xf8 build/xeq.o
                0x000000000806d24c                cmdconverged
 .text.cmdshuffle
                0x000000000806d344       0x8c build/xeq.o
                0x000000000806d344                cmdshuffle
 .text.cmdmode  0x000000000806d3d0       0x54 build/xeq.o
                0x000000000806d3d0                cmdmode
 .text.cmdlpop  0x000000000806d424       0x3c build/xeq.o
                0x000000000806d424                cmdlpop
 .text.cmdregs  0x000000000806d460       0xb8 build/xeq.o
                0x000000000806d460                cmdregs
 .text.op_double
                0x000000000806d518      0x128 build/xeq.o
                0x000000000806d518                op_double
 .text.cmdrestm
                0x000000000806d640       0x9c build/xeq.o
                0x000000000806d640                cmdrestm
 .text.cmdxin   0x000000000806d6dc      0x1d4 build/xeq.o
                0x000000000806d6dc                cmdxin
 .text.xeq      0x000000000806d8b0      0xee0 build/xeq.o
                0x000000000806d8b0                xeq
 .text.xeq_single
                0x000000000806e790       0x24 build/xeq.o
 .text.xeq_xrom2
                0x000000000806e7b4       0x88 build/xeq.o
 .text.xeq_xrom
                0x000000000806e83c       0x14 build/xeq.o
                0x000000000806e83c                xeq_xrom
 .text.dispatch_xrom
                0x000000000806e850       0x78 build/xeq.o
 .text.op_rs    0x000000000806e8c8       0x8c build/xeq.o
                0x000000000806e8c8                op_rs
 .text.xeqprog  0x000000000806e954       0x78 build/xeq.o
                0x000000000806e954                xeqprog
 .text.xeq_sst_bst
                0x000000000806e9cc       0xac build/xeq.o
                0x000000000806e9cc                xeq_sst_bst
 .text.init_34s
                0x000000000806ea78       0x3c build/xeq.o
                0x000000000806ea78                init_34s
 .text.prt_multi
                0x000000000806eab4       0x58 build/prt.o
 .text.prt_conv
                0x000000000806eb0c       0x64 build/prt.o
 .text.prt_specials.part.0
                0x000000000806eb70      0x10c build/prt.o
 .text.prt_monadic
                0x000000000806ec7c       0x44 build/prt.o
 .text.prt_dyadic
                0x000000000806ecc0       0x44 build/prt.o
 .text.prt_triadic
                0x000000000806ed04       0x44 build/prt.o
 .text.num_arg_digits.part.0
                0x000000000806ed48       0x34 build/prt.o
 .text.prt_rargs
                0x000000000806ed7c      0x194 build/prt.o
 .text.num_arg_digits
                0x000000000806ef10       0x20 build/prt.o
                0x000000000806ef10                num_arg_digits
 .text.prt      0x000000000806ef30       0xf4 build/prt.o
                0x000000000806ef30                prt