Archive member included to satisfy reference by file (symbol)

build/libconsts.a(const_50.o)
                              build/decn.o (const_50)
build/libconsts.a(const_randfac.o)
                              build/stats.o (const_randfac)
build/libconsts.a(const_ln10.o)
                              build/decn.o (const_ln10)
build/libconsts.a(const_egamma.o)
                              build/decn.o (const_egamma)
build/libconsts.a(const_256.o)
                              build/decn.o (const_256)
build/libconsts.a(const_180.o)
                              build/decn.o (const_180)
build/libconsts.a(const_1e_32.o)
                              build/xeq.o (const_1e_32)
build/libconsts.a(const_gammaC03.o)
                              build/decn.o (const_gammaC03)
build/libconsts.a(const_60.o)
                              build/decn.o (const_60)
build/libconsts.a(const_10.o)
                              build/decn.o (const_10)
build/libconsts.a(const_360.o)
                              build/xeq.o (const_360)
build/libconsts.a(const_gammaC10.o)
                              build/decn.o (const_gammaC10)
build/libconsts.a(const_gammaC11.o)
                              build/decn.o (const_gammaC11)
build/libconsts.a(const__inf.o)
                              build/decn.o (const__inf)
build/libconsts.a(const_21.o)
                              build/decn.o (const_21)
build/libconsts.a(const_gammaC16.o)
                              build/decn.o (const_gammaC16)
build/libconsts.a(const_200.o)
                              build/decn.o (const_200)
build/libconsts.a(const_gammaC06.o)
                              build/decn.o (const_gammaC06)
build/libconsts.a(const_NaN.o)
                              build/xeq.o (const_NaN)
build/libconsts.a(const_gammaC15.o)
                              build/decn.o (const_gammaC15)
build/libconsts.a(const_1e_24.o)
                              build/xeq.o (const_1e_24)
build/libconsts.a(const_45.o)
                              build/decn.o (const_45)
build/libconsts.a(const_0_05.o)
                              build/xeq.o (const_0_05)
build/libconsts.a(const_3.o)  build/decn.o (const_3)
build/libconsts.a(const_hms_threshold.o)
                              build/display.o (const_hms_threshold)
build/libconsts.a(const_gammaC14.o)
                              build/decn.o (const_gammaC14)
build/libconsts.a(const_0_6.o)
                              build/decn.o (const_0_6)
build/libconsts.a(const_32.o)
                              build/xeq.o (const_32)
build/libconsts.a(const_0_75.o)
                              build/decn.o (const_0_75)
build/libconsts.a(const__1.o)
                              build/decn.o (const__1)
build/libconsts.a(const_gammaC00.o)
                              build/decn.o (const_gammaC00)
build/libconsts.a(const_ln2.o)
                              build/decn.o (const_ln2)
build/libconsts.a(const_gammaC18.o)
                              build/decn.o (const_gammaC18)
build/libconsts.a(const_2PI.o)
                              build/xeq.o (const_2PI)
build/libconsts.a(const_1e_14.o)
                              build/xeq.o (const_1e_14)
build/libconsts.a(const_0.o)  build/xeq.o (const_0)
build/libconsts.a(const_PIon180.o)
                              build/decn.o (const_PIon180)
build/libconsts.a(const_9000.o)
                              build/display.o (const_9000)
build/libconsts.a(const_0_9.o)
                              build/decn.o (const_0_9)
build/libconsts.a(const_gammaC08.o)
                              build/decn.o (const_gammaC08)
build/libconsts.a(const_gammaC21.o)
                              build/decn.o (const_gammaC21)
build/libconsts.a(const_1e_37.o)
                              build/decn.o (const_1e_37)
build/libconsts.a(const_gammaC05.o)
                              build/decn.o (const_gammaC05)
build/libconsts.a(const_2.o)  build/decn.o (const_2)
build/libconsts.a(const_gammaC13.o)
                              build/decn.o (const_gammaC13)
build/libconsts.a(const_100000.o)
                              build/display.o (const_100000)
build/libconsts.a(const_gammaR.o)
                              build/decn.o (const_gammaR)
build/libconsts.a(const_5.o)  build/decn.o (const_5)
build/libconsts.a(const_1.o)  build/xeq.o (const_1)
build/libconsts.a(const_gammaC19.o)
                              build/decn.o (const_gammaC19)
build/libconsts.a(const_inf.o)
                              build/decn.o (const_inf)
build/libconsts.a(const_0_995.o)
                              build/decn.o (const_0_995)
build/libconsts.a(const_0_0001.o)
                              build/display.o (const_0_0001)
build/libconsts.a(const_1on60.o)
                              build/decn.o (const_1on60)
build/libconsts.a(const_PIon200.o)
                              build/decn.o (const_PIon200)
build/libconsts.a(const_gammaC01.o)
                              build/decn.o (const_gammaC01)
build/libconsts.a(const_gammaC09.o)
[...]
Memory Configuration

Name             Origin             Length             Attributes
FLASH            0x0000000008050000 0x00000000000b0000 xr
RAM              0x0000000010000000 0x0000000000002000 xrw
QSPI             0x0000000090000000 0x0000000000200000 xr
*default*        0x0000000000000000 0xffffffffffffffff

Linker script and memory map

LOAD /usr/lib/gcc/arm-none-eabi/9.2.1/thumb/v7e-m+fp/hard/crti.o
LOAD /usr/lib/gcc/arm-none-eabi/9.2.1/thumb/v7e-m+fp/hard/crtbegin.o
LOAD /usr/lib/gcc/arm-none-eabi/9.2.1/../../../arm-none-eabi/lib/thumb/v7e-m+fp/hard/crt0.o
LOAD build/pgm_syscalls.o
LOAD build/keys.o
LOAD build/display.o
LOAD build/xeq.o
LOAD build/prt.o
LOAD build/decn.o
LOAD build/complex.o
LOAD build/stats.o
LOAD build/lcd.o
LOAD build/int.o
LOAD build/date.o
LOAD build/consts.o
LOAD build/alpha.o
LOAD build/charmap.o
LOAD build/commands.o
LOAD build/string.o
LOAD build/storage.o
LOAD build/matrix.o
LOAD build/font.o
LOAD build/xrom.o
LOAD build/console.o
LOAD build/stopwatch.o
LOAD build/printer.o
LOAD build/libconsts.a
LOAD build/libdecNumber.a
LOAD build/startup_pgm.o
START GROUP
LOAD /usr/lib/gcc/arm-none-eabi/9.2.1/thumb/v7e-m+fp/hard/libgcc.a
LOAD /usr/lib/gcc/arm-none-eabi/9.2.1/../../../arm-none-eabi/lib/thumb/v7e-m+fp/hard/libc.a
END GROUP
START GROUP
LOAD /usr/lib/gcc/arm-none-eabi/9.2.1/thumb/v7e-m+fp/hard/libgcc.a
LOAD /usr/lib/gcc/arm-none-eabi/9.2.1/../../../arm-none-eabi/lib/thumb/v7e-m+fp/hard/libc.a
LOAD /usr/lib/gcc/arm-none-eabi/9.2.1/../../../arm-none-eabi/lib/thumb/v7e-m+fp/hard/libnosys.a
END GROUP
LOAD /usr/lib/gcc/arm-none-eabi/9.2.1/thumb/v7e-m+fp/hard/crtend.o
LOAD /usr/lib/gcc/arm-none-eabi/9.2.1/thumb/v7e-m+fp/hard/crtn.o

.qspi           0x0000000090000000        0x0
                0x0000000090000000                . = ALIGN (0x8)
                0x0000000090000000                _qspi_start = .
 *(.qspi)
 *(.qspi*)
 *(.rodata.__bid_mod10_18_tbl)
 *(.rodata.__bid_convert_table)
 *(.rodata.bid_log_table_1)
 *(.rodata.bid_log_table_2)
 *(.rodata.bid_decimal128_moduli)
 *(.rodata.bid_exponents_bid64)
 *(.rodata.bid_exponents_binary128)
 *(.rodata.bid_breakpoints_binary128)
 *(.rodata.bid_breakpoints_bid64)
 *(.rodata.bid_multipliers1_binary128)
 *(.rodata.bid_multipliers2_bid64)
 *(.rodata.bid_multipliers1_bid64)
 *(.rodata.bid_multipliers2_binary128)
                0x0000000090000000                . = ALIGN (0x8)
                0x0000000090000000                _qspi_end = .

.rodata         0x0000000008050000     0xa8e8
 *(.rodata.prog_info)
 .rodata.prog_info
                0x0000000008050000       0x40 build/pgm_syscalls.o
                0x0000000008050000                prog_info
                0x0000000008050040                . = ALIGN (0x40)
 *(.rodata)
 .rodata        0x0000000008050040      0x1ba build/display.o
 *fill*         0x00000000080501fa        0x2 
 .rodata        0x00000000080501fc       0x29 build/xeq.o
 *fill*         0x0000000008050225        0x3 
 .rodata        0x0000000008050228       0x40 build/date.o
 .rodata        0x0000000008050268       0x39 build/console.o
 *fill*         0x00000000080502a1        0x3 
 .rodata        0x00000000080502a4       0xa0 build/printer.o
 .rodata        0x0000000008050344        0x4 /usr/lib/gcc/arm-none-eabi/9.2.1/../../../arm-none-eabi/lib/thumb/v7e-m+fp/hard/libc.a(lib_a-impure.o)
                0x0000000008050344                _global_impure_ptr
 .rodata        0x0000000008050348       0x20 /usr/lib/gcc/arm-none-eabi/9.2.1/../../../arm-none-eabi/lib/thumb/v7e-m+fp/hard/libc.a(lib_a-svfprintf.o)
 .rodata        0x0000000008050368      0x101 /usr/lib/gcc/arm-none-eabi/9.2.1/../../../arm-none-eabi/lib/thumb/v7e-m+fp/hard/libc.a(lib_a-ctype_.o)
                0x0000000008050368                _ctype_
 *fill*         0x0000000008050469        0x7 
 .rodata        0x0000000008050470      0x128 /usr/lib/gcc/arm-none-eabi/9.2.1/../../../arm-none-eabi/lib/thumb/v7e-m+fp/hard/libc.a(lib_a-mprec.o)
                0x0000000008050480                __mprec_tens
                0x0000000008050548                __mprec_tinytens
                0x0000000008050570                __mprec_bigtens
 .rodata        0x0000000008050598       0x20 /usr/lib/gcc/arm-none-eabi/9.2.1/../../../arm-none-eabi/lib/thumb/v7e-m+fp/hard/libc.a(lib_a-svfiprintf.o)
 .rodata        0x00000000080505b8       0x20 /usr/lib/gcc/arm-none-eabi/9.2.1/../../../arm-none-eabi/lib/thumb/v7e-m+fp/hard/libc.a(lib_a-vfiprintf.o)
 *(.rodata*)
 .rodata.process_keycode.str1.4
                0x00000000080505d8       0x14 build/keys.o
 .rodata.alpha_arrows
                0x00000000080505ec        0x9 build/keys.o
 *fill*         0x00000000080505f5        0x3 
 .rodata.alpha_catalogue
                0x00000000080505f8       0x12 build/keys.o
 *fill*         0x000000000805060a        0x2 
 .rodata.alpha_compares
                0x000000000805060c        0xa build/keys.o
 *fill*         0x0000000008050616        0x2 
 .rodata.alpha_letters
                0x0000000008050618       0x28 build/keys.o
 .rodata.alpha_letters_lower
                0x0000000008050640       0x28 build/keys.o
 .rodata.alpha_subscripts
                0x0000000008050668       0x1a build/keys.o
 *fill*         0x0000000008050682        0x2 
 .rodata.alpha_symbols
                0x0000000008050684       0x13 build/keys.o
 *fill*         0x0000000008050697        0x1 
 .rodata.alphamap.9447
                0x0000000008050698       0xe4 build/keys.o
 .rodata.amap.9438
                0x000000000805077c       0x20 build/keys.o
 .rodata.catalogue
                0x000000000805079c       0x87 build/keys.o
 *fill*         0x0000000008050823        0x1 
 .rodata.catalogue_sizes.9761
                0x0000000008050824       0x15 build/keys.o
 *fill*         0x0000000008050839        0x3 
 .rodata.catalogues.9769
                0x000000000805083c       0x54 build/keys.o
 .rodata.cmap.9437
                0x0000000008050890       0x30 build/keys.o
 .rodata.conv_catalogue
                0x00000000080508c0       0x58 build/keys.o
 .rodata.conv_mapping.9808
                0x0000000008050918       0x18 build/keys.o
 .rodata.cplx_catalogue
                0x0000000008050930       0x21 build/keys.o
 *fill*         0x0000000008050951        0x3 
 .rodata.disp.9619
                0x0000000008050954        0x4 build/keys.o
 .rodata.int_catalogue
                0x0000000008050958       0x4d build/keys.o
 *fill*         0x00000000080509a5        0x3 
 .rodata.linear_key_map.9403
                0x00000000080509a8       0x2f build/keys.o
 *fill*         0x00000000080509d7        0x1 
 .rodata.linear_key_map.9407
                0x00000000080509d8       0x2f build/keys.o
 *fill*         0x0000000008050a07        0x1 
 .rodata.map.9419
                0x0000000008050a08       0x2b build/keys.o
 *fill*         0x0000000008050a33        0x1 
 .rodata.matrix_catalogue
                0x0000000008050a34       0x18 build/keys.o
 .rodata.mode_catalogue
                0x0000000008050a4c       0x4f build/keys.o
 *fill*         0x0000000008050a9b        0x1 
 .rodata.op_map.9491
                0x0000000008050a9c       0x46 build/keys.o
 *fill*         0x0000000008050ae2        0x2 
 .rodata.op_map.9514
                0x0000000008050ae4       0x8c build/keys.o
 .rodata.op_map.9537
                0x0000000008050b70       0x46 build/keys.o
 *fill*         0x0000000008050bb6        0x2 
 .rodata.op_map.9592
                0x0000000008050bb8      0x118 build/keys.o
 .rodata.op_map.9604
                0x0000000008050cd0        0x6 build/keys.o
 *fill*         0x0000000008050cd6        0x2 
 .rodata.op_map.9618
                0x0000000008050cd8        0xc build/keys.o
 .rodata.op_map2.9515
                0x0000000008050ce4        0x8 build/keys.o
 .rodata.opcode_breaks
                0x0000000008050cec        0x7 build/keys.o
 *fill*         0x0000000008050cf3        0x1 
 .rodata.prob_catalogue
                0x0000000008050cf4       0x44 build/keys.o
 .rodata.prog_catalogue
                0x0000000008050d38       0x66 build/keys.o
 *fill*         0x0000000008050d9e        0x2 
 .rodata.program_xfcn
                0x0000000008050da0       0xa3 build/keys.o
 *fill*         0x0000000008050e43        0x1 
 .rodata.smap.9439
                0x0000000008050e44        0x4 build/keys.o
 .rodata.stats_catalogue
                0x0000000008050e48       0x16 build/keys.o
 *fill*         0x0000000008050e5e        0x2 
 .rodata.sums_catalogue
                0x0000000008050e60       0x12 build/keys.o
 *fill*         0x0000000008050e72        0x2 
 .rodata.test_catalogue
                0x0000000008050e74       0x2f build/keys.o
 *fill*         0x0000000008050ea3        0x1 
 .rodata.check_special_dn.isra.0.str1.4
                0x0000000008050ea4        0x4 build/display.o
 .rodata.carry_overflow.str1.4
                0x0000000008050ea8       0x10 build/display.o
 .rodata.annunciators.str1.4
                0x0000000008050eb8       0x74 build/display.o
 .rodata.display.str1.4
                0x0000000008050f2c       0xbd build/display.o
                                         0xc9 (size before relaxing)
 *fill*         0x0000000008050fe9        0x3 
 .rodata.str1.4
                0x0000000008050fec      0x10c build/display.o
 .rodata.CSWTCH.352
                0x00000000080510f8       0x10 build/display.o
 .rodata.CSWTCH.378
                0x0000000008051108        0xc build/display.o
 .rodata.DIGITS
                0x0000000008051114       0x11 build/display.o
                0x0000000008051114                DIGITS
 *fill*         0x0000000008051125        0x3 
 .rodata.S7_ERROR
                0x0000000008051128        0x6 build/display.o
 *fill*         0x000000000805112e        0x2 
 .rodata.S7_INF
                0x0000000008051130        0x9 build/display.o
 *fill*         0x0000000008051139        0x3 
 .rodata.S7_INF_Text
                0x000000000805113c       0x12 build/display.o
 *fill*         0x000000000805114e        0x2 
 .rodata.S7_NEG_INF_Text
                0x0000000008051150       0x12 build/display.o
 *fill*         0x0000000008051162        0x2 
 .rodata.S7_NaN
                0x0000000008051164        0xd build/display.o
 *fill*         0x0000000008051171        0x3 
 .rodata.S7_NaN_Text
                0x0000000008051174       0x18 build/display.o
 .rodata.S7_STEP
                0x000000000805118c        0x6 build/display.o
 *fill*         0x0000000008051192        0x2 
 .rodata.S7_STEP_ShortText
                0x0000000008051194        0x5 build/display.o
 *fill*         0x0000000008051199        0x3 
 .rodata.S7_fract_EQ
                0x000000000805119c        0x4 build/display.o
 .rodata.S7_fract_GT
                0x00000000080511a0        0x4 build/display.o
 .rodata.S7_fract_LT
                0x00000000080511a4        0x4 build/display.o
 .rodata.S_SURE
                0x00000000080511a8        0x6 build/display.o
 *fill*         0x00000000080511ae        0x2 
 .rodata.SvnRevision
                0x00000000080511b0        0x4 build/display.o
                0x00000000080511b0                SvnRevision
 .rodata.digtbl
                0x00000000080511b4       0x7a build/display.o
 *fill*         0x000000000805122e        0x2 
 .rodata.error_table.8683
                0x0000000008051230       0x6c build/display.o
 .rodata.error_table_text.8684
                0x000000000805129c       0x6c build/display.o
 .rodata.libname
                0x0000000008051308       0x14 build/display.o
 .rodata.libname_shorttext
                0x000000000805131c       0x14 build/display.o
 .rodata.libname_text
                0x0000000008051330       0x28 build/display.o
 .rodata.shift_chars.8789
                0x0000000008051358        0x4 build/display.o
 .rodata.small_dots.8987
                0x000000000805135c        0xd build/display.o
 *fill*         0x0000000008051369        0x3 
 .rodata.small_minus.8986
                0x000000000805136c        0x4 build/display.o
 .rodata.print_step.str1.4
                0x0000000008051370        0x5 build/xeq.o
 *fill*         0x0000000008051375        0x3 
 .rodata.fin_tst.str1.4
                0x0000000008051378        0xd build/xeq.o
 *fill*         0x0000000008051385        0x3 
 .rodata.op_2frac.str1.4
                0x0000000008051388       0x18 build/xeq.o
 .rodata.busy.str1.4
                0x00000000080513a0        0x8 build/xeq.o
 .rodata.xeq.str1.4
                0x00000000080513a8        0x8 build/xeq.o
 .rodata.StackRegMask
                0x00000000080513b0        0x4 build/xeq.o
 .rodata.convergence_tolerances
                0x00000000080513b4        0xc build/xeq.o
 .rodata.modes.11417
                0x00000000080513c0        0x7 build/xeq.o
 *fill*         0x00000000080513c7        0x1 
 .rodata.modes.11934
                0x00000000080513c8        0x4 build/xeq.o
 .rodata.xrom_targets
                0x00000000080513cc       0x34 build/xeq.o
                0x00000000080513cc                xrom_targets
 .rodata.prt_multi.str1.4
                0x0000000008051400        0x4 build/prt.o
 .rodata.prt_specials.part.0.str1.4
                0x0000000008051404       0x1b build/prt.o
                                         0x28 (size before relaxing)
 *fill*         0x000000000805141f        0x1 
 .rodata.prt_rargs.str1.4
                0x0000000008051420        0xc build/prt.o
                                         0x19 (size before relaxing)
 .rodata.prt_umen.str1.4
                0x000000000805142c        0xb build/prt.o
 *fill*         0x0000000008051437        0x1 
 .rodata.digits.8306
                0x0000000008051438       0x10 build/prt.o
 .rodata.degrees.9101
                0x0000000008051448       0x10 build/decn.o
 .rodata.gamma_consts
                0x0000000008051458       0x54 build/decn.o
                0x0000000008051458                gamma_consts
 .rodata.gradians.9102
                0x00000000080514ac       0x10 build/decn.o
 .rodata.get_sigmas.str1.4
                0x00000000080514bc       0x16 build/stats.o
 *fill*         0x00000000080514d2        0x2 
 .rodata.draw_RPN_RCL.str1.4
                0x00000000080514d4        0xc build/lcd.o
                                         0x10 (size before relaxing)
 .rodata.draw_LEQ.str1.4
                0x00000000080514e0        0x5 build/lcd.o
                                          0xa (size before relaxing)
 *fill*         0x00000000080514e5        0x3 
 .rodata.draw_PRT.str1.4
                0x00000000080514e8        0x4 build/lcd.o
 .rodata.show_disp.str1.4
                0x00000000080514ec       0x14 build/lcd.o
                                         0x1c (size before relaxing)
 .rodata.primes
                0x0000000008051500       0x10 build/int.o
 .rodata.date_alphaday.str1.4
                0x0000000008051510       0x16 build/date.o
 *fill*         0x0000000008051526        0x2 
 .rodata.date_alphatime.str1.4
                0x0000000008051528        0x8 build/date.o
                                          0x9 (size before relaxing)
 .rodata.mons.9120
                0x0000000008051530       0x24 build/date.o
 .rodata.str1.4
                0x0000000008051554      0x241 build/consts.o
                                        0x24d (size before relaxing)
 *fill*         0x0000000008051795        0x3 
 .rodata.cnsts  0x0000000008051798      0x4f8 build/consts.o
                0x0000000008051798                cnsts
 .rodata.cnsts_conv
                0x0000000008051c90      0x260 build/consts.o
                0x0000000008051c90                cnsts_conv
 .rodata.cnsts_d128
                0x0000000008051ef0      0x200 build/consts.o
                0x0000000008051ef0                cnsts_d128
 .rodata.cnsts_d64
                0x00000000080520f0      0x260 build/consts.o
                0x00000000080520f0                cnsts_d64
 .rodata.character_remapping_order
                0x0000000008052350      0x100 build/charmap.o
 .rodata.str1.4
                0x0000000008052450      0x6d8 build/commands.o
                                        0x718 (size before relaxing)
 .rodata.argcmds
                0x0000000008052b28      0x970 build/commands.o
                0x0000000008052b28                argcmds
 .rodata.dyfuncs
                0x0000000008053498      0x498 build/commands.o
                0x0000000008053498                dyfuncs
 .rodata.monfuncs
                0x0000000008053930      0xea0 build/commands.o
                0x0000000008053930                monfuncs
 .rodata.multicmds
                0x00000000080547d0       0xc0 build/commands.o
                0x00000000080547d0                multicmds
 .rodata.niladics
                0x0000000008054890      0xdb0 build/commands.o
                0x0000000008054890                niladics
 .rodata.trifuncs
                0x0000000008055640       0xf0 build/commands.o
                0x0000000008055640                trifuncs
 .rodata.program_flash.str1.4
                0x0000000008055730       0x33 build/storage.o
 *fill*         0x0000000008055763        0x1 
 .rodata.open_selected_file.str1.4
                0x0000000008055764       0x11 build/storage.o
 *fill*         0x0000000008055775        0x3 
 .rodata.init_mem.str1.4
                0x0000000008055778        0xe build/storage.o
 *fill*         0x0000000008055786        0x2 
 .rodata.reset.str1.4
                0x0000000008055788        0x7 build/storage.o
 *fill*         0x000000000805578f        0x1 
 .rodata.store_program_from_buffer.part.0.str1.4
                0x0000000008055790        0x9 build/storage.o
 *fill*         0x0000000008055799        0x3 
 .rodata.flash_backup.str1.4
                0x000000000805579c        0xe build/storage.o
 *fill*         0x00000000080557aa        0x2 
 .rodata.flash_restore.str1.4
                0x00000000080557ac        0x9 build/storage.o
 *fill*         0x00000000080557b5        0x3 
 .rodata.save_lib_file.str1.4
                0x00000000080557b8       0x31 build/storage.o
 *fill*         0x00000000080557e9        0x3 
 .rodata.load_lib_file.str1.4
                0x00000000080557ec       0x21 build/storage.o
 *fill*         0x000000000805580d        0x3 
 .rodata.save_ram_file.str1.4
                0x0000000008055810       0x3d build/storage.o
 *fill*         0x000000000805584d        0x3 
 .rodata.load_ram_file.str1.4
                0x0000000008055850       0x19 build/storage.o
 *fill*         0x0000000008055869        0x3 
 .rodata.load_backup_file.str1.4
                0x000000000805586c       0x21 build/storage.o
 *fill*         0x000000000805588d        0x3 
 .rodata.save_prog_file.str1.4
                0x0000000008055890       0x36 build/storage.o
 *fill*         0x00000000080558c6        0x2 
 .rodata.load_prog_file.str1.4
                0x00000000080558c8       0x29 build/storage.o
 *fill*         0x00000000080558f1        0x3 
 .rodata.bm_large.5521
                0x00000000080558f4      0x2fa build/font.o
 *fill*         0x0000000008055bee        0x2 
 .rodata.bm_small.5522
                0x0000000008055bf0      0x25e build/font.o
 *fill*         0x0000000008055e4e        0x2 
 .rodata.divs.5505
                0x0000000008055e50        0x3 build/font.o
 *fill*         0x0000000008055e53        0x1 
 .rodata.widths.5504
                0x0000000008055e54       0xab build/font.o
 *fill*         0x0000000008055eff        0x1 
 .rodata.xrom   0x0000000008055f00     0x1a1c build/xrom.o
                0x0000000008055f00                xrom
 .rodata.xrom_size
                0x000000000805791c        0x2 build/xrom.o
                0x000000000805791c                xrom_size
 *fill*         0x000000000805791e        0x2 
 .rodata.menu_line_str.str1.4
                0x0000000008057920        0x8 build/console.o
 .rodata.disp_about.str1.4
                0x0000000008057928       0xe6 build/console.o
 *fill*         0x0000000008057a0e        0x2 
 .rodata.do_multi.str1.4
                0x0000000008057a10       0x16 build/console.o
 *fill*         0x0000000008057a26        0x2 
 .rodata.str1.4
                0x0000000008057a28       0x10 build/console.o
 .rodata.MID_MENU
                0x0000000008057a38       0x10 build/console.o
                0x0000000008057a38                MID_MENU
 .rodata.Menus  0x0000000008057a48     0x1520 build/console.o
 .rodata.mapping_alpha.11154
                0x0000000008058f68      0x178 build/console.o
 .rodata.mapping_fshift.11152
                0x00000000080590e0      0x178 build/console.o
 .rodata.mapping_gshift.11153
                0x0000000008059258      0x178 build/console.o
 .rodata.mapping_none.11151
                0x00000000080593d0      0x178 build/console.o
 .rodata.mapping_running.11155
                0x0000000008059548      0x178 build/console.o
 .rodata.mid_menu
                0x00000000080596c0        0x4 build/console.o
                0x00000000080596c0                mid_menu
 .rodata.stopwatch_callback.str1.4
                0x00000000080596c4       0x16 build/stopwatch.o
 *fill*         0x00000000080596da        0x2 
 .rodata.CSWTCH.61
                0x00000000080596dc       0x40 build/stopwatch.o
 .rodata.print_reg_cmplx.part.0.str1.4
                0x000000000805971c       0x1c build/printer.o
 .rodata.print_registers_cmplx.str1.4
                0x0000000008059738        0xd build/printer.o
                                         0x11 (size before relaxing)
 *fill*         0x0000000008059745        0x3 
 .rodata.print_registers.str1.4
                0x0000000008059748        0x2 build/printer.o
                                         0x15 (size before relaxing)
 *fill*         0x000000000805974a        0x2 
 .rodata.print_trace.str1.4
                0x000000000805974c        0xc build/printer.o
                                         0x10 (size before relaxing)
 .rodata.ops.9093
                0x0000000008059758        0xe build/printer.o
 *fill*         0x0000000008059766        0x2 
 .rodata.const_50
                0x0000000008059768        0xc build/libconsts.a(const_50.o)
                0x0000000008059768                const_50
 .rodata.const_randfac
                0x0000000008059774       0x1c build/libconsts.a(const_randfac.o)
                0x0000000008059774                const_randfac
 .rodata.const_ln10
                0x0000000008059790       0x24 build/libconsts.a(const_ln10.o)
                0x0000000008059790                const_ln10
 .rodata.const_egamma
                0x00000000080597b4       0x24 build/libconsts.a(const_egamma.o)
                0x00000000080597b4                const_egamma
 .rodata.const_256
                0x00000000080597d8        0xc build/libconsts.a(const_256.o)
                0x00000000080597d8                const_256
 .rodata.const_180
                0x00000000080597e4        0xc build/libconsts.a(const_180.o)
                0x00000000080597e4                const_180
 .rodata.const_1e_32
                0x00000000080597f0        0xc build/libconsts.a(const_1e_32.o)
                0x00000000080597f0                const_1e_32
 .rodata.const_gammaC03
                0x00000000080597fc       0x24 build/libconsts.a(const_gammaC03.o)
                0x00000000080597fc                const_gammaC03
 .rodata.const_60
                0x0000000008059820        0xc build/libconsts.a(const_60.o)
                0x0000000008059820                const_60
 .rodata.const_10
                0x000000000805982c        0xc build/libconsts.a(const_10.o)
                0x000000000805982c                const_10
 .rodata.const_360
                0x0000000008059838        0xc build/libconsts.a(const_360.o)
                0x0000000008059838                const_360
 .rodata.const_gammaC10
                0x0000000008059844       0x24 build/libconsts.a(const_gammaC10.o)
                0x0000000008059844                const_gammaC10
 .rodata.const_gammaC11
                0x0000000008059868       0x24 build/libconsts.a(const_gammaC11.o)
                0x0000000008059868                const_gammaC11
 .rodata.const__inf
                0x000000000805988c        0xc build/libconsts.a(const__inf.o)
                0x000000000805988c                const__inf
 .rodata.const_21
                0x0000000008059898        0xc build/libconsts.a(const_21.o)
                0x0000000008059898                const_21
 .rodata.const_gammaC16
                0x00000000080598a4       0x24 build/libconsts.a(const_gammaC16.o)
                0x00000000080598a4                const_gammaC16
 .rodata.const_200
                0x00000000080598c8        0xc build/libconsts.a(const_200.o)
                0x00000000080598c8                const_200
 .rodata.const_gammaC06
                0x00000000080598d4       0x24 build/libconsts.a(const_gammaC06.o)
                0x00000000080598d4                const_gammaC06
 .rodata.const_NaN
                0x00000000080598f8        0xc build/libconsts.a(const_NaN.o)
                0x00000000080598f8                const_NaN
 .rodata.const_gammaC15
                0x0000000008059904       0x24 build/libconsts.a(const_gammaC15.o)
                0x0000000008059904                const_gammaC15
 .rodata.const_1e_24
                0x0000000008059928        0xc build/libconsts.a(const_1e_24.o)
                0x0000000008059928                const_1e_24
 .rodata.const_45
                0x0000000008059934        0xc build/libconsts.a(const_45.o)
                0x0000000008059934                const_45
 .rodata.const_0_05
                0x0000000008059940        0xc build/libconsts.a(const_0_05.o)
                0x0000000008059940                const_0_05
 .rodata.const_3
                0x000000000805994c        0xc build/libconsts.a(const_3.o)
                0x000000000805994c                const_3
 .rodata.const_hms_threshold
                0x0000000008059958       0x24 build/libconsts.a(const_hms_threshold.o)
                0x0000000008059958                const_hms_threshold
 .rodata.const_gammaC14
                0x000000000805997c       0x24 build/libconsts.a(const_gammaC14.o)
                0x000000000805997c                const_gammaC14
 .rodata.const_0_6
                0x00000000080599a0        0xc build/libconsts.a(const_0_6.o)
                0x00000000080599a0                const_0_6
 .rodata.const_32
                0x00000000080599ac        0xc build/libconsts.a(const_32.o)
                0x00000000080599ac                const_32
 .rodata.const_0_75
                0x00000000080599b8        0xc build/libconsts.a(const_0_75.o)
                0x00000000080599b8                const_0_75
 .rodata.const__1
                0x00000000080599c4        0xc build/libconsts.a(const__1.o)
                0x00000000080599c4                const__1
 .rodata.const_gammaC00
                0x00000000080599d0       0x24 build/libconsts.a(const_gammaC00.o)
                0x00000000080599d0                const_gammaC00
 .rodata.const_ln2
                0x00000000080599f4       0x24 build/libconsts.a(const_ln2.o)
                0x00000000080599f4                const_ln2
 .rodata.const_gammaC18
                0x0000000008059a18       0x24 build/libconsts.a(const_gammaC18.o)
                0x0000000008059a18                const_gammaC18
 .rodata.const_2PI
                0x0000000008059a3c      0x138 build/libconsts.a(const_2PI.o)
                0x0000000008059a3c                const_2PI
 .rodata.const_1e_14
                0x0000000008059b74        0xc build/libconsts.a(const_1e_14.o)
                0x0000000008059b74                const_1e_14
 .rodata.const_0
                0x0000000008059b80        0xc build/libconsts.a(const_0.o)
                0x0000000008059b80                const_0
 .rodata.const_PIon180
                0x0000000008059b8c       0x24 build/libconsts.a(const_PIon180.o)
                0x0000000008059b8c                const_PIon180
 .rodata.const_9000
                0x0000000008059bb0        0xc build/libconsts.a(const_9000.o)
                0x0000000008059bb0                const_9000
 .rodata.const_0_9
                0x0000000008059bbc        0xc build/libconsts.a(const_0_9.o)
                0x0000000008059bbc                const_0_9
 .rodata.const_gammaC08
                0x0000000008059bc8       0x24 build/libconsts.a(const_gammaC08.o)
                0x0000000008059bc8                const_gammaC08
 .rodata.const_gammaC21
                0x0000000008059bec       0x24 build/libconsts.a(const_gammaC21.o)
                0x0000000008059bec                const_gammaC21
 .rodata.const_1e_37
                0x0000000008059c10        0xc build/libconsts.a(const_1e_37.o)
                0x0000000008059c10                const_1e_37
 .rodata.const_gammaC05
                0x0000000008059c1c       0x24 build/libconsts.a(const_gammaC05.o)
                0x0000000008059c1c                const_gammaC05
 .rodata.const_2
                0x0000000008059c40        0xc build/libconsts.a(const_2.o)
                0x0000000008059c40                const_2
 .rodata.const_gammaC13
                0x0000000008059c4c       0x24 build/libconsts.a(const_gammaC13.o)
                0x0000000008059c4c                const_gammaC13
 .rodata.const_100000
                0x0000000008059c70        0xc build/libconsts.a(const_100000.o)
                0x0000000008059c70                const_100000
 .rodata.const_gammaR
                0x0000000008059c7c       0x10 build/libconsts.a(const_gammaR.o)
                0x0000000008059c7c                const_gammaR
 .rodata.const_5
                0x0000000008059c8c        0xc build/libconsts.a(const_5.o)
                0x0000000008059c8c                const_5
 .rodata.const_1
                0x0000000008059c98        0xc build/libconsts.a(const_1.o)
                0x0000000008059c98                const_1
 .rodata.const_gammaC19
                0x0000000008059ca4       0x24 build/libconsts.a(const_gammaC19.o)
                0x0000000008059ca4                const_gammaC19
 .rodata.const_inf
                0x0000000008059cc8        0xc build/libconsts.a(const_inf.o)
                0x0000000008059cc8                const_inf
 .rodata.const_0_995
                0x0000000008059cd4        0xc build/libconsts.a(const_0_995.o)
                0x0000000008059cd4                const_0_995
 .rodata.const_0_0001
                0x0000000008059ce0        0xc build/libconsts.a(const_0_0001.o)
                0x0000000008059ce0                const_0_0001
 .rodata.const_1on60
                0x0000000008059cec       0x24 build/libconsts.a(const_1on60.o)
                0x0000000008059cec                const_1on60
 .rodata.const_PIon200
                0x0000000008059d10       0x24 build/libconsts.a(const_PIon200.o)
                0x0000000008059d10                const_PIon200
 .rodata.const_gammaC01
                0x0000000008059d34       0x24 build/libconsts.a(const_gammaC01.o)
                0x0000000008059d34                const_gammaC01
 .rodata.const_gammaC09
                0x0000000008059d58       0x24 build/libconsts.a(const_gammaC09.o)
                0x0000000008059d58                const_gammaC09
 .rodata.const_0_5
                0x0000000008059d7c        0xc build/libconsts.a(const_0_5.o)
                0x0000000008059d7c                const_0_5
 .rodata.const_9on5
                0x0000000008059d88        0xc build/libconsts.a(const_9on5.o)
                0x0000000008059d88                const_9on5
 .rodata.const_20
                0x0000000008059d94        0xc build/libconsts.a(const_20.o)
                0x0000000008059d94                const_20
 .rodata.const_gammaC20
                0x0000000008059da0       0x24 build/libconsts.a(const_gammaC20.o)
                0x0000000008059da0                const_gammaC20
 .rodata.const_400
                0x0000000008059dc4        0xc build/libconsts.a(const_400.o)
                0x0000000008059dc4                const_400
 .rodata.const_gammaC07
                0x0000000008059dd0       0x24 build/libconsts.a(const_gammaC07.o)
                0x0000000008059dd0                const_gammaC07
 .rodata.const__0
                0x0000000008059df4        0xc build/libconsts.a(const__0.o)
                0x0000000008059df4                const__0
 .rodata.const_0_4
                0x0000000008059e00        0xc build/libconsts.a(const_0_4.o)
                0x0000000008059e00                const_0_4
 .rodata.const_1e_10000
                0x0000000008059e0c        0xc build/libconsts.a(const_1e_10000.o)
                0x0000000008059e0c                const_1e_10000
 .rodata.const_gammaC12
                0x0000000008059e18       0x24 build/libconsts.a(const_gammaC12.o)
                0x0000000008059e18                const_gammaC12
 .rodata.const_36000
                0x0000000008059e3c        0xc build/libconsts.a(const_36000.o)
                0x0000000008059e3c                const_36000
 .rodata.const_2pow64
                0x0000000008059e48       0x18 build/libconsts.a(const_2pow64.o)
                0x0000000008059e48                const_2pow64
 .rodata.const_PIon2
                0x0000000008059e60       0x24 build/libconsts.a(const_PIon2.o)
                0x0000000008059e60                const_PIon2
 .rodata.const_gammaC04
                0x0000000008059e84       0x24 build/libconsts.a(const_gammaC04.o)
                0x0000000008059e84                const_gammaC04
 .rodata.const_90
                0x0000000008059ea8        0xc build/libconsts.a(const_90.o)
                0x0000000008059ea8                const_90
 .rodata.const_gammaC17
                0x0000000008059eb4       0x24 build/libconsts.a(const_gammaC17.o)
                0x0000000008059eb4                const_gammaC17
 .rodata.const_gammaC02
                0x0000000008059ed8       0x24 build/libconsts.a(const_gammaC02.o)
                0x0000000008059ed8                const_gammaC02
 .rodata.const_PI
                0x0000000008059efc       0x24 build/libconsts.a(const_PI.o)
                0x0000000008059efc                const_PI
 .rodata.const_root2on2
                0x0000000008059f20       0x24 build/libconsts.a(const_root2on2.o)
                0x0000000008059f20                const_root2on2
 .rodata.const_100
                0x0000000008059f44        0xc build/libconsts.a(const_100.o)
                0x0000000008059f44                const_100
 .rodata.const_0_1
                0x0000000008059f50        0xc build/libconsts.a(const_0_1.o)
                0x0000000008059f50                const_0_1
 .rodata.decNumberToString.str1.4
                0x0000000008059f5c        0x9 build/libdecNumber.a(decNumber.o)
                                         0x10 (size before relaxing)
 *fill*         0x0000000008059f65        0x3 
 .rodata.decNumberFromString.str1.4
                0x0000000008059f68       0x1c build/libdecNumber.a(decNumber.o)
                                         0x20 (size before relaxing)
 .rodata.multies
                0x0000000008059f84       0x14 build/libdecNumber.a(decNumber.o)
 .rodata.powers
                0x0000000008059f98       0x28 build/libdecNumber.a(decNumber.o)
                0x0000000008059f98                powers
 .rodata.resmap
                0x0000000008059fc0        0xa build/libdecNumber.a(decNumber.o)
 *fill*         0x0000000008059fca        0x2 
 .rodata.uarrone
                0x0000000008059fcc        0x2 build/libdecNumber.a(decNumber.o)
 *fill*         0x0000000008059fce        0x2 
 .rodata.COMBEXP
                0x0000000008059fd0       0x80 build/libdecNumber.a(decimal64.o)
                0x0000000008059fd0                COMBEXP
 .rodata.COMBMSD
                0x000000000805a050       0x80 build/libdecNumber.a(decimal64.o)
                0x000000000805a050                COMBMSD
 .rodata.multies
                0x000000000805a0d0       0x14 build/libdecNumber.a(decimal64.o)
 .rodata.str1.4
                0x000000000805a0e4        0x6 /usr/lib/gcc/arm-none-eabi/9.2.1/../../../arm-none-eabi/lib/thumb/v7e-m+fp/hard/libc.a(lib_a-perror.o)
 *fill*         0x000000000805a0ea        0x2 
 .rodata.str1.4
                0x000000000805a0ec      0x700 /usr/lib/gcc/arm-none-eabi/9.2.1/../../../arm-none-eabi/lib/thumb/v7e-m+fp/hard/libc.a(lib_a-strerror.o)
                                        0x701 (size before relaxing)
 .rodata.str1.4
                0x000000000805a7ec       0x33 /usr/lib/gcc/arm-none-eabi/9.2.1/../../../arm-none-eabi/lib/thumb/v7e-m+fp/hard/libc.a(lib_a-svfprintf.o)
                                         0x42 (size before relaxing)
 *fill*         0x000000000805a81f        0x1 
 .rodata.str1.4
                0x000000000805a820       0x46 /usr/lib/gcc/arm-none-eabi/9.2.1/../../../arm-none-eabi/lib/thumb/v7e-m+fp/hard/libc.a(lib_a-dtoa.o)
                                         0x5a (size before relaxing)
 *fill*         0x000000000805a866        0x2 
 .rodata.str1.4
                0x000000000805a868       0x33 /usr/lib/gcc/arm-none-eabi/9.2.1/../../../arm-none-eabi/lib/thumb/v7e-m+fp/hard/libc.a(lib_a-mprec.o)
                                         0x47 (size before relaxing)
 .rodata.str1.4
                0x000000000805a89b       0x2f /usr/lib/gcc/arm-none-eabi/9.2.1/../../../arm-none-eabi/lib/thumb/v7e-m+fp/hard/libc.a(lib_a-svfiprintf.o)
 *fill*         0x000000000805a89b        0x1 
 .rodata.str1.4
                0x000000000805a89c       0x3f /usr/lib/gcc/arm-none-eabi/9.2.1/../../../arm-none-eabi/lib/thumb/v7e-m+fp/hard/libc.a(lib_a-assert.o)
                                         0x43 (size before relaxing)
 *fill*         0x000000000805a8db        0x1 
 .rodata.str1.4
                0x000000000805a8dc        0x6 /usr/lib/gcc/arm-none-eabi/9.2.1/../../../arm-none-eabi/lib/thumb/v7e-m+fp/hard/libc.a(lib_a-locale.o)
                                         0x12 (size before relaxing)
 .rodata.str1.4
                0x000000000805a8e2       0x2f /usr/lib/gcc/arm-none-eabi/9.2.1/../../../arm-none-eabi/lib/thumb/v7e-m+fp/hard/libc.a(lib_a-vfiprintf.o)
                0x000000000805a918                . = ALIGN (0x8)
 *fill*         0x000000000805a8e2        0x6 
                0x0000000090000000                _qspi_init_base = LOADADDR (.qspi)
                0x0000000000000000                _qspi_init_length = SIZEOF (.qspi)

.text           0x000000000805a900    0x264a0
                0x000000000805a900                . = ALIGN (0x8)
 *(.text)
 .text          0x000000000805a900       0x88 /usr/lib/gcc/arm-none-eabi/9.2.1/thumb/v7e-m+fp/hard/crtbegin.o
 .text          0x000000000805a988       0x30 /usr/lib/gcc/arm-none-eabi/9.2.1/thumb/v7e-m+fp/hard/libgcc.a(_aeabi_uldivmod.o)
                0x000000000805a988                __aeabi_uldivmod
 .text          0x000000000805a9b8      0x2c4 /usr/lib/gcc/arm-none-eabi/9.2.1/thumb/v7e-m+fp/hard/libgcc.a(_udivmoddi4.o)
                0x000000000805a9b8                __udivmoddi4
 .text          0x000000000805ac7c        0x4 /usr/lib/gcc/arm-none-eabi/9.2.1/thumb/v7e-m+fp/hard/libgcc.a(_dvmd_tls.o)
                0x000000000805ac7c                __aeabi_ldiv0
                0x000000000805ac7c                __aeabi_idiv0
 .text          0x000000000805ac80        0xc /usr/lib/gcc/arm-none-eabi/9.2.1/../../../arm-none-eabi/lib/thumb/v7e-m+fp/hard/libc.a(lib_a-atexit.o)
                0x000000000805ac80                atexit
 .text          0x000000000805ac8c        0xc /usr/lib/gcc/arm-none-eabi/9.2.1/../../../arm-none-eabi/lib/thumb/v7e-m+fp/hard/libc.a(lib_a-errno.o)
                0x000000000805ac8c                __errno
 .text          0x000000000805ac98       0x34 /usr/lib/gcc/arm-none-eabi/9.2.1/../../../arm-none-eabi/lib/thumb/v7e-m+fp/hard/libc.a(lib_a-fini.o)
                0x000000000805ac98                __libc_fini_array
 .text          0x000000000805accc       0x48 /usr/lib/gcc/arm-none-eabi/9.2.1/../../../arm-none-eabi/lib/thumb/v7e-m+fp/hard/libc.a(lib_a-init.o)
                0x000000000805accc                __libc_init_array
 .text          0x000000000805ad14      0x134 /usr/lib/gcc/arm-none-eabi/9.2.1/../../../arm-none-eabi/lib/thumb/v7e-m+fp/hard/libc.a(lib_a-memcpy.o)
                0x000000000805ad14                memcpy
 .text          0x000000000805ae48       0xa0 /usr/lib/gcc/arm-none-eabi/9.2.1/../../../arm-none-eabi/lib/thumb/v7e-m+fp/hard/libc.a(lib_a-memset.o)
                0x000000000805ae48                memset
 .text          0x000000000805aee8      0x100 /usr/lib/gcc/arm-none-eabi/9.2.1/../../../arm-none-eabi/lib/thumb/v7e-m+fp/hard/libc.a(lib_a-perror.o)
                0x000000000805aee8                _perror_r
                0x000000000805afd8                perror
 .text          0x000000000805afe8       0x80 /usr/lib/gcc/arm-none-eabi/9.2.1/../../../arm-none-eabi/lib/thumb/v7e-m+fp/hard/libc.a(lib_a-sprintf.o)
                0x000000000805afe8                _sprintf_r
                0x000000000805b024                sprintf
 .text          0x000000000805b068      0x3fc /usr/lib/gcc/arm-none-eabi/9.2.1/../../../arm-none-eabi/lib/thumb/v7e-m+fp/hard/libc.a(lib_a-strerror.o)
                0x000000000805b068                _strerror_r
                0x000000000805b434                strerror
                0x000000000805b44c                strerror_l
 *fill*         0x000000000805b464       0x1c 
 .text          0x000000000805b480       0xdc /usr/lib/gcc/arm-none-eabi/9.2.1/../../../arm-none-eabi/lib/thumb/v7e-m+fp/hard/libc.a(lib_a-strlen.o)
                0x000000000805b480                strlen
 .text          0x000000000805b55c       0x74 /usr/lib/gcc/arm-none-eabi/9.2.1/../../../arm-none-eabi/lib/thumb/v7e-m+fp/hard/libc.a(lib_a-strncpy.o)
                0x000000000805b55c                strncpy
 .text          0x000000000805b5d0     0x1498 /usr/lib/gcc/arm-none-eabi/9.2.1/../../../arm-none-eabi/lib/thumb/v7e-m+fp/hard/libc.a(lib_a-svfprintf.o)
                0x000000000805b5d0                _svfprintf_r
 .text          0x000000000805ca68        0x4 /usr/lib/gcc/arm-none-eabi/9.2.1/../../../arm-none-eabi/lib/thumb/v7e-m+fp/hard/libc.a(lib_a-u_strerr.o)
                0x000000000805ca68                _user_strerror
 .text          0x000000000805ca6c       0x2c /usr/lib/gcc/arm-none-eabi/9.2.1/../../../arm-none-eabi/lib/thumb/v7e-m+fp/hard/libc.a(lib_a-writer.o)
                0x000000000805ca6c                _write_r
 .text          0x000000000805ca98       0x68 /usr/lib/gcc/arm-none-eabi/9.2.1/../../../arm-none-eabi/lib/thumb/v7e-m+fp/hard/libc.a(lib_a-__atexit.o)
                0x000000000805ca98                __register_exitproc
 .text          0x000000000805cb00      0xfc0 /usr/lib/gcc/arm-none-eabi/9.2.1/../../../arm-none-eabi/lib/thumb/v7e-m+fp/hard/libc.a(lib_a-dtoa.o)
                0x000000000805cc24                _dtoa_r
 .text          0x000000000805dac0      0x1a4 /usr/lib/gcc/arm-none-eabi/9.2.1/../../../arm-none-eabi/lib/thumb/v7e-m+fp/hard/libc.a(lib_a-fflush.o)
                0x000000000805dac0                __sflush_r
                0x000000000805dc0c                _fflush_r
                0x000000000805dc40                fflush
 .text          0x000000000805dc64       0x34 /usr/lib/gcc/arm-none-eabi/9.2.1/../../../arm-none-eabi/lib/thumb/v7e-m+fp/hard/libc.a(lib_a-fileno.o)
                0x000000000805dc64                fileno
 .text          0x000000000805dc98      0x1f4 /usr/lib/gcc/arm-none-eabi/9.2.1/../../../arm-none-eabi/lib/thumb/v7e-m+fp/hard/libc.a(lib_a-findfp.o)
                0x000000000805dc9c                _cleanup_r
                0x000000000805dd80                __sfmoreglue
                0x000000000805ddb0                __sfp
                0x000000000805de38                _cleanup
                0x000000000805de4c                __sinit
                0x000000000805de54                __sfp_lock_acquire
                0x000000000805de58                __sfp_lock_release
                0x000000000805de5c                __sinit_lock_acquire
                0x000000000805de60                __sinit_lock_release
                0x000000000805de64                __fp_lock_all
                0x000000000805de78                __fp_unlock_all
 .text          0x000000000805de8c       0xa0 /usr/lib/gcc/arm-none-eabi/9.2.1/../../../arm-none-eabi/lib/thumb/v7e-m+fp/hard/libc.a(lib_a-fwalk.o)
                0x000000000805de8c                _fwalk
                0x000000000805ded8                _fwalk_reent
 .text          0x000000000805df2c       0x14 /usr/lib/gcc/arm-none-eabi/9.2.1/../../../arm-none-eabi/lib/thumb/v7e-m+fp/hard/libc.a(lib_a-localeconv.o)
                0x000000000805df2c                __localeconv_l
                0x000000000805df30                _localeconv_r
                0x000000000805df38                localeconv
 .text          0x000000000805df40       0xa0 /usr/lib/gcc/arm-none-eabi/9.2.1/../../../arm-none-eabi/lib/thumb/v7e-m+fp/hard/libc.a(lib_a-memchr.o)
                0x000000000805df40                memchr
 .text          0x000000000805dfe0      0x9a8 /usr/lib/gcc/arm-none-eabi/9.2.1/../../../arm-none-eabi/lib/thumb/v7e-m+fp/hard/libc.a(lib_a-mprec.o)
                0x000000000805dfe0                _Balloc
                0x000000000805e02c                _Bfree
                0x000000000805e040                __multadd
                0x000000000805e0e4                __s2b
                0x000000000805e190                __hi0bits
                0x000000000805e1d0                __lo0bits
                0x000000000805e230                __i2b
                0x000000000805e25c                __multiply
                0x000000000805e3a8                __pow5mult
                0x000000000805e440                __lshift
                0x000000000805e50c                __mcmp
                0x000000000805e544                __mdiff
                0x000000000805e66c                __ulp
                0x000000000805e6bc                __b2d
                0x000000000805e774                __d2b
                0x000000000805e848                __ratio
                0x000000000805e8a8                _mprec_log10
                0x000000000805e8e8                __copybits
                0x000000000805e930                __any_on
 .text          0x000000000805e988       0x90 /usr/lib/gcc/arm-none-eabi/9.2.1/../../../arm-none-eabi/lib/thumb/v7e-m+fp/hard/libc.a(lib_a-stdio.o)
                0x000000000805e988                __sread
                0x000000000805e9ac                __seofread
                0x000000000805e9b0                __swrite
                0x000000000805e9f0                __sseek
                0x000000000805ea10                __sclose
 .text          0x000000000805ea18      0xb64 /usr/lib/gcc/arm-none-eabi/9.2.1/../../../arm-none-eabi/lib/thumb/v7e-m+fp/hard/libc.a(lib_a-svfiprintf.o)
                0x000000000805ea18                __ssprint_r
                0x000000000805eb10                _svfiprintf_r
 .text          0x000000000805f57c       0x48 /usr/lib/gcc/arm-none-eabi/9.2.1/../../../arm-none-eabi/lib/thumb/v7e-m+fp/hard/libc.a(lib_a-assert.o)
                0x000000000805f57c                __assert_func
                0x000000000805f5b8                __assert
 .text          0x000000000805f5c4       0x24 /usr/lib/gcc/arm-none-eabi/9.2.1/../../../arm-none-eabi/lib/thumb/v7e-m+fp/hard/libc.a(lib_a-closer.o)
                0x000000000805f5c4                _close_r
 .text          0x000000000805f5e8       0x98 /usr/lib/gcc/arm-none-eabi/9.2.1/../../../arm-none-eabi/lib/thumb/v7e-m+fp/hard/libc.a(lib_a-fclose.o)
                0x000000000805f5e8                _fclose_r
                0x000000000805f670                fclose
 .text          0x000000000805f680       0x44 /usr/lib/gcc/arm-none-eabi/9.2.1/../../../arm-none-eabi/lib/thumb/v7e-m+fp/hard/libc.a(lib_a-fiprintf.o)
                0x000000000805f680                _fiprintf_r
                0x000000000805f69c                fiprintf
 .text          0x000000000805f6c4       0x5c /usr/lib/gcc/arm-none-eabi/9.2.1/../../../arm-none-eabi/lib/thumb/v7e-m+fp/hard/libc.a(lib_a-locale.o)
                0x000000000805f6c4                _setlocale_r
                0x000000000805f704                __locale_mb_cur_max
                0x000000000805f710                setlocale
 .text          0x000000000805f720       0x2c /usr/lib/gcc/arm-none-eabi/9.2.1/../../../arm-none-eabi/lib/thumb/v7e-m+fp/hard/libc.a(lib_a-lseekr.o)
                0x000000000805f720                _lseek_r
 .text          0x000000000805f74c       0x40 /usr/lib/gcc/arm-none-eabi/9.2.1/../../../arm-none-eabi/lib/thumb/v7e-m+fp/hard/libc.a(lib_a-mbtowc_r.o)
                0x000000000805f74c                _mbtowc_r
                0x000000000805f760                __ascii_mbtowc
 .text          0x000000000805f78c       0xd0 /usr/lib/gcc/arm-none-eabi/9.2.1/../../../arm-none-eabi/lib/thumb/v7e-m+fp/hard/libc.a(lib_a-memmove.o)
                0x000000000805f78c                memmove
 .text          0x000000000805f85c       0x2c /usr/lib/gcc/arm-none-eabi/9.2.1/../../../arm-none-eabi/lib/thumb/v7e-m+fp/hard/libc.a(lib_a-readr.o)
                0x000000000805f85c                _read_r
 *fill*         0x000000000805f888       0x18 
 .text          0x000000000805f8a0      0x2dc /usr/lib/gcc/arm-none-eabi/9.2.1/../../../arm-none-eabi/lib/thumb/v7e-m+fp/hard/libc.a(lib_a-strcmp.o)
                0x000000000805f8a8                strcmp
 .text          0x000000000805fb7c      0xd00 /usr/lib/gcc/arm-none-eabi/9.2.1/../../../arm-none-eabi/lib/thumb/v7e-m+fp/hard/libc.a(lib_a-vfiprintf.o)
                0x000000000805fbf4                __sprint_r
                0x000000000805fc08                _vfiprintf_r
                0x00000000080607f8                vfiprintf
 .text          0x000000000806087c       0x30 /usr/lib/gcc/arm-none-eabi/9.2.1/../../../arm-none-eabi/lib/thumb/v7e-m+fp/hard/libc.a(lib_a-wctomb_r.o)
                0x000000000806087c                _wctomb_r
                0x0000000008060890                __ascii_wctomb
 .text          0x00000000080608ac       0xd0 /usr/lib/gcc/arm-none-eabi/9.2.1/../../../arm-none-eabi/lib/thumb/v7e-m+fp/hard/libc.a(lib_a-wsetup.o)
                0x00000000080608ac                __swsetup_r
 .text          0x000000000806097c       0x10 /usr/lib/gcc/arm-none-eabi/9.2.1/../../../arm-none-eabi/lib/thumb/v7e-m+fp/hard/libc.a(lib_a-abort.o)
                0x000000000806097c                abort
 .text          0x000000000806098c      0x110 /usr/lib/gcc/arm-none-eabi/9.2.1/../../../arm-none-eabi/lib/thumb/v7e-m+fp/hard/libc.a(lib_a-fputwc.o)
                0x000000000806098c                __fputwc
                0x0000000008060a34                _fputwc_r
                0x0000000008060a5c                fputwc
 .text          0x0000000008060a9c      0x308 /usr/lib/gcc/arm-none-eabi/9.2.1/../../../arm-none-eabi/lib/thumb/v7e-m+fp/hard/libc.a(lib_a-fvwrite.o)
                0x0000000008060a9c                __sfvwrite_r
 .text          0x0000000008060da4       0xf0 /usr/lib/gcc/arm-none-eabi/9.2.1/../../../arm-none-eabi/lib/thumb/v7e-m+fp/hard/libc.a(lib_a-makebuf.o)
                0x0000000008060da4                __swhatbuf_r
                0x0000000008060e00                __smakebuf_r
 .text          0x0000000008060e94      0x15c /usr/lib/gcc/arm-none-eabi/9.2.1/../../../arm-none-eabi/lib/thumb/v7e-m+fp/hard/libc.a(lib_a-signal.o)
                0x0000000008060ebc                _init_signal_r
                0x0000000008060ec8                _signal_r
                0x0000000008060f00                _raise_r
                0x0000000008060f58                __sigtramp_r
                0x0000000008060fac                raise
                0x0000000008060fbc                signal
                0x0000000008060fcc                _init_signal
                0x0000000008060fe0                __sigtramp
 .text          0x0000000008060ff0       0x2c /usr/lib/gcc/arm-none-eabi/9.2.1/../../../arm-none-eabi/lib/thumb/v7e-m+fp/hard/libc.a(lib_a-signalr.o)
                0x0000000008060ff0                _kill_r
                0x0000000008061018                _getpid_r
 .text          0x000000000806101c       0xc0 /usr/lib/gcc/arm-none-eabi/9.2.1/../../../arm-none-eabi/lib/thumb/v7e-m+fp/hard/libc.a(lib_a-wbuf.o)
                0x000000000806101c                __swbuf_r
                0x00000000080610cc                __swbuf
 .text          0x00000000080610dc       0x7c /usr/lib/gcc/arm-none-eabi/9.2.1/../../../arm-none-eabi/lib/thumb/v7e-m+fp/hard/libc.a(lib_a-wcrtomb.o)
                0x00000000080610dc                _wcrtomb_r
                0x0000000008061110                wcrtomb
 .text          0x0000000008061158       0x28 /usr/lib/gcc/arm-none-eabi/9.2.1/../../../arm-none-eabi/lib/thumb/v7e-m+fp/hard/libc.a(lib_a-fstatr.o)
                0x0000000008061158                _fstat_r
 .text          0x0000000008061180       0x24 /usr/lib/gcc/arm-none-eabi/9.2.1/../../../arm-none-eabi/lib/thumb/v7e-m+fp/hard/libc.a(lib_a-isattyr.o)
                0x0000000008061180                _isatty_r
 .text          0x00000000080611a4      0x378 /usr/lib/gcc/arm-none-eabi/9.2.1/thumb/v7e-m+fp/hard/libgcc.a(_arm_addsubdf3.o)
                0x00000000080611a4                __aeabi_drsub
                0x00000000080611ac                __aeabi_dsub
                0x00000000080611ac                __subdf3
                0x00000000080611b0                __adddf3
                0x00000000080611b0                __aeabi_dadd
                0x0000000008061428                __aeabi_ui2d
                0x0000000008061428                __floatunsidf
                0x0000000008061448                __floatsidf
                0x0000000008061448                __aeabi_i2d
                0x000000000806146c                __extendsfdf2
                0x000000000806146c                __aeabi_f2d
                0x00000000080614b0                __aeabi_ul2d
                0x00000000080614b0                __floatundidf
                0x00000000080614c0                __floatdidf
                0x00000000080614c0                __aeabi_l2d
 .text          0x000000000806151c      0x424 /usr/lib/gcc/arm-none-eabi/9.2.1/thumb/v7e-m+fp/hard/libgcc.a(_arm_muldivdf3.o)
                0x000000000806151c                __aeabi_dmul
                0x000000000806151c                __muldf3
                0x0000000008061770                __aeabi_ddiv
                0x0000000008061770                __divdf3
 .text          0x0000000008061940      0x110 /usr/lib/gcc/arm-none-eabi/9.2.1/thumb/v7e-m+fp/hard/libgcc.a(_arm_cmpdf2.o)
                0x0000000008061940                __gtdf2
                0x0000000008061940                __gedf2
                0x0000000008061948                __ltdf2
                0x0000000008061948                __ledf2
                0x0000000008061950                __cmpdf2
                0x0000000008061950                __eqdf2
                0x0000000008061950                __nedf2
                0x00000000080619cc                __aeabi_cdrcmple
                0x00000000080619dc                __aeabi_cdcmple
                0x00000000080619dc                __aeabi_cdcmpeq
                0x00000000080619ec                __aeabi_dcmpeq
                0x0000000008061a00                __aeabi_dcmplt
                0x0000000008061a14                __aeabi_dcmple
                0x0000000008061a28                __aeabi_dcmpge
                0x0000000008061a3c                __aeabi_dcmpgt
 .text          0x0000000008061a50       0x2c /usr/lib/gcc/arm-none-eabi/9.2.1/thumb/v7e-m+fp/hard/libgcc.a(_arm_unorddf2.o)
                0x0000000008061a50                __aeabi_dcmpun
                0x0000000008061a50                __unorddf2
 .text          0x0000000008061a7c       0x50 /usr/lib/gcc/arm-none-eabi/9.2.1/thumb/v7e-m+fp/hard/libgcc.a(_arm_fixdfsi.o)
                0x0000000008061a7c                __fixdfsi
                0x0000000008061a7c                __aeabi_d2iz
 .text          0x0000000008061acc        0x4 /usr/lib/gcc/arm-none-eabi/9.2.1/../../../arm-none-eabi/lib/thumb/v7e-m+fp/hard/libnosys.a(_exit.o)
                0x0000000008061acc                _exit
 *(.text*)
 .text._read    0x0000000008061ad0        0x4 build/pgm_syscalls.o
                0x0000000008061ad0                _read
 .text._write   0x0000000008061ad4        0x8 build/pgm_syscalls.o
                0x0000000008061ad4                _write
 .text._close   0x0000000008061adc        0x8 build/pgm_syscalls.o
                0x0000000008061adc                _close
 .text._fstat   0x0000000008061ae4        0xc build/pgm_syscalls.o
                0x0000000008061ae4                _fstat
 .text._isatty  0x0000000008061af0        0x4 build/pgm_syscalls.o
                0x0000000008061af0                _isatty
 .text._lseek   0x0000000008061af4        0x4 build/pgm_syscalls.o
                0x0000000008061af4                _lseek
 .text._kill    0x0000000008061af8       0x10 build/pgm_syscalls.o
                0x0000000008061af8                _kill
 .text._getpid  0x0000000008061b08        0x4 build/pgm_syscalls.o
                0x0000000008061b08                _getpid
 .text.free     0x0000000008061b0c        0x8 build/pgm_syscalls.o
                0x0000000008061b0c                free
 .text.calloc   0x0000000008061b14        0x8 build/pgm_syscalls.o
                0x0000000008061b14                calloc
 .text.__wrap__malloc_r
                0x0000000008061b1c        0xc build/pgm_syscalls.o
                0x0000000008061b1c                __wrap__malloc_r
 .text._calloc_r
                0x0000000008061b28        0xc build/pgm_syscalls.o
                0x0000000008061b28                _calloc_r
 .text._realloc_r
                0x0000000008061b34        0xc build/pgm_syscalls.o
                0x0000000008061b34                _realloc_r
 .text._free_r  0x0000000008061b40        0xc build/pgm_syscalls.o
                0x0000000008061b40                _free_r
 .text.post_main
                0x0000000008061b4c       0x1c build/pgm_syscalls.o
                0x0000000008061b4c                post_main
 .text.gtodot_digit
                0x0000000008061b68       0x60 build/keys.o
 .text.check_f_key
                0x0000000008061bc8       0x40 build/keys.o
 .text.is_label_or_end_at
                0x0000000008061c08       0x30 build/keys.o
 .text.advance_to_next_label
                0x0000000008061c38       0x4c build/keys.o
 .text.init_cat
                0x0000000008061c84       0xec build/keys.o
 .text.advance_to_previous_label
                0x0000000008061d70       0x50 build/keys.o
 .text.check_confirm.part.0
                0x0000000008061dc0       0x38 build/keys.o
 .text.init_arg.part.0
                0x0000000008061df8       0x28 build/keys.o
 .text.reset_arg
                0x0000000008061e20       0x1c build/keys.o
 .text.arg_eval
                0x0000000008061e3c       0x9c build/keys.o
 .text.arg_digit
                0x0000000008061ed8      0x104 build/keys.o
 .text.process_arg_shuffle
                0x0000000008061fdc       0x30 build/keys.o
 .text.process_h_shifted
                0x000000000806200c       0xd8 build/keys.o
 .text.intltr   0x00000000080620e4       0x38 build/keys.o
 .text.process_normal
                0x000000000806211c      0x278 build/keys.o
 .text.process_fg_shifted
                0x0000000008062394      0x2a8 build/keys.o
 .text.set_window
                0x000000000806263c       0x98 build/keys.o
 .text.arg_storcl
                0x00000000080626d4       0x44 build/keys.o
 .text.process_arg
                0x0000000008062718      0x550 build/keys.o
 .text.cur_shift
                0x0000000008062c68       0x14 build/keys.o
                0x0000000008062c68                cur_shift
 .text.reset_shift
                0x0000000008062c7c       0x18 build/keys.o
                0x0000000008062c7c                reset_shift
 .text.keycode_to_row_column
                0x0000000008062c94       0x24 build/keys.o
                0x0000000008062c94                keycode_to_row_column
 .text.row_column_to_keycode
                0x0000000008062cb8       0x40 build/keys.o
                0x0000000008062cb8                row_column_to_keycode
 .text.init_state
                0x0000000008062cf8       0x80 build/keys.o
                0x0000000008062cf8                init_state
 .text.process_cmplx
                0x0000000008062d78       0xd0 build/keys.o
 .text.soft_init_state
                0x0000000008062e48       0x50 build/keys.o
                0x0000000008062e48                soft_init_state
 .text.finish_cpx_entry
                0x0000000008062e98       0xc8 build/keys.o
                0x0000000008062e98                finish_cpx_entry
 .text.stack_begin
                0x0000000008062f60       0xbc build/keys.o
                0x0000000008062f60                stack_begin
 .text.current_catalogue
                0x000000000806301c       0xe0 build/keys.o
                0x000000000806301c                current_catalogue
 .text.process_catalogue
                0x00000000080630fc      0x31c build/keys.o
 .text.get_alpha_state
                0x0000000008063418       0x28 build/keys.o
                0x0000000008063418                get_alpha_state
 .text.process_keycode
                0x0000000008063440     0x1e64 build/keys.o
                0x0000000008063440                process_keycode
 .text.process_keycode_with_shift
                0x00000000080652a4       0xa8 build/keys.o
                0x00000000080652a4                process_keycode_with_shift
 .text.set_separator_decimal_modes
                0x000000000806534c       0x54 build/display.o
 .text.set_dig  0x00000000080653a0       0x78 build/display.o
 .text.hms_render
                0x0000000008065418       0xa8 build/display.o
 .text.set_exp_digits_string
                0x00000000080654c0       0x40 build/display.o
 .text.hms_step
                0x0000000008065500       0x38 build/display.o
 .text.set_exp  0x0000000008065538      0x124 build/display.o
 .text.set_separator.part.0
                0x000000000806565c       0x40 build/display.o
 .text.set_decimal
                0x000000000806569c       0x54 build/display.o
 .text.set_digits_string
                0x00000000080656f0       0x44 build/display.o
 .text.check_special_dn.isra.0
                0x0000000008065734       0x9c build/display.o
 .text.set_x_hms
                0x00000000080657d0      0x1c8 build/display.o
 .text.set_x_fract
                0x0000000008065998      0x1b4 build/display.o
 .text.carry_overflow
                0x0000000008065b4c       0x84 build/display.o
 .text.set_int_x
                0x0000000008065bd0      0x3d4 build/display.o
 .text.s_s_sized.constprop.0
                0x0000000008065fa4      0x19c build/display.o
 .text.dot      0x0000000008066140        0xc build/display.o
                0x0000000008066140                dot
 .text.std_round_fix
                0x000000000806614c       0x7c build/display.o
                0x000000000806614c                std_round_fix
 .text.set_IO_annunciator
                0x00000000080661c8       0x40 build/display.o
                0x00000000080661c8                set_IO_annunciator
 .text.set_annunciators
                0x0000000008066208       0xec build/display.o
 .text.pixel_length
                0x00000000080662f4       0x40 build/display.o
                0x00000000080662f4                pixel_length
 .text.set_status
                0x0000000008066334       0x38 build/display.o
 .text.set_x_dn
                0x000000000806636c      0x9ec build/display.o
                0x000000000806636c                set_x_dn
 .text.set_x    0x0000000008066d58       0x34 build/display.o
 .text.format_reg
                0x0000000008066d8c       0x6c build/display.o
                0x0000000008066d8c                format_reg
 .text.set_status_right
                0x0000000008066df8       0x64 build/display.o
 .text.annunciators
                0x0000000008066e5c      0x52c build/display.o
 .text.display  0x0000000008067388      0xe88 build/display.o
                0x0000000008067388                display
 .text.frozen_display
                0x0000000008068210       0x20 build/display.o
                0x0000000008068210                frozen_display
 .text.message  0x0000000008068230       0x70 build/display.o
                0x0000000008068230                message
 .text.error_message
                0x00000000080682a0       0xfc build/display.o
                0x00000000080682a0                error_message
 .text.stopwatch_message
                0x000000000806839c       0x60 build/display.o
                0x000000000806839c                stopwatch_message
 .text.find_section_bounds
                0x00000000080683fc       0x78 build/xeq.o
 .text.reg_address
                0x0000000008068474       0x64 build/xeq.o
 .text.retstk_up
                0x00000000080684d8       0x80 build/xeq.o
 .text.flag_word
                0x0000000008068558       0x80 build/xeq.o
 .text.set_zero
                0x00000000080685d8       0x24 build/xeq.o
 .text.intResult
                0x00000000080685fc       0xac build/xeq.o
 .text.check_stack_overlap
                0x00000000080686a8       0x74 build/xeq.o
 .text.move_retstk
                0x000000000806871c       0x80 build/xeq.o
                0x000000000806871c                move_retstk
 .text.local_regs_rarg
                0x000000000806879c       0x68 build/xeq.o
                0x000000000806879c                local_regs_rarg
 .text.get_reg_limit
                0x0000000008068804       0xbc build/xeq.o
 .text.local_regs
                0x00000000080688c0       0x44 build/xeq.o
                0x00000000080688c0                local_regs
 .text.global_regs_rarg
                0x0000000008068904       0x40 build/xeq.o
                0x0000000008068904                global_regs_rarg
 .text.global_regs
                0x0000000008068944       0x24 build/xeq.o
                0x0000000008068944                global_regs
 .text.version  0x0000000008068968       0x1c build/xeq.o
                0x0000000008068968                version
 .text.cmd_off  0x0000000008068984        0x4 build/xeq.o
                0x0000000008068984                cmd_off
 .text.init_RegionTab
                0x0000000008068988       0x2c build/xeq.o
                0x0000000008068988                init_RegionTab
 .text.sizeLIB  0x00000000080689b4       0x20 build/xeq.o
                0x00000000080689b4                sizeLIB
 .text.getprog  0x00000000080689d4       0x50 build/xeq.o
                0x00000000080689d4                getprog
 .text.get_current_prog
                0x0000000008068a24       0x28 build/xeq.o
                0x0000000008068a24                get_current_prog
 .text.do_inc   0x0000000008068a4c       0x48 build/xeq.o
                0x0000000008068a4c                do_inc
 .text.user_pc.part.0
                0x0000000008068a94       0x38 build/xeq.o
 .text.print_step
                0x0000000008068acc       0xac build/xeq.o
 .text.do_dec   0x0000000008068b78       0x4c build/xeq.o
                0x0000000008068b78                do_dec
 .text.update_program_bounds
                0x0000000008068bc4       0x98 build/xeq.o
                0x0000000008068bc4                update_program_bounds
 .text.set_pc   0x0000000008068c5c       0xb0 build/xeq.o
                0x0000000008068c5c                set_pc
 .text.incpc    0x0000000008068d0c       0x2c build/xeq.o
                0x0000000008068d0c                incpc
 .text.decpc    0x0000000008068d38       0x28 build/xeq.o
                0x0000000008068d38                decpc
 .text.do_rtn   0x0000000008068d60       0xa0 build/xeq.o
 .text.user_pc  0x0000000008068e00       0x14 build/xeq.o
                0x0000000008068e00                user_pc
 .text.find_user_pc
                0x0000000008068e14       0x54 build/xeq.o
                0x0000000008068e14                find_user_pc
 .text.report_err
                0x0000000008068e68       0x20 build/xeq.o
                0x0000000008068e68                report_err
 .text.report_warn
                0x0000000008068e88       0x5c build/xeq.o
                0x0000000008068e88                report_warn
 .text.bad_mode_error
                0x0000000008068ee4       0x10 build/xeq.o
                0x0000000008068ee4                bad_mode_error
 .text.cmderr   0x0000000008068ef4       0x14 build/xeq.o
                0x0000000008068ef4                cmderr
 .text.cmdmsg   0x0000000008068f08        0x4 build/xeq.o
                0x0000000008068f08                cmdmsg
 .text.rarg_roundingmode
                0x0000000008068f0c       0x18 build/xeq.o
                0x0000000008068f0c                rarg_roundingmode
 .text.packed_from_number
                0x0000000008068f24       0x3c build/xeq.o
                0x0000000008068f24                packed_from_number
 .text.packed128_from_number
                0x0000000008068f60       0x3c build/xeq.o
                0x0000000008068f60                packed128_from_number
 .text.check_special
                0x0000000008068f9c       0xa8 build/xeq.o
 .text.packed_from_packed128
                0x0000000008069044       0x1c build/xeq.o
                0x0000000008069044                packed_from_packed128
 .text.packed128_from_packed
                0x0000000008069060       0x1c build/xeq.o
                0x0000000008069060                packed128_from_packed
 .text.stack_size
                0x000000000806907c       0x38 build/xeq.o
                0x000000000806907c                stack_size
 .text.copyreg  0x00000000080690b4       0x20 build/xeq.o
                0x00000000080690b4                copyreg
 .text.set_lift
                0x00000000080690d4       0x10 build/xeq.o
                0x00000000080690d4                set_lift
 .text.entry_rpn_on_off
                0x00000000080690e4       0x34 build/xeq.o
                0x00000000080690e4                entry_rpn_on_off
 .text.is_dblmode
                0x0000000008069118       0x20 build/xeq.o
                0x0000000008069118                is_dblmode
 .text.s_to_i   0x0000000008069138       0x6c build/xeq.o
                0x0000000008069138                s_to_i
 .text.digit    0x00000000080691a4      0x190 build/xeq.o
 .text.s_to_ull
                0x0000000008069334       0x3c build/xeq.o
                0x0000000008069334                s_to_ull
 .text.get_cmdline
                0x0000000008069370       0x18 build/xeq.o
                0x0000000008069370                get_cmdline
 .text.is_bad_cmdline
                0x0000000008069388        0x4 build/xeq.o
                0x0000000008069388                is_bad_cmdline
 .text.get_flash_reg_n
                0x000000000806938c       0x20 build/xeq.o
                0x000000000806938c                get_flash_reg_n
 .text.get_const
                0x00000000080693ac       0x84 build/xeq.o
                0x00000000080693ac                get_const
 .text.get_reg_n
                0x0000000008069430       0xbc build/xeq.o
                0x0000000008069430                get_reg_n
 .text.lift     0x00000000080694ec       0x6c build/xeq.o
                0x00000000080694ec                lift
 .text.lift2_if_enabled
                0x0000000008069558       0x48 build/xeq.o
 .text.lower    0x00000000080695a0       0x74 build/xeq.o
 .text.get_stack_top
                0x0000000008069614       0x3c build/xeq.o
 .text.roll_down
                0x0000000008069650       0x54 build/xeq.o
                0x0000000008069650                roll_down
 .text.cpx_roll_down
                0x00000000080696a4       0x34 build/xeq.o
                0x00000000080696a4                cpx_roll_down
 .text.roll_up  0x00000000080696d8       0x54 build/xeq.o
                0x00000000080696d8                roll_up
 .text.cpx_roll_up
                0x000000000806972c       0x34 build/xeq.o
                0x000000000806972c                cpx_roll_up
 .text.fill     0x0000000008069760       0x70 build/xeq.o
                0x0000000008069760                fill
 .text.lower2   0x00000000080697d0       0x74 build/xeq.o
 .text.drop     0x0000000008069844       0x20 build/xeq.o
                0x0000000008069844                drop
 .text.copyreg_n
                0x0000000008069864       0x3c build/xeq.o
                0x0000000008069864                copyreg_n
 .text.setlastX
                0x00000000080698a0        0x8 build/xeq.o
                0x00000000080698a0                setlastX
 .text.setlastXY
                0x00000000080698a8       0x18 build/xeq.o
 .text.getRegister
                0x00000000080698c0       0x34 build/xeq.o
                0x00000000080698c0                getRegister
 .text.getX     0x00000000080698f4        0x8 build/xeq.o
                0x00000000080698f4                getX
 .text.getY     0x00000000080698fc        0x8 build/xeq.o
                0x00000000080698fc                getY
 .text.getXY    0x0000000008069904       0x18 build/xeq.o
                0x0000000008069904                getXY
 .text.getXYZ   0x000000000806991c       0x20 build/xeq.o
                0x000000000806991c                getXYZ
 .text.getXYZT  0x000000000806993c       0x14 build/xeq.o
                0x000000000806993c                getXYZT
 .text.storcl_op
                0x0000000008069950       0x84 build/xeq.o
 .text.storcl_cop
                0x00000000080699d4       0xc0 build/xeq.o
 .text.cpx_enter
                0x0000000008069a94       0x50 build/xeq.o
                0x0000000008069a94                cpx_enter
 .text.cpx_fill
                0x0000000008069ae4       0x94 build/xeq.o
                0x0000000008069ae4                cpx_fill
 .text.setRegister
                0x0000000008069b78       0x54 build/xeq.o
                0x0000000008069b78                setRegister
 .text.setX     0x0000000008069bcc        0x8 build/xeq.o
                0x0000000008069bcc                setX
 .text.rarg_round
                0x0000000008069bd4       0x70 build/xeq.o
                0x0000000008069bd4                rarg_round
 .text.setY     0x0000000008069c44        0x8 build/xeq.o
                0x0000000008069c44                setY
 .text.setXY    0x0000000008069c4c       0x2c build/xeq.o
                0x0000000008069c4c                setXY
 .text.convert_regK
                0x0000000008069c78       0xc4 build/xeq.o
                0x0000000008069c78                convert_regK
 .text.cpx_nop  0x0000000008069d3c      0x170 build/xeq.o
                0x0000000008069d3c                cpx_nop
 .text.get_reg_n_int
                0x0000000008069eac       0x1c build/xeq.o
                0x0000000008069eac                get_reg_n_int
 .text.storcl_intop
                0x0000000008069ec8       0xb0 build/xeq.o
 .text.incdec   0x0000000008069f78       0x98 build/xeq.o
 .text.set_reg_n_int
                0x000000000806a010       0x1c build/xeq.o
                0x000000000806a010                set_reg_n_int
 .text.get_reg_n_int_sgn
                0x000000000806a02c       0x38 build/xeq.o
                0x000000000806a02c                get_reg_n_int_sgn
 .text.get_keycode_from_reg
                0x000000000806a064       0x30 build/xeq.o
 .text.getX_int
                0x000000000806a094        0x8 build/xeq.o
                0x000000000806a094                getX_int
 .text.getX_int_sgn
                0x000000000806a09c        0x8 build/xeq.o
                0x000000000806a09c                getX_int_sgn
 .text.set_reg_n_int_sgn
                0x000000000806a0a4       0x64 build/xeq.o
                0x000000000806a0a4                set_reg_n_int_sgn
 .text.op_roundingmode
                0x000000000806a108       0x28 build/xeq.o
                0x000000000806a108                op_roundingmode
 .text.register_from_int
                0x000000000806a130       0x64 build/xeq.o
 .text.int_from_register
                0x000000000806a194       0x48 build/xeq.o
 .text.switch_to_int
                0x000000000806a1dc       0x80 build/xeq.o
 .text.process_cmdline.part.0
                0x000000000806a25c      0x250 build/xeq.o
 .text.process_cmdline
                0x000000000806a4ac       0x10 build/xeq.o
                0x000000000806a4ac                process_cmdline
 .text.cpx_pi   0x000000000806a4bc       0xcc build/xeq.o
                0x000000000806a4bc                cpx_pi
 .text.process_cmdline_set_lift
                0x000000000806a588       0x24 build/xeq.o
                0x000000000806a588                process_cmdline_set_lift
 .text.setX_int
                0x000000000806a5ac       0x20 build/xeq.o
                0x000000000806a5ac                setX_int
 .text.do_rcl   0x000000000806a5cc       0xdc build/xeq.o
 .text.setX_int_sgn
                0x000000000806a6a8       0x18 build/xeq.o
                0x000000000806a6a8                setX_int_sgn
 .text.zero_X   0x000000000806a6c0        0xc build/xeq.o
                0x000000000806a6c0                zero_X
 .text.zero_Y   0x000000000806a6cc       0x10 build/xeq.o
                0x000000000806a6cc                zero_Y
 .text.clrx     0x000000000806a6dc       0x78 build/xeq.o
                0x000000000806a6dc                clrx
 .text.clrstk   0x000000000806a754       0x6c build/xeq.o
                0x000000000806a754                clrstk
 .text.clrreg   0x000000000806a7c0      0x130 build/xeq.o
                0x000000000806a7c0                clrreg
 .text.clrretstk
                0x000000000806a8f0       0x1c build/xeq.o
                0x000000000806a8f0                clrretstk
 .text.clrretstk_pc
                0x000000000806a90c       0x2c build/xeq.o
                0x000000000806a90c                clrretstk_pc
 .text.cmdconst
                0x000000000806a938       0xd4 build/xeq.o
                0x000000000806a938                cmdconst
 .text.cmdsto   0x000000000806aa0c       0x80 build/xeq.o
                0x000000000806aa0c                cmdsto
 .text.cmdrcl   0x000000000806aa8c        0x4 build/xeq.o
                0x000000000806aa8c                cmdrcl
 .text.cmdcsto  0x000000000806aa90       0xd0 build/xeq.o
                0x000000000806aa90                cmdcsto
 .text.cmdcrcl  0x000000000806ab60      0x108 build/xeq.o
                0x000000000806ab60                cmdcrcl
 .text.cmdircl  0x000000000806ac68       0x20 build/xeq.o
                0x000000000806ac68                cmdircl
 .text.cmdrrcl  0x000000000806ac88       0x88 build/xeq.o
                0x000000000806ac88                cmdrrcl
 .text.swap_reg
                0x000000000806ad10       0x64 build/xeq.o
                0x000000000806ad10                swap_reg
 .text.cmdswap  0x000000000806ad74       0x9c build/xeq.o
                0x000000000806ad74                cmdswap
 .text.cmdview  0x000000000806ae10       0x5c build/xeq.o
                0x000000000806ae10                cmdview
 .text.get_stack_size
                0x000000000806ae6c       0x48 build/xeq.o
                0x000000000806ae6c                get_stack_size
 .text.get_word_size
                0x000000000806aeb4       0x1c build/xeq.o
                0x000000000806aeb4                get_word_size
 .text.get_sign_mode
                0x000000000806aed0       0x28 build/xeq.o
                0x000000000806aed0                get_sign_mode
 .text.get_base
                0x000000000806aef8       0x1c build/xeq.o
                0x000000000806aef8                get_base
 .text.DM42_Ticker
                0x000000000806af14       0x18 build/xeq.o
                0x000000000806af14                DM42_Ticker
 .text.op_ticks
                0x000000000806af2c       0x28 build/xeq.o
                0x000000000806af2c                op_ticks
 .text.op_voltage
                0x000000000806af54       0x64 build/xeq.o
                0x000000000806af54                op_voltage
 .text.free_mem
                0x000000000806afb8       0x18 build/xeq.o
                0x000000000806afb8                free_mem
 .text.free_flash
                0x000000000806afd0       0x14 build/xeq.o
                0x000000000806afd0                free_flash
 .text.get_mem  0x000000000806afe4       0xb0 build/xeq.o
                0x000000000806afe4                get_mem
 .text.cmdputkey
                0x000000000806b094       0x3c build/xeq.o
                0x000000000806b094                cmdputkey
 .text.cmdkeytype
                0x000000000806b0d0       0x50 build/xeq.o
                0x000000000806b0d0                cmdkeytype
 .text.cmdstostk
                0x000000000806b120       0x24 build/xeq.o
                0x000000000806b120                cmdstostk
 .text.cmdrclstk
                0x000000000806b144       0x24 build/xeq.o
                0x000000000806b144                cmdrclstk
 .text.find_opcode_from
                0x000000000806b168       0x70 build/xeq.o
                0x000000000806b168                find_opcode_from
 .text.find_label_from
                0x000000000806b1d8        0x8 build/xeq.o
                0x000000000806b1d8                find_label_from
 .text.op_rtn   0x000000000806b1e0       0x28 build/xeq.o
                0x000000000806b1e0                op_rtn
 .text.op_popusr
                0x000000000806b208       0x6c build/xeq.o
                0x000000000806b208                op_popusr
 .text.findmultilbl
                0x000000000806b274       0x4c build/xeq.o
                0x000000000806b274                findmultilbl
 .text.multiumenu
                0x000000000806b2c0       0x18 build/xeq.o
                0x000000000806b2c0                multiumenu
 .text.get_dispmode_digs
                0x000000000806b2d8       0x30 build/xeq.o
                0x000000000806b2d8                get_dispmode_digs
 .text.convC2F  0x000000000806b308       0x24 build/xeq.o
                0x000000000806b308                convC2F
 .text.convF2C  0x000000000806b32c       0x24 build/xeq.o
                0x000000000806b32c                convF2C
 .text.convDB2AR
                0x000000000806b350       0x20 build/xeq.o
                0x000000000806b350                convDB2AR
 .text.convAR2DB
                0x000000000806b370       0x20 build/xeq.o
                0x000000000806b370                convAR2DB
 .text.convDB2PR
                0x000000000806b390       0x1c build/xeq.o
                0x000000000806b390                convDB2PR
 .text.convPR2DB
                0x000000000806b3ac       0x1c build/xeq.o
                0x000000000806b3ac                convPR2DB
 .text.do_conv  0x000000000806b3c8       0x44 build/xeq.o
                0x000000000806b3c8                do_conv
 .text.cmdconv  0x000000000806b40c       0x40 build/xeq.o
                0x000000000806b40c                cmdconv
 .text.fin_tst  0x000000000806b44c       0x68 build/xeq.o
                0x000000000806b44c                fin_tst
 .text.check_mode
                0x000000000806b4b4       0x28 build/xeq.o
                0x000000000806b4b4                check_mode
 .text.check_dblmode
                0x000000000806b4dc       0x20 build/xeq.o
                0x000000000806b4dc                check_dblmode
 .text.op_query_xtal
                0x000000000806b4fc        0x8 build/xeq.o
                0x000000000806b4fc                op_query_xtal
 .text.isTop    0x000000000806b504       0x48 build/xeq.o
                0x000000000806b504                isTop
 .text.cmdlblp  0x000000000806b54c       0x28 build/xeq.o
                0x000000000806b54c                cmdlblp
 .text.cmdmultilblp
                0x000000000806b574       0x18 build/xeq.o
                0x000000000806b574                cmdmultilblp
 .text.cmdkeyp  0x000000000806b58c       0x48 build/xeq.o
                0x000000000806b58c                cmdkeyp
 .text.do_tst   0x000000000806b5d4      0x170 build/xeq.o
 .text.do_ztst  0x000000000806b744       0xac build/xeq.o
 .text.op_query_print
                0x000000000806b7f0        0x8 build/xeq.o
                0x000000000806b7f0                op_query_print
 .text.check_zero
                0x000000000806b7f8       0x70 build/xeq.o
                0x000000000806b7f8                check_zero
 .text.cmdtest  0x000000000806b868        0x8 build/xeq.o
                0x000000000806b868                cmdtest
 .text.cmdztest
                0x000000000806b870       0x2c build/xeq.o
                0x000000000806b870                cmdztest
 .text.cmdlincdec
                0x000000000806b89c       0x10 build/xeq.o
                0x000000000806b89c                cmdlincdec
 .text.cmdloopz
                0x000000000806b8ac       0x18 build/xeq.o
                0x000000000806b8ac                cmdloopz
 .text.cmdloop  0x000000000806b8c4      0x1f8 build/xeq.o
                0x000000000806b8c4                cmdloop
 .text.op_shift_digit
                0x000000000806babc       0x68 build/xeq.o
                0x000000000806babc                op_shift_digit
 .text.get_user_flag
                0x000000000806bb24       0x20 build/xeq.o
                0x000000000806bb24                get_user_flag
 .text.cmdflag  0x000000000806bb44       0xc0 build/xeq.o
                0x000000000806bb44                cmdflag
 .text.clrflags
                0x000000000806bc04       0x30 build/xeq.o
                0x000000000806bc04                clrflags
 .text.intws    0x000000000806bc34       0xec build/xeq.o
                0x000000000806bc34                intws
 .text.get_maxdenom
                0x000000000806bd20       0x20 build/xeq.o
                0x000000000806bd20                get_maxdenom
 .text.op_2frac
                0x000000000806bd40       0xa0 build/xeq.o
                0x000000000806bd40                op_2frac
 .text.op_fracdenom
                0x000000000806bde0       0x84 build/xeq.o
                0x000000000806bde0                op_fracdenom
 .text.op_float
                0x000000000806be64       0xd4 build/xeq.o
                0x000000000806be64                op_float
 .text.cmddisp  0x000000000806bf38       0xc4 build/xeq.o
                0x000000000806bf38                cmddisp
 .text.set_int_base
                0x000000000806bffc       0x50 build/xeq.o
                0x000000000806bffc                set_int_base
 .text.op_fract
                0x000000000806c04c       0x44 build/xeq.o
                0x000000000806c04c                op_fract
 .text.cmdsavem
                0x000000000806c090       0x1c build/xeq.o
                0x000000000806c090                cmdsavem
 .text.set_entry
                0x000000000806c0ac       0x2c build/xeq.o
                0x000000000806c0ac                set_entry
 .text.get_trig_mode
                0x000000000806c0d8       0x30 build/xeq.o
                0x000000000806c0d8                get_trig_mode
 .text.cmdpause
                0x000000000806c108       0x24 build/xeq.o
                0x000000000806c108                cmdpause
 .text.op_setspeed
                0x000000000806c12c       0x20 build/xeq.o
                0x000000000806c12c                op_setspeed
 .text.op_prompt
                0x000000000806c14c       0x30 build/xeq.o
                0x000000000806c14c                op_prompt
 .text.XisInt   0x000000000806c17c       0x60 build/xeq.o
                0x000000000806c17c                XisInt
 .text.XisEvenOrOdd
                0x000000000806c1dc       0x64 build/xeq.o
                0x000000000806c1dc                XisEvenOrOdd
 .text.XisPrime
                0x000000000806c240       0x84 build/xeq.o
                0x000000000806c240                XisPrime
 .text.isInfinite
                0x000000000806c2c4       0x30 build/xeq.o
                0x000000000806c2c4                isInfinite
 .text.isNan    0x000000000806c2f4       0x40 build/xeq.o
                0x000000000806c2f4                isNan
 .text.isSpecial
                0x000000000806c334       0x40 build/xeq.o
                0x000000000806c334                isSpecial
 .text.op_entryp
                0x000000000806c374       0x14 build/xeq.o
                0x000000000806c374                op_entryp
 .text.reg_decode
                0x000000000806c388      0x240 build/xeq.o
                0x000000000806c388                reg_decode
 .text.op_regcopy
                0x000000000806c5c8       0x4c build/xeq.o
                0x000000000806c5c8                op_regcopy
 .text.op_regswap
                0x000000000806c614       0x70 build/xeq.o
                0x000000000806c614                op_regswap
 .text.op_regclr
                0x000000000806c684       0x48 build/xeq.o
                0x000000000806c684                op_regclr
 .text.op_regsort
                0x000000000806c6cc      0x114 build/xeq.o
                0x000000000806c6cc                op_regsort
 .text.busy     0x000000000806c7e0       0x24 build/xeq.o
                0x000000000806c7e0                busy
 .text.intMonadic
                0x000000000806c804       0x98 build/xeq.o
                0x000000000806c804                intMonadic
 .text.intDyadic
                0x000000000806c89c       0xd4 build/xeq.o
                0x000000000806c89c                intDyadic
 .text.xeq_init_contexts
                0x000000000806c970       0x9c build/xeq.o
                0x000000000806c970                xeq_init_contexts
 .text.not_running
                0x000000000806ca0c       0x24 build/xeq.o
                0x000000000806ca0c                not_running
 .text.set_running_off
                0x000000000806ca30       0x24 build/xeq.o
                0x000000000806ca30                set_running_off
 .text.set_running_on
                0x000000000806ca54       0x44 build/xeq.o
                0x000000000806ca54                set_running_on
 .text.gsbgto   0x000000000806ca98       0xb0 build/xeq.o
 .text.cmdgtocommon
                0x000000000806cb48       0x34 build/xeq.o
                0x000000000806cb48                cmdgtocommon
 .text.cmdgto   0x000000000806cb7c       0x44 build/xeq.o
                0x000000000806cb7c                cmdgto
 .text.branchtoalpha
                0x000000000806cbc0       0x28 build/xeq.o
 .text.cmdalphagto
                0x000000000806cbe8       0x2c build/xeq.o
                0x000000000806cbe8                cmdalphagto
 .text.op_gtoalpha
                0x000000000806cc14       0x34 build/xeq.o
                0x000000000806cc14                op_gtoalpha
 .text.cmdskip  0x000000000806cc48       0x84 build/xeq.o
                0x000000000806cc48                cmdskip
 .text.cmdback  0x000000000806cccc       0x74 build/xeq.o
                0x000000000806cccc                cmdback
 .text.usergsb_common
                0x000000000806cd40       0x9c build/xeq.o
 .text.do_usergsb
                0x000000000806cddc       0x18 build/xeq.o
                0x000000000806cddc                do_usergsb
 .text.cmdmultigto
                0x000000000806cdf4       0x50 build/xeq.o
                0x000000000806cdf4                cmdmultigto
 .text.store_a_to_d
                0x000000000806ce44       0x24 build/xeq.o
                0x000000000806ce44                store_a_to_d
 .text.cmdlocr  0x000000000806ce68      0x190 build/xeq.o
                0x000000000806ce68                cmdlocr
 .text.cmdxout  0x000000000806cff8      0x210 build/xeq.o
                0x000000000806cff8                cmdxout
 .text.cmdconverged
                0x000000000806d208       0xf8 build/xeq.o
                0x000000000806d208                cmdconverged
 .text.cmdshuffle
                0x000000000806d300       0x8c build/xeq.o
                0x000000000806d300                cmdshuffle
 .text.cmdmode  0x000000000806d38c       0x54 build/xeq.o
                0x000000000806d38c                cmdmode
 .text.cmdlpop  0x000000000806d3e0       0x3c build/xeq.o
                0x000000000806d3e0                cmdlpop
 .text.cmdregs  0x000000000806d41c       0xb8 build/xeq.o
                0x000000000806d41c                cmdregs
 .text.op_double
                0x000000000806d4d4      0x128 build/xeq.o
                0x000000000806d4d4                op_double
 .text.cmdrestm
                0x000000000806d5fc       0x9c build/xeq.o
                0x000000000806d5fc                cmdrestm
 .text.cmdxin   0x000000000806d698      0x1d4 build/xeq.o
                0x000000000806d698                cmdxin
 .text.xeq      0x000000000806d86c      0xee0 build/xeq.o
                0x000000000806d86c                xeq
 .text.xeq_single
                0x000000000806e74c       0x24 build/xeq.o
 .text.xeq_xrom2
                0x000000000806e770       0x88 build/xeq.o
 .text.xeq_xrom
                0x000000000806e7f8       0x14 build/xeq.o
                0x000000000806e7f8                xeq_xrom
 .text.dispatch_xrom
                0x000000000806e80c       0x78 build/xeq.o
 .text.op_rs    0x000000000806e884       0x8c build/xeq.o
                0x000000000806e884                op_rs
 .text.xeqprog  0x000000000806e910       0x78 build/xeq.o
                0x000000000806e910                xeqprog
 .text.xeq_sst_bst
                0x000000000806e988       0xac build/xeq.o
                0x000000000806e988                xeq_sst_bst
 .text.init_34s
                0x000000000806ea34       0x3c build/xeq.o
                0x000000000806ea34                init_34s
 .text.prt_multi
                0x000000000806ea70       0x58 build/prt.o
 .text.prt_conv
                0x000000000806eac8       0x64 build/prt.o
 .text.prt_specials.part.0
                0x000000000806eb2c      0x10c build/prt.o
 .text.prt_monadic
                0x000000000806ec38       0x44 build/prt.o
 .text.prt_dyadic
                0x000000000806ec7c       0x44 build/prt.o
 .text.prt_triadic
                0x000000000806ecc0       0x44 build/prt.o
 .text.num_arg_digits.part.0
                0x000000000806ed04       0x34 build/prt.o
 .text.prt_rargs
                0x000000000806ed38      0x194 build/prt.o
 .text.num_arg_digits
                0x000000000806eecc       0x20 build/prt.o
                0x000000000806eecc                num_arg_digits
 .text.prt      0x000000000806eeec       0xf4 build/prt.o
                0x000000000806eeec                prt
 .text.prt_umen
                0x000000000806efe0      0x164 build/prt.o