Archive member included to satisfy reference by file (symbol)

build/libconsts.a(const_50.o)
                              build/decn.o (const_50)
build/libconsts.a(const_randfac.o)
                              build/stats.o (const_randfac)
build/libconsts.a(const_ln10.o)
                              build/decn.o (const_ln10)
build/libconsts.a(const_egamma.o)
                              build/decn.o (const_egamma)
build/libconsts.a(const_256.o)
                              build/decn.o (const_256)
build/libconsts.a(const_180.o)
                              build/decn.o (const_180)
build/libconsts.a(const_1e_32.o)
                              build/xeq.o (const_1e_32)
build/libconsts.a(const_gammaC03.o)
                              build/decn.o (const_gammaC03)
build/libconsts.a(const_60.o)
                              build/decn.o (const_60)
build/libconsts.a(const_10.o)
                              build/decn.o (const_10)
build/libconsts.a(const_360.o)
                              build/xeq.o (const_360)
build/libconsts.a(const_gammaC10.o)
                              build/decn.o (const_gammaC10)
build/libconsts.a(const_gammaC11.o)
                              build/decn.o (const_gammaC11)
build/libconsts.a(const__inf.o)
                              build/decn.o (const__inf)
build/libconsts.a(const_21.o)
                              build/decn.o (const_21)
build/libconsts.a(const_gammaC16.o)
                              build/decn.o (const_gammaC16)
build/libconsts.a(const_200.o)
                              build/decn.o (const_200)
build/libconsts.a(const_gammaC06.o)
                              build/decn.o (const_gammaC06)
build/libconsts.a(const_NaN.o)
                              build/xeq.o (const_NaN)
build/libconsts.a(const_gammaC15.o)
                              build/decn.o (const_gammaC15)
build/libconsts.a(const_1e_24.o)
                              build/xeq.o (const_1e_24)
build/libconsts.a(const_45.o)
                              build/decn.o (const_45)
build/libconsts.a(const_0_05.o)
                              build/xeq.o (const_0_05)
build/libconsts.a(const_3.o)  build/decn.o (const_3)
build/libconsts.a(const_hms_threshold.o)
                              build/display.o (const_hms_threshold)
build/libconsts.a(const_gammaC14.o)
                              build/decn.o (const_gammaC14)
build/libconsts.a(const_0_6.o)
                              build/decn.o (const_0_6)
build/libconsts.a(const_32.o)
                              build/xeq.o (const_32)
build/libconsts.a(const_0_75.o)
                              build/decn.o (const_0_75)
build/libconsts.a(const__1.o)
                              build/decn.o (const__1)
build/libconsts.a(const_gammaC00.o)
                              build/decn.o (const_gammaC00)
build/libconsts.a(const_ln2.o)
                              build/decn.o (const_ln2)
build/libconsts.a(const_gammaC18.o)
                              build/decn.o (const_gammaC18)
build/libconsts.a(const_2PI.o)
                              build/xeq.o (const_2PI)
build/libconsts.a(const_1e_14.o)
                              build/xeq.o (const_1e_14)
build/libconsts.a(const_0.o)  build/xeq.o (const_0)
build/libconsts.a(const_PIon180.o)
                              build/decn.o (const_PIon180)
build/libconsts.a(const_9000.o)
                              build/display.o (const_9000)
build/libconsts.a(const_0_9.o)
                              build/decn.o (const_0_9)
build/libconsts.a(const_gammaC08.o)
                              build/decn.o (const_gammaC08)
build/libconsts.a(const_gammaC21.o)
                              build/decn.o (const_gammaC21)
build/libconsts.a(const_1e_37.o)
                              build/decn.o (const_1e_37)
build/libconsts.a(const_gammaC05.o)
                              build/decn.o (const_gammaC05)
build/libconsts.a(const_2.o)  build/decn.o (const_2)
build/libconsts.a(const_gammaC13.o)
                              build/decn.o (const_gammaC13)
build/libconsts.a(const_100000.o)
                              build/display.o (const_100000)
build/libconsts.a(const_gammaR.o)
                              build/decn.o (const_gammaR)
build/libconsts.a(const_5.o)  build/decn.o (const_5)
build/libconsts.a(const_1.o)  build/xeq.o (const_1)
build/libconsts.a(const_gammaC19.o)
                              build/decn.o (const_gammaC19)
build/libconsts.a(const_inf.o)
                              build/decn.o (const_inf)
build/libconsts.a(const_0_995.o)
                              build/decn.o (const_0_995)
build/libconsts.a(const_0_0001.o)
                              build/display.o (const_0_0001)
build/libconsts.a(const_1on60.o)
                              build/decn.o (const_1on60)
build/libconsts.a(const_PIon200.o)
                              build/decn.o (const_PIon200)
build/libconsts.a(const_gammaC01.o)
                              build/decn.o (const_gammaC01)
build/libconsts.a(const_gammaC09.o)
[...]
Memory Configuration

Name             Origin             Length             Attributes
FLASH            0x0000000008050000 0x00000000000b0000 xr
RAM              0x0000000010000000 0x0000000000002000 xrw
QSPI             0x0000000090000000 0x0000000000200000 xr
*default*        0x0000000000000000 0xffffffffffffffff

Linker script and memory map

LOAD /usr/lib/gcc/arm-none-eabi/9.2.1/thumb/v7e-m+fp/hard/crti.o
LOAD /usr/lib/gcc/arm-none-eabi/9.2.1/thumb/v7e-m+fp/hard/crtbegin.o
LOAD /usr/lib/gcc/arm-none-eabi/9.2.1/../../../arm-none-eabi/lib/thumb/v7e-m+fp/hard/crt0.o
LOAD build/pgm_syscalls.o
LOAD build/keys.o
LOAD build/display.o
LOAD build/xeq.o
LOAD build/prt.o
LOAD build/decn.o
LOAD build/complex.o
LOAD build/stats.o
LOAD build/lcd.o
LOAD build/int.o
LOAD build/date.o
LOAD build/consts.o
LOAD build/alpha.o
LOAD build/charmap.o
LOAD build/commands.o
LOAD build/string.o
LOAD build/storage.o
LOAD build/matrix.o
LOAD build/font.o
LOAD build/xrom.o
LOAD build/console.o
LOAD build/stopwatch.o
LOAD build/libconsts.a
LOAD build/libdecNumber.a
LOAD build/startup_pgm.o
START GROUP
LOAD /usr/lib/gcc/arm-none-eabi/9.2.1/thumb/v7e-m+fp/hard/libgcc.a
LOAD /usr/lib/gcc/arm-none-eabi/9.2.1/../../../arm-none-eabi/lib/thumb/v7e-m+fp/hard/libc.a
END GROUP
START GROUP
LOAD /usr/lib/gcc/arm-none-eabi/9.2.1/thumb/v7e-m+fp/hard/libgcc.a
LOAD /usr/lib/gcc/arm-none-eabi/9.2.1/../../../arm-none-eabi/lib/thumb/v7e-m+fp/hard/libc.a
LOAD /usr/lib/gcc/arm-none-eabi/9.2.1/../../../arm-none-eabi/lib/thumb/v7e-m+fp/hard/libnosys.a
END GROUP
LOAD /usr/lib/gcc/arm-none-eabi/9.2.1/thumb/v7e-m+fp/hard/crtend.o
LOAD /usr/lib/gcc/arm-none-eabi/9.2.1/thumb/v7e-m+fp/hard/crtn.o

.qspi           0x0000000090000000        0x0
                0x0000000090000000                . = ALIGN (0x8)
                0x0000000090000000                _qspi_start = .
 *(.qspi)
 *(.qspi*)
 *(.rodata.__bid_mod10_18_tbl)
 *(.rodata.__bid_convert_table)
 *(.rodata.bid_log_table_1)
 *(.rodata.bid_log_table_2)
 *(.rodata.bid_decimal128_moduli)
 *(.rodata.bid_exponents_bid64)
 *(.rodata.bid_exponents_binary128)
 *(.rodata.bid_breakpoints_binary128)
 *(.rodata.bid_breakpoints_bid64)
 *(.rodata.bid_multipliers1_binary128)
 *(.rodata.bid_multipliers2_bid64)
 *(.rodata.bid_multipliers1_bid64)
 *(.rodata.bid_multipliers2_binary128)
                0x0000000090000000                . = ALIGN (0x8)
                0x0000000090000000                _qspi_end = .

.rodata         0x0000000008050000     0xa618
 *(.rodata.prog_info)
 .rodata.prog_info
                0x0000000008050000       0x40 build/pgm_syscalls.o
                0x0000000008050000                prog_info
                0x0000000008050040                . = ALIGN (0x40)
 *(.rodata)
 .rodata        0x0000000008050040      0x1ba build/display.o
 *fill*         0x00000000080501fa        0x2 
 .rodata        0x00000000080501fc       0x29 build/xeq.o
 *fill*         0x0000000008050225        0x3 
 .rodata        0x0000000008050228       0x40 build/date.o
 .rodata        0x0000000008050268       0x39 build/console.o
 *fill*         0x00000000080502a1        0x3 
 .rodata        0x00000000080502a4        0x4 /usr/lib/gcc/arm-none-eabi/9.2.1/../../../arm-none-eabi/lib/thumb/v7e-m+fp/hard/libc.a(lib_a-impure.o)
                0x00000000080502a4                _global_impure_ptr
 .rodata        0x00000000080502a8       0x20 /usr/lib/gcc/arm-none-eabi/9.2.1/../../../arm-none-eabi/lib/thumb/v7e-m+fp/hard/libc.a(lib_a-svfprintf.o)
 .rodata        0x00000000080502c8      0x101 /usr/lib/gcc/arm-none-eabi/9.2.1/../../../arm-none-eabi/lib/thumb/v7e-m+fp/hard/libc.a(lib_a-ctype_.o)
                0x00000000080502c8                _ctype_
 *fill*         0x00000000080503c9        0x7 
 .rodata        0x00000000080503d0      0x128 /usr/lib/gcc/arm-none-eabi/9.2.1/../../../arm-none-eabi/lib/thumb/v7e-m+fp/hard/libc.a(lib_a-mprec.o)
                0x00000000080503e0                __mprec_tens
                0x00000000080504a8                __mprec_tinytens
                0x00000000080504d0                __mprec_bigtens
 .rodata        0x00000000080504f8       0x20 /usr/lib/gcc/arm-none-eabi/9.2.1/../../../arm-none-eabi/lib/thumb/v7e-m+fp/hard/libc.a(lib_a-svfiprintf.o)
 .rodata        0x0000000008050518       0x20 /usr/lib/gcc/arm-none-eabi/9.2.1/../../../arm-none-eabi/lib/thumb/v7e-m+fp/hard/libc.a(lib_a-vfiprintf.o)
 *(.rodata*)
 .rodata.process_keycode.str1.4
                0x0000000008050538       0x14 build/keys.o
 .rodata.alpha_arrows
                0x000000000805054c        0x9 build/keys.o
 *fill*         0x0000000008050555        0x3 
 .rodata.alpha_catalogue
                0x0000000008050558       0x12 build/keys.o
 *fill*         0x000000000805056a        0x2 
 .rodata.alpha_compares
                0x000000000805056c        0xa build/keys.o
 *fill*         0x0000000008050576        0x2 
 .rodata.alpha_letters
                0x0000000008050578       0x28 build/keys.o
 .rodata.alpha_letters_lower
                0x00000000080505a0       0x28 build/keys.o
 .rodata.alpha_subscripts
                0x00000000080505c8       0x1a build/keys.o
 *fill*         0x00000000080505e2        0x2 
 .rodata.alpha_symbols
                0x00000000080505e4       0x13 build/keys.o
 *fill*         0x00000000080505f7        0x1 
 .rodata.alphamap.9346
                0x00000000080505f8       0xe4 build/keys.o
 .rodata.amap.9337
                0x00000000080506dc       0x20 build/keys.o
 .rodata.catalogue
                0x00000000080506fc       0x8c build/keys.o
 .rodata.catalogue_sizes.9660
                0x0000000008050788       0x15 build/keys.o
 *fill*         0x000000000805079d        0x3 
 .rodata.catalogues.9668
                0x00000000080507a0       0x54 build/keys.o
 .rodata.cmap.9336
                0x00000000080507f4       0x30 build/keys.o
 .rodata.conv_catalogue
                0x0000000008050824       0x58 build/keys.o
 .rodata.conv_mapping.9707
                0x000000000805087c       0x18 build/keys.o
 .rodata.cplx_catalogue
                0x0000000008050894       0x26 build/keys.o
 *fill*         0x00000000080508ba        0x2 
 .rodata.disp.9518
                0x00000000080508bc        0x4 build/keys.o
 .rodata.int_catalogue
                0x00000000080508c0       0x4d build/keys.o
 *fill*         0x000000000805090d        0x3 
 .rodata.linear_key_map.9302
                0x0000000008050910       0x2f build/keys.o
 *fill*         0x000000000805093f        0x1 
 .rodata.linear_key_map.9306
                0x0000000008050940       0x2f build/keys.o
 *fill*         0x000000000805096f        0x1 
 .rodata.map.9318
                0x0000000008050970       0x2b build/keys.o
 *fill*         0x000000000805099b        0x1 
 .rodata.matrix_catalogue
                0x000000000805099c       0x18 build/keys.o
 .rodata.mode_catalogue
                0x00000000080509b4       0x49 build/keys.o
 *fill*         0x00000000080509fd        0x3 
 .rodata.op_map.9390
                0x0000000008050a00       0x46 build/keys.o
 *fill*         0x0000000008050a46        0x2 
 .rodata.op_map.9413
                0x0000000008050a48       0x8c build/keys.o
 .rodata.op_map.9436
                0x0000000008050ad4       0x46 build/keys.o
 *fill*         0x0000000008050b1a        0x2 
 .rodata.op_map.9491
                0x0000000008050b1c      0x118 build/keys.o
 .rodata.op_map.9503
                0x0000000008050c34        0x6 build/keys.o
 *fill*         0x0000000008050c3a        0x2 
 .rodata.op_map.9517
                0x0000000008050c3c        0xc build/keys.o
 .rodata.op_map2.9414
                0x0000000008050c48        0x8 build/keys.o
 .rodata.opcode_breaks
                0x0000000008050c50        0x7 build/keys.o
 *fill*         0x0000000008050c57        0x1 
 .rodata.prob_catalogue
                0x0000000008050c58       0x44 build/keys.o
 .rodata.prog_catalogue
                0x0000000008050c9c       0x54 build/keys.o
 .rodata.program_xfcn
                0x0000000008050cf0       0xa8 build/keys.o
 .rodata.smap.9338
                0x0000000008050d98        0x4 build/keys.o
 .rodata.stats_catalogue
                0x0000000008050d9c       0x16 build/keys.o
 *fill*         0x0000000008050db2        0x2 
 .rodata.sums_catalogue
                0x0000000008050db4       0x12 build/keys.o
 *fill*         0x0000000008050dc6        0x2 
 .rodata.test_catalogue
                0x0000000008050dc8       0x2f build/keys.o
 *fill*         0x0000000008050df7        0x1 
 .rodata.check_special_dn.isra.0.str1.4
                0x0000000008050df8        0x4 build/display.o
 .rodata.carry_overflow.str1.4
                0x0000000008050dfc       0x10 build/display.o
 .rodata.annunciators.str1.4
                0x0000000008050e0c       0x74 build/display.o
 .rodata.display.str1.4
                0x0000000008050e80       0xbd build/display.o
                                         0xc9 (size before relaxing)
 *fill*         0x0000000008050f3d        0x3 
 .rodata.str1.4
                0x0000000008050f40      0x10c build/display.o
 .rodata.CSWTCH.350
                0x000000000805104c       0x10 build/display.o
 .rodata.CSWTCH.376
                0x000000000805105c        0xc build/display.o
 .rodata.DIGITS
                0x0000000008051068       0x11 build/display.o
                0x0000000008051068                DIGITS
 *fill*         0x0000000008051079        0x3 
 .rodata.S7_ERROR
                0x000000000805107c        0x6 build/display.o
 *fill*         0x0000000008051082        0x2 
 .rodata.S7_INF
                0x0000000008051084        0x9 build/display.o
 *fill*         0x000000000805108d        0x3 
 .rodata.S7_INF_Text
                0x0000000008051090       0x12 build/display.o
 *fill*         0x00000000080510a2        0x2 
 .rodata.S7_NEG_INF_Text
                0x00000000080510a4       0x12 build/display.o
 *fill*         0x00000000080510b6        0x2 
 .rodata.S7_NaN
                0x00000000080510b8        0xd build/display.o
 *fill*         0x00000000080510c5        0x3 
 .rodata.S7_NaN_Text
                0x00000000080510c8       0x18 build/display.o
 .rodata.S7_STEP
                0x00000000080510e0        0x6 build/display.o
 *fill*         0x00000000080510e6        0x2 
 .rodata.S7_STEP_ShortText
                0x00000000080510e8        0x5 build/display.o
 *fill*         0x00000000080510ed        0x3 
 .rodata.S7_fract_EQ
                0x00000000080510f0        0x4 build/display.o
 .rodata.S7_fract_GT
                0x00000000080510f4        0x4 build/display.o
 .rodata.S7_fract_LT
                0x00000000080510f8        0x4 build/display.o
 .rodata.S_SURE
                0x00000000080510fc        0x6 build/display.o
 *fill*         0x0000000008051102        0x2 
 .rodata.SvnRevision
                0x0000000008051104        0x4 build/display.o
                0x0000000008051104                SvnRevision
 .rodata.digtbl
                0x0000000008051108       0x7a build/display.o
 *fill*         0x0000000008051182        0x2 
 .rodata.error_table.8586
                0x0000000008051184       0x6c build/display.o
 .rodata.error_table_text.8587
                0x00000000080511f0       0x6c build/display.o
 .rodata.libname
                0x000000000805125c       0x14 build/display.o
 .rodata.libname_shorttext
                0x0000000008051270       0x14 build/display.o
 .rodata.libname_text
                0x0000000008051284       0x28 build/display.o
 .rodata.shift_chars.8688
                0x00000000080512ac        0x4 build/display.o
 .rodata.small_dots.8886
                0x00000000080512b0        0xd build/display.o
 *fill*         0x00000000080512bd        0x3 
 .rodata.small_minus.8885
                0x00000000080512c0        0x4 build/display.o
 .rodata.print_step.str1.4
                0x00000000080512c4        0x5 build/xeq.o
 *fill*         0x00000000080512c9        0x3 
 .rodata.op_query_xtal.str1.4
                0x00000000080512cc        0x5 build/xeq.o
 *fill*         0x00000000080512d1        0x3 
 .rodata.op_query_print.str1.4
                0x00000000080512d4        0x6 build/xeq.o
 *fill*         0x00000000080512da        0x2 
 .rodata.op_2frac.str1.4
                0x00000000080512dc       0x18 build/xeq.o
 .rodata.busy.str1.4
                0x00000000080512f4        0x8 build/xeq.o
 .rodata.xeq.str1.4
                0x00000000080512fc        0x8 build/xeq.o
 .rodata.StackRegMask
                0x0000000008051304        0x4 build/xeq.o
 .rodata.convergence_tolerances
                0x0000000008051308        0xc build/xeq.o
 .rodata.modes.11315
                0x0000000008051314        0x7 build/xeq.o
 *fill*         0x000000000805131b        0x1 
 .rodata.modes.11832
                0x000000000805131c        0x4 build/xeq.o
 .rodata.xrom_targets
                0x0000000008051320       0x36 build/xeq.o
                0x0000000008051320                xrom_targets
 *fill*         0x0000000008051356        0x2 
 .rodata.prt_multi.str1.4
                0x0000000008051358        0x4 build/prt.o
 .rodata.prt_specials.part.0.str1.4
                0x000000000805135c       0x1b build/prt.o
                                         0x28 (size before relaxing)
 *fill*         0x0000000008051377        0x1 
 .rodata.prt_rargs.str1.4
                0x0000000008051378        0xc build/prt.o
                                         0x19 (size before relaxing)
 .rodata.prt_umen.str1.4
                0x0000000008051384        0xb build/prt.o
 *fill*         0x000000000805138f        0x1 
 .rodata.digits.8281
                0x0000000008051390       0x10 build/prt.o
 .rodata.degrees.9068
                0x00000000080513a0       0x10 build/decn.o
 .rodata.gamma_consts
                0x00000000080513b0       0x54 build/decn.o
                0x00000000080513b0                gamma_consts
 .rodata.gradians.9069
                0x0000000008051404       0x10 build/decn.o
 .rodata.get_sigmas.str1.4
                0x0000000008051414       0x16 build/stats.o
 *fill*         0x000000000805142a        0x2 
 .rodata.draw_RPN_RCL.str1.4
                0x000000000805142c        0xc build/lcd.o
                                         0x10 (size before relaxing)
 .rodata.show_disp.str1.4
                0x0000000008051438       0x1c build/lcd.o
                                         0x28 (size before relaxing)
 .rodata.primes
                0x0000000008051454       0x10 build/int.o
 .rodata.date_alphaday.str1.4
                0x0000000008051464       0x16 build/date.o
 *fill*         0x000000000805147a        0x2 
 .rodata.date_alphatime.str1.4
                0x000000000805147c        0x8 build/date.o
                                          0x9 (size before relaxing)
 .rodata.mons.9095
                0x0000000008051484       0x24 build/date.o
 .rodata.str1.4
                0x00000000080514a8      0x241 build/consts.o
                                        0x24d (size before relaxing)
 *fill*         0x00000000080516e9        0x3 
 .rodata.cnsts  0x00000000080516ec      0x4f8 build/consts.o
                0x00000000080516ec                cnsts
 .rodata.cnsts_conv
                0x0000000008051be4      0x260 build/consts.o
                0x0000000008051be4                cnsts_conv
 .rodata.cnsts_d128
                0x0000000008051e44      0x200 build/consts.o
                0x0000000008051e44                cnsts_d128
 .rodata.cnsts_d64
                0x0000000008052044      0x260 build/consts.o
                0x0000000008052044                cnsts_d64
 .rodata.character_remapping_order
                0x00000000080522a4      0x100 build/charmap.o
 .rodata.str1.4
                0x00000000080523a4      0x648 build/commands.o
                                        0x688 (size before relaxing)
 .rodata.argcmds
                0x00000000080529ec      0x8f0 build/commands.o
                0x00000000080529ec                argcmds
 .rodata.dyfuncs
                0x00000000080532dc      0x4f8 build/commands.o
                0x00000000080532dc                dyfuncs
 .rodata.monfuncs
                0x00000000080537d4      0xea0 build/commands.o
                0x00000000080537d4                monfuncs
 .rodata.multicmds
                0x0000000008054674       0xb0 build/commands.o
                0x0000000008054674                multicmds
 .rodata.niladics
                0x0000000008054724      0xd00 build/commands.o
                0x0000000008054724                niladics
 .rodata.trifuncs
                0x0000000008055424       0xf0 build/commands.o
                0x0000000008055424                trifuncs
 .rodata.program_flash.str1.4
                0x0000000008055514       0x33 build/storage.o
 *fill*         0x0000000008055547        0x1 
 .rodata.open_selected_file.str1.4
                0x0000000008055548       0x11 build/storage.o
 *fill*         0x0000000008055559        0x3 
 .rodata.init_mem.str1.4
                0x000000000805555c        0xe build/storage.o
 *fill*         0x000000000805556a        0x2 
 .rodata.reset.str1.4
                0x000000000805556c        0x7 build/storage.o
 *fill*         0x0000000008055573        0x1 
 .rodata.store_program_from_buffer.part.0.str1.4
                0x0000000008055574        0x9 build/storage.o
 *fill*         0x000000000805557d        0x3 
 .rodata.flash_backup.str1.4
                0x0000000008055580        0xe build/storage.o
 *fill*         0x000000000805558e        0x2 
 .rodata.flash_restore.str1.4
                0x0000000008055590        0x9 build/storage.o
 *fill*         0x0000000008055599        0x3 
 .rodata.save_lib_file.str1.4
                0x000000000805559c       0x31 build/storage.o
 *fill*         0x00000000080555cd        0x3 
 .rodata.load_lib_file.str1.4
                0x00000000080555d0       0x21 build/storage.o
 *fill*         0x00000000080555f1        0x3 
 .rodata.save_ram_file.str1.4
                0x00000000080555f4       0x3d build/storage.o
 *fill*         0x0000000008055631        0x3 
 .rodata.load_ram_file.str1.4
                0x0000000008055634       0x19 build/storage.o
 *fill*         0x000000000805564d        0x3 
 .rodata.load_backup_file.str1.4
                0x0000000008055650       0x21 build/storage.o
 *fill*         0x0000000008055671        0x3 
 .rodata.save_prog_file.str1.4
                0x0000000008055674       0x36 build/storage.o
 *fill*         0x00000000080556aa        0x2 
 .rodata.load_prog_file.str1.4
                0x00000000080556ac       0x29 build/storage.o
 *fill*         0x00000000080556d5        0x3 
 .rodata.bm_large.5521
                0x00000000080556d8      0x2fa build/font.o
 *fill*         0x00000000080559d2        0x2 
 .rodata.bm_small.5522
                0x00000000080559d4      0x25e build/font.o
 *fill*         0x0000000008055c32        0x2 
 .rodata.divs.5505
                0x0000000008055c34        0x3 build/font.o
 *fill*         0x0000000008055c37        0x1 
 .rodata.widths.5504
                0x0000000008055c38       0xab build/font.o
 *fill*         0x0000000008055ce3        0x1 
 .rodata.xrom   0x0000000008055ce4     0x1b9a build/xrom.o
                0x0000000008055ce4                xrom
 .rodata.xrom_size
                0x000000000805787e        0x2 build/xrom.o
                0x000000000805787e                xrom_size
 .rodata.menu_line_str.str1.4
                0x0000000008057880        0x8 build/console.o
 .rodata.disp_about.str1.4
                0x0000000008057888       0xe6 build/console.o
 *fill*         0x000000000805796e        0x2 
 .rodata.do_multi.str1.4
                0x0000000008057970       0x16 build/console.o
 *fill*         0x0000000008057986        0x2 
 .rodata.str1.4
                0x0000000008057988       0x10 build/console.o
 .rodata.MID_MENU
                0x0000000008057998       0x10 build/console.o
                0x0000000008057998                MID_MENU
 .rodata.Menus  0x00000000080579a8     0x1380 build/console.o
 .rodata.mapping_alpha.11114
                0x0000000008058d28      0x178 build/console.o
 .rodata.mapping_fshift.11112
                0x0000000008058ea0      0x178 build/console.o
 .rodata.mapping_gshift.11113
                0x0000000008059018      0x178 build/console.o
 .rodata.mapping_none.11111
                0x0000000008059190      0x178 build/console.o
 .rodata.mapping_running.11115
                0x0000000008059308      0x178 build/console.o
 .rodata.mid_menu
                0x0000000008059480        0x4 build/console.o
                0x0000000008059480                mid_menu
 .rodata.stopwatch_callback.str1.4
                0x0000000008059484       0x16 build/stopwatch.o
 *fill*         0x000000000805949a        0x2 
 .rodata.const_50
                0x000000000805949c        0xc build/libconsts.a(const_50.o)
                0x000000000805949c                const_50
 .rodata.const_randfac
                0x00000000080594a8       0x1c build/libconsts.a(const_randfac.o)
                0x00000000080594a8                const_randfac
 .rodata.const_ln10
                0x00000000080594c4       0x24 build/libconsts.a(const_ln10.o)
                0x00000000080594c4                const_ln10
 .rodata.const_egamma
                0x00000000080594e8       0x24 build/libconsts.a(const_egamma.o)
                0x00000000080594e8                const_egamma
 .rodata.const_256
                0x000000000805950c        0xc build/libconsts.a(const_256.o)
                0x000000000805950c                const_256
 .rodata.const_180
                0x0000000008059518        0xc build/libconsts.a(const_180.o)
                0x0000000008059518                const_180
 .rodata.const_1e_32
                0x0000000008059524        0xc build/libconsts.a(const_1e_32.o)
                0x0000000008059524                const_1e_32
 .rodata.const_gammaC03
                0x0000000008059530       0x24 build/libconsts.a(const_gammaC03.o)
                0x0000000008059530                const_gammaC03
 .rodata.const_60
                0x0000000008059554        0xc build/libconsts.a(const_60.o)
                0x0000000008059554                const_60
 .rodata.const_10
                0x0000000008059560        0xc build/libconsts.a(const_10.o)
                0x0000000008059560                const_10
 .rodata.const_360
                0x000000000805956c        0xc build/libconsts.a(const_360.o)
                0x000000000805956c                const_360
 .rodata.const_gammaC10
                0x0000000008059578       0x24 build/libconsts.a(const_gammaC10.o)
                0x0000000008059578                const_gammaC10
 .rodata.const_gammaC11
                0x000000000805959c       0x24 build/libconsts.a(const_gammaC11.o)
                0x000000000805959c                const_gammaC11
 .rodata.const__inf
                0x00000000080595c0        0xc build/libconsts.a(const__inf.o)
                0x00000000080595c0                const__inf
 .rodata.const_21
                0x00000000080595cc        0xc build/libconsts.a(const_21.o)
                0x00000000080595cc                const_21
 .rodata.const_gammaC16
                0x00000000080595d8       0x24 build/libconsts.a(const_gammaC16.o)
                0x00000000080595d8                const_gammaC16
 .rodata.const_200
                0x00000000080595fc        0xc build/libconsts.a(const_200.o)
                0x00000000080595fc                const_200
 .rodata.const_gammaC06
                0x0000000008059608       0x24 build/libconsts.a(const_gammaC06.o)
                0x0000000008059608                const_gammaC06
 .rodata.const_NaN
                0x000000000805962c        0xc build/libconsts.a(const_NaN.o)
                0x000000000805962c                const_NaN
 .rodata.const_gammaC15
                0x0000000008059638       0x24 build/libconsts.a(const_gammaC15.o)
                0x0000000008059638                const_gammaC15
 .rodata.const_1e_24
                0x000000000805965c        0xc build/libconsts.a(const_1e_24.o)
                0x000000000805965c                const_1e_24
 .rodata.const_45
                0x0000000008059668        0xc build/libconsts.a(const_45.o)
                0x0000000008059668                const_45
 .rodata.const_0_05
                0x0000000008059674        0xc build/libconsts.a(const_0_05.o)
                0x0000000008059674                const_0_05
 .rodata.const_3
                0x0000000008059680        0xc build/libconsts.a(const_3.o)
                0x0000000008059680                const_3
 .rodata.const_hms_threshold
                0x000000000805968c       0x24 build/libconsts.a(const_hms_threshold.o)
                0x000000000805968c                const_hms_threshold
 .rodata.const_gammaC14
                0x00000000080596b0       0x24 build/libconsts.a(const_gammaC14.o)
                0x00000000080596b0                const_gammaC14
 .rodata.const_0_6
                0x00000000080596d4        0xc build/libconsts.a(const_0_6.o)
                0x00000000080596d4                const_0_6
 .rodata.const_32
                0x00000000080596e0        0xc build/libconsts.a(const_32.o)
                0x00000000080596e0                const_32
 .rodata.const_0_75
                0x00000000080596ec        0xc build/libconsts.a(const_0_75.o)
                0x00000000080596ec                const_0_75
 .rodata.const__1
                0x00000000080596f8        0xc build/libconsts.a(const__1.o)
                0x00000000080596f8                const__1
 .rodata.const_gammaC00
                0x0000000008059704       0x24 build/libconsts.a(const_gammaC00.o)
                0x0000000008059704                const_gammaC00
 .rodata.const_ln2
                0x0000000008059728       0x24 build/libconsts.a(const_ln2.o)
                0x0000000008059728                const_ln2
 .rodata.const_gammaC18
                0x000000000805974c       0x24 build/libconsts.a(const_gammaC18.o)
                0x000000000805974c                const_gammaC18
 .rodata.const_2PI
                0x0000000008059770      0x138 build/libconsts.a(const_2PI.o)
                0x0000000008059770                const_2PI
 .rodata.const_1e_14
                0x00000000080598a8        0xc build/libconsts.a(const_1e_14.o)
                0x00000000080598a8                const_1e_14
 .rodata.const_0
                0x00000000080598b4        0xc build/libconsts.a(const_0.o)
                0x00000000080598b4                const_0
 .rodata.const_PIon180
                0x00000000080598c0       0x24 build/libconsts.a(const_PIon180.o)
                0x00000000080598c0                const_PIon180
 .rodata.const_9000
                0x00000000080598e4        0xc build/libconsts.a(const_9000.o)
                0x00000000080598e4                const_9000
 .rodata.const_0_9
                0x00000000080598f0        0xc build/libconsts.a(const_0_9.o)
                0x00000000080598f0                const_0_9
 .rodata.const_gammaC08
                0x00000000080598fc       0x24 build/libconsts.a(const_gammaC08.o)
                0x00000000080598fc                const_gammaC08
 .rodata.const_gammaC21
                0x0000000008059920       0x24 build/libconsts.a(const_gammaC21.o)
                0x0000000008059920                const_gammaC21
 .rodata.const_1e_37
                0x0000000008059944        0xc build/libconsts.a(const_1e_37.o)
                0x0000000008059944                const_1e_37
 .rodata.const_gammaC05
                0x0000000008059950       0x24 build/libconsts.a(const_gammaC05.o)
                0x0000000008059950                const_gammaC05
 .rodata.const_2
                0x0000000008059974        0xc build/libconsts.a(const_2.o)
                0x0000000008059974                const_2
 .rodata.const_gammaC13
                0x0000000008059980       0x24 build/libconsts.a(const_gammaC13.o)
                0x0000000008059980                const_gammaC13
 .rodata.const_100000
                0x00000000080599a4        0xc build/libconsts.a(const_100000.o)
                0x00000000080599a4                const_100000
 .rodata.const_gammaR
                0x00000000080599b0       0x10 build/libconsts.a(const_gammaR.o)
                0x00000000080599b0                const_gammaR
 .rodata.const_5
                0x00000000080599c0        0xc build/libconsts.a(const_5.o)
                0x00000000080599c0                const_5
 .rodata.const_1
                0x00000000080599cc        0xc build/libconsts.a(const_1.o)
                0x00000000080599cc                const_1
 .rodata.const_gammaC19
                0x00000000080599d8       0x24 build/libconsts.a(const_gammaC19.o)
                0x00000000080599d8                const_gammaC19
 .rodata.const_inf
                0x00000000080599fc        0xc build/libconsts.a(const_inf.o)
                0x00000000080599fc                const_inf
 .rodata.const_0_995
                0x0000000008059a08        0xc build/libconsts.a(const_0_995.o)
                0x0000000008059a08                const_0_995
 .rodata.const_0_0001
                0x0000000008059a14        0xc build/libconsts.a(const_0_0001.o)
                0x0000000008059a14                const_0_0001
 .rodata.const_1on60
                0x0000000008059a20       0x24 build/libconsts.a(const_1on60.o)
                0x0000000008059a20                const_1on60
 .rodata.const_PIon200
                0x0000000008059a44       0x24 build/libconsts.a(const_PIon200.o)
                0x0000000008059a44                const_PIon200
 .rodata.const_gammaC01
                0x0000000008059a68       0x24 build/libconsts.a(const_gammaC01.o)
                0x0000000008059a68                const_gammaC01
 .rodata.const_gammaC09
                0x0000000008059a8c       0x24 build/libconsts.a(const_gammaC09.o)
                0x0000000008059a8c                const_gammaC09
 .rodata.const_0_5
                0x0000000008059ab0        0xc build/libconsts.a(const_0_5.o)
                0x0000000008059ab0                const_0_5
 .rodata.const_9on5
                0x0000000008059abc        0xc build/libconsts.a(const_9on5.o)
                0x0000000008059abc                const_9on5
 .rodata.const_20
                0x0000000008059ac8        0xc build/libconsts.a(const_20.o)
                0x0000000008059ac8                const_20
 .rodata.const_gammaC20
                0x0000000008059ad4       0x24 build/libconsts.a(const_gammaC20.o)
                0x0000000008059ad4                const_gammaC20
 .rodata.const_400
                0x0000000008059af8        0xc build/libconsts.a(const_400.o)
                0x0000000008059af8                const_400
 .rodata.const_gammaC07
                0x0000000008059b04       0x24 build/libconsts.a(const_gammaC07.o)
                0x0000000008059b04                const_gammaC07
 .rodata.const__0
                0x0000000008059b28        0xc build/libconsts.a(const__0.o)
                0x0000000008059b28                const__0
 .rodata.const_0_4
                0x0000000008059b34        0xc build/libconsts.a(const_0_4.o)
                0x0000000008059b34                const_0_4
 .rodata.const_1e_10000
                0x0000000008059b40        0xc build/libconsts.a(const_1e_10000.o)
                0x0000000008059b40                const_1e_10000
 .rodata.const_gammaC12
                0x0000000008059b4c       0x24 build/libconsts.a(const_gammaC12.o)
                0x0000000008059b4c                const_gammaC12
 .rodata.const_36000
                0x0000000008059b70        0xc build/libconsts.a(const_36000.o)
                0x0000000008059b70                const_36000
 .rodata.const_2pow64
                0x0000000008059b7c       0x18 build/libconsts.a(const_2pow64.o)
                0x0000000008059b7c                const_2pow64
 .rodata.const_PIon2
                0x0000000008059b94       0x24 build/libconsts.a(const_PIon2.o)
                0x0000000008059b94                const_PIon2
 .rodata.const_gammaC04
                0x0000000008059bb8       0x24 build/libconsts.a(const_gammaC04.o)
                0x0000000008059bb8                const_gammaC04
 .rodata.const_90
                0x0000000008059bdc        0xc build/libconsts.a(const_90.o)
                0x0000000008059bdc                const_90
 .rodata.const_gammaC17
                0x0000000008059be8       0x24 build/libconsts.a(const_gammaC17.o)
                0x0000000008059be8                const_gammaC17
 .rodata.const_gammaC02
                0x0000000008059c0c       0x24 build/libconsts.a(const_gammaC02.o)
                0x0000000008059c0c                const_gammaC02
 .rodata.const_PI
                0x0000000008059c30       0x24 build/libconsts.a(const_PI.o)
                0x0000000008059c30                const_PI
 .rodata.const_root2on2
                0x0000000008059c54       0x24 build/libconsts.a(const_root2on2.o)
                0x0000000008059c54                const_root2on2
 .rodata.const_100
                0x0000000008059c78        0xc build/libconsts.a(const_100.o)
                0x0000000008059c78                const_100
 .rodata.const_0_1
                0x0000000008059c84        0xc build/libconsts.a(const_0_1.o)
                0x0000000008059c84                const_0_1
 .rodata.decNumberToString.str1.4
                0x0000000008059c90        0x9 build/libdecNumber.a(decNumber.o)
                                         0x10 (size before relaxing)
 *fill*         0x0000000008059c99        0x3 
 .rodata.decNumberFromString.str1.4
                0x0000000008059c9c       0x1c build/libdecNumber.a(decNumber.o)
                                         0x20 (size before relaxing)
 .rodata.multies
                0x0000000008059cb8       0x14 build/libdecNumber.a(decNumber.o)
 .rodata.powers
                0x0000000008059ccc       0x28 build/libdecNumber.a(decNumber.o)
                0x0000000008059ccc                powers
 .rodata.resmap
                0x0000000008059cf4        0xa build/libdecNumber.a(decNumber.o)
 *fill*         0x0000000008059cfe        0x2 
 .rodata.uarrone
                0x0000000008059d00        0x2 build/libdecNumber.a(decNumber.o)
 *fill*         0x0000000008059d02        0x2 
 .rodata.COMBEXP
                0x0000000008059d04       0x80 build/libdecNumber.a(decimal64.o)
                0x0000000008059d04                COMBEXP
 .rodata.COMBMSD
                0x0000000008059d84       0x80 build/libdecNumber.a(decimal64.o)
                0x0000000008059d84                COMBMSD
 .rodata.multies
                0x0000000008059e04       0x14 build/libdecNumber.a(decimal64.o)
 .rodata.str1.4
                0x0000000008059e18        0x6 /usr/lib/gcc/arm-none-eabi/9.2.1/../../../arm-none-eabi/lib/thumb/v7e-m+fp/hard/libc.a(lib_a-perror.o)
 *fill*         0x0000000008059e1e        0x2 
 .rodata.str1.4
                0x0000000008059e20      0x700 /usr/lib/gcc/arm-none-eabi/9.2.1/../../../arm-none-eabi/lib/thumb/v7e-m+fp/hard/libc.a(lib_a-strerror.o)
                                        0x701 (size before relaxing)
 .rodata.str1.4
                0x000000000805a520       0x33 /usr/lib/gcc/arm-none-eabi/9.2.1/../../../arm-none-eabi/lib/thumb/v7e-m+fp/hard/libc.a(lib_a-svfprintf.o)
                                         0x42 (size before relaxing)
 *fill*         0x000000000805a553        0x1 
 .rodata.str1.4
                0x000000000805a554       0x46 /usr/lib/gcc/arm-none-eabi/9.2.1/../../../arm-none-eabi/lib/thumb/v7e-m+fp/hard/libc.a(lib_a-dtoa.o)
                                         0x5a (size before relaxing)
 *fill*         0x000000000805a59a        0x2 
 .rodata.str1.4
                0x000000000805a59c       0x33 /usr/lib/gcc/arm-none-eabi/9.2.1/../../../arm-none-eabi/lib/thumb/v7e-m+fp/hard/libc.a(lib_a-mprec.o)
                                         0x47 (size before relaxing)
 .rodata.str1.4
                0x000000000805a5cf       0x2f /usr/lib/gcc/arm-none-eabi/9.2.1/../../../arm-none-eabi/lib/thumb/v7e-m+fp/hard/libc.a(lib_a-svfiprintf.o)
 *fill*         0x000000000805a5cf        0x1 
 .rodata.str1.4
                0x000000000805a5d0       0x3f /usr/lib/gcc/arm-none-eabi/9.2.1/../../../arm-none-eabi/lib/thumb/v7e-m+fp/hard/libc.a(lib_a-assert.o)
                                         0x43 (size before relaxing)
 *fill*         0x000000000805a60f        0x1 
 .rodata.str1.4
                0x000000000805a610        0x6 /usr/lib/gcc/arm-none-eabi/9.2.1/../../../arm-none-eabi/lib/thumb/v7e-m+fp/hard/libc.a(lib_a-locale.o)
                                         0x12 (size before relaxing)
 .rodata.str1.4
                0x000000000805a616       0x2f /usr/lib/gcc/arm-none-eabi/9.2.1/../../../arm-none-eabi/lib/thumb/v7e-m+fp/hard/libc.a(lib_a-vfiprintf.o)
                0x000000000805a648                . = ALIGN (0x8)
 *fill*         0x000000000805a616        0x2 
                0x0000000090000000                _qspi_init_base = LOADADDR (.qspi)
                0x0000000000000000                _qspi_init_length = SIZEOF (.qspi)

.text           0x000000000805a640    0x251e8
                0x000000000805a640                . = ALIGN (0x8)
 *(.text)
 .text          0x000000000805a640       0x88 /usr/lib/gcc/arm-none-eabi/9.2.1/thumb/v7e-m+fp/hard/crtbegin.o
 .text          0x000000000805a6c8       0x30 /usr/lib/gcc/arm-none-eabi/9.2.1/thumb/v7e-m+fp/hard/libgcc.a(_aeabi_uldivmod.o)
                0x000000000805a6c8                __aeabi_uldivmod
 .text          0x000000000805a6f8      0x2c4 /usr/lib/gcc/arm-none-eabi/9.2.1/thumb/v7e-m+fp/hard/libgcc.a(_udivmoddi4.o)
                0x000000000805a6f8                __udivmoddi4
 .text          0x000000000805a9bc        0x4 /usr/lib/gcc/arm-none-eabi/9.2.1/thumb/v7e-m+fp/hard/libgcc.a(_dvmd_tls.o)
                0x000000000805a9bc                __aeabi_ldiv0
                0x000000000805a9bc                __aeabi_idiv0
 .text          0x000000000805a9c0        0xc /usr/lib/gcc/arm-none-eabi/9.2.1/../../../arm-none-eabi/lib/thumb/v7e-m+fp/hard/libc.a(lib_a-atexit.o)
                0x000000000805a9c0                atexit
 .text          0x000000000805a9cc        0xc /usr/lib/gcc/arm-none-eabi/9.2.1/../../../arm-none-eabi/lib/thumb/v7e-m+fp/hard/libc.a(lib_a-errno.o)
                0x000000000805a9cc                __errno
 .text          0x000000000805a9d8       0x34 /usr/lib/gcc/arm-none-eabi/9.2.1/../../../arm-none-eabi/lib/thumb/v7e-m+fp/hard/libc.a(lib_a-fini.o)
                0x000000000805a9d8                __libc_fini_array
 .text          0x000000000805aa0c       0x48 /usr/lib/gcc/arm-none-eabi/9.2.1/../../../arm-none-eabi/lib/thumb/v7e-m+fp/hard/libc.a(lib_a-init.o)
                0x000000000805aa0c                __libc_init_array
 .text          0x000000000805aa54      0x134 /usr/lib/gcc/arm-none-eabi/9.2.1/../../../arm-none-eabi/lib/thumb/v7e-m+fp/hard/libc.a(lib_a-memcpy.o)
                0x000000000805aa54                memcpy
 .text          0x000000000805ab88       0xa0 /usr/lib/gcc/arm-none-eabi/9.2.1/../../../arm-none-eabi/lib/thumb/v7e-m+fp/hard/libc.a(lib_a-memset.o)
                0x000000000805ab88                memset
 .text          0x000000000805ac28      0x100 /usr/lib/gcc/arm-none-eabi/9.2.1/../../../arm-none-eabi/lib/thumb/v7e-m+fp/hard/libc.a(lib_a-perror.o)
                0x000000000805ac28                _perror_r
                0x000000000805ad18                perror
 .text          0x000000000805ad28       0x80 /usr/lib/gcc/arm-none-eabi/9.2.1/../../../arm-none-eabi/lib/thumb/v7e-m+fp/hard/libc.a(lib_a-sprintf.o)
                0x000000000805ad28                _sprintf_r
                0x000000000805ad64                sprintf
 .text          0x000000000805ada8      0x3fc /usr/lib/gcc/arm-none-eabi/9.2.1/../../../arm-none-eabi/lib/thumb/v7e-m+fp/hard/libc.a(lib_a-strerror.o)
                0x000000000805ada8                _strerror_r
                0x000000000805b174                strerror
                0x000000000805b18c                strerror_l
 *fill*         0x000000000805b1a4       0x1c 
 .text          0x000000000805b1c0       0xdc /usr/lib/gcc/arm-none-eabi/9.2.1/../../../arm-none-eabi/lib/thumb/v7e-m+fp/hard/libc.a(lib_a-strlen.o)
                0x000000000805b1c0                strlen
 .text          0x000000000805b29c       0x74 /usr/lib/gcc/arm-none-eabi/9.2.1/../../../arm-none-eabi/lib/thumb/v7e-m+fp/hard/libc.a(lib_a-strncpy.o)
                0x000000000805b29c                strncpy
 .text          0x000000000805b310     0x1498 /usr/lib/gcc/arm-none-eabi/9.2.1/../../../arm-none-eabi/lib/thumb/v7e-m+fp/hard/libc.a(lib_a-svfprintf.o)
                0x000000000805b310                _svfprintf_r
 .text          0x000000000805c7a8        0x4 /usr/lib/gcc/arm-none-eabi/9.2.1/../../../arm-none-eabi/lib/thumb/v7e-m+fp/hard/libc.a(lib_a-u_strerr.o)
                0x000000000805c7a8                _user_strerror
 .text          0x000000000805c7ac       0x2c /usr/lib/gcc/arm-none-eabi/9.2.1/../../../arm-none-eabi/lib/thumb/v7e-m+fp/hard/libc.a(lib_a-writer.o)
                0x000000000805c7ac                _write_r
 .text          0x000000000805c7d8       0x68 /usr/lib/gcc/arm-none-eabi/9.2.1/../../../arm-none-eabi/lib/thumb/v7e-m+fp/hard/libc.a(lib_a-__atexit.o)
                0x000000000805c7d8                __register_exitproc
 .text          0x000000000805c840      0xfc0 /usr/lib/gcc/arm-none-eabi/9.2.1/../../../arm-none-eabi/lib/thumb/v7e-m+fp/hard/libc.a(lib_a-dtoa.o)
                0x000000000805c964                _dtoa_r
 .text          0x000000000805d800      0x1a4 /usr/lib/gcc/arm-none-eabi/9.2.1/../../../arm-none-eabi/lib/thumb/v7e-m+fp/hard/libc.a(lib_a-fflush.o)
                0x000000000805d800                __sflush_r
                0x000000000805d94c                _fflush_r
                0x000000000805d980                fflush
 .text          0x000000000805d9a4       0x34 /usr/lib/gcc/arm-none-eabi/9.2.1/../../../arm-none-eabi/lib/thumb/v7e-m+fp/hard/libc.a(lib_a-fileno.o)
                0x000000000805d9a4                fileno
 .text          0x000000000805d9d8      0x1f4 /usr/lib/gcc/arm-none-eabi/9.2.1/../../../arm-none-eabi/lib/thumb/v7e-m+fp/hard/libc.a(lib_a-findfp.o)
                0x000000000805d9dc                _cleanup_r
                0x000000000805dac0                __sfmoreglue
                0x000000000805daf0                __sfp
                0x000000000805db78                _cleanup
                0x000000000805db8c                __sinit
                0x000000000805db94                __sfp_lock_acquire
                0x000000000805db98                __sfp_lock_release
                0x000000000805db9c                __sinit_lock_acquire
                0x000000000805dba0                __sinit_lock_release
                0x000000000805dba4                __fp_lock_all
                0x000000000805dbb8                __fp_unlock_all
 .text          0x000000000805dbcc       0xa0 /usr/lib/gcc/arm-none-eabi/9.2.1/../../../arm-none-eabi/lib/thumb/v7e-m+fp/hard/libc.a(lib_a-fwalk.o)
                0x000000000805dbcc                _fwalk
                0x000000000805dc18                _fwalk_reent
 .text          0x000000000805dc6c       0x14 /usr/lib/gcc/arm-none-eabi/9.2.1/../../../arm-none-eabi/lib/thumb/v7e-m+fp/hard/libc.a(lib_a-localeconv.o)
                0x000000000805dc6c                __localeconv_l
                0x000000000805dc70                _localeconv_r
                0x000000000805dc78                localeconv
 .text          0x000000000805dc80       0xa0 /usr/lib/gcc/arm-none-eabi/9.2.1/../../../arm-none-eabi/lib/thumb/v7e-m+fp/hard/libc.a(lib_a-memchr.o)
                0x000000000805dc80                memchr
 .text          0x000000000805dd20      0x9a8 /usr/lib/gcc/arm-none-eabi/9.2.1/../../../arm-none-eabi/lib/thumb/v7e-m+fp/hard/libc.a(lib_a-mprec.o)
                0x000000000805dd20                _Balloc
                0x000000000805dd6c                _Bfree
                0x000000000805dd80                __multadd
                0x000000000805de24                __s2b
                0x000000000805ded0                __hi0bits
                0x000000000805df10                __lo0bits
                0x000000000805df70                __i2b
                0x000000000805df9c                __multiply
                0x000000000805e0e8                __pow5mult
                0x000000000805e180                __lshift
                0x000000000805e24c                __mcmp
                0x000000000805e284                __mdiff
                0x000000000805e3ac                __ulp
                0x000000000805e3fc                __b2d
                0x000000000805e4b4                __d2b
                0x000000000805e588                __ratio
                0x000000000805e5e8                _mprec_log10
                0x000000000805e628                __copybits
                0x000000000805e670                __any_on
 .text          0x000000000805e6c8       0x90 /usr/lib/gcc/arm-none-eabi/9.2.1/../../../arm-none-eabi/lib/thumb/v7e-m+fp/hard/libc.a(lib_a-stdio.o)
                0x000000000805e6c8                __sread
                0x000000000805e6ec                __seofread
                0x000000000805e6f0                __swrite
                0x000000000805e730                __sseek
                0x000000000805e750                __sclose
 .text          0x000000000805e758      0xb64 /usr/lib/gcc/arm-none-eabi/9.2.1/../../../arm-none-eabi/lib/thumb/v7e-m+fp/hard/libc.a(lib_a-svfiprintf.o)
                0x000000000805e758                __ssprint_r
                0x000000000805e850                _svfiprintf_r
 .text          0x000000000805f2bc       0x48 /usr/lib/gcc/arm-none-eabi/9.2.1/../../../arm-none-eabi/lib/thumb/v7e-m+fp/hard/libc.a(lib_a-assert.o)
                0x000000000805f2bc                __assert_func
                0x000000000805f2f8                __assert
 .text          0x000000000805f304       0x24 /usr/lib/gcc/arm-none-eabi/9.2.1/../../../arm-none-eabi/lib/thumb/v7e-m+fp/hard/libc.a(lib_a-closer.o)
                0x000000000805f304                _close_r
 .text          0x000000000805f328       0x98 /usr/lib/gcc/arm-none-eabi/9.2.1/../../../arm-none-eabi/lib/thumb/v7e-m+fp/hard/libc.a(lib_a-fclose.o)
                0x000000000805f328                _fclose_r
                0x000000000805f3b0                fclose
 .text          0x000000000805f3c0       0x44 /usr/lib/gcc/arm-none-eabi/9.2.1/../../../arm-none-eabi/lib/thumb/v7e-m+fp/hard/libc.a(lib_a-fiprintf.o)
                0x000000000805f3c0                _fiprintf_r
                0x000000000805f3dc                fiprintf
 .text          0x000000000805f404       0x5c /usr/lib/gcc/arm-none-eabi/9.2.1/../../../arm-none-eabi/lib/thumb/v7e-m+fp/hard/libc.a(lib_a-locale.o)
                0x000000000805f404                _setlocale_r
                0x000000000805f444                __locale_mb_cur_max
                0x000000000805f450                setlocale
 .text          0x000000000805f460       0x2c /usr/lib/gcc/arm-none-eabi/9.2.1/../../../arm-none-eabi/lib/thumb/v7e-m+fp/hard/libc.a(lib_a-lseekr.o)
                0x000000000805f460                _lseek_r
 .text          0x000000000805f48c       0x40 /usr/lib/gcc/arm-none-eabi/9.2.1/../../../arm-none-eabi/lib/thumb/v7e-m+fp/hard/libc.a(lib_a-mbtowc_r.o)
                0x000000000805f48c                _mbtowc_r
                0x000000000805f4a0                __ascii_mbtowc
 .text          0x000000000805f4cc       0xd0 /usr/lib/gcc/arm-none-eabi/9.2.1/../../../arm-none-eabi/lib/thumb/v7e-m+fp/hard/libc.a(lib_a-memmove.o)
                0x000000000805f4cc                memmove
 .text          0x000000000805f59c       0x2c /usr/lib/gcc/arm-none-eabi/9.2.1/../../../arm-none-eabi/lib/thumb/v7e-m+fp/hard/libc.a(lib_a-readr.o)
                0x000000000805f59c                _read_r
 *fill*         0x000000000805f5c8       0x18 
 .text          0x000000000805f5e0      0x2dc /usr/lib/gcc/arm-none-eabi/9.2.1/../../../arm-none-eabi/lib/thumb/v7e-m+fp/hard/libc.a(lib_a-strcmp.o)
                0x000000000805f5e8                strcmp
 .text          0x000000000805f8bc      0xd00 /usr/lib/gcc/arm-none-eabi/9.2.1/../../../arm-none-eabi/lib/thumb/v7e-m+fp/hard/libc.a(lib_a-vfiprintf.o)
                0x000000000805f934                __sprint_r
                0x000000000805f948                _vfiprintf_r
                0x0000000008060538                vfiprintf
 .text          0x00000000080605bc       0x30 /usr/lib/gcc/arm-none-eabi/9.2.1/../../../arm-none-eabi/lib/thumb/v7e-m+fp/hard/libc.a(lib_a-wctomb_r.o)
                0x00000000080605bc                _wctomb_r
                0x00000000080605d0                __ascii_wctomb
 .text          0x00000000080605ec       0xd0 /usr/lib/gcc/arm-none-eabi/9.2.1/../../../arm-none-eabi/lib/thumb/v7e-m+fp/hard/libc.a(lib_a-wsetup.o)
                0x00000000080605ec                __swsetup_r
 .text          0x00000000080606bc       0x10 /usr/lib/gcc/arm-none-eabi/9.2.1/../../../arm-none-eabi/lib/thumb/v7e-m+fp/hard/libc.a(lib_a-abort.o)
                0x00000000080606bc                abort
 .text          0x00000000080606cc      0x110 /usr/lib/gcc/arm-none-eabi/9.2.1/../../../arm-none-eabi/lib/thumb/v7e-m+fp/hard/libc.a(lib_a-fputwc.o)
                0x00000000080606cc                __fputwc
                0x0000000008060774                _fputwc_r
                0x000000000806079c                fputwc
 .text          0x00000000080607dc      0x308 /usr/lib/gcc/arm-none-eabi/9.2.1/../../../arm-none-eabi/lib/thumb/v7e-m+fp/hard/libc.a(lib_a-fvwrite.o)
                0x00000000080607dc                __sfvwrite_r
 .text          0x0000000008060ae4       0xf0 /usr/lib/gcc/arm-none-eabi/9.2.1/../../../arm-none-eabi/lib/thumb/v7e-m+fp/hard/libc.a(lib_a-makebuf.o)
                0x0000000008060ae4                __swhatbuf_r
                0x0000000008060b40                __smakebuf_r
 .text          0x0000000008060bd4      0x15c /usr/lib/gcc/arm-none-eabi/9.2.1/../../../arm-none-eabi/lib/thumb/v7e-m+fp/hard/libc.a(lib_a-signal.o)
                0x0000000008060bfc                _init_signal_r
                0x0000000008060c08                _signal_r
                0x0000000008060c40                _raise_r
                0x0000000008060c98                __sigtramp_r
                0x0000000008060cec                raise
                0x0000000008060cfc                signal
                0x0000000008060d0c                _init_signal
                0x0000000008060d20                __sigtramp
 .text          0x0000000008060d30       0x2c /usr/lib/gcc/arm-none-eabi/9.2.1/../../../arm-none-eabi/lib/thumb/v7e-m+fp/hard/libc.a(lib_a-signalr.o)
                0x0000000008060d30                _kill_r
                0x0000000008060d58                _getpid_r
 .text          0x0000000008060d5c       0xc0 /usr/lib/gcc/arm-none-eabi/9.2.1/../../../arm-none-eabi/lib/thumb/v7e-m+fp/hard/libc.a(lib_a-wbuf.o)
                0x0000000008060d5c                __swbuf_r
                0x0000000008060e0c                __swbuf
 .text          0x0000000008060e1c       0x7c /usr/lib/gcc/arm-none-eabi/9.2.1/../../../arm-none-eabi/lib/thumb/v7e-m+fp/hard/libc.a(lib_a-wcrtomb.o)
                0x0000000008060e1c                _wcrtomb_r
                0x0000000008060e50                wcrtomb
 .text          0x0000000008060e98       0x28 /usr/lib/gcc/arm-none-eabi/9.2.1/../../../arm-none-eabi/lib/thumb/v7e-m+fp/hard/libc.a(lib_a-fstatr.o)
                0x0000000008060e98                _fstat_r
 .text          0x0000000008060ec0       0x24 /usr/lib/gcc/arm-none-eabi/9.2.1/../../../arm-none-eabi/lib/thumb/v7e-m+fp/hard/libc.a(lib_a-isattyr.o)
                0x0000000008060ec0                _isatty_r
 .text          0x0000000008060ee4      0x378 /usr/lib/gcc/arm-none-eabi/9.2.1/thumb/v7e-m+fp/hard/libgcc.a(_arm_addsubdf3.o)
                0x0000000008060ee4                __aeabi_drsub
                0x0000000008060eec                __aeabi_dsub
                0x0000000008060eec                __subdf3
                0x0000000008060ef0                __adddf3
                0x0000000008060ef0                __aeabi_dadd
                0x0000000008061168                __aeabi_ui2d
                0x0000000008061168                __floatunsidf
                0x0000000008061188                __floatsidf
                0x0000000008061188                __aeabi_i2d
                0x00000000080611ac                __extendsfdf2
                0x00000000080611ac                __aeabi_f2d
                0x00000000080611f0                __aeabi_ul2d
                0x00000000080611f0                __floatundidf
                0x0000000008061200                __floatdidf
                0x0000000008061200                __aeabi_l2d
 .text          0x000000000806125c      0x424 /usr/lib/gcc/arm-none-eabi/9.2.1/thumb/v7e-m+fp/hard/libgcc.a(_arm_muldivdf3.o)
                0x000000000806125c                __aeabi_dmul
                0x000000000806125c                __muldf3
                0x00000000080614b0                __aeabi_ddiv
                0x00000000080614b0                __divdf3
 .text          0x0000000008061680      0x110 /usr/lib/gcc/arm-none-eabi/9.2.1/thumb/v7e-m+fp/hard/libgcc.a(_arm_cmpdf2.o)
                0x0000000008061680                __gtdf2
                0x0000000008061680                __gedf2
                0x0000000008061688                __ltdf2
                0x0000000008061688                __ledf2
                0x0000000008061690                __cmpdf2
                0x0000000008061690                __eqdf2
                0x0000000008061690                __nedf2
                0x000000000806170c                __aeabi_cdrcmple
                0x000000000806171c                __aeabi_cdcmple
                0x000000000806171c                __aeabi_cdcmpeq
                0x000000000806172c                __aeabi_dcmpeq
                0x0000000008061740                __aeabi_dcmplt
                0x0000000008061754                __aeabi_dcmple
                0x0000000008061768                __aeabi_dcmpge
                0x000000000806177c                __aeabi_dcmpgt
 .text          0x0000000008061790       0x2c /usr/lib/gcc/arm-none-eabi/9.2.1/thumb/v7e-m+fp/hard/libgcc.a(_arm_unorddf2.o)
                0x0000000008061790                __aeabi_dcmpun
                0x0000000008061790                __unorddf2
 .text          0x00000000080617bc       0x50 /usr/lib/gcc/arm-none-eabi/9.2.1/thumb/v7e-m+fp/hard/libgcc.a(_arm_fixdfsi.o)
                0x00000000080617bc                __fixdfsi
                0x00000000080617bc                __aeabi_d2iz
 .text          0x000000000806180c        0x4 /usr/lib/gcc/arm-none-eabi/9.2.1/../../../arm-none-eabi/lib/thumb/v7e-m+fp/hard/libnosys.a(_exit.o)
                0x000000000806180c                _exit
 *(.text*)
 .text._read    0x0000000008061810        0x4 build/pgm_syscalls.o
                0x0000000008061810                _read
 .text._write   0x0000000008061814        0x8 build/pgm_syscalls.o
                0x0000000008061814                _write
 .text._close   0x000000000806181c        0x8 build/pgm_syscalls.o
                0x000000000806181c                _close
 .text._fstat   0x0000000008061824        0xc build/pgm_syscalls.o
                0x0000000008061824                _fstat
 .text._isatty  0x0000000008061830        0x4 build/pgm_syscalls.o
                0x0000000008061830                _isatty
 .text._lseek   0x0000000008061834        0x4 build/pgm_syscalls.o
                0x0000000008061834                _lseek
 .text._kill    0x0000000008061838       0x10 build/pgm_syscalls.o
                0x0000000008061838                _kill
 .text._getpid  0x0000000008061848        0x4 build/pgm_syscalls.o
                0x0000000008061848                _getpid
 .text.free     0x000000000806184c        0x8 build/pgm_syscalls.o
                0x000000000806184c                free
 .text.calloc   0x0000000008061854        0x8 build/pgm_syscalls.o
                0x0000000008061854                calloc
 .text.__wrap__malloc_r
                0x000000000806185c        0xc build/pgm_syscalls.o
                0x000000000806185c                __wrap__malloc_r
 .text._calloc_r
                0x0000000008061868        0xc build/pgm_syscalls.o
                0x0000000008061868                _calloc_r
 .text._realloc_r
                0x0000000008061874        0xc build/pgm_syscalls.o
                0x0000000008061874                _realloc_r
 .text._free_r  0x0000000008061880        0xc build/pgm_syscalls.o
                0x0000000008061880                _free_r
 .text.post_main
                0x000000000806188c       0x1c build/pgm_syscalls.o
                0x000000000806188c                post_main
 .text.gtodot_digit
                0x00000000080618a8       0x60 build/keys.o
 .text.check_f_key
                0x0000000008061908       0x40 build/keys.o
 .text.is_label_or_end_at
                0x0000000008061948       0x30 build/keys.o
 .text.advance_to_next_label
                0x0000000008061978       0x4c build/keys.o
 .text.init_cat
                0x00000000080619c4       0xec build/keys.o
 .text.advance_to_previous_label
                0x0000000008061ab0       0x50 build/keys.o
 .text.check_confirm.part.0
                0x0000000008061b00       0x30 build/keys.o
 .text.init_arg.part.0
                0x0000000008061b30       0x28 build/keys.o
 .text.reset_arg
                0x0000000008061b58       0x1c build/keys.o
 .text.arg_eval
                0x0000000008061b74       0x9c build/keys.o
 .text.arg_digit
                0x0000000008061c10      0x10c build/keys.o
 .text.process_arg_shuffle
                0x0000000008061d1c       0x30 build/keys.o
 .text.process_h_shifted
                0x0000000008061d4c       0xd8 build/keys.o
 .text.intltr   0x0000000008061e24       0x38 build/keys.o
 .text.process_normal
                0x0000000008061e5c      0x278 build/keys.o
 .text.process_fg_shifted
                0x00000000080620d4      0x2a8 build/keys.o
 .text.set_window
                0x000000000806237c       0x98 build/keys.o
 .text.arg_storcl
                0x0000000008062414       0x44 build/keys.o
 .text.process_arg
                0x0000000008062458      0x550 build/keys.o
 .text.cur_shift
                0x00000000080629a8       0x14 build/keys.o
                0x00000000080629a8                cur_shift
 .text.reset_shift
                0x00000000080629bc       0x18 build/keys.o
                0x00000000080629bc                reset_shift
 .text.keycode_to_row_column
                0x00000000080629d4       0x24 build/keys.o
                0x00000000080629d4                keycode_to_row_column
 .text.row_column_to_keycode
                0x00000000080629f8       0x40 build/keys.o
                0x00000000080629f8                row_column_to_keycode
 .text.keycode_to_digit_or_register
                0x0000000008062a38       0x14 build/keys.o
                0x0000000008062a38                keycode_to_digit_or_register
 .text.init_state
                0x0000000008062a4c       0x80 build/keys.o
                0x0000000008062a4c                init_state
 .text.process_cmplx
                0x0000000008062acc       0xd0 build/keys.o
 .text.soft_init_state
                0x0000000008062b9c       0x50 build/keys.o
                0x0000000008062b9c                soft_init_state
 .text.finish_cpx_entry
                0x0000000008062bec       0xc8 build/keys.o
                0x0000000008062bec                finish_cpx_entry
 .text.stack_begin
                0x0000000008062cb4       0xbc build/keys.o
                0x0000000008062cb4                stack_begin
 .text.current_catalogue
                0x0000000008062d70       0xe0 build/keys.o
                0x0000000008062d70                current_catalogue
 .text.process_catalogue
                0x0000000008062e50      0x31c build/keys.o
 .text.get_alpha_state
                0x000000000806316c       0x28 build/keys.o
                0x000000000806316c                get_alpha_state
 .text.process_keycode
                0x0000000008063194     0x1d60 build/keys.o
                0x0000000008063194                process_keycode
 .text.process_keycode_with_shift
                0x0000000008064ef4       0xa8 build/keys.o
                0x0000000008064ef4                process_keycode_with_shift
 .text.set_separator_decimal_modes
                0x0000000008064f9c       0x54 build/display.o
 .text.set_dig  0x0000000008064ff0       0x78 build/display.o
 .text.hms_render
                0x0000000008065068       0xa8 build/display.o
 .text.set_exp_digits_string
                0x0000000008065110       0x40 build/display.o
 .text.hms_step
                0x0000000008065150       0x38 build/display.o
 .text.set_exp  0x0000000008065188      0x124 build/display.o
 .text.set_separator.part.0
                0x00000000080652ac       0x40 build/display.o
 .text.set_decimal
                0x00000000080652ec       0x54 build/display.o
 .text.set_digits_string
                0x0000000008065340       0x44 build/display.o
 .text.check_special_dn.isra.0
                0x0000000008065384       0x9c build/display.o
 .text.set_x_hms
                0x0000000008065420      0x1c8 build/display.o
 .text.set_x_fract
                0x00000000080655e8      0x1b4 build/display.o
 .text.carry_overflow
                0x000000000806579c       0x84 build/display.o
 .text.set_int_x
                0x0000000008065820      0x3d4 build/display.o
 .text.set_annunciators
                0x0000000008065bf4      0x108 build/display.o
 .text.s_s_sized.constprop.0
                0x0000000008065cfc      0x19c build/display.o
 .text.dot      0x0000000008065e98        0xc build/display.o
                0x0000000008065e98                dot
 .text.std_round_fix
                0x0000000008065ea4       0x7c build/display.o
                0x0000000008065ea4                std_round_fix
 .text.pixel_length
                0x0000000008065f20       0x40 build/display.o
                0x0000000008065f20                pixel_length
 .text.set_status
                0x0000000008065f60       0x38 build/display.o
 .text.set_x_dn
                0x0000000008065f98      0x9ec build/display.o
                0x0000000008065f98                set_x_dn
 .text.set_x    0x0000000008066984       0x34 build/display.o
 .text.format_reg
                0x00000000080669b8       0x6c build/display.o
                0x00000000080669b8                format_reg
 .text.set_status_right
                0x0000000008066a24       0x64 build/display.o
 .text.annunciators
                0x0000000008066a88      0x528 build/display.o
 .text.display  0x0000000008066fb0      0xe90 build/display.o
                0x0000000008066fb0                display
 .text.frozen_display
                0x0000000008067e40       0x20 build/display.o
                0x0000000008067e40                frozen_display
 .text.message  0x0000000008067e60       0x70 build/display.o
                0x0000000008067e60                message
 .text.error_message
                0x0000000008067ed0       0x88 build/display.o
                0x0000000008067ed0                error_message
 .text.stopwatch_message
                0x0000000008067f58       0x60 build/display.o
                0x0000000008067f58                stopwatch_message
 .text.find_section_bounds
                0x0000000008067fb8       0x78 build/xeq.o
 .text.reg_address
                0x0000000008068030       0x64 build/xeq.o
 .text.retstk_up
                0x0000000008068094       0x74 build/xeq.o
 .text.flag_word
                0x0000000008068108       0x78 build/xeq.o
 .text.set_zero
                0x0000000008068180       0x24 build/xeq.o
 .text.intResult
                0x00000000080681a4       0xac build/xeq.o
 .text.check_stack_overlap
                0x0000000008068250       0x74 build/xeq.o
 .text.move_retstk
                0x00000000080682c4       0x80 build/xeq.o
                0x00000000080682c4                move_retstk
 .text.local_regs_rarg
                0x0000000008068344       0x60 build/xeq.o
                0x0000000008068344                local_regs_rarg
 .text.get_reg_limit
                0x00000000080683a4       0xbc build/xeq.o
 .text.local_regs
                0x0000000008068460       0x40 build/xeq.o
                0x0000000008068460                local_regs
 .text.global_regs_rarg
                0x00000000080684a0       0x40 build/xeq.o
                0x00000000080684a0                global_regs_rarg
 .text.global_regs
                0x00000000080684e0       0x24 build/xeq.o
                0x00000000080684e0                global_regs
 .text.version  0x0000000008068504       0x1c build/xeq.o
                0x0000000008068504                version
 .text.cmd_off  0x0000000008068520        0x4 build/xeq.o
                0x0000000008068520                cmd_off
 .text.init_RegionTab
                0x0000000008068524       0x2c build/xeq.o
                0x0000000008068524                init_RegionTab
 .text.sizeLIB  0x0000000008068550       0x20 build/xeq.o
                0x0000000008068550                sizeLIB
 .text.getprog  0x0000000008068570       0x50 build/xeq.o
                0x0000000008068570                getprog
 .text.get_current_prog
                0x00000000080685c0       0x28 build/xeq.o
                0x00000000080685c0                get_current_prog
 .text.do_inc   0x00000000080685e8       0x48 build/xeq.o
                0x00000000080685e8                do_inc
 .text.user_pc.part.0
                0x0000000008068630       0x38 build/xeq.o
 .text.print_step
                0x0000000008068668       0xac build/xeq.o
 .text.do_dec   0x0000000008068714       0x4c build/xeq.o
                0x0000000008068714                do_dec
 .text.update_program_bounds
                0x0000000008068760       0x98 build/xeq.o
                0x0000000008068760                update_program_bounds
 .text.set_pc   0x00000000080687f8       0xb0 build/xeq.o
                0x00000000080687f8                set_pc
 .text.incpc    0x00000000080688a8       0x2c build/xeq.o
                0x00000000080688a8                incpc
 .text.decpc    0x00000000080688d4       0x28 build/xeq.o
                0x00000000080688d4                decpc
 .text.fin_tst.part.0
                0x00000000080688fc       0x14 build/xeq.o
 .text.do_rtn   0x0000000008068910       0x98 build/xeq.o
 .text.user_pc  0x00000000080689a8       0x14 build/xeq.o
                0x00000000080689a8                user_pc
 .text.find_user_pc
                0x00000000080689bc       0x54 build/xeq.o
                0x00000000080689bc                find_user_pc
 .text.report_err
                0x0000000008068a10       0x20 build/xeq.o
                0x0000000008068a10                report_err
 .text.report_warn
                0x0000000008068a30       0x5c build/xeq.o
                0x0000000008068a30                report_warn
 .text.cmderr   0x0000000008068a8c       0x14 build/xeq.o
                0x0000000008068a8c                cmderr
 .text.cmdmsg   0x0000000008068aa0        0x4 build/xeq.o
                0x0000000008068aa0                cmdmsg
 .text.rarg_roundingmode
                0x0000000008068aa4       0x18 build/xeq.o
                0x0000000008068aa4                rarg_roundingmode
 .text.packed_from_number
                0x0000000008068abc       0x3c build/xeq.o
                0x0000000008068abc                packed_from_number
 .text.packed128_from_number
                0x0000000008068af8       0x3c build/xeq.o
                0x0000000008068af8                packed128_from_number
 .text.check_special
                0x0000000008068b34       0xa8 build/xeq.o
 .text.packed_from_packed128
                0x0000000008068bdc       0x1c build/xeq.o
                0x0000000008068bdc                packed_from_packed128
 .text.packed128_from_packed
                0x0000000008068bf8       0x1c build/xeq.o
                0x0000000008068bf8                packed128_from_packed
 .text.stack_size
                0x0000000008068c14       0x38 build/xeq.o
                0x0000000008068c14                stack_size
 .text.copyreg  0x0000000008068c4c       0x20 build/xeq.o
                0x0000000008068c4c                copyreg
 .text.set_lift
                0x0000000008068c6c       0x10 build/xeq.o
                0x0000000008068c6c                set_lift
 .text.entry_rpn_on_off
                0x0000000008068c7c       0x34 build/xeq.o
                0x0000000008068c7c                entry_rpn_on_off
 .text.is_dblmode
                0x0000000008068cb0       0x20 build/xeq.o
                0x0000000008068cb0                is_dblmode
 .text.s_to_i   0x0000000008068cd0       0x6c build/xeq.o
                0x0000000008068cd0                s_to_i
 .text.digit    0x0000000008068d3c      0x190 build/xeq.o
 .text.s_to_ull
                0x0000000008068ecc       0x3c build/xeq.o
                0x0000000008068ecc                s_to_ull
 .text.get_cmdline
                0x0000000008068f08       0x18 build/xeq.o
                0x0000000008068f08                get_cmdline
 .text.is_bad_cmdline
                0x0000000008068f20        0x4 build/xeq.o
                0x0000000008068f20                is_bad_cmdline
 .text.get_flash_reg_n
                0x0000000008068f24       0x20 build/xeq.o
                0x0000000008068f24                get_flash_reg_n
 .text.get_const
                0x0000000008068f44       0x84 build/xeq.o
                0x0000000008068f44                get_const
 .text.get_reg_n
                0x0000000008068fc8       0xb4 build/xeq.o
                0x0000000008068fc8                get_reg_n
 .text.lift     0x000000000806907c       0x6c build/xeq.o
                0x000000000806907c                lift
 .text.lift2_if_enabled
                0x00000000080690e8       0x48 build/xeq.o
 .text.lower    0x0000000008069130       0x74 build/xeq.o
 .text.get_stack_top
                0x00000000080691a4       0x3c build/xeq.o
 .text.roll_down
                0x00000000080691e0       0x54 build/xeq.o
                0x00000000080691e0                roll_down
 .text.cpx_roll_down
                0x0000000008069234       0x34 build/xeq.o
                0x0000000008069234                cpx_roll_down
 .text.roll_up  0x0000000008069268       0x54 build/xeq.o
                0x0000000008069268                roll_up
 .text.cpx_roll_up
                0x00000000080692bc       0x34 build/xeq.o
                0x00000000080692bc                cpx_roll_up
 .text.fill     0x00000000080692f0       0x70 build/xeq.o
                0x00000000080692f0                fill
 .text.lower2   0x0000000008069360       0x74 build/xeq.o
 .text.drop     0x00000000080693d4       0x20 build/xeq.o
                0x00000000080693d4                drop
 .text.copyreg_n
                0x00000000080693f4       0x3c build/xeq.o
                0x00000000080693f4                copyreg_n
 .text.setlastX
                0x0000000008069430        0x8 build/xeq.o
                0x0000000008069430                setlastX
 .text.setlastXY
                0x0000000008069438       0x18 build/xeq.o
 .text.getRegister
                0x0000000008069450       0x34 build/xeq.o
                0x0000000008069450                getRegister
 .text.getX     0x0000000008069484        0x8 build/xeq.o
                0x0000000008069484                getX
 .text.getY     0x000000000806948c        0x8 build/xeq.o
                0x000000000806948c                getY
 .text.getXY    0x0000000008069494       0x18 build/xeq.o
                0x0000000008069494                getXY
 .text.getXYZ   0x00000000080694ac       0x20 build/xeq.o
                0x00000000080694ac                getXYZ
 .text.getXYZT  0x00000000080694cc       0x14 build/xeq.o
                0x00000000080694cc                getXYZT
 .text.storcl_op
                0x00000000080694e0       0x84 build/xeq.o
 .text.storcl_cop
                0x0000000008069564       0xc0 build/xeq.o
 .text.cpx_enter
                0x0000000008069624       0x50 build/xeq.o
                0x0000000008069624                cpx_enter
 .text.cpx_fill
                0x0000000008069674       0x94 build/xeq.o
                0x0000000008069674                cpx_fill
 .text.setRegister
                0x0000000008069708       0x54 build/xeq.o
                0x0000000008069708                setRegister
 .text.setX     0x000000000806975c        0x8 build/xeq.o
                0x000000000806975c                setX
 .text.rarg_round
                0x0000000008069764       0x70 build/xeq.o
                0x0000000008069764                rarg_round
 .text.setY     0x00000000080697d4        0x8 build/xeq.o
                0x00000000080697d4                setY
 .text.setXY    0x00000000080697dc       0x2c build/xeq.o
                0x00000000080697dc                setXY
 .text.convert_regK
                0x0000000008069808       0xc4 build/xeq.o
                0x0000000008069808                convert_regK
 .text.cpx_nop  0x00000000080698cc      0x170 build/xeq.o
                0x00000000080698cc                cpx_nop
 .text.get_reg_n_int
                0x0000000008069a3c       0x1c build/xeq.o
                0x0000000008069a3c                get_reg_n_int
 .text.storcl_intop
                0x0000000008069a58       0xb0 build/xeq.o
 .text.incdec   0x0000000008069b08       0x98 build/xeq.o
 .text.set_reg_n_int
                0x0000000008069ba0       0x1c build/xeq.o
                0x0000000008069ba0                set_reg_n_int
 .text.get_reg_n_int_sgn
                0x0000000008069bbc       0x38 build/xeq.o
                0x0000000008069bbc                get_reg_n_int_sgn
 .text.get_keycode_from_reg
                0x0000000008069bf4       0x30 build/xeq.o
 .text.getX_int
                0x0000000008069c24        0x8 build/xeq.o
                0x0000000008069c24                getX_int
 .text.getX_int_sgn
                0x0000000008069c2c        0x8 build/xeq.o
                0x0000000008069c2c                getX_int_sgn
 .text.set_reg_n_int_sgn
                0x0000000008069c34       0x64 build/xeq.o
                0x0000000008069c34                set_reg_n_int_sgn
 .text.op_roundingmode
                0x0000000008069c98       0x28 build/xeq.o
                0x0000000008069c98                op_roundingmode
 .text.register_from_int
                0x0000000008069cc0       0x64 build/xeq.o
 .text.int_from_register
                0x0000000008069d24       0x48 build/xeq.o
 .text.switch_to_int
                0x0000000008069d6c       0x80 build/xeq.o
 .text.process_cmdline.part.0
                0x0000000008069dec      0x250 build/xeq.o
 .text.process_cmdline
                0x000000000806a03c       0x10 build/xeq.o
                0x000000000806a03c                process_cmdline
 .text.cpx_pi   0x000000000806a04c       0xcc build/xeq.o
                0x000000000806a04c                cpx_pi
 .text.process_cmdline_set_lift
                0x000000000806a118       0x24 build/xeq.o
                0x000000000806a118                process_cmdline_set_lift
 .text.setX_int
                0x000000000806a13c       0x20 build/xeq.o
                0x000000000806a13c                setX_int
 .text.do_rcl   0x000000000806a15c       0xdc build/xeq.o
 .text.setX_int_sgn
                0x000000000806a238       0x18 build/xeq.o
                0x000000000806a238                setX_int_sgn
 .text.zero_X   0x000000000806a250        0xc build/xeq.o
                0x000000000806a250                zero_X
 .text.zero_Y   0x000000000806a25c       0x10 build/xeq.o
                0x000000000806a25c                zero_Y
 .text.clrx     0x000000000806a26c       0x78 build/xeq.o
                0x000000000806a26c                clrx
 .text.clrstk   0x000000000806a2e4       0x6c build/xeq.o
                0x000000000806a2e4                clrstk
 .text.clrreg   0x000000000806a350      0x12c build/xeq.o
                0x000000000806a350                clrreg
 .text.clrretstk
                0x000000000806a47c       0x14 build/xeq.o
                0x000000000806a47c                clrretstk
 .text.clrretstk_pc
                0x000000000806a490       0x24 build/xeq.o
                0x000000000806a490                clrretstk_pc
 .text.cmdconst
                0x000000000806a4b4       0xd4 build/xeq.o
                0x000000000806a4b4                cmdconst
 .text.cmdsto   0x000000000806a588       0x80 build/xeq.o
                0x000000000806a588                cmdsto
 .text.cmdrcl   0x000000000806a608        0x4 build/xeq.o
                0x000000000806a608                cmdrcl
 .text.cmdcsto  0x000000000806a60c       0xd0 build/xeq.o
                0x000000000806a60c                cmdcsto
 .text.cmdcrcl  0x000000000806a6dc      0x108 build/xeq.o
                0x000000000806a6dc                cmdcrcl
 .text.cmdircl  0x000000000806a7e4       0x20 build/xeq.o
                0x000000000806a7e4                cmdircl
 .text.cmdrrcl  0x000000000806a804       0x88 build/xeq.o
                0x000000000806a804                cmdrrcl
 .text.swap_reg
                0x000000000806a88c       0x64 build/xeq.o
                0x000000000806a88c                swap_reg
 .text.cmdswap  0x000000000806a8f0       0x9c build/xeq.o
                0x000000000806a8f0                cmdswap
 .text.cmdview  0x000000000806a98c       0x5c build/xeq.o
                0x000000000806a98c                cmdview
 .text.get_stack_size
                0x000000000806a9e8       0x48 build/xeq.o
                0x000000000806a9e8                get_stack_size
 .text.get_word_size
                0x000000000806aa30       0x1c build/xeq.o
                0x000000000806aa30                get_word_size
 .text.get_sign_mode
                0x000000000806aa4c       0x28 build/xeq.o
                0x000000000806aa4c                get_sign_mode
 .text.get_base
                0x000000000806aa74       0x1c build/xeq.o
                0x000000000806aa74                get_base
 .text.DM42_Ticker
                0x000000000806aa90       0x18 build/xeq.o
                0x000000000806aa90                DM42_Ticker
 .text.op_ticks
                0x000000000806aaa8       0x28 build/xeq.o
                0x000000000806aaa8                op_ticks
 .text.op_voltage
                0x000000000806aad0       0x64 build/xeq.o
                0x000000000806aad0                op_voltage
 .text.free_mem
                0x000000000806ab34       0x18 build/xeq.o
                0x000000000806ab34                free_mem
 .text.free_flash
                0x000000000806ab4c       0x14 build/xeq.o
                0x000000000806ab4c                free_flash
 .text.get_mem  0x000000000806ab60       0xac build/xeq.o
                0x000000000806ab60                get_mem
 .text.cmdputkey
                0x000000000806ac0c       0x3c build/xeq.o
                0x000000000806ac0c                cmdputkey
 .text.cmdkeytype
                0x000000000806ac48       0x50 build/xeq.o
                0x000000000806ac48                cmdkeytype
 .text.op_query_xtal
                0x000000000806ac98       0x24 build/xeq.o
                0x000000000806ac98                op_query_xtal
 .text.op_query_print
                0x000000000806acbc       0x28 build/xeq.o
                0x000000000806acbc                op_query_print
 .text.cmdstostk
                0x000000000806ace4       0x24 build/xeq.o
                0x000000000806ace4                cmdstostk
 .text.cmdrclstk
                0x000000000806ad08       0x24 build/xeq.o
                0x000000000806ad08                cmdrclstk
 .text.find_opcode_from
                0x000000000806ad2c       0x70 build/xeq.o
                0x000000000806ad2c                find_opcode_from
 .text.find_label_from
                0x000000000806ad9c        0x8 build/xeq.o
                0x000000000806ad9c                find_label_from
 .text.op_rtn   0x000000000806ada4       0x28 build/xeq.o
                0x000000000806ada4                op_rtn
 .text.op_popusr
                0x000000000806adcc       0x60 build/xeq.o
                0x000000000806adcc                op_popusr
 .text.findmultilbl
                0x000000000806ae2c       0x4c build/xeq.o
                0x000000000806ae2c                findmultilbl
 .text.get_dispmode_digs
                0x000000000806ae78       0x30 build/xeq.o
                0x000000000806ae78                get_dispmode_digs
 .text.convC2F  0x000000000806aea8       0x24 build/xeq.o
                0x000000000806aea8                convC2F
 .text.convF2C  0x000000000806aecc       0x24 build/xeq.o
                0x000000000806aecc                convF2C
 .text.convDB2AR
                0x000000000806aef0       0x20 build/xeq.o
                0x000000000806aef0                convDB2AR
 .text.convAR2DB
                0x000000000806af10       0x20 build/xeq.o
                0x000000000806af10                convAR2DB
 .text.convDB2PR
                0x000000000806af30       0x1c build/xeq.o
                0x000000000806af30                convDB2PR
 .text.convPR2DB
                0x000000000806af4c       0x1c build/xeq.o
                0x000000000806af4c                convPR2DB
 .text.do_conv  0x000000000806af68       0x44 build/xeq.o
                0x000000000806af68                do_conv
 .text.cmdconv  0x000000000806afac       0x40 build/xeq.o
                0x000000000806afac                cmdconv
 .text.fin_tst  0x000000000806afec       0x40 build/xeq.o
                0x000000000806afec                fin_tst
 .text.check_mode
                0x000000000806b02c       0x28 build/xeq.o
                0x000000000806b02c                check_mode
 .text.check_dblmode
                0x000000000806b054       0x20 build/xeq.o
                0x000000000806b054                check_dblmode
 .text.isTop    0x000000000806b074       0x44 build/xeq.o
                0x000000000806b074                isTop
 .text.cmdlblp  0x000000000806b0b8       0x28 build/xeq.o
                0x000000000806b0b8                cmdlblp
 .text.cmdmultilblp
                0x000000000806b0e0       0x18 build/xeq.o
                0x000000000806b0e0                cmdmultilblp
 .text.cmdkeyp  0x000000000806b0f8       0x48 build/xeq.o
                0x000000000806b0f8                cmdkeyp
 .text.do_tst   0x000000000806b140      0x170 build/xeq.o
 .text.do_ztst  0x000000000806b2b0       0xd0 build/xeq.o
 .text.check_zero
                0x000000000806b380       0x70 build/xeq.o
                0x000000000806b380                check_zero
 .text.cmdtest  0x000000000806b3f0        0x8 build/xeq.o
                0x000000000806b3f0                cmdtest
 .text.cmdztest
                0x000000000806b3f8       0x2c build/xeq.o
                0x000000000806b3f8                cmdztest
 .text.cmdlincdec
                0x000000000806b424       0x10 build/xeq.o
                0x000000000806b424                cmdlincdec
 .text.cmdloopz
                0x000000000806b434       0x18 build/xeq.o
                0x000000000806b434                cmdloopz
 .text.cmdloop  0x000000000806b44c      0x1f8 build/xeq.o
                0x000000000806b44c                cmdloop
 .text.op_shift_digit
                0x000000000806b644       0x68 build/xeq.o
                0x000000000806b644                op_shift_digit
 .text.get_user_flag
                0x000000000806b6ac       0x20 build/xeq.o
                0x000000000806b6ac                get_user_flag
 .text.cmdflag  0x000000000806b6cc       0xc0 build/xeq.o
                0x000000000806b6cc                cmdflag
 .text.clrflags
                0x000000000806b78c       0x30 build/xeq.o
                0x000000000806b78c                clrflags
 .text.intws    0x000000000806b7bc       0xec build/xeq.o
                0x000000000806b7bc                intws
 .text.get_maxdenom
                0x000000000806b8a8       0x20 build/xeq.o
                0x000000000806b8a8                get_maxdenom
 .text.op_2frac
                0x000000000806b8c8       0xa0 build/xeq.o
                0x000000000806b8c8                op_2frac
 .text.op_fracdenom
                0x000000000806b968       0x84 build/xeq.o
                0x000000000806b968                op_fracdenom
 .text.op_float
                0x000000000806b9ec       0xd4 build/xeq.o
                0x000000000806b9ec                op_float
 .text.cmddisp  0x000000000806bac0       0xc4 build/xeq.o
                0x000000000806bac0                cmddisp
 .text.set_int_base
                0x000000000806bb84       0x50 build/xeq.o
                0x000000000806bb84                set_int_base
 .text.op_fract
                0x000000000806bbd4       0x44 build/xeq.o
                0x000000000806bbd4                op_fract
 .text.cmdsavem
                0x000000000806bc18       0x1c build/xeq.o
                0x000000000806bc18                cmdsavem
 .text.set_entry
                0x000000000806bc34       0x2c build/xeq.o
                0x000000000806bc34                set_entry
 .text.get_trig_mode
                0x000000000806bc60       0x30 build/xeq.o
                0x000000000806bc60                get_trig_mode
 .text.cmdpause
                0x000000000806bc90       0x24 build/xeq.o
                0x000000000806bc90                cmdpause
 .text.op_setspeed
                0x000000000806bcb4       0x20 build/xeq.o
                0x000000000806bcb4                op_setspeed
 .text.op_prompt
                0x000000000806bcd4       0x30 build/xeq.o
                0x000000000806bcd4                op_prompt
 .text.XisInt   0x000000000806bd04       0x60 build/xeq.o
                0x000000000806bd04                XisInt
 .text.XisEvenOrOdd
                0x000000000806bd64       0x64 build/xeq.o
                0x000000000806bd64                XisEvenOrOdd
 .text.XisPrime
                0x000000000806bdc8       0x84 build/xeq.o
                0x000000000806bdc8                XisPrime
 .text.isInfinite
                0x000000000806be4c       0x30 build/xeq.o
                0x000000000806be4c                isInfinite
 .text.isNan    0x000000000806be7c       0x40 build/xeq.o
                0x000000000806be7c                isNan
 .text.isSpecial
                0x000000000806bebc       0x40 build/xeq.o
                0x000000000806bebc                isSpecial
 .text.op_entryp
                0x000000000806befc       0x14 build/xeq.o
                0x000000000806befc                op_entryp
 .text.reg_decode
                0x000000000806bf10      0x238 build/xeq.o
                0x000000000806bf10                reg_decode
 .text.op_regcopy
                0x000000000806c148       0x4c build/xeq.o
                0x000000000806c148                op_regcopy
 .text.op_regswap
                0x000000000806c194       0x70 build/xeq.o
                0x000000000806c194                op_regswap
 .text.op_regclr
                0x000000000806c204       0x48 build/xeq.o
                0x000000000806c204                op_regclr
 .text.op_regsort
                0x000000000806c24c      0x114 build/xeq.o
                0x000000000806c24c                op_regsort
 .text.busy     0x000000000806c360       0x24 build/xeq.o
                0x000000000806c360                busy
 .text.intMonadic
                0x000000000806c384       0x98 build/xeq.o
                0x000000000806c384                intMonadic
 .text.intDyadic
                0x000000000806c41c       0xd4 build/xeq.o
                0x000000000806c41c                intDyadic
 .text.xeq_init_contexts
                0x000000000806c4f0       0x9c build/xeq.o
                0x000000000806c4f0                xeq_init_contexts
 .text.not_running
                0x000000000806c58c       0x24 build/xeq.o
                0x000000000806c58c                not_running
 .text.set_running_off
                0x000000000806c5b0       0x24 build/xeq.o
                0x000000000806c5b0                set_running_off
 .text.set_running_on
                0x000000000806c5d4       0x44 build/xeq.o
                0x000000000806c5d4                set_running_on
 .text.gsbgto   0x000000000806c618       0xa8 build/xeq.o
 .text.cmdgtocommon
                0x000000000806c6c0       0x34 build/xeq.o
                0x000000000806c6c0                cmdgtocommon
 .text.cmdgto   0x000000000806c6f4       0x44 build/xeq.o
                0x000000000806c6f4                cmdgto
 .text.branchtoalpha
                0x000000000806c738       0x28 build/xeq.o
 .text.cmdalphagto
                0x000000000806c760       0x2c build/xeq.o
                0x000000000806c760                cmdalphagto
 .text.op_gtoalpha
                0x000000000806c78c       0x34 build/xeq.o
                0x000000000806c78c                op_gtoalpha
 .text.cmdskip  0x000000000806c7c0       0x84 build/xeq.o
                0x000000000806c7c0                cmdskip
 .text.cmdback  0x000000000806c844       0x74 build/xeq.o
                0x000000000806c844                cmdback
 .text.usergsb_common
                0x000000000806c8b8       0x8c build/xeq.o
 .text.do_usergsb
                0x000000000806c944       0x18 build/xeq.o
                0x000000000806c944                do_usergsb
 .text.cmdmultigto
                0x000000000806c95c       0x50 build/xeq.o
                0x000000000806c95c                cmdmultigto
 .text.store_a_to_d
                0x000000000806c9ac       0x24 build/xeq.o
                0x000000000806c9ac                store_a_to_d
 .text.cmdlocr  0x000000000806c9d0      0x16c build/xeq.o
                0x000000000806c9d0                cmdlocr
 .text.cmdxout  0x000000000806cb3c      0x208 build/xeq.o
                0x000000000806cb3c                cmdxout
 .text.cmdconverged
                0x000000000806cd44       0xf8 build/xeq.o
                0x000000000806cd44                cmdconverged
 .text.cmdshuffle
                0x000000000806ce3c       0x8c build/xeq.o
                0x000000000806ce3c                cmdshuffle
 .text.cmdmode  0x000000000806cec8       0x54 build/xeq.o
                0x000000000806cec8                cmdmode
 .text.cmdlpop  0x000000000806cf1c       0x3c build/xeq.o
                0x000000000806cf1c                cmdlpop
 .text.cmdregs  0x000000000806cf58       0xb8 build/xeq.o
                0x000000000806cf58                cmdregs
 .text.op_double
                0x000000000806d010      0x128 build/xeq.o
                0x000000000806d010                op_double
 .text.cmdrestm
                0x000000000806d138       0xac build/xeq.o
                0x000000000806d138                cmdrestm
 .text.cmdxin   0x000000000806d1e4      0x1d0 build/xeq.o
                0x000000000806d1e4                cmdxin
 .text.xeq      0x000000000806d3b4      0xd9c build/xeq.o
                0x000000000806d3b4                xeq
 .text.xeq_single
                0x000000000806e150       0x24 build/xeq.o
 .text.xeq_xrom2
                0x000000000806e174       0x88 build/xeq.o
 .text.xeq_xrom
                0x000000000806e1fc       0x14 build/xeq.o
                0x000000000806e1fc                xeq_xrom
 .text.dispatch_xrom
                0x000000000806e210       0x74 build/xeq.o
 .text.op_rs    0x000000000806e284       0x8c build/xeq.o
                0x000000000806e284                op_rs
 .text.xeqprog  0x000000000806e310       0x74 build/xeq.o
                0x000000000806e310                xeqprog
 .text.xeq_sst_bst
                0x000000000806e384       0xac build/xeq.o
                0x000000000806e384                xeq_sst_bst
 .text.init_34s
                0x000000000806e430       0x3c build/xeq.o
                0x000000000806e430                init_34s
 .text.prt_multi
                0x000000000806e46c       0x58 build/prt.o
 .text.prt_conv
                0x000000000806e4c4       0x64 build/prt.o
 .text.prt_specials.part.0
                0x000000000806e528      0x10c build/prt.o
 .text.prt_monadic
                0x000000000806e634       0x44 build/prt.o
 .text.prt_dyadic
                0x000000000806e678       0x44 build/prt.o
 .text.prt_triadic
                0x000000000806e6bc       0x44 build/prt.o
 .text.num_arg_digits.part.0
                0x000000000806e700       0x34 build/prt.o
 .text.prt_rargs
                0x000000000806e734      0x194 build/prt.o
 .text.num_arg_digits
                0x000000000806e8c8       0x20 build/prt.o
                0x000000000806e8c8                num_arg_digits
 .text.prt      0x000000000806e8e8       0xf4 build/prt.o
                0x000000000806e8e8                prt
 .text.prt_umen
                0x000000000806e9dc      0x15c build/prt.o
                0x000000000806e9dc                prt_umen
 .text.catcmd   0x000000000806eb38      0x120 build/prt.o
                0x000000000806eb38                catcmd
 .text.decNumberDRG_internal
                0x000000000806ec58       0x9c build/decn.o
 .text.realULP  0x000000000806ecf4       0x98 build/decn.o
 .text.dn_lt0   0x000000000806ed8c       0x28 build/decn.o
                0x000000000806ed8c                dn_lt0
 .text.dn_le0   0x000000000806edb4       0x28 build/decn.o
                0x000000000806edb4                dn_le0
 .text.dn_eq0   0x000000000806eddc       0x1c build/decn.o
                0x000000000806eddc                dn_eq0
 .text.dn_eq    0x000000000806edf8       0x50 build/decn.o
                0x000000000806edf8                dn_eq
 .text.dn_lt    0x000000000806ee48       0x44 build/decn.o
                0x000000000806ee48                dn_lt
 .text.dn_abs_lt
                0x000000000806ee8c       0x20 build/decn.o
                0x000000000806ee8c                dn_abs_lt
 .text.gcheckSmall
                0x000000000806eeac       0x20 build/decn.o
 .text.relative_error
                0x000000000806eecc       0x4c build/decn.o
                0x000000000806eecc                relative_error
 .text.absolute_error
                0x000000000806ef18       0x24 build/decn.o
                0x000000000806ef18                absolute_error