Archive member included to satisfy reference by file (symbol)

build/libconsts.a(const_400.o)
                              build/xeq.o (const_400)
build/libconsts.a(const_45.o)
                              build/decn.o (const_45)
build/libconsts.a(const_0_4.o)
                              build/decn.o (const_0_4)
build/libconsts.a(const_20.o)
                              build/xeq.o (const_20)
build/libconsts.a(const_PI.o)
                              build/xeq.o (const_PI)
build/libconsts.a(const_36000.o)
                              build/stopwatch.o (const_36000)
build/libconsts.a(const_2pow64.o)
                              build/xeq.o (const_2pow64)
build/libconsts.a(const_hms_threshold.o)
                              build/display.o (const_hms_threshold)
build/libconsts.a(const_gammaC19.o)
                              build/decn.o (const_gammaC19)
build/libconsts.a(const_gammaR.o)
                              build/decn.o (const_gammaR)
build/libconsts.a(const_1e_32.o)
                              build/xeq.o (const_1e_32)
build/libconsts.a(const_gammaC16.o)
                              build/decn.o (const_gammaC16)
build/libconsts.a(const_gammaC14.o)
                              build/decn.o (const_gammaC14)
build/libconsts.a(const_32.o)
                              build/xeq.o (const_32)
build/libconsts.a(const_egamma.o)
                              build/decn.o (const_egamma)
build/libconsts.a(const_PIon2.o)
                              build/decn.o (const_PIon2)
build/libconsts.a(const_gammaC03.o)
                              build/decn.o (const_gammaC03)
build/libconsts.a(const_0_5.o)
                              build/decn.o (const_0_5)
build/libconsts.a(const_9000.o)
                              build/display.o (const_9000)
build/libconsts.a(const_90.o)
                              build/decn.o (const_90)
build/libconsts.a(const_ln2.o)
                              build/decn.o (const_ln2)
build/libconsts.a(const_gammaC02.o)
                              build/decn.o (const_gammaC02)
build/libconsts.a(const_gammaC11.o)
                              build/decn.o (const_gammaC11)
build/libconsts.a(const_gammaC20.o)
                              build/decn.o (const_gammaC20)
build/libconsts.a(const_2PI.o)
                              build/xeq.o (const_2PI)
build/libconsts.a(const_PIon200.o)
                              build/decn.o (const_PIon200)
build/libconsts.a(const_256.o)
                              build/decn.o (const_256)
build/libconsts.a(const_PIon180.o)
                              build/decn.o (const_PIon180)
build/libconsts.a(const_1on60.o)
                              build/decn.o (const_1on60)
build/libconsts.a(const_1e_24.o)
                              build/xeq.o (const_1e_24)
build/libconsts.a(const_0_0001.o)
                              build/display.o (const_0_0001)
build/libconsts.a(const_gammaC21.o)
                              build/decn.o (const_gammaC21)
build/libconsts.a(const_gammaC17.o)
                              build/decn.o (const_gammaC17)
build/libconsts.a(const_0_1.o)
                              build/decn.o (const_0_1)
build/libconsts.a(const_NaN.o)
                              build/xeq.o (const_NaN)
build/libconsts.a(const_gammaC05.o)
                              build/decn.o (const_gammaC05)
build/libconsts.a(const__0.o)
                              build/decn.o (const__0)
build/libconsts.a(const_gammaC00.o)
                              build/decn.o (const_gammaC00)
build/libconsts.a(const_50.o)
                              build/decn.o (const_50)
build/libconsts.a(const_randfac.o)
                              build/stats.o (const_randfac)
build/libconsts.a(const__inf.o)
                              build/decn.o (const__inf)
build/libconsts.a(const_10.o)
                              build/decn.o (const_10)
build/libconsts.a(const_gammaC18.o)
                              build/decn.o (const_gammaC18)
build/libconsts.a(const_60.o)
                              build/decn.o (const_60)
build/libconsts.a(const_ln10.o)
                              build/decn.o (const_ln10)
build/libconsts.a(const_1e_14.o)
                              build/xeq.o (const_1e_14)
build/libconsts.a(const_gammaC08.o)
                              build/decn.o (const_gammaC08)
build/libconsts.a(const_2.o)  build/decn.o (const_2)
build/libconsts.a(const_gammaC09.o)
                              build/decn.o (const_gammaC09)
build/libconsts.a(const_21.o)
                              build/decn.o (const_21)
build/libconsts.a(const_0.o)  build/xeq.o (const_0)
build/libconsts.a(const_gammaC07.o)
                              build/decn.o (const_gammaC07)
build/libconsts.a(const_0_05.o)
                              build/xeq.o (const_0_05)
build/libconsts.a(const_0_9.o)
                              build/decn.o (const_0_9)
build/libconsts.a(const_0_995.o)
                              build/decn.o (const_0_995)
build/libconsts.a(const_gammaC12.o)
[...]
Memory Configuration

Name             Origin             Length             Attributes
FLASH            0x0000000008050000 0x00000000000b0000 xr
RAM              0x0000000010000000 0x0000000000002000 xrw
QSPI             0x0000000090000000 0x0000000000200000 xr
*default*        0x0000000000000000 0xffffffffffffffff

Linker script and memory map

LOAD /usr/lib/gcc/arm-none-eabi/9.2.1/thumb/v7e-m+fp/hard/crti.o
LOAD /usr/lib/gcc/arm-none-eabi/9.2.1/thumb/v7e-m+fp/hard/crtbegin.o
LOAD /usr/lib/gcc/arm-none-eabi/9.2.1/../../../arm-none-eabi/lib/thumb/v7e-m+fp/hard/crt0.o
LOAD build/pgm_syscalls.o
LOAD build/keys.o
LOAD build/display.o
LOAD build/xeq.o
LOAD build/prt.o
LOAD build/decn.o
LOAD build/complex.o
LOAD build/stats.o
LOAD build/lcd.o
LOAD build/int.o
LOAD build/date.o
LOAD build/consts.o
LOAD build/alpha.o
LOAD build/charmap.o
LOAD build/commands.o
LOAD build/string.o
LOAD build/storage.o
LOAD build/matrix.o
LOAD build/font.o
LOAD build/xrom.o
LOAD build/console.o
LOAD build/stopwatch.o
LOAD build/printer.o
LOAD build/libconsts.a
LOAD build/libdecNumber.a
LOAD build/startup_pgm.o
START GROUP
LOAD /usr/lib/gcc/arm-none-eabi/9.2.1/thumb/v7e-m+fp/hard/libgcc.a
LOAD /usr/lib/gcc/arm-none-eabi/9.2.1/../../../arm-none-eabi/lib/thumb/v7e-m+fp/hard/libc.a
END GROUP
START GROUP
LOAD /usr/lib/gcc/arm-none-eabi/9.2.1/thumb/v7e-m+fp/hard/libgcc.a
LOAD /usr/lib/gcc/arm-none-eabi/9.2.1/../../../arm-none-eabi/lib/thumb/v7e-m+fp/hard/libc.a
LOAD /usr/lib/gcc/arm-none-eabi/9.2.1/../../../arm-none-eabi/lib/thumb/v7e-m+fp/hard/libnosys.a
END GROUP
LOAD /usr/lib/gcc/arm-none-eabi/9.2.1/thumb/v7e-m+fp/hard/crtend.o
LOAD /usr/lib/gcc/arm-none-eabi/9.2.1/thumb/v7e-m+fp/hard/crtn.o

.qspi           0x0000000090000000        0x0
                0x0000000090000000                . = ALIGN (0x8)
                0x0000000090000000                _qspi_start = .
 *(.qspi)
 *(.qspi*)
 *(.rodata.__bid_mod10_18_tbl)
 *(.rodata.__bid_convert_table)
 *(.rodata.bid_log_table_1)
 *(.rodata.bid_log_table_2)
 *(.rodata.bid_decimal128_moduli)
 *(.rodata.bid_exponents_bid64)
 *(.rodata.bid_exponents_binary128)
 *(.rodata.bid_breakpoints_binary128)
 *(.rodata.bid_breakpoints_bid64)
 *(.rodata.bid_multipliers1_binary128)
 *(.rodata.bid_multipliers2_bid64)
 *(.rodata.bid_multipliers1_bid64)
 *(.rodata.bid_multipliers2_binary128)
                0x0000000090000000                . = ALIGN (0x8)
                0x0000000090000000                _qspi_end = .

.rodata         0x0000000008050000     0xa788
 *(.rodata.prog_info)
 .rodata.prog_info
                0x0000000008050000       0x40 build/pgm_syscalls.o
                0x0000000008050000                prog_info
                0x0000000008050040                . = ALIGN (0x40)
 *(.rodata)
 .rodata        0x0000000008050040      0x1ba build/display.o
 *fill*         0x00000000080501fa        0x2 
 .rodata        0x00000000080501fc       0x29 build/xeq.o
 *fill*         0x0000000008050225        0x3 
 .rodata        0x0000000008050228       0x40 build/date.o
 .rodata        0x0000000008050268       0x39 build/console.o
 *fill*         0x00000000080502a1        0x3 
 .rodata        0x00000000080502a4       0xa0 build/printer.o
 .rodata        0x0000000008050344        0x4 /usr/lib/gcc/arm-none-eabi/9.2.1/../../../arm-none-eabi/lib/thumb/v7e-m+fp/hard/libc.a(lib_a-impure.o)
                0x0000000008050344                _global_impure_ptr
 .rodata        0x0000000008050348       0x20 /usr/lib/gcc/arm-none-eabi/9.2.1/../../../arm-none-eabi/lib/thumb/v7e-m+fp/hard/libc.a(lib_a-svfprintf.o)
 .rodata        0x0000000008050368      0x101 /usr/lib/gcc/arm-none-eabi/9.2.1/../../../arm-none-eabi/lib/thumb/v7e-m+fp/hard/libc.a(lib_a-ctype_.o)
                0x0000000008050368                _ctype_
 *fill*         0x0000000008050469        0x7 
 .rodata        0x0000000008050470      0x128 /usr/lib/gcc/arm-none-eabi/9.2.1/../../../arm-none-eabi/lib/thumb/v7e-m+fp/hard/libc.a(lib_a-mprec.o)
                0x0000000008050480                __mprec_tens
                0x0000000008050548                __mprec_tinytens
                0x0000000008050570                __mprec_bigtens
 .rodata        0x0000000008050598       0x20 /usr/lib/gcc/arm-none-eabi/9.2.1/../../../arm-none-eabi/lib/thumb/v7e-m+fp/hard/libc.a(lib_a-svfiprintf.o)
 .rodata        0x00000000080505b8       0x20 /usr/lib/gcc/arm-none-eabi/9.2.1/../../../arm-none-eabi/lib/thumb/v7e-m+fp/hard/libc.a(lib_a-vfiprintf.o)
 *(.rodata*)
 .rodata.process_keycode.str1.4
                0x00000000080505d8       0x14 build/keys.o
 .rodata.alpha_arrows
                0x00000000080505ec        0x9 build/keys.o
 *fill*         0x00000000080505f5        0x3 
 .rodata.alpha_catalogue
                0x00000000080505f8       0x12 build/keys.o
 *fill*         0x000000000805060a        0x2 
 .rodata.alpha_compares
                0x000000000805060c        0xa build/keys.o
 *fill*         0x0000000008050616        0x2 
 .rodata.alpha_letters
                0x0000000008050618       0x28 build/keys.o
 .rodata.alpha_letters_lower
                0x0000000008050640       0x28 build/keys.o
 .rodata.alpha_subscripts
                0x0000000008050668       0x1a build/keys.o
 *fill*         0x0000000008050682        0x2 
 .rodata.alpha_symbols
                0x0000000008050684       0x13 build/keys.o
 *fill*         0x0000000008050697        0x1 
 .rodata.alphamap.9473
                0x0000000008050698       0xe4 build/keys.o
 .rodata.amap.9464
                0x000000000805077c       0x20 build/keys.o
 .rodata.catalogue
                0x000000000805079c       0x87 build/keys.o
 *fill*         0x0000000008050823        0x1 
 .rodata.catalogue_sizes.9789
                0x0000000008050824       0x15 build/keys.o
 *fill*         0x0000000008050839        0x3 
 .rodata.catalogues.9797
                0x000000000805083c       0x54 build/keys.o
 .rodata.cmap.9463
                0x0000000008050890       0x30 build/keys.o
 .rodata.conv_catalogue
                0x00000000080508c0       0x58 build/keys.o
 .rodata.conv_mapping.9836
                0x0000000008050918       0x18 build/keys.o
 .rodata.cplx_catalogue
                0x0000000008050930       0x21 build/keys.o
 *fill*         0x0000000008050951        0x3 
 .rodata.disp.9647
                0x0000000008050954        0x4 build/keys.o
 .rodata.int_catalogue
                0x0000000008050958       0x4d build/keys.o
 *fill*         0x00000000080509a5        0x3 
 .rodata.linear_key_map.9429
                0x00000000080509a8       0x2f build/keys.o
 *fill*         0x00000000080509d7        0x1 
 .rodata.linear_key_map.9433
                0x00000000080509d8       0x2f build/keys.o
 *fill*         0x0000000008050a07        0x1 
 .rodata.map.9445
                0x0000000008050a08       0x2b build/keys.o
 *fill*         0x0000000008050a33        0x1 
 .rodata.matrix_catalogue
                0x0000000008050a34       0x18 build/keys.o
 .rodata.mode_catalogue
                0x0000000008050a4c       0x4f build/keys.o
 *fill*         0x0000000008050a9b        0x1 
 .rodata.op_map.9517
                0x0000000008050a9c       0x46 build/keys.o
 *fill*         0x0000000008050ae2        0x2 
 .rodata.op_map.9542
                0x0000000008050ae4       0x8c build/keys.o
 .rodata.op_map.9565
                0x0000000008050b70       0x46 build/keys.o
 *fill*         0x0000000008050bb6        0x2 
 .rodata.op_map.9620
                0x0000000008050bb8      0x118 build/keys.o
 .rodata.op_map.9632
                0x0000000008050cd0        0x6 build/keys.o
 *fill*         0x0000000008050cd6        0x2 
 .rodata.op_map.9646
                0x0000000008050cd8        0xc build/keys.o
 .rodata.op_map2.9543
                0x0000000008050ce4        0x8 build/keys.o
 .rodata.opcode_breaks
                0x0000000008050cec        0x7 build/keys.o
 *fill*         0x0000000008050cf3        0x1 
 .rodata.prob_catalogue
                0x0000000008050cf4       0x44 build/keys.o
 .rodata.prog_catalogue
                0x0000000008050d38       0x6e build/keys.o
 *fill*         0x0000000008050da6        0x2 
 .rodata.program_xfcn
                0x0000000008050da8       0xa3 build/keys.o
 *fill*         0x0000000008050e4b        0x1 
 .rodata.smap.9465
                0x0000000008050e4c        0x4 build/keys.o
 .rodata.stats_catalogue
                0x0000000008050e50       0x16 build/keys.o
 *fill*         0x0000000008050e66        0x2 
 .rodata.sums_catalogue
                0x0000000008050e68       0x12 build/keys.o
 *fill*         0x0000000008050e7a        0x2 
 .rodata.test_catalogue
                0x0000000008050e7c       0x30 build/keys.o
 .rodata.check_special_dn.isra.0.str1.4
                0x0000000008050eac        0x4 build/display.o
 .rodata.carry_overflow.str1.4
                0x0000000008050eb0       0x10 build/display.o
 .rodata.annunciators.str1.4
                0x0000000008050ec0       0x74 build/display.o
 .rodata.display.str1.4
                0x0000000008050f34       0xa1 build/display.o
                                         0xa9 (size before relaxing)
 *fill*         0x0000000008050fd5        0x3 
 .rodata.str1.4
                0x0000000008050fd8        0xf build/display.o
 *fill*         0x0000000008050fe7        0x1 
 .rodata.CSWTCH.340
                0x0000000008050fe8       0x10 build/display.o
 .rodata.CSWTCH.365
                0x0000000008050ff8        0xc build/display.o
 .rodata.DIGITS
                0x0000000008051004       0x11 build/display.o
                0x0000000008051004                DIGITS
 *fill*         0x0000000008051015        0x3 
 .rodata.S7_ERROR
                0x0000000008051018        0x6 build/display.o
 *fill*         0x000000000805101e        0x2 
 .rodata.S7_INF
                0x0000000008051020        0x9 build/display.o
 *fill*         0x0000000008051029        0x3 
 .rodata.S7_NaN
                0x000000000805102c        0xd build/display.o
 *fill*         0x0000000008051039        0x3 
 .rodata.S7_STEP
                0x000000000805103c        0x6 build/display.o
 *fill*         0x0000000008051042        0x2 
 .rodata.S7_fract_EQ
                0x0000000008051044        0x4 build/display.o
 .rodata.S7_fract_GT
                0x0000000008051048        0x4 build/display.o
 .rodata.S7_fract_LT
                0x000000000805104c        0x4 build/display.o
 .rodata.S_SURE
                0x0000000008051050        0x6 build/display.o
 *fill*         0x0000000008051056        0x2 
 .rodata.SvnRevision
                0x0000000008051058        0x4 build/display.o
                0x0000000008051058                SvnRevision
 .rodata.digtbl
                0x000000000805105c       0x7a build/display.o
 *fill*         0x00000000080510d6        0x2 
 .rodata.error_table.9332
                0x00000000080510d8       0x6c build/display.o
 .rodata.libname
                0x0000000008051144       0x14 build/display.o
 .rodata.shift_chars.9437
                0x0000000008051158        0x4 build/display.o
 .rodata.small_dots.9635
                0x000000000805115c        0xd build/display.o
 *fill*         0x0000000008051169        0x3 
 .rodata.small_minus.9634
                0x000000000805116c        0x4 build/display.o
 .rodata.print_step.str1.4
                0x0000000008051170        0x5 build/xeq.o
 *fill*         0x0000000008051175        0x3 
 .rodata.fin_tst.str1.4
                0x0000000008051178        0xd build/xeq.o
 *fill*         0x0000000008051185        0x3 
 .rodata.op_2frac.str1.4
                0x0000000008051188       0x18 build/xeq.o
 .rodata.busy.str1.4
                0x00000000080511a0        0x8 build/xeq.o
 .rodata.xeq.str1.4
                0x00000000080511a8        0x8 build/xeq.o
 .rodata.StackRegMask
                0x00000000080511b0        0x4 build/xeq.o
 .rodata.convergence_tolerances
                0x00000000080511b4        0xc build/xeq.o
 .rodata.modes.11443
                0x00000000080511c0        0x7 build/xeq.o
 *fill*         0x00000000080511c7        0x1 
 .rodata.modes.11960
                0x00000000080511c8        0x4 build/xeq.o
 .rodata.xrom_targets
                0x00000000080511cc       0x34 build/xeq.o
                0x00000000080511cc                xrom_targets
 .rodata.prt_multi.str1.4
                0x0000000008051200        0x4 build/prt.o
 .rodata.prt_specials.part.0.str1.4
                0x0000000008051204       0x17 build/prt.o
                                         0x28 (size before relaxing)
 *fill*         0x000000000805121b        0x1 
 .rodata.prt_rargs.str1.4
                0x000000000805121c        0xc build/prt.o
                                         0x19 (size before relaxing)
 .rodata.prt_umen.str1.4
                0x0000000008051228        0xb build/prt.o
 *fill*         0x0000000008051233        0x1 
 .rodata.digits.8311
                0x0000000008051234       0x10 build/prt.o
 .rodata.degrees.9119
                0x0000000008051244       0x10 build/decn.o
 .rodata.gamma_consts
                0x0000000008051254       0x54 build/decn.o
                0x0000000008051254                gamma_consts
 .rodata.gradians.9120
                0x00000000080512a8       0x10 build/decn.o
 .rodata.get_sigmas.str1.4
                0x00000000080512b8       0x16 build/stats.o
 *fill*         0x00000000080512ce        0x2 
 .rodata.draw_BEG.part.0.str1.4
                0x00000000080512d0        0x4 build/lcd.o
 .rodata.draw_BATT.part.0.str1.4
                0x00000000080512d4        0x4 build/lcd.o
 .rodata.draw_BEG.str1.4
                0x00000000080512d8        0x4 build/lcd.o
 .rodata.draw_BATT.str1.4
                0x00000000080512dc        0x4 build/lcd.o
 .rodata.draw_RPN.str1.4
                0x00000000080512e0        0xc build/lcd.o
 .rodata.draw_RCL.str1.4
                0x00000000080512ec        0x4 build/lcd.o
 .rodata.draw_LEQ.str1.4
                0x00000000080512ec        0x5 build/lcd.o
                                          0xa (size before relaxing)
 *fill*         0x00000000080512f1        0x3 
 .rodata.draw_dot.str1.4
                0x00000000080512f4        0xc build/lcd.o
                                         0x14 (size before relaxing)
 .rodata.draw_PRT.str1.4
                0x0000000008051300        0x4 build/lcd.o
 .rodata.primes
                0x0000000008051304       0x10 build/int.o
 .rodata.date_alphaday.str1.4
                0x0000000008051314       0x16 build/date.o
 *fill*         0x000000000805132a        0x2 
 .rodata.date_alphatime.str1.4
                0x000000000805132c        0x8 build/date.o
                                          0x9 (size before relaxing)
 .rodata.mons.9126
                0x0000000008051334       0x24 build/date.o
 .rodata.str1.4
                0x0000000008051358      0x241 build/consts.o
                                        0x24d (size before relaxing)
 *fill*         0x0000000008051599        0x3 
 .rodata.cnsts  0x000000000805159c      0x4f8 build/consts.o
                0x000000000805159c                cnsts
 .rodata.cnsts_conv
                0x0000000008051a94      0x260 build/consts.o
                0x0000000008051a94                cnsts_conv
 .rodata.cnsts_d128
                0x0000000008051cf4      0x200 build/consts.o
                0x0000000008051cf4                cnsts_d128
 .rodata.cnsts_d64
                0x0000000008051ef4      0x260 build/consts.o
                0x0000000008051ef4                cnsts_d64
 .rodata.character_remapping_order
                0x0000000008052154      0x100 build/charmap.o
 .rodata.str1.4
                0x0000000008052254      0x6e0 build/commands.o
                                        0x720 (size before relaxing)
 .rodata.argcmds
                0x0000000008052934      0x9f0 build/commands.o
                0x0000000008052934                argcmds
 .rodata.dyfuncs
                0x0000000008053324      0x498 build/commands.o
                0x0000000008053324                dyfuncs
 .rodata.monfuncs
                0x00000000080537bc      0xea0 build/commands.o
                0x00000000080537bc                monfuncs
 .rodata.multicmds
                0x000000000805465c       0xc0 build/commands.o
                0x000000000805465c                multicmds
 .rodata.niladics
                0x000000000805471c      0xdb0 build/commands.o
                0x000000000805471c                niladics
 .rodata.trifuncs
                0x00000000080554cc       0xf0 build/commands.o
                0x00000000080554cc                trifuncs
 .rodata.program_flash.str1.4
                0x00000000080555bc       0x33 build/storage.o
 *fill*         0x00000000080555ef        0x1 
 .rodata.open_selected_file.str1.4
                0x00000000080555f0       0x17 build/storage.o
 *fill*         0x0000000008055607        0x1 
 .rodata.init_mem.str1.4
                0x0000000008055608        0xe build/storage.o
 *fill*         0x0000000008055616        0x2 
 .rodata.reset.str1.4
                0x0000000008055618        0x7 build/storage.o
 *fill*         0x000000000805561f        0x1 
 .rodata.store_program_from_buffer.part.0.str1.4
                0x0000000008055620        0x9 build/storage.o
 *fill*         0x0000000008055629        0x3 
 .rodata.flash_backup.str1.4
                0x000000000805562c        0xe build/storage.o
 *fill*         0x000000000805563a        0x2 
 .rodata.flash_restore.str1.4
                0x000000000805563c        0x9 build/storage.o
 *fill*         0x0000000008055645        0x3 
 .rodata.save_lib_file.str1.4
                0x0000000008055648       0x26 build/storage.o
 *fill*         0x000000000805566e        0x2 
 .rodata.load_lib_file.str1.4
                0x0000000008055670       0x1f build/storage.o
 *fill*         0x000000000805568f        0x1 
 .rodata.save_ram_file.str1.4
                0x0000000008055690       0x26 build/storage.o
 *fill*         0x00000000080556b6        0x2 
 .rodata.load_ram_file.str1.4
                0x00000000080556b8        0xe build/storage.o
 *fill*         0x00000000080556c6        0x2 
 .rodata.load_backup_file.str1.4
                0x00000000080556c8       0x15 build/storage.o
 *fill*         0x00000000080556dd        0x3 
 .rodata.save_prog_file.str1.4
                0x00000000080556e0       0x36 build/storage.o
 *fill*         0x0000000008055716        0x2 
 .rodata.load_prog_file.str1.4
                0x0000000008055718       0x28 build/storage.o
 .rodata.bm_large.5521
                0x0000000008055740      0x2fa build/font.o
 *fill*         0x0000000008055a3a        0x2 
 .rodata.bm_small.5522
                0x0000000008055a3c      0x25e build/font.o
 *fill*         0x0000000008055c9a        0x2 
 .rodata.divs.5505
                0x0000000008055c9c        0x3 build/font.o
 *fill*         0x0000000008055c9f        0x1 
 .rodata.widths.5504
                0x0000000008055ca0       0xab build/font.o
 *fill*         0x0000000008055d4b        0x1 
 .rodata.xrom   0x0000000008055d4c     0x1a1c build/xrom.o
                0x0000000008055d4c                xrom
 .rodata.xrom_size
                0x0000000008057768        0x2 build/xrom.o
                0x0000000008057768                xrom_size
 *fill*         0x000000000805776a        0x2 
 .rodata.menu_line_str.str1.4
                0x000000000805776c        0x8 build/console.o
 .rodata.disp_about.str1.4
                0x0000000008057774      0x143 build/console.o
 *fill*         0x00000000080578b7        0x1 
 .rodata.do_multi.str1.4
                0x00000000080578b8       0x16 build/console.o
 *fill*         0x00000000080578ce        0x2 
 .rodata.str1.4
                0x00000000080578d0       0x10 build/console.o
 .rodata.MID_MENU
                0x00000000080578e0       0x10 build/console.o
                0x00000000080578e0                MID_MENU
 .rodata.Menus  0x00000000080578f0     0x1520 build/console.o
 .rodata.mapping_alpha.11208
                0x0000000008058e10      0x178 build/console.o
 .rodata.mapping_fshift.11206
                0x0000000008058f88      0x178 build/console.o
 .rodata.mapping_gshift.11207
                0x0000000008059100      0x178 build/console.o
 .rodata.mapping_none.11205
                0x0000000008059278      0x178 build/console.o
 .rodata.mapping_running.11209
                0x00000000080593f0      0x178 build/console.o
 .rodata.mid_menu
                0x0000000008059568        0x4 build/console.o
                0x0000000008059568                mid_menu
 .rodata.stopwatch_callback.str1.4
                0x000000000805956c       0x16 build/stopwatch.o
 *fill*         0x0000000008059582        0x2 
 .rodata.CSWTCH.61
                0x0000000008059584       0x40 build/stopwatch.o
 .rodata.print_reg_cmplx.part.0.str1.4
                0x00000000080595c4       0x18 build/printer.o
                                         0x1c (size before relaxing)
 .rodata.print_registers_cmplx.str1.4
                0x00000000080595dc        0xd build/printer.o
                                         0x11 (size before relaxing)
 *fill*         0x00000000080595e9        0x3 
 .rodata.print_registers.str1.4
                0x00000000080595ec        0x2 build/printer.o
                                         0x15 (size before relaxing)
 *fill*         0x00000000080595ee        0x2 
 .rodata.print_trace.str1.4
                0x00000000080595f0        0xc build/printer.o
                                         0x10 (size before relaxing)
 .rodata.ops.9110
                0x00000000080595fc        0xe build/printer.o
 *fill*         0x000000000805960a        0x2 
 .rodata.const_400
                0x000000000805960c        0xc build/libconsts.a(const_400.o)
                0x000000000805960c                const_400
 .rodata.const_45
                0x0000000008059618        0xc build/libconsts.a(const_45.o)
                0x0000000008059618                const_45
 .rodata.const_0_4
                0x0000000008059624        0xc build/libconsts.a(const_0_4.o)
                0x0000000008059624                const_0_4
 .rodata.const_20
                0x0000000008059630        0xc build/libconsts.a(const_20.o)
                0x0000000008059630                const_20
 .rodata.const_PI
                0x000000000805963c       0x24 build/libconsts.a(const_PI.o)
                0x000000000805963c                const_PI
 .rodata.const_36000
                0x0000000008059660        0xc build/libconsts.a(const_36000.o)
                0x0000000008059660                const_36000
 .rodata.const_2pow64
                0x000000000805966c       0x18 build/libconsts.a(const_2pow64.o)
                0x000000000805966c                const_2pow64
 .rodata.const_hms_threshold
                0x0000000008059684       0x24 build/libconsts.a(const_hms_threshold.o)
                0x0000000008059684                const_hms_threshold
 .rodata.const_gammaC19
                0x00000000080596a8       0x24 build/libconsts.a(const_gammaC19.o)
                0x00000000080596a8                const_gammaC19
 .rodata.const_gammaR
                0x00000000080596cc       0x10 build/libconsts.a(const_gammaR.o)
                0x00000000080596cc                const_gammaR
 .rodata.const_1e_32
                0x00000000080596dc        0xc build/libconsts.a(const_1e_32.o)
                0x00000000080596dc                const_1e_32
 .rodata.const_gammaC16
                0x00000000080596e8       0x24 build/libconsts.a(const_gammaC16.o)
                0x00000000080596e8                const_gammaC16
 .rodata.const_gammaC14
                0x000000000805970c       0x24 build/libconsts.a(const_gammaC14.o)
                0x000000000805970c                const_gammaC14
 .rodata.const_32
                0x0000000008059730        0xc build/libconsts.a(const_32.o)
                0x0000000008059730                const_32
 .rodata.const_egamma
                0x000000000805973c       0x24 build/libconsts.a(const_egamma.o)
                0x000000000805973c                const_egamma
 .rodata.const_PIon2
                0x0000000008059760       0x24 build/libconsts.a(const_PIon2.o)
                0x0000000008059760                const_PIon2
 .rodata.const_gammaC03
                0x0000000008059784       0x24 build/libconsts.a(const_gammaC03.o)
                0x0000000008059784                const_gammaC03
 .rodata.const_0_5
                0x00000000080597a8        0xc build/libconsts.a(const_0_5.o)
                0x00000000080597a8                const_0_5
 .rodata.const_9000
                0x00000000080597b4        0xc build/libconsts.a(const_9000.o)
                0x00000000080597b4                const_9000
 .rodata.const_90
                0x00000000080597c0        0xc build/libconsts.a(const_90.o)
                0x00000000080597c0                const_90
 .rodata.const_ln2
                0x00000000080597cc       0x24 build/libconsts.a(const_ln2.o)
                0x00000000080597cc                const_ln2
 .rodata.const_gammaC02
                0x00000000080597f0       0x24 build/libconsts.a(const_gammaC02.o)
                0x00000000080597f0                const_gammaC02
 .rodata.const_gammaC11
                0x0000000008059814       0x24 build/libconsts.a(const_gammaC11.o)
                0x0000000008059814                const_gammaC11
 .rodata.const_gammaC20
                0x0000000008059838       0x24 build/libconsts.a(const_gammaC20.o)
                0x0000000008059838                const_gammaC20
 .rodata.const_2PI
                0x000000000805985c      0x138 build/libconsts.a(const_2PI.o)
                0x000000000805985c                const_2PI
 .rodata.const_PIon200
                0x0000000008059994       0x24 build/libconsts.a(const_PIon200.o)
                0x0000000008059994                const_PIon200
 .rodata.const_256
                0x00000000080599b8        0xc build/libconsts.a(const_256.o)
                0x00000000080599b8                const_256
 .rodata.const_PIon180
                0x00000000080599c4       0x24 build/libconsts.a(const_PIon180.o)
                0x00000000080599c4                const_PIon180
 .rodata.const_1on60
                0x00000000080599e8       0x24 build/libconsts.a(const_1on60.o)
                0x00000000080599e8                const_1on60
 .rodata.const_1e_24
                0x0000000008059a0c        0xc build/libconsts.a(const_1e_24.o)
                0x0000000008059a0c                const_1e_24
 .rodata.const_0_0001
                0x0000000008059a18        0xc build/libconsts.a(const_0_0001.o)
                0x0000000008059a18                const_0_0001
 .rodata.const_gammaC21
                0x0000000008059a24       0x24 build/libconsts.a(const_gammaC21.o)
                0x0000000008059a24                const_gammaC21
 .rodata.const_gammaC17
                0x0000000008059a48       0x24 build/libconsts.a(const_gammaC17.o)
                0x0000000008059a48                const_gammaC17
 .rodata.const_0_1
                0x0000000008059a6c        0xc build/libconsts.a(const_0_1.o)
                0x0000000008059a6c                const_0_1
 .rodata.const_NaN
                0x0000000008059a78        0xc build/libconsts.a(const_NaN.o)
                0x0000000008059a78                const_NaN
 .rodata.const_gammaC05
                0x0000000008059a84       0x24 build/libconsts.a(const_gammaC05.o)
                0x0000000008059a84                const_gammaC05
 .rodata.const__0
                0x0000000008059aa8        0xc build/libconsts.a(const__0.o)
                0x0000000008059aa8                const__0
 .rodata.const_gammaC00
                0x0000000008059ab4       0x24 build/libconsts.a(const_gammaC00.o)
                0x0000000008059ab4                const_gammaC00
 .rodata.const_50
                0x0000000008059ad8        0xc build/libconsts.a(const_50.o)
                0x0000000008059ad8                const_50
 .rodata.const_randfac
                0x0000000008059ae4       0x1c build/libconsts.a(const_randfac.o)
                0x0000000008059ae4                const_randfac
 .rodata.const__inf
                0x0000000008059b00        0xc build/libconsts.a(const__inf.o)
                0x0000000008059b00                const__inf
 .rodata.const_10
                0x0000000008059b0c        0xc build/libconsts.a(const_10.o)
                0x0000000008059b0c                const_10
 .rodata.const_gammaC18
                0x0000000008059b18       0x24 build/libconsts.a(const_gammaC18.o)
                0x0000000008059b18                const_gammaC18
 .rodata.const_60
                0x0000000008059b3c        0xc build/libconsts.a(const_60.o)
                0x0000000008059b3c                const_60
 .rodata.const_ln10
                0x0000000008059b48       0x24 build/libconsts.a(const_ln10.o)
                0x0000000008059b48                const_ln10
 .rodata.const_1e_14
                0x0000000008059b6c        0xc build/libconsts.a(const_1e_14.o)
                0x0000000008059b6c                const_1e_14
 .rodata.const_gammaC08
                0x0000000008059b78       0x24 build/libconsts.a(const_gammaC08.o)
                0x0000000008059b78                const_gammaC08
 .rodata.const_2
                0x0000000008059b9c        0xc build/libconsts.a(const_2.o)
                0x0000000008059b9c                const_2
 .rodata.const_gammaC09
                0x0000000008059ba8       0x24 build/libconsts.a(const_gammaC09.o)
                0x0000000008059ba8                const_gammaC09
 .rodata.const_21
                0x0000000008059bcc        0xc build/libconsts.a(const_21.o)
                0x0000000008059bcc                const_21
 .rodata.const_0
                0x0000000008059bd8        0xc build/libconsts.a(const_0.o)
                0x0000000008059bd8                const_0
 .rodata.const_gammaC07
                0x0000000008059be4       0x24 build/libconsts.a(const_gammaC07.o)
                0x0000000008059be4                const_gammaC07
 .rodata.const_0_05
                0x0000000008059c08        0xc build/libconsts.a(const_0_05.o)
                0x0000000008059c08                const_0_05
 .rodata.const_0_9
                0x0000000008059c14        0xc build/libconsts.a(const_0_9.o)
                0x0000000008059c14                const_0_9
 .rodata.const_0_995
                0x0000000008059c20        0xc build/libconsts.a(const_0_995.o)
                0x0000000008059c20                const_0_995
 .rodata.const_gammaC12
                0x0000000008059c2c       0x24 build/libconsts.a(const_gammaC12.o)
                0x0000000008059c2c                const_gammaC12
 .rodata.const_3
                0x0000000008059c50        0xc build/libconsts.a(const_3.o)
                0x0000000008059c50                const_3
 .rodata.const_180
                0x0000000008059c5c        0xc build/libconsts.a(const_180.o)
                0x0000000008059c5c                const_180
 .rodata.const_100000
                0x0000000008059c68        0xc build/libconsts.a(const_100000.o)
                0x0000000008059c68                const_100000
 .rodata.const_root2on2
                0x0000000008059c74       0x24 build/libconsts.a(const_root2on2.o)
                0x0000000008059c74                const_root2on2
 .rodata.const_gammaC04
                0x0000000008059c98       0x24 build/libconsts.a(const_gammaC04.o)
                0x0000000008059c98                const_gammaC04
 .rodata.const_100
                0x0000000008059cbc        0xc build/libconsts.a(const_100.o)
                0x0000000008059cbc                const_100
 .rodata.const_9on5
                0x0000000008059cc8        0xc build/libconsts.a(const_9on5.o)
                0x0000000008059cc8                const_9on5
 .rodata.const__1
                0x0000000008059cd4        0xc build/libconsts.a(const__1.o)
                0x0000000008059cd4                const__1
 .rodata.const_360
                0x0000000008059ce0        0xc build/libconsts.a(const_360.o)
                0x0000000008059ce0                const_360
 .rodata.const_0_6
                0x0000000008059cec        0xc build/libconsts.a(const_0_6.o)
                0x0000000008059cec                const_0_6
 .rodata.const_1e_37
                0x0000000008059cf8        0xc build/libconsts.a(const_1e_37.o)
                0x0000000008059cf8                const_1e_37
 .rodata.const_gammaC10
                0x0000000008059d04       0x24 build/libconsts.a(const_gammaC10.o)
                0x0000000008059d04                const_gammaC10
 .rodata.const_1
                0x0000000008059d28        0xc build/libconsts.a(const_1.o)
                0x0000000008059d28                const_1
 .rodata.const_inf
                0x0000000008059d34        0xc build/libconsts.a(const_inf.o)
                0x0000000008059d34                const_inf
 .rodata.const_gammaC01
                0x0000000008059d40       0x24 build/libconsts.a(const_gammaC01.o)
                0x0000000008059d40                const_gammaC01
 .rodata.const_200
                0x0000000008059d64        0xc build/libconsts.a(const_200.o)
                0x0000000008059d64                const_200
 .rodata.const_1e_10000
                0x0000000008059d70        0xc build/libconsts.a(const_1e_10000.o)
                0x0000000008059d70                const_1e_10000
 .rodata.const_gammaC06
                0x0000000008059d7c       0x24 build/libconsts.a(const_gammaC06.o)
                0x0000000008059d7c                const_gammaC06
 .rodata.const_5
                0x0000000008059da0        0xc build/libconsts.a(const_5.o)
                0x0000000008059da0                const_5
 .rodata.const_0_75
                0x0000000008059dac        0xc build/libconsts.a(const_0_75.o)
                0x0000000008059dac                const_0_75
 .rodata.const_gammaC15
                0x0000000008059db8       0x24 build/libconsts.a(const_gammaC15.o)
                0x0000000008059db8                const_gammaC15
 .rodata.const_gammaC13
                0x0000000008059ddc       0x24 build/libconsts.a(const_gammaC13.o)
                0x0000000008059ddc                const_gammaC13
 .rodata.decNumberToString.str1.4
                0x0000000008059e00        0x9 build/libdecNumber.a(decNumber.o)
                                         0x10 (size before relaxing)
 *fill*         0x0000000008059e09        0x3 
 .rodata.decNumberFromString.str1.4
                0x0000000008059e0c       0x1c build/libdecNumber.a(decNumber.o)
                                         0x20 (size before relaxing)
 .rodata.multies
                0x0000000008059e28       0x14 build/libdecNumber.a(decNumber.o)
 .rodata.powers
                0x0000000008059e3c       0x28 build/libdecNumber.a(decNumber.o)
                0x0000000008059e3c                powers
 .rodata.resmap
                0x0000000008059e64        0xa build/libdecNumber.a(decNumber.o)
 *fill*         0x0000000008059e6e        0x2 
 .rodata.uarrone
                0x0000000008059e70        0x2 build/libdecNumber.a(decNumber.o)
 *fill*         0x0000000008059e72        0x2 
 .rodata.COMBEXP
                0x0000000008059e74       0x80 build/libdecNumber.a(decimal64.o)
                0x0000000008059e74                COMBEXP
 .rodata.COMBMSD
                0x0000000008059ef4       0x80 build/libdecNumber.a(decimal64.o)
                0x0000000008059ef4                COMBMSD
 .rodata.multies
                0x0000000008059f74       0x14 build/libdecNumber.a(decimal64.o)
 .rodata.str1.4
                0x0000000008059f88        0x6 /usr/lib/gcc/arm-none-eabi/9.2.1/../../../arm-none-eabi/lib/thumb/v7e-m+fp/hard/libc.a(lib_a-perror.o)
 *fill*         0x0000000008059f8e        0x2 
 .rodata.str1.4
                0x0000000008059f90      0x700 /usr/lib/gcc/arm-none-eabi/9.2.1/../../../arm-none-eabi/lib/thumb/v7e-m+fp/hard/libc.a(lib_a-strerror.o)
                                        0x701 (size before relaxing)
 .rodata.str1.4
                0x000000000805a690       0x33 /usr/lib/gcc/arm-none-eabi/9.2.1/../../../arm-none-eabi/lib/thumb/v7e-m+fp/hard/libc.a(lib_a-svfprintf.o)
                                         0x42 (size before relaxing)
 *fill*         0x000000000805a6c3        0x1 
 .rodata.str1.4
                0x000000000805a6c4       0x46 /usr/lib/gcc/arm-none-eabi/9.2.1/../../../arm-none-eabi/lib/thumb/v7e-m+fp/hard/libc.a(lib_a-dtoa.o)
                                         0x5a (size before relaxing)
 *fill*         0x000000000805a70a        0x2 
 .rodata.str1.4
                0x000000000805a70c       0x33 /usr/lib/gcc/arm-none-eabi/9.2.1/../../../arm-none-eabi/lib/thumb/v7e-m+fp/hard/libc.a(lib_a-mprec.o)
                                         0x47 (size before relaxing)
 .rodata.str1.4
                0x000000000805a73f       0x2f /usr/lib/gcc/arm-none-eabi/9.2.1/../../../arm-none-eabi/lib/thumb/v7e-m+fp/hard/libc.a(lib_a-svfiprintf.o)
 *fill*         0x000000000805a73f        0x1 
 .rodata.str1.4
                0x000000000805a740       0x3f /usr/lib/gcc/arm-none-eabi/9.2.1/../../../arm-none-eabi/lib/thumb/v7e-m+fp/hard/libc.a(lib_a-assert.o)
                                         0x43 (size before relaxing)
 *fill*         0x000000000805a77f        0x1 
 .rodata.str1.4
                0x000000000805a780        0x6 /usr/lib/gcc/arm-none-eabi/9.2.1/../../../arm-none-eabi/lib/thumb/v7e-m+fp/hard/libc.a(lib_a-locale.o)
                                         0x12 (size before relaxing)
 .rodata.str1.4
                0x000000000805a786       0x2f /usr/lib/gcc/arm-none-eabi/9.2.1/../../../arm-none-eabi/lib/thumb/v7e-m+fp/hard/libc.a(lib_a-vfiprintf.o)
                0x000000000805a7b8                . = ALIGN (0x8)
 *fill*         0x000000000805a786        0x2 
                0x0000000090000000                _qspi_init_base = LOADADDR (.qspi)
                0x0000000000000000                _qspi_init_length = SIZEOF (.qspi)

.text           0x000000000805a7c0    0x26848
                0x000000000805a7c0                . = ALIGN (0x8)
 *(.text)
 .text          0x000000000805a7c0       0x88 /usr/lib/gcc/arm-none-eabi/9.2.1/thumb/v7e-m+fp/hard/crtbegin.o
 .text          0x000000000805a848       0x30 /usr/lib/gcc/arm-none-eabi/9.2.1/thumb/v7e-m+fp/hard/libgcc.a(_aeabi_uldivmod.o)
                0x000000000805a848                __aeabi_uldivmod
 .text          0x000000000805a878      0x2c4 /usr/lib/gcc/arm-none-eabi/9.2.1/thumb/v7e-m+fp/hard/libgcc.a(_udivmoddi4.o)
                0x000000000805a878                __udivmoddi4
 .text          0x000000000805ab3c        0x4 /usr/lib/gcc/arm-none-eabi/9.2.1/thumb/v7e-m+fp/hard/libgcc.a(_dvmd_tls.o)
                0x000000000805ab3c                __aeabi_ldiv0
                0x000000000805ab3c                __aeabi_idiv0
 .text          0x000000000805ab40        0xc /usr/lib/gcc/arm-none-eabi/9.2.1/../../../arm-none-eabi/lib/thumb/v7e-m+fp/hard/libc.a(lib_a-atexit.o)
                0x000000000805ab40                atexit
 .text          0x000000000805ab4c        0xc /usr/lib/gcc/arm-none-eabi/9.2.1/../../../arm-none-eabi/lib/thumb/v7e-m+fp/hard/libc.a(lib_a-errno.o)
                0x000000000805ab4c                __errno
 .text          0x000000000805ab58       0x34 /usr/lib/gcc/arm-none-eabi/9.2.1/../../../arm-none-eabi/lib/thumb/v7e-m+fp/hard/libc.a(lib_a-fini.o)
                0x000000000805ab58                __libc_fini_array
 .text          0x000000000805ab8c       0x48 /usr/lib/gcc/arm-none-eabi/9.2.1/../../../arm-none-eabi/lib/thumb/v7e-m+fp/hard/libc.a(lib_a-init.o)
                0x000000000805ab8c                __libc_init_array
 .text          0x000000000805abd4      0x134 /usr/lib/gcc/arm-none-eabi/9.2.1/../../../arm-none-eabi/lib/thumb/v7e-m+fp/hard/libc.a(lib_a-memcpy.o)
                0x000000000805abd4                memcpy
 .text          0x000000000805ad08       0xa0 /usr/lib/gcc/arm-none-eabi/9.2.1/../../../arm-none-eabi/lib/thumb/v7e-m+fp/hard/libc.a(lib_a-memset.o)
                0x000000000805ad08                memset
 .text          0x000000000805ada8      0x100 /usr/lib/gcc/arm-none-eabi/9.2.1/../../../arm-none-eabi/lib/thumb/v7e-m+fp/hard/libc.a(lib_a-perror.o)
                0x000000000805ada8                _perror_r
                0x000000000805ae98                perror
 .text          0x000000000805aea8       0x80 /usr/lib/gcc/arm-none-eabi/9.2.1/../../../arm-none-eabi/lib/thumb/v7e-m+fp/hard/libc.a(lib_a-sprintf.o)
                0x000000000805aea8                _sprintf_r
                0x000000000805aee4                sprintf
 .text          0x000000000805af28      0x3fc /usr/lib/gcc/arm-none-eabi/9.2.1/../../../arm-none-eabi/lib/thumb/v7e-m+fp/hard/libc.a(lib_a-strerror.o)
                0x000000000805af28                _strerror_r
                0x000000000805b2f4                strerror
                0x000000000805b30c                strerror_l
 *fill*         0x000000000805b324       0x1c 
 .text          0x000000000805b340       0xdc /usr/lib/gcc/arm-none-eabi/9.2.1/../../../arm-none-eabi/lib/thumb/v7e-m+fp/hard/libc.a(lib_a-strlen.o)
                0x000000000805b340                strlen
 .text          0x000000000805b41c       0x74 /usr/lib/gcc/arm-none-eabi/9.2.1/../../../arm-none-eabi/lib/thumb/v7e-m+fp/hard/libc.a(lib_a-strncpy.o)
                0x000000000805b41c                strncpy
 .text          0x000000000805b490     0x1498 /usr/lib/gcc/arm-none-eabi/9.2.1/../../../arm-none-eabi/lib/thumb/v7e-m+fp/hard/libc.a(lib_a-svfprintf.o)
                0x000000000805b490                _svfprintf_r
 .text          0x000000000805c928        0x4 /usr/lib/gcc/arm-none-eabi/9.2.1/../../../arm-none-eabi/lib/thumb/v7e-m+fp/hard/libc.a(lib_a-u_strerr.o)
                0x000000000805c928                _user_strerror
 .text          0x000000000805c92c       0x2c /usr/lib/gcc/arm-none-eabi/9.2.1/../../../arm-none-eabi/lib/thumb/v7e-m+fp/hard/libc.a(lib_a-writer.o)
                0x000000000805c92c                _write_r
 .text          0x000000000805c958       0x68 /usr/lib/gcc/arm-none-eabi/9.2.1/../../../arm-none-eabi/lib/thumb/v7e-m+fp/hard/libc.a(lib_a-__atexit.o)
                0x000000000805c958                __register_exitproc
 .text          0x000000000805c9c0      0xfc0 /usr/lib/gcc/arm-none-eabi/9.2.1/../../../arm-none-eabi/lib/thumb/v7e-m+fp/hard/libc.a(lib_a-dtoa.o)
                0x000000000805cae4                _dtoa_r
 .text          0x000000000805d980      0x1a4 /usr/lib/gcc/arm-none-eabi/9.2.1/../../../arm-none-eabi/lib/thumb/v7e-m+fp/hard/libc.a(lib_a-fflush.o)
                0x000000000805d980                __sflush_r
                0x000000000805dacc                _fflush_r
                0x000000000805db00                fflush
 .text          0x000000000805db24       0x34 /usr/lib/gcc/arm-none-eabi/9.2.1/../../../arm-none-eabi/lib/thumb/v7e-m+fp/hard/libc.a(lib_a-fileno.o)
                0x000000000805db24                fileno
 .text          0x000000000805db58      0x1f4 /usr/lib/gcc/arm-none-eabi/9.2.1/../../../arm-none-eabi/lib/thumb/v7e-m+fp/hard/libc.a(lib_a-findfp.o)
                0x000000000805db5c                _cleanup_r
                0x000000000805dc40                __sfmoreglue
                0x000000000805dc70                __sfp
                0x000000000805dcf8                _cleanup
                0x000000000805dd0c                __sinit
                0x000000000805dd14                __sfp_lock_acquire
                0x000000000805dd18                __sfp_lock_release
                0x000000000805dd1c                __sinit_lock_acquire
                0x000000000805dd20                __sinit_lock_release
                0x000000000805dd24                __fp_lock_all
                0x000000000805dd38                __fp_unlock_all
 .text          0x000000000805dd4c       0xa0 /usr/lib/gcc/arm-none-eabi/9.2.1/../../../arm-none-eabi/lib/thumb/v7e-m+fp/hard/libc.a(lib_a-fwalk.o)
                0x000000000805dd4c                _fwalk
                0x000000000805dd98                _fwalk_reent
 .text          0x000000000805ddec       0x14 /usr/lib/gcc/arm-none-eabi/9.2.1/../../../arm-none-eabi/lib/thumb/v7e-m+fp/hard/libc.a(lib_a-localeconv.o)
                0x000000000805ddec                __localeconv_l
                0x000000000805ddf0                _localeconv_r
                0x000000000805ddf8                localeconv
 .text          0x000000000805de00       0xa0 /usr/lib/gcc/arm-none-eabi/9.2.1/../../../arm-none-eabi/lib/thumb/v7e-m+fp/hard/libc.a(lib_a-memchr.o)
                0x000000000805de00                memchr
 .text          0x000000000805dea0      0x9a8 /usr/lib/gcc/arm-none-eabi/9.2.1/../../../arm-none-eabi/lib/thumb/v7e-m+fp/hard/libc.a(lib_a-mprec.o)
                0x000000000805dea0                _Balloc
                0x000000000805deec                _Bfree
                0x000000000805df00                __multadd
                0x000000000805dfa4                __s2b
                0x000000000805e050                __hi0bits
                0x000000000805e090                __lo0bits
                0x000000000805e0f0                __i2b
                0x000000000805e11c                __multiply
                0x000000000805e268                __pow5mult
                0x000000000805e300                __lshift
                0x000000000805e3cc                __mcmp
                0x000000000805e404                __mdiff
                0x000000000805e52c                __ulp
                0x000000000805e57c                __b2d
                0x000000000805e634                __d2b
                0x000000000805e708                __ratio
                0x000000000805e768                _mprec_log10
                0x000000000805e7a8                __copybits
                0x000000000805e7f0                __any_on
 .text          0x000000000805e848       0x90 /usr/lib/gcc/arm-none-eabi/9.2.1/../../../arm-none-eabi/lib/thumb/v7e-m+fp/hard/libc.a(lib_a-stdio.o)
                0x000000000805e848                __sread
                0x000000000805e86c                __seofread
                0x000000000805e870                __swrite
                0x000000000805e8b0                __sseek
                0x000000000805e8d0                __sclose
 .text          0x000000000805e8d8      0xb64 /usr/lib/gcc/arm-none-eabi/9.2.1/../../../arm-none-eabi/lib/thumb/v7e-m+fp/hard/libc.a(lib_a-svfiprintf.o)
                0x000000000805e8d8                __ssprint_r
                0x000000000805e9d0                _svfiprintf_r
 .text          0x000000000805f43c       0x48 /usr/lib/gcc/arm-none-eabi/9.2.1/../../../arm-none-eabi/lib/thumb/v7e-m+fp/hard/libc.a(lib_a-assert.o)
                0x000000000805f43c                __assert_func
                0x000000000805f478                __assert
 .text          0x000000000805f484       0x24 /usr/lib/gcc/arm-none-eabi/9.2.1/../../../arm-none-eabi/lib/thumb/v7e-m+fp/hard/libc.a(lib_a-closer.o)
                0x000000000805f484                _close_r
 .text          0x000000000805f4a8       0x98 /usr/lib/gcc/arm-none-eabi/9.2.1/../../../arm-none-eabi/lib/thumb/v7e-m+fp/hard/libc.a(lib_a-fclose.o)
                0x000000000805f4a8                _fclose_r
                0x000000000805f530                fclose
 .text          0x000000000805f540       0x44 /usr/lib/gcc/arm-none-eabi/9.2.1/../../../arm-none-eabi/lib/thumb/v7e-m+fp/hard/libc.a(lib_a-fiprintf.o)
                0x000000000805f540                _fiprintf_r
                0x000000000805f55c                fiprintf
 .text          0x000000000805f584       0x5c /usr/lib/gcc/arm-none-eabi/9.2.1/../../../arm-none-eabi/lib/thumb/v7e-m+fp/hard/libc.a(lib_a-locale.o)
                0x000000000805f584                _setlocale_r
                0x000000000805f5c4                __locale_mb_cur_max
                0x000000000805f5d0                setlocale
 .text          0x000000000805f5e0       0x2c /usr/lib/gcc/arm-none-eabi/9.2.1/../../../arm-none-eabi/lib/thumb/v7e-m+fp/hard/libc.a(lib_a-lseekr.o)
                0x000000000805f5e0                _lseek_r
 .text          0x000000000805f60c       0x40 /usr/lib/gcc/arm-none-eabi/9.2.1/../../../arm-none-eabi/lib/thumb/v7e-m+fp/hard/libc.a(lib_a-mbtowc_r.o)
                0x000000000805f60c                _mbtowc_r
                0x000000000805f620                __ascii_mbtowc
 .text          0x000000000805f64c       0xd0 /usr/lib/gcc/arm-none-eabi/9.2.1/../../../arm-none-eabi/lib/thumb/v7e-m+fp/hard/libc.a(lib_a-memmove.o)
                0x000000000805f64c                memmove
 .text          0x000000000805f71c       0x2c /usr/lib/gcc/arm-none-eabi/9.2.1/../../../arm-none-eabi/lib/thumb/v7e-m+fp/hard/libc.a(lib_a-readr.o)
                0x000000000805f71c                _read_r
 *fill*         0x000000000805f748       0x18 
 .text          0x000000000805f760      0x2dc /usr/lib/gcc/arm-none-eabi/9.2.1/../../../arm-none-eabi/lib/thumb/v7e-m+fp/hard/libc.a(lib_a-strcmp.o)
                0x000000000805f768                strcmp
 .text          0x000000000805fa3c      0xd00 /usr/lib/gcc/arm-none-eabi/9.2.1/../../../arm-none-eabi/lib/thumb/v7e-m+fp/hard/libc.a(lib_a-vfiprintf.o)
                0x000000000805fab4                __sprint_r
                0x000000000805fac8                _vfiprintf_r
                0x00000000080606b8                vfiprintf
 .text          0x000000000806073c       0x30 /usr/lib/gcc/arm-none-eabi/9.2.1/../../../arm-none-eabi/lib/thumb/v7e-m+fp/hard/libc.a(lib_a-wctomb_r.o)
                0x000000000806073c                _wctomb_r
                0x0000000008060750                __ascii_wctomb
 .text          0x000000000806076c       0xd0 /usr/lib/gcc/arm-none-eabi/9.2.1/../../../arm-none-eabi/lib/thumb/v7e-m+fp/hard/libc.a(lib_a-wsetup.o)
                0x000000000806076c                __swsetup_r
 .text          0x000000000806083c       0x10 /usr/lib/gcc/arm-none-eabi/9.2.1/../../../arm-none-eabi/lib/thumb/v7e-m+fp/hard/libc.a(lib_a-abort.o)
                0x000000000806083c                abort
 .text          0x000000000806084c      0x110 /usr/lib/gcc/arm-none-eabi/9.2.1/../../../arm-none-eabi/lib/thumb/v7e-m+fp/hard/libc.a(lib_a-fputwc.o)
                0x000000000806084c                __fputwc
                0x00000000080608f4                _fputwc_r
                0x000000000806091c                fputwc
 .text          0x000000000806095c      0x308 /usr/lib/gcc/arm-none-eabi/9.2.1/../../../arm-none-eabi/lib/thumb/v7e-m+fp/hard/libc.a(lib_a-fvwrite.o)
                0x000000000806095c                __sfvwrite_r
 .text          0x0000000008060c64       0xf0 /usr/lib/gcc/arm-none-eabi/9.2.1/../../../arm-none-eabi/lib/thumb/v7e-m+fp/hard/libc.a(lib_a-makebuf.o)
                0x0000000008060c64                __swhatbuf_r
                0x0000000008060cc0                __smakebuf_r
 .text          0x0000000008060d54      0x15c /usr/lib/gcc/arm-none-eabi/9.2.1/../../../arm-none-eabi/lib/thumb/v7e-m+fp/hard/libc.a(lib_a-signal.o)
                0x0000000008060d7c                _init_signal_r
                0x0000000008060d88                _signal_r
                0x0000000008060dc0                _raise_r
                0x0000000008060e18                __sigtramp_r
                0x0000000008060e6c                raise
                0x0000000008060e7c                signal
                0x0000000008060e8c                _init_signal
                0x0000000008060ea0                __sigtramp
 .text          0x0000000008060eb0       0x2c /usr/lib/gcc/arm-none-eabi/9.2.1/../../../arm-none-eabi/lib/thumb/v7e-m+fp/hard/libc.a(lib_a-signalr.o)
                0x0000000008060eb0                _kill_r
                0x0000000008060ed8                _getpid_r
 .text          0x0000000008060edc       0xc0 /usr/lib/gcc/arm-none-eabi/9.2.1/../../../arm-none-eabi/lib/thumb/v7e-m+fp/hard/libc.a(lib_a-wbuf.o)
                0x0000000008060edc                __swbuf_r
                0x0000000008060f8c                __swbuf
 .text          0x0000000008060f9c       0x7c /usr/lib/gcc/arm-none-eabi/9.2.1/../../../arm-none-eabi/lib/thumb/v7e-m+fp/hard/libc.a(lib_a-wcrtomb.o)
                0x0000000008060f9c                _wcrtomb_r
                0x0000000008060fd0                wcrtomb
 .text          0x0000000008061018       0x28 /usr/lib/gcc/arm-none-eabi/9.2.1/../../../arm-none-eabi/lib/thumb/v7e-m+fp/hard/libc.a(lib_a-fstatr.o)
                0x0000000008061018                _fstat_r
 .text          0x0000000008061040       0x24 /usr/lib/gcc/arm-none-eabi/9.2.1/../../../arm-none-eabi/lib/thumb/v7e-m+fp/hard/libc.a(lib_a-isattyr.o)
                0x0000000008061040                _isatty_r
 .text          0x0000000008061064      0x378 /usr/lib/gcc/arm-none-eabi/9.2.1/thumb/v7e-m+fp/hard/libgcc.a(_arm_addsubdf3.o)
                0x0000000008061064                __aeabi_drsub
                0x000000000806106c                __aeabi_dsub
                0x000000000806106c                __subdf3
                0x0000000008061070                __adddf3
                0x0000000008061070                __aeabi_dadd
                0x00000000080612e8                __aeabi_ui2d
                0x00000000080612e8                __floatunsidf
                0x0000000008061308                __floatsidf
                0x0000000008061308                __aeabi_i2d
                0x000000000806132c                __extendsfdf2
                0x000000000806132c                __aeabi_f2d
                0x0000000008061370                __aeabi_ul2d
                0x0000000008061370                __floatundidf
                0x0000000008061380                __floatdidf
                0x0000000008061380                __aeabi_l2d
 .text          0x00000000080613dc      0x424 /usr/lib/gcc/arm-none-eabi/9.2.1/thumb/v7e-m+fp/hard/libgcc.a(_arm_muldivdf3.o)
                0x00000000080613dc                __aeabi_dmul
                0x00000000080613dc                __muldf3
                0x0000000008061630                __aeabi_ddiv
                0x0000000008061630                __divdf3
 .text          0x0000000008061800      0x110 /usr/lib/gcc/arm-none-eabi/9.2.1/thumb/v7e-m+fp/hard/libgcc.a(_arm_cmpdf2.o)
                0x0000000008061800                __gtdf2
                0x0000000008061800                __gedf2
                0x0000000008061808                __ltdf2
                0x0000000008061808                __ledf2
                0x0000000008061810                __cmpdf2
                0x0000000008061810                __eqdf2
                0x0000000008061810                __nedf2
                0x000000000806188c                __aeabi_cdrcmple
                0x000000000806189c                __aeabi_cdcmple
                0x000000000806189c                __aeabi_cdcmpeq
                0x00000000080618ac                __aeabi_dcmpeq
                0x00000000080618c0                __aeabi_dcmplt
                0x00000000080618d4                __aeabi_dcmple
                0x00000000080618e8                __aeabi_dcmpge
                0x00000000080618fc                __aeabi_dcmpgt
 .text          0x0000000008061910       0x2c /usr/lib/gcc/arm-none-eabi/9.2.1/thumb/v7e-m+fp/hard/libgcc.a(_arm_unorddf2.o)
                0x0000000008061910                __aeabi_dcmpun
                0x0000000008061910                __unorddf2
 .text          0x000000000806193c       0x50 /usr/lib/gcc/arm-none-eabi/9.2.1/thumb/v7e-m+fp/hard/libgcc.a(_arm_fixdfsi.o)
                0x000000000806193c                __fixdfsi
                0x000000000806193c                __aeabi_d2iz
 .text          0x000000000806198c        0x4 /usr/lib/gcc/arm-none-eabi/9.2.1/../../../arm-none-eabi/lib/thumb/v7e-m+fp/hard/libnosys.a(_exit.o)
                0x000000000806198c                _exit
 *(.text*)
 .text._read    0x0000000008061990        0x4 build/pgm_syscalls.o
                0x0000000008061990                _read
 .text._write   0x0000000008061994        0x8 build/pgm_syscalls.o
                0x0000000008061994                _write
 .text._close   0x000000000806199c        0x8 build/pgm_syscalls.o
                0x000000000806199c                _close
 .text._fstat   0x00000000080619a4        0xc build/pgm_syscalls.o
                0x00000000080619a4                _fstat
 .text._isatty  0x00000000080619b0        0x4 build/pgm_syscalls.o
                0x00000000080619b0                _isatty
 .text._lseek   0x00000000080619b4        0x4 build/pgm_syscalls.o
                0x00000000080619b4                _lseek
 .text._kill    0x00000000080619b8       0x10 build/pgm_syscalls.o
                0x00000000080619b8                _kill
 .text._getpid  0x00000000080619c8        0x4 build/pgm_syscalls.o
                0x00000000080619c8                _getpid
 .text.free     0x00000000080619cc        0x8 build/pgm_syscalls.o
                0x00000000080619cc                free
 .text.calloc   0x00000000080619d4        0x8 build/pgm_syscalls.o
                0x00000000080619d4                calloc
 .text.__wrap__malloc_r
                0x00000000080619dc        0xc build/pgm_syscalls.o
                0x00000000080619dc                __wrap__malloc_r
 .text._calloc_r
                0x00000000080619e8        0xc build/pgm_syscalls.o
                0x00000000080619e8                _calloc_r
 .text._realloc_r
                0x00000000080619f4        0xc build/pgm_syscalls.o
                0x00000000080619f4                _realloc_r
 .text._free_r  0x0000000008061a00        0xc build/pgm_syscalls.o
                0x0000000008061a00                _free_r
 .text.post_main
                0x0000000008061a0c       0x1c build/pgm_syscalls.o
                0x0000000008061a0c                post_main
 .text.gtodot_digit
                0x0000000008061a28       0x60 build/keys.o
 .text.check_f_key
                0x0000000008061a88       0x40 build/keys.o
 .text.is_label_or_end_at
                0x0000000008061ac8       0x30 build/keys.o
 .text.advance_to_next_label
                0x0000000008061af8       0x4c build/keys.o
 .text.init_cat
                0x0000000008061b44       0xec build/keys.o
 .text.advance_to_previous_label
                0x0000000008061c30       0x50 build/keys.o
 .text.check_confirm.part.0
                0x0000000008061c80       0x38 build/keys.o
 .text.init_arg.part.0
                0x0000000008061cb8       0x28 build/keys.o
 .text.reset_arg
                0x0000000008061ce0       0x1c build/keys.o
 .text.arg_eval
                0x0000000008061cfc       0x9c build/keys.o
 .text.arg_digit
                0x0000000008061d98      0x104 build/keys.o
 .text.process_arg_shuffle
                0x0000000008061e9c       0x30 build/keys.o
 .text.process_h_shifted
                0x0000000008061ecc       0xd8 build/keys.o
 .text.intltr   0x0000000008061fa4       0x38 build/keys.o
 .text.process_normal
                0x0000000008061fdc      0x17c build/keys.o
 .text.process_fg_shifted
                0x0000000008062158      0x2a8 build/keys.o
 .text.set_window
                0x0000000008062400       0x98 build/keys.o
 .text.arg_storcl
                0x0000000008062498       0x44 build/keys.o
 .text.process_arg
                0x00000000080624dc      0x550 build/keys.o
 .text.cur_shift
                0x0000000008062a2c       0x14 build/keys.o
                0x0000000008062a2c                cur_shift
 .text.reset_shift
                0x0000000008062a40       0x18 build/keys.o
                0x0000000008062a40                reset_shift
 .text.keycode_to_row_column
                0x0000000008062a58       0x24 build/keys.o
                0x0000000008062a58                keycode_to_row_column
 .text.row_column_to_keycode
                0x0000000008062a7c       0x40 build/keys.o
                0x0000000008062a7c                row_column_to_keycode
 .text.init_state
                0x0000000008062abc       0x80 build/keys.o
                0x0000000008062abc                init_state
 .text.process_cmplx
                0x0000000008062b3c       0xd0 build/keys.o
 .text.soft_init_state
                0x0000000008062c0c       0x60 build/keys.o
                0x0000000008062c0c                soft_init_state
 .text.finish_cpx_entry
                0x0000000008062c6c       0xc8 build/keys.o
                0x0000000008062c6c                finish_cpx_entry
 .text.stack_begin
                0x0000000008062d34       0xbc build/keys.o
                0x0000000008062d34                stack_begin
 .text.current_catalogue
                0x0000000008062df0       0xe0 build/keys.o
                0x0000000008062df0                current_catalogue
 .text.process_catalogue
                0x0000000008062ed0      0x31c build/keys.o
 .text.get_alpha_state
                0x00000000080631ec       0x28 build/keys.o
                0x00000000080631ec                get_alpha_state
 .text.process_keycode
                0x0000000008063214     0x1e98 build/keys.o
                0x0000000008063214                process_keycode
 .text.process_keycode_with_shift
                0x00000000080650ac       0xb0 build/keys.o
                0x00000000080650ac                process_keycode_with_shift
 .text.set_separator_decimal_modes
                0x000000000806515c       0x54 build/display.o
 .text.set_dig  0x00000000080651b0       0x30 build/display.o
 .text.hms_render
                0x00000000080651e0       0xa8 build/display.o
 .text.set_exp_digits_string
                0x0000000008065288       0x40 build/display.o
 .text.hms_step
                0x00000000080652c8       0x38 build/display.o
 .text.set_exp  0x0000000008065300      0x100 build/display.o
 .text.set_annunciators
                0x0000000008065400       0xcc build/display.o
 .text.set_separator.part.0
                0x00000000080654cc       0x20 build/display.o
 .text.set_decimal.part.0
                0x00000000080654ec       0x20 build/display.o
 .text.set_digits_string
                0x000000000806550c       0x40 build/display.o
 .text.check_special_dn.isra.0
                0x000000000806554c       0x64 build/display.o
 .text.set_x_hms
                0x00000000080655b0      0x1d0 build/display.o
 .text.set_x_fract
                0x0000000008065780      0x1ac build/display.o
 .text.carry_overflow
                0x000000000806592c       0x7c build/display.o
 .text.set_int_x
                0x00000000080659a8      0x3cc build/display.o
 .text.s_s_sized.constprop.0
                0x0000000008065d74      0x15c build/display.o
 .text.dot      0x0000000008065ed0        0xc build/display.o
                0x0000000008065ed0                dot
 .text.std_round_fix
                0x0000000008065edc       0x7c build/display.o
                0x0000000008065edc                std_round_fix
 .text.pixel_length
                0x0000000008065f58       0x40 build/display.o
                0x0000000008065f58                pixel_length
 .text.set_status
                0x0000000008065f98       0x38 build/display.o
 .text.set_x_dn
                0x0000000008065fd0      0x9e0 build/display.o
                0x0000000008065fd0                set_x_dn
 .text.set_x    0x00000000080669b0       0x34 build/display.o
 .text.format_reg
                0x00000000080669e4       0x6c build/display.o
                0x00000000080669e4                format_reg
 .text.set_status_right
                0x0000000008066a50       0x64 build/display.o
 .text.annunciators
                0x0000000008066ab4      0x52c build/display.o
 .text.display  0x0000000008066fe0      0xdd8 build/display.o
                0x0000000008066fe0                display
 .text.frozen_display
                0x0000000008067db8       0x20 build/display.o
                0x0000000008067db8                frozen_display
 .text.message  0x0000000008067dd8       0x70 build/display.o
                0x0000000008067dd8                message
 .text.error_message
                0x0000000008067e48       0xe8 build/display.o
                0x0000000008067e48                error_message
 .text.stopwatch_message
                0x0000000008067f30       0x50 build/display.o
                0x0000000008067f30                stopwatch_message
 .text.find_section_bounds
                0x0000000008067f80       0x78 build/xeq.o
 .text.reg_address
                0x0000000008067ff8       0x64 build/xeq.o
 .text.retstk_up
                0x000000000806805c       0x80 build/xeq.o
 .text.flag_word
                0x00000000080680dc       0x80 build/xeq.o
 .text.set_zero
                0x000000000806815c       0x24 build/xeq.o
 .text.intResult
                0x0000000008068180       0xac build/xeq.o
 .text.check_stack_overlap
                0x000000000806822c       0x74 build/xeq.o
 .text.move_retstk
                0x00000000080682a0       0x80 build/xeq.o
                0x00000000080682a0                move_retstk
 .text.local_regs_rarg
                0x0000000008068320       0x68 build/xeq.o
                0x0000000008068320                local_regs_rarg
 .text.get_reg_limit
                0x0000000008068388       0xbc build/xeq.o
 .text.local_regs
                0x0000000008068444       0x44 build/xeq.o
                0x0000000008068444                local_regs
 .text.global_regs_rarg
                0x0000000008068488       0x40 build/xeq.o
                0x0000000008068488                global_regs_rarg
 .text.global_regs
                0x00000000080684c8       0x24 build/xeq.o
                0x00000000080684c8                global_regs
 .text.version  0x00000000080684ec       0x1c build/xeq.o
                0x00000000080684ec                version
 .text.cmd_off  0x0000000008068508        0x4 build/xeq.o
                0x0000000008068508                cmd_off
 .text.init_RegionTab
                0x000000000806850c       0x2c build/xeq.o
                0x000000000806850c                init_RegionTab
 .text.sizeLIB  0x0000000008068538       0x20 build/xeq.o
                0x0000000008068538                sizeLIB
 .text.getprog  0x0000000008068558       0x50 build/xeq.o
                0x0000000008068558                getprog
 .text.get_current_prog
                0x00000000080685a8       0x28 build/xeq.o
                0x00000000080685a8                get_current_prog
 .text.do_inc   0x00000000080685d0       0x48 build/xeq.o
                0x00000000080685d0                do_inc
 .text.user_pc.part.0
                0x0000000008068618       0x38 build/xeq.o
 .text.print_step
                0x0000000008068650       0xac build/xeq.o
 .text.do_dec   0x00000000080686fc       0x4c build/xeq.o
                0x00000000080686fc                do_dec
 .text.update_program_bounds
                0x0000000008068748       0x98 build/xeq.o
                0x0000000008068748                update_program_bounds
 .text.set_pc   0x00000000080687e0       0xb0 build/xeq.o
                0x00000000080687e0                set_pc
 .text.incpc    0x0000000008068890       0x2c build/xeq.o
                0x0000000008068890                incpc
 .text.decpc    0x00000000080688bc       0x28 build/xeq.o
                0x00000000080688bc                decpc
 .text.do_rtn   0x00000000080688e4       0xa0 build/xeq.o
 .text.user_pc  0x0000000008068984       0x14 build/xeq.o
                0x0000000008068984                user_pc
 .text.find_user_pc
                0x0000000008068998       0x54 build/xeq.o
                0x0000000008068998                find_user_pc
 .text.report_err
                0x00000000080689ec       0x20 build/xeq.o
                0x00000000080689ec                report_err
 .text.report_warn
                0x0000000008068a0c       0x5c build/xeq.o
                0x0000000008068a0c                report_warn
 .text.bad_mode_error
                0x0000000008068a68       0x10 build/xeq.o
                0x0000000008068a68                bad_mode_error
 .text.cmderr   0x0000000008068a78       0x14 build/xeq.o
                0x0000000008068a78                cmderr
 .text.cmdmsg   0x0000000008068a8c        0x4 build/xeq.o
                0x0000000008068a8c                cmdmsg
 .text.rarg_roundingmode
                0x0000000008068a90       0x18 build/xeq.o
                0x0000000008068a90                rarg_roundingmode
 .text.packed_from_number
                0x0000000008068aa8       0x3c build/xeq.o
                0x0000000008068aa8                packed_from_number
 .text.packed128_from_number
                0x0000000008068ae4       0x3c build/xeq.o
                0x0000000008068ae4                packed128_from_number
 .text.check_special
                0x0000000008068b20       0xa8 build/xeq.o
 .text.packed_from_packed128
                0x0000000008068bc8       0x1c build/xeq.o
                0x0000000008068bc8                packed_from_packed128
 .text.packed128_from_packed
                0x0000000008068be4       0x1c build/xeq.o
                0x0000000008068be4                packed128_from_packed
 .text.stack_size
                0x0000000008068c00       0x38 build/xeq.o
                0x0000000008068c00                stack_size
 .text.copyreg  0x0000000008068c38       0x20 build/xeq.o
                0x0000000008068c38                copyreg
 .text.set_lift
                0x0000000008068c58       0x10 build/xeq.o
                0x0000000008068c58                set_lift
 .text.entry_rpn_on_off
                0x0000000008068c68       0x34 build/xeq.o
                0x0000000008068c68                entry_rpn_on_off
 .text.is_dblmode
                0x0000000008068c9c       0x20 build/xeq.o
                0x0000000008068c9c                is_dblmode
 .text.s_to_i   0x0000000008068cbc       0x6c build/xeq.o
                0x0000000008068cbc                s_to_i
 .text.digit    0x0000000008068d28      0x190 build/xeq.o
 .text.s_to_ull
                0x0000000008068eb8       0x3c build/xeq.o
                0x0000000008068eb8                s_to_ull
 .text.get_cmdline
                0x0000000008068ef4       0x18 build/xeq.o
                0x0000000008068ef4                get_cmdline
 .text.is_bad_cmdline
                0x0000000008068f0c        0x4 build/xeq.o
                0x0000000008068f0c                is_bad_cmdline
 .text.get_flash_reg_n
                0x0000000008068f10       0x20 build/xeq.o
                0x0000000008068f10                get_flash_reg_n
 .text.get_const
                0x0000000008068f30       0x84 build/xeq.o
                0x0000000008068f30                get_const
 .text.get_reg_n
                0x0000000008068fb4       0xbc build/xeq.o
                0x0000000008068fb4                get_reg_n
 .text.lift     0x0000000008069070       0x6c build/xeq.o
                0x0000000008069070                lift
 .text.lift2_if_enabled
                0x00000000080690dc       0x48 build/xeq.o
 .text.lower    0x0000000008069124       0x74 build/xeq.o
 .text.get_stack_top
                0x0000000008069198       0x3c build/xeq.o
 .text.roll_down
                0x00000000080691d4       0x54 build/xeq.o
                0x00000000080691d4                roll_down
 .text.cpx_roll_down
                0x0000000008069228       0x34 build/xeq.o
                0x0000000008069228                cpx_roll_down
 .text.roll_up  0x000000000806925c       0x54 build/xeq.o
                0x000000000806925c                roll_up
 .text.cpx_roll_up
                0x00000000080692b0       0x34 build/xeq.o
                0x00000000080692b0                cpx_roll_up
 .text.fill     0x00000000080692e4       0x70 build/xeq.o
                0x00000000080692e4                fill
 .text.lower2   0x0000000008069354       0x74 build/xeq.o
 .text.drop     0x00000000080693c8       0x20 build/xeq.o
                0x00000000080693c8                drop
 .text.copyreg_n
                0x00000000080693e8       0x3c build/xeq.o
                0x00000000080693e8                copyreg_n
 .text.setlastX
                0x0000000008069424        0x8 build/xeq.o
                0x0000000008069424                setlastX
 .text.setlastXY
                0x000000000806942c       0x18 build/xeq.o
 .text.getRegister
                0x0000000008069444       0x34 build/xeq.o
                0x0000000008069444                getRegister
 .text.getX     0x0000000008069478        0x8 build/xeq.o
                0x0000000008069478                getX
 .text.getY     0x0000000008069480        0x8 build/xeq.o
                0x0000000008069480                getY
 .text.getXY    0x0000000008069488       0x18 build/xeq.o
                0x0000000008069488                getXY
 .text.getXYZ   0x00000000080694a0       0x20 build/xeq.o
                0x00000000080694a0                getXYZ
 .text.getXYZT  0x00000000080694c0       0x14 build/xeq.o
                0x00000000080694c0                getXYZT
 .text.storcl_op
                0x00000000080694d4       0x84 build/xeq.o
 .text.storcl_cop
                0x0000000008069558       0xc0 build/xeq.o
 .text.cpx_enter
                0x0000000008069618       0x50 build/xeq.o
                0x0000000008069618                cpx_enter
 .text.cpx_fill
                0x0000000008069668       0x94 build/xeq.o
                0x0000000008069668                cpx_fill
 .text.setRegister
                0x00000000080696fc       0x54 build/xeq.o
                0x00000000080696fc                setRegister
 .text.setX     0x0000000008069750        0x8 build/xeq.o
                0x0000000008069750                setX
 .text.rarg_round
                0x0000000008069758       0x70 build/xeq.o
                0x0000000008069758                rarg_round
 .text.setY     0x00000000080697c8        0x8 build/xeq.o
                0x00000000080697c8                setY
 .text.setXY    0x00000000080697d0       0x2c build/xeq.o
                0x00000000080697d0                setXY
 .text.convert_regK
                0x00000000080697fc       0xc4 build/xeq.o
                0x00000000080697fc                convert_regK
 .text.cpx_nop  0x00000000080698c0      0x178 build/xeq.o
                0x00000000080698c0                cpx_nop
 .text.get_reg_n_int
                0x0000000008069a38       0x1c build/xeq.o
                0x0000000008069a38                get_reg_n_int
 .text.storcl_intop
                0x0000000008069a54       0xb0 build/xeq.o
 .text.incdec   0x0000000008069b04       0x98 build/xeq.o
 .text.set_reg_n_int
                0x0000000008069b9c       0x1c build/xeq.o
                0x0000000008069b9c                set_reg_n_int
 .text.get_reg_n_int_sgn
                0x0000000008069bb8       0x38 build/xeq.o
                0x0000000008069bb8                get_reg_n_int_sgn
 .text.get_keycode_from_reg
                0x0000000008069bf0       0x30 build/xeq.o
 .text.getX_int
                0x0000000008069c20        0x8 build/xeq.o
                0x0000000008069c20                getX_int
 .text.getX_int_sgn
                0x0000000008069c28        0x8 build/xeq.o
                0x0000000008069c28                getX_int_sgn
 .text.set_reg_n_int_sgn
                0x0000000008069c30       0x64 build/xeq.o
                0x0000000008069c30                set_reg_n_int_sgn
 .text.op_roundingmode
                0x0000000008069c94       0x28 build/xeq.o
                0x0000000008069c94                op_roundingmode
 .text.register_from_int
                0x0000000008069cbc       0x64 build/xeq.o
 .text.int_from_register
                0x0000000008069d20       0x48 build/xeq.o
 .text.switch_to_int
                0x0000000008069d68       0x80 build/xeq.o
 .text.process_cmdline.part.0
                0x0000000008069de8      0x250 build/xeq.o
 .text.process_cmdline
                0x000000000806a038       0x10 build/xeq.o
                0x000000000806a038                process_cmdline
 .text.cpx_pi   0x000000000806a048       0xcc build/xeq.o
                0x000000000806a048                cpx_pi
 .text.process_cmdline_set_lift
                0x000000000806a114       0x24 build/xeq.o
                0x000000000806a114                process_cmdline_set_lift
 .text.setX_int
                0x000000000806a138       0x20 build/xeq.o
                0x000000000806a138                setX_int
 .text.do_rcl   0x000000000806a158       0xdc build/xeq.o
 .text.setX_int_sgn
                0x000000000806a234       0x18 build/xeq.o
                0x000000000806a234                setX_int_sgn
 .text.zero_X   0x000000000806a24c        0xc build/xeq.o
                0x000000000806a24c                zero_X
 .text.zero_Y   0x000000000806a258       0x10 build/xeq.o
                0x000000000806a258                zero_Y
 .text.clrx     0x000000000806a268       0x78 build/xeq.o
                0x000000000806a268                clrx
 .text.clrstk   0x000000000806a2e0       0x6c build/xeq.o
                0x000000000806a2e0                clrstk
 .text.clrreg   0x000000000806a34c      0x130 build/xeq.o
                0x000000000806a34c                clrreg
 .text.clrretstk
                0x000000000806a47c       0x1c build/xeq.o
                0x000000000806a47c                clrretstk
 .text.clrretstk_pc
                0x000000000806a498       0x2c build/xeq.o
                0x000000000806a498                clrretstk_pc
 .text.cmdconst
                0x000000000806a4c4       0xd4 build/xeq.o
                0x000000000806a4c4                cmdconst
 .text.cmdsto   0x000000000806a598       0x80 build/xeq.o
                0x000000000806a598                cmdsto
 .text.cmdrcl   0x000000000806a618        0x4 build/xeq.o
                0x000000000806a618                cmdrcl
 .text.cmdcsto  0x000000000806a61c       0xd0 build/xeq.o
                0x000000000806a61c                cmdcsto
 .text.cmdcrcl  0x000000000806a6ec      0x108 build/xeq.o
                0x000000000806a6ec                cmdcrcl
 .text.cmdircl  0x000000000806a7f4       0x20 build/xeq.o
                0x000000000806a7f4                cmdircl
 .text.cmdrrcl  0x000000000806a814       0x88 build/xeq.o
                0x000000000806a814                cmdrrcl
 .text.swap_reg
                0x000000000806a89c       0x64 build/xeq.o
                0x000000000806a89c                swap_reg
 .text.cmdswap  0x000000000806a900       0x9c build/xeq.o
                0x000000000806a900                cmdswap
 .text.cmdview  0x000000000806a99c       0x5c build/xeq.o
                0x000000000806a99c                cmdview
 .text.get_stack_size
                0x000000000806a9f8       0x48 build/xeq.o
                0x000000000806a9f8                get_stack_size
 .text.get_word_size
                0x000000000806aa40       0x1c build/xeq.o
                0x000000000806aa40                get_word_size
 .text.get_sign_mode
                0x000000000806aa5c       0x28 build/xeq.o
                0x000000000806aa5c                get_sign_mode
 .text.get_base
                0x000000000806aa84       0x1c build/xeq.o
                0x000000000806aa84                get_base
 .text.DM42_Ticker
                0x000000000806aaa0       0x18 build/xeq.o
                0x000000000806aaa0                DM42_Ticker
 .text.op_ticks
                0x000000000806aab8       0x28 build/xeq.o
                0x000000000806aab8                op_ticks
 .text.op_voltage
                0x000000000806aae0       0x64 build/xeq.o
                0x000000000806aae0                op_voltage
 .text.free_mem
                0x000000000806ab44       0x18 build/xeq.o
                0x000000000806ab44                free_mem
 .text.free_flash
                0x000000000806ab5c       0x14 build/xeq.o
                0x000000000806ab5c                free_flash
 .text.get_mem  0x000000000806ab70       0xb0 build/xeq.o
                0x000000000806ab70                get_mem
 .text.cmdputkey
                0x000000000806ac20       0x3c build/xeq.o
                0x000000000806ac20                cmdputkey
 .text.cmdkeytype
                0x000000000806ac5c       0x50 build/xeq.o
                0x000000000806ac5c                cmdkeytype
 .text.cmdstostk
                0x000000000806acac       0x24 build/xeq.o
                0x000000000806acac                cmdstostk
 .text.cmdrclstk
                0x000000000806acd0       0x24 build/xeq.o
                0x000000000806acd0                cmdrclstk
 .text.find_opcode_from
                0x000000000806acf4       0x70 build/xeq.o
                0x000000000806acf4                find_opcode_from
 .text.find_label_from
                0x000000000806ad64        0x8 build/xeq.o
                0x000000000806ad64                find_label_from
 .text.op_rtn   0x000000000806ad6c       0x28 build/xeq.o
                0x000000000806ad6c                op_rtn
 .text.op_popusr
                0x000000000806ad94       0x6c build/xeq.o
                0x000000000806ad94                op_popusr
 .text.findmultilbl
                0x000000000806ae00       0x4c build/xeq.o
                0x000000000806ae00                findmultilbl
 .text.multiumenu
                0x000000000806ae4c       0x84 build/xeq.o
                0x000000000806ae4c                multiumenu
 .text.get_dispmode_digs
                0x000000000806aed0       0x30 build/xeq.o
                0x000000000806aed0                get_dispmode_digs
 .text.convC2F  0x000000000806af00       0x24 build/xeq.o
                0x000000000806af00                convC2F
 .text.convF2C  0x000000000806af24       0x24 build/xeq.o
                0x000000000806af24                convF2C
 .text.convDB2AR
                0x000000000806af48       0x20 build/xeq.o
                0x000000000806af48                convDB2AR
 .text.convAR2DB
                0x000000000806af68       0x20 build/xeq.o
                0x000000000806af68                convAR2DB
 .text.convDB2PR
                0x000000000806af88       0x1c build/xeq.o
                0x000000000806af88                convDB2PR
 .text.convPR2DB
                0x000000000806afa4       0x1c build/xeq.o
                0x000000000806afa4                convPR2DB
 .text.do_conv  0x000000000806afc0       0x44 build/xeq.o
                0x000000000806afc0                do_conv
 .text.cmdconv  0x000000000806b004       0x40 build/xeq.o
                0x000000000806b004                cmdconv
 .text.fin_tst  0x000000000806b044       0x68 build/xeq.o
                0x000000000806b044                fin_tst
 .text.check_mode
                0x000000000806b0ac       0x28 build/xeq.o
                0x000000000806b0ac                check_mode
 .text.check_dblmode
                0x000000000806b0d4       0x20 build/xeq.o
                0x000000000806b0d4                check_dblmode
 .text.op_query_xtal
                0x000000000806b0f4        0x8 build/xeq.o
                0x000000000806b0f4                op_query_xtal
 .text.isTop    0x000000000806b0fc       0x48 build/xeq.o
                0x000000000806b0fc                isTop
 .text.cmdlblp  0x000000000806b144       0x28 build/xeq.o
                0x000000000806b144                cmdlblp
 .text.cmdmultilblp
                0x000000000806b16c       0x18 build/xeq.o
                0x000000000806b16c                cmdmultilblp
 .text.cmdkeyp  0x000000000806b184       0x48 build/xeq.o
                0x000000000806b184                cmdkeyp
 .text.do_tst   0x000000000806b1cc      0x170 build/xeq.o
 .text.do_ztst  0x000000000806b33c       0xac build/xeq.o
 .text.op_query_print
                0x000000000806b3e8        0x8 build/xeq.o
                0x000000000806b3e8                op_query_print
 .text.check_zero
                0x000000000806b3f0       0x70 build/xeq.o
                0x000000000806b3f0                check_zero
 .text.cmdtest  0x000000000806b460        0x8 build/xeq.o
                0x000000000806b460                cmdtest
 .text.cmdztest
                0x000000000806b468       0x2c build/xeq.o
                0x000000000806b468                cmdztest
 .text.cmdlincdec
                0x000000000806b494       0x10 build/xeq.o
                0x000000000806b494                cmdlincdec
 .text.cmdloopz
                0x000000000806b4a4       0x18 build/xeq.o
                0x000000000806b4a4                cmdloopz
 .text.cmdloop  0x000000000806b4bc      0x1f8 build/xeq.o
                0x000000000806b4bc                cmdloop
 .text.op_shift_digit
                0x000000000806b6b4       0x68 build/xeq.o
                0x000000000806b6b4                op_shift_digit
 .text.get_user_flag
                0x000000000806b71c       0x20 build/xeq.o
                0x000000000806b71c                get_user_flag
 .text.cmdflag  0x000000000806b73c       0xc4 build/xeq.o
                0x000000000806b73c                cmdflag
 .text.clrflags
                0x000000000806b800       0x30 build/xeq.o
                0x000000000806b800                clrflags
 .text.intws    0x000000000806b830       0xec build/xeq.o
                0x000000000806b830                intws
 .text.get_maxdenom
                0x000000000806b91c       0x20 build/xeq.o
                0x000000000806b91c                get_maxdenom
 .text.op_2frac
                0x000000000806b93c       0xa0 build/xeq.o
                0x000000000806b93c                op_2frac
 .text.op_fracdenom
                0x000000000806b9dc       0x84 build/xeq.o
                0x000000000806b9dc                op_fracdenom
 .text.op_float
                0x000000000806ba60       0xd4 build/xeq.o
                0x000000000806ba60                op_float
 .text.cmddisp  0x000000000806bb34       0xc4 build/xeq.o
                0x000000000806bb34                cmddisp
 .text.set_int_base
                0x000000000806bbf8       0x50 build/xeq.o
                0x000000000806bbf8                set_int_base
 .text.op_fract
                0x000000000806bc48       0x44 build/xeq.o
                0x000000000806bc48                op_fract
 .text.cmdsavem
                0x000000000806bc8c       0x1c build/xeq.o
                0x000000000806bc8c                cmdsavem
 .text.set_entry
                0x000000000806bca8       0x2c build/xeq.o
                0x000000000806bca8                set_entry
 .text.get_trig_mode
                0x000000000806bcd4       0x30 build/xeq.o
                0x000000000806bcd4                get_trig_mode
 .text.cmdpause
                0x000000000806bd04       0x24 build/xeq.o
                0x000000000806bd04                cmdpause
 .text.op_setspeed
                0x000000000806bd28        0x4 build/xeq.o
                0x000000000806bd28                op_setspeed
 .text.op_prompt
                0x000000000806bd2c       0x30 build/xeq.o
                0x000000000806bd2c                op_prompt
 .text.XisInt   0x000000000806bd5c       0x60 build/xeq.o
                0x000000000806bd5c                XisInt
 .text.XisEvenOrOdd
                0x000000000806bdbc       0x64 build/xeq.o
                0x000000000806bdbc                XisEvenOrOdd
 .text.XisPrime
                0x000000000806be20       0x84 build/xeq.o
                0x000000000806be20                XisPrime
 .text.isInfinite
                0x000000000806bea4       0x30 build/xeq.o
                0x000000000806bea4                isInfinite
 .text.isNan    0x000000000806bed4       0x40 build/xeq.o
                0x000000000806bed4                isNan
 .text.isSpecial
                0x000000000806bf14       0x40 build/xeq.o
                0x000000000806bf14                isSpecial
 .text.op_entryp
                0x000000000806bf54       0x14 build/xeq.o
                0x000000000806bf54                op_entryp
 .text.reg_decode
                0x000000000806bf68      0x240 build/xeq.o
                0x000000000806bf68                reg_decode
 .text.op_regcopy
                0x000000000806c1a8       0x4c build/xeq.o
                0x000000000806c1a8                op_regcopy
 .text.op_regswap
                0x000000000806c1f4       0x70 build/xeq.o
                0x000000000806c1f4                op_regswap
 .text.op_regclr
                0x000000000806c264       0x48 build/xeq.o
                0x000000000806c264                op_regclr
 .text.op_regsort
                0x000000000806c2ac      0x114 build/xeq.o
                0x000000000806c2ac                op_regsort
 .text.busy     0x000000000806c3c0       0x24 build/xeq.o
                0x000000000806c3c0                busy
 .text.intMonadic
                0x000000000806c3e4       0x98 build/xeq.o
                0x000000000806c3e4                intMonadic
 .text.intDyadic
                0x000000000806c47c       0xd4 build/xeq.o
                0x000000000806c47c                intDyadic
 .text.xeq_init_contexts
                0x000000000806c550       0x9c build/xeq.o
                0x000000000806c550                xeq_init_contexts
 .text.plot_check_range
                0x000000000806c5ec       0xac build/xeq.o
                0x000000000806c5ec                plot_check_range
 .text.cmdplotdisplay
                0x000000000806c698       0x24 build/xeq.o
                0x000000000806c698                cmdplotdisplay
 .text.cmdplotinit
                0x000000000806c6bc       0x54 build/xeq.o
                0x000000000806c6bc                cmdplotinit
 .text.cmdplotdim
                0x000000000806c710       0x34 build/xeq.o
                0x000000000806c710                cmdplotdim
 .text.cmdplotpixel
                0x000000000806c744       0x98 build/xeq.o
                0x000000000806c744                cmdplotpixel
 .text.not_running
                0x000000000806c7dc       0x24 build/xeq.o
                0x000000000806c7dc                not_running
 .text.set_running_off
                0x000000000806c800       0x24 build/xeq.o
                0x000000000806c800                set_running_off
 .text.set_running_on
                0x000000000806c824       0x48 build/xeq.o
                0x000000000806c824                set_running_on
 .text.gsbgto   0x000000000806c86c       0xb0 build/xeq.o
 .text.cmdgtocommon
                0x000000000806c91c       0x34 build/xeq.o
                0x000000000806c91c                cmdgtocommon
 .text.cmdgto   0x000000000806c950       0x44 build/xeq.o
                0x000000000806c950                cmdgto
 .text.branchtoalpha
                0x000000000806c994       0x28 build/xeq.o
 .text.cmdalphagto
                0x000000000806c9bc       0x2c build/xeq.o
                0x000000000806c9bc                cmdalphagto
 .text.op_gtoalpha
                0x000000000806c9e8       0x34 build/xeq.o
                0x000000000806c9e8                op_gtoalpha
 .text.cmdskip  0x000000000806ca1c       0x84 build/xeq.o
                0x000000000806ca1c                cmdskip
 .text.cmdback  0x000000000806caa0       0x74 build/xeq.o
                0x000000000806caa0                cmdback
 .text.usergsb_common
                0x000000000806cb14       0x9c build/xeq.o
 .text.do_usergsb
                0x000000000806cbb0       0x18 build/xeq.o
                0x000000000806cbb0                do_usergsb
 .text.cmdmultigto
                0x000000000806cbc8       0x50 build/xeq.o
                0x000000000806cbc8                cmdmultigto
 .text.store_a_to_d
                0x000000000806cc18       0x24 build/xeq.o
                0x000000000806cc18                store_a_to_d
 .text.cmdlocr  0x000000000806cc3c      0x190 build/xeq.o
                0x000000000806cc3c                cmdlocr
 .text.cmdxout  0x000000000806cdcc      0x210 build/xeq.o
                0x000000000806cdcc                cmdxout
 .text.cmdconverged
                0x000000000806cfdc       0xf8 build/xeq.o
                0x000000000806cfdc                cmdconverged
 .text.cmdshuffle
                0x000000000806d0d4       0x8c build/xeq.o
                0x000000000806d0d4                cmdshuffle
 .text.cmdmode  0x000000000806d160       0x54 build/xeq.o
                0x000000000806d160                cmdmode
 .text.cmdlpop  0x000000000806d1b4       0x3c build/xeq.o
                0x000000000806d1b4                cmdlpop
 .text.cmdregs  0x000000000806d1f0       0xb8 build/xeq.o
                0x000000000806d1f0                cmdregs
 .text.op_double
                0x000000000806d2a8      0x128 build/xeq.o
                0x000000000806d2a8                op_double
 .text.cmdrestm
                0x000000000806d3d0       0x9c build/xeq.o
                0x000000000806d3d0                cmdrestm
 .text.cmdxin   0x000000000806d46c      0x1d4 build/xeq.o
                0x000000000806d46c                cmdxin
 .text.xeq      0x000000000806d640      0xee0 build/xeq.o
                0x000000000806d640                xeq
 .text.xeq_single
                0x000000000806e520       0x24 build/xeq.o
 .text.xeq_xrom2
                0x000000000806e544       0x88 build/xeq.o
 .text.xeq_xrom
                0x000000000806e5cc       0x14 build/xeq.o
                0x000000000806e5cc                xeq_xrom
 .text.dispatch_xrom
                0x000000000806e5e0       0x78 build/xeq.o
 .text.op_rs    0x000000000806e658       0x8c build/xeq.o
                0x000000000806e658                op_rs
 .text.xeqprog  0x000000000806e6e4       0x7c build/xeq.o
                0x000000000806e6e4                xeqprog
 .text.xeq_sst_bst
                0x000000000806e760       0xac build/xeq.o
                0x000000000806e760                xeq_sst_bst
 .text.init_34s
                0x000000000806e80c       0x3c build/xeq.o
                0x000000000806e80c                init_34s
 .text.prt_multi
                0x000000000806e848       0x58 build/prt.o
 .text.prt_conv
                0x000000000806e8a0       0x64 build/prt.o
 .text.prt_specials.part.0
                0x000000000806e904      0x10c build/prt.o
 .text.prt_monadic
                0x000000000806ea10       0x44 build/prt.o
 .text.prt_dyadic
                0x000000000806ea54       0x44 build/prt.o
 .text.prt_triadic
                0x000000000806ea98       0x44 build/prt.o
 .text.num_arg_digits.part.0
                0x000000000806eadc       0x34 build/prt.o
 .text.prt_rargs
                0x000000000806eb10      0x194 build/prt.o
 .text.num_arg_digits
                0x000000000806eca4       0x20 build/prt.o
                0x000000000806eca4                num_arg_digits