Archive member included to satisfy reference by file (symbol)

build/libconsts.a(const_50.o)
                              build/decn.o (const_50)
build/libconsts.a(const_randfac.o)
                              build/stats.o (const_randfac)
build/libconsts.a(const_ln10.o)
                              build/decn.o (const_ln10)
build/libconsts.a(const_egamma.o)
                              build/decn.o (const_egamma)
build/libconsts.a(const_256.o)
                              build/decn.o (const_256)
build/libconsts.a(const_180.o)
                              build/decn.o (const_180)
build/libconsts.a(const_1e_32.o)
                              build/xeq.o (const_1e_32)
build/libconsts.a(const_gammaC03.o)
                              build/decn.o (const_gammaC03)
build/libconsts.a(const_60.o)
                              build/decn.o (const_60)
build/libconsts.a(const_10.o)
                              build/decn.o (const_10)
build/libconsts.a(const_360.o)
                              build/xeq.o (const_360)
build/libconsts.a(const_gammaC10.o)
                              build/decn.o (const_gammaC10)
build/libconsts.a(const_gammaC11.o)
                              build/decn.o (const_gammaC11)
build/libconsts.a(const__inf.o)
                              build/decn.o (const__inf)
build/libconsts.a(const_21.o)
                              build/decn.o (const_21)
build/libconsts.a(const_gammaC16.o)
                              build/decn.o (const_gammaC16)
build/libconsts.a(const_200.o)
                              build/decn.o (const_200)
build/libconsts.a(const_gammaC06.o)
                              build/decn.o (const_gammaC06)
build/libconsts.a(const_NaN.o)
                              build/xeq.o (const_NaN)
build/libconsts.a(const_gammaC15.o)
                              build/decn.o (const_gammaC15)
build/libconsts.a(const_1e_24.o)
                              build/xeq.o (const_1e_24)
build/libconsts.a(const_45.o)
                              build/decn.o (const_45)
build/libconsts.a(const_0_05.o)
                              build/xeq.o (const_0_05)
build/libconsts.a(const_3.o)  build/decn.o (const_3)
build/libconsts.a(const_hms_threshold.o)
                              build/display.o (const_hms_threshold)
build/libconsts.a(const_gammaC14.o)
                              build/decn.o (const_gammaC14)
build/libconsts.a(const_0_6.o)
                              build/decn.o (const_0_6)
build/libconsts.a(const_32.o)
                              build/xeq.o (const_32)
build/libconsts.a(const_0_75.o)
                              build/decn.o (const_0_75)
build/libconsts.a(const__1.o)
                              build/decn.o (const__1)
build/libconsts.a(const_gammaC00.o)
                              build/decn.o (const_gammaC00)
build/libconsts.a(const_ln2.o)
                              build/decn.o (const_ln2)
build/libconsts.a(const_gammaC18.o)
                              build/decn.o (const_gammaC18)
build/libconsts.a(const_2PI.o)
                              build/xeq.o (const_2PI)
build/libconsts.a(const_1e_14.o)
                              build/xeq.o (const_1e_14)
build/libconsts.a(const_0.o)  build/xeq.o (const_0)
build/libconsts.a(const_PIon180.o)
                              build/decn.o (const_PIon180)
build/libconsts.a(const_9000.o)
                              build/display.o (const_9000)
build/libconsts.a(const_0_9.o)
                              build/decn.o (const_0_9)
build/libconsts.a(const_gammaC08.o)
                              build/decn.o (const_gammaC08)
build/libconsts.a(const_gammaC21.o)
                              build/decn.o (const_gammaC21)
build/libconsts.a(const_1e_37.o)
                              build/decn.o (const_1e_37)
build/libconsts.a(const_gammaC05.o)
                              build/decn.o (const_gammaC05)
build/libconsts.a(const_2.o)  build/decn.o (const_2)
build/libconsts.a(const_gammaC13.o)
                              build/decn.o (const_gammaC13)
build/libconsts.a(const_100000.o)
                              build/display.o (const_100000)
build/libconsts.a(const_gammaR.o)
                              build/decn.o (const_gammaR)
build/libconsts.a(const_5.o)  build/decn.o (const_5)
build/libconsts.a(const_1.o)  build/xeq.o (const_1)
build/libconsts.a(const_gammaC19.o)
                              build/decn.o (const_gammaC19)
build/libconsts.a(const_inf.o)
                              build/decn.o (const_inf)
build/libconsts.a(const_0_995.o)
                              build/decn.o (const_0_995)
build/libconsts.a(const_0_0001.o)
                              build/display.o (const_0_0001)
build/libconsts.a(const_1on60.o)
                              build/decn.o (const_1on60)
build/libconsts.a(const_PIon200.o)
                              build/decn.o (const_PIon200)
build/libconsts.a(const_gammaC01.o)
                              build/decn.o (const_gammaC01)
build/libconsts.a(const_gammaC09.o)
[...]
Memory Configuration

Name             Origin             Length             Attributes
FLASH            0x0000000008050000 0x00000000000b0000 xr
RAM              0x0000000010000000 0x0000000000002000 xrw
QSPI             0x0000000090000000 0x0000000000200000 xr
*default*        0x0000000000000000 0xffffffffffffffff

Linker script and memory map

LOAD /usr/lib/gcc/arm-none-eabi/9.2.1/thumb/v7e-m+fp/hard/crti.o
LOAD /usr/lib/gcc/arm-none-eabi/9.2.1/thumb/v7e-m+fp/hard/crtbegin.o
LOAD /usr/lib/gcc/arm-none-eabi/9.2.1/../../../arm-none-eabi/lib/thumb/v7e-m+fp/hard/crt0.o
LOAD build/pgm_syscalls.o
LOAD build/keys.o
LOAD build/display.o
LOAD build/xeq.o
LOAD build/prt.o
LOAD build/decn.o
LOAD build/complex.o
LOAD build/stats.o
LOAD build/lcd.o
LOAD build/int.o
LOAD build/date.o
LOAD build/consts.o
LOAD build/alpha.o
LOAD build/charmap.o
LOAD build/commands.o
LOAD build/string.o
LOAD build/storage.o
LOAD build/matrix.o
LOAD build/font.o
LOAD build/xrom.o
LOAD build/console.o
LOAD build/libconsts.a
LOAD build/libdecNumber.a
LOAD build/startup_pgm.o
START GROUP
LOAD /usr/lib/gcc/arm-none-eabi/9.2.1/thumb/v7e-m+fp/hard/libgcc.a
LOAD /usr/lib/gcc/arm-none-eabi/9.2.1/../../../arm-none-eabi/lib/thumb/v7e-m+fp/hard/libc.a
END GROUP
START GROUP
LOAD /usr/lib/gcc/arm-none-eabi/9.2.1/thumb/v7e-m+fp/hard/libgcc.a
LOAD /usr/lib/gcc/arm-none-eabi/9.2.1/../../../arm-none-eabi/lib/thumb/v7e-m+fp/hard/libc.a
LOAD /usr/lib/gcc/arm-none-eabi/9.2.1/../../../arm-none-eabi/lib/thumb/v7e-m+fp/hard/libnosys.a
END GROUP
LOAD /usr/lib/gcc/arm-none-eabi/9.2.1/thumb/v7e-m+fp/hard/crtend.o
LOAD /usr/lib/gcc/arm-none-eabi/9.2.1/thumb/v7e-m+fp/hard/crtn.o

.qspi           0x0000000090000000        0x0
                0x0000000090000000                . = ALIGN (0x8)
                0x0000000090000000                _qspi_start = .
 *(.qspi)
 *(.qspi*)
 *(.rodata.__bid_mod10_18_tbl)
 *(.rodata.__bid_convert_table)
 *(.rodata.bid_log_table_1)
 *(.rodata.bid_log_table_2)
 *(.rodata.bid_decimal128_moduli)
 *(.rodata.bid_exponents_bid64)
 *(.rodata.bid_exponents_binary128)
 *(.rodata.bid_breakpoints_binary128)
 *(.rodata.bid_breakpoints_bid64)
 *(.rodata.bid_multipliers1_binary128)
 *(.rodata.bid_multipliers2_bid64)
 *(.rodata.bid_multipliers1_bid64)
 *(.rodata.bid_multipliers2_binary128)
                0x0000000090000000                . = ALIGN (0x8)
                0x0000000090000000                _qspi_end = .

.rodata         0x0000000008050000     0xa5a0
 *(.rodata.prog_info)
 .rodata.prog_info
                0x0000000008050000       0x40 build/pgm_syscalls.o
                0x0000000008050000                prog_info
                0x0000000008050040                . = ALIGN (0x40)
 *(.rodata)
 .rodata        0x0000000008050040      0x1ba build/display.o
 *fill*         0x00000000080501fa        0x2 
 .rodata        0x00000000080501fc       0x29 build/xeq.o
 *fill*         0x0000000008050225        0x3 
 .rodata        0x0000000008050228       0x40 build/date.o
 .rodata        0x0000000008050268       0x29 build/console.o
 *fill*         0x0000000008050291        0x3 
 .rodata        0x0000000008050294        0x4 /usr/lib/gcc/arm-none-eabi/9.2.1/../../../arm-none-eabi/lib/thumb/v7e-m+fp/hard/libc.a(lib_a-impure.o)
                0x0000000008050294                _global_impure_ptr
 .rodata        0x0000000008050298       0x20 /usr/lib/gcc/arm-none-eabi/9.2.1/../../../arm-none-eabi/lib/thumb/v7e-m+fp/hard/libc.a(lib_a-svfprintf.o)
 .rodata        0x00000000080502b8      0x101 /usr/lib/gcc/arm-none-eabi/9.2.1/../../../arm-none-eabi/lib/thumb/v7e-m+fp/hard/libc.a(lib_a-ctype_.o)
                0x00000000080502b8                _ctype_
 *fill*         0x00000000080503b9        0x7 
 .rodata        0x00000000080503c0      0x128 /usr/lib/gcc/arm-none-eabi/9.2.1/../../../arm-none-eabi/lib/thumb/v7e-m+fp/hard/libc.a(lib_a-mprec.o)
                0x00000000080503d0                __mprec_tens
                0x0000000008050498                __mprec_tinytens
                0x00000000080504c0                __mprec_bigtens
 .rodata        0x00000000080504e8       0x20 /usr/lib/gcc/arm-none-eabi/9.2.1/../../../arm-none-eabi/lib/thumb/v7e-m+fp/hard/libc.a(lib_a-svfiprintf.o)
 .rodata        0x0000000008050508       0x20 /usr/lib/gcc/arm-none-eabi/9.2.1/../../../arm-none-eabi/lib/thumb/v7e-m+fp/hard/libc.a(lib_a-vfiprintf.o)
 *(.rodata*)
 .rodata.process_keycode.str1.4
                0x0000000008050528       0x14 build/keys.o
 .rodata.alpha_arrows
                0x000000000805053c        0x9 build/keys.o
 *fill*         0x0000000008050545        0x3 
 .rodata.alpha_catalogue
                0x0000000008050548       0x12 build/keys.o
 *fill*         0x000000000805055a        0x2 
 .rodata.alpha_compares
                0x000000000805055c        0xa build/keys.o
 *fill*         0x0000000008050566        0x2 
 .rodata.alpha_letters
                0x0000000008050568       0x28 build/keys.o
 .rodata.alpha_letters_lower
                0x0000000008050590       0x28 build/keys.o
 .rodata.alpha_subscripts
                0x00000000080505b8       0x1a build/keys.o
 *fill*         0x00000000080505d2        0x2 
 .rodata.alpha_symbols
                0x00000000080505d4       0x13 build/keys.o
 *fill*         0x00000000080505e7        0x1 
 .rodata.alphamap.9328
                0x00000000080505e8       0xe4 build/keys.o
 .rodata.amap.9319
                0x00000000080506cc       0x20 build/keys.o
 .rodata.catalogue
                0x00000000080506ec       0x8b build/keys.o
 *fill*         0x0000000008050777        0x1 
 .rodata.catalogue_sizes.9642
                0x0000000008050778       0x15 build/keys.o
 *fill*         0x000000000805078d        0x3 
 .rodata.catalogues.9650
                0x0000000008050790       0x54 build/keys.o
 .rodata.cmap.9318
                0x00000000080507e4       0x30 build/keys.o
 .rodata.conv_catalogue
                0x0000000008050814       0x58 build/keys.o
 .rodata.conv_mapping.9689
                0x000000000805086c       0x18 build/keys.o
 .rodata.cplx_catalogue
                0x0000000008050884       0x26 build/keys.o
 *fill*         0x00000000080508aa        0x2 
 .rodata.disp.9500
                0x00000000080508ac        0x4 build/keys.o
 .rodata.int_catalogue
                0x00000000080508b0       0x4d build/keys.o
 *fill*         0x00000000080508fd        0x3 
 .rodata.linear_key_map.9284
                0x0000000008050900       0x2f build/keys.o
 *fill*         0x000000000805092f        0x1 
 .rodata.linear_key_map.9288
                0x0000000008050930       0x2f build/keys.o
 *fill*         0x000000000805095f        0x1 
 .rodata.map.9300
                0x0000000008050960       0x2b build/keys.o
 *fill*         0x000000000805098b        0x1 
 .rodata.matrix_catalogue
                0x000000000805098c       0x18 build/keys.o
 .rodata.mode_catalogue
                0x00000000080509a4       0x46 build/keys.o
 *fill*         0x00000000080509ea        0x2 
 .rodata.op_map.9372
                0x00000000080509ec       0x46 build/keys.o
 *fill*         0x0000000008050a32        0x2 
 .rodata.op_map.9395
                0x0000000008050a34       0x8c build/keys.o
 .rodata.op_map.9418
                0x0000000008050ac0       0x46 build/keys.o
 *fill*         0x0000000008050b06        0x2 
 .rodata.op_map.9473
                0x0000000008050b08      0x118 build/keys.o
 .rodata.op_map.9485
                0x0000000008050c20        0x6 build/keys.o
 *fill*         0x0000000008050c26        0x2 
 .rodata.op_map.9499
                0x0000000008050c28        0xc build/keys.o
 .rodata.op_map2.9396
                0x0000000008050c34        0x8 build/keys.o
 .rodata.opcode_breaks
                0x0000000008050c3c        0x7 build/keys.o
 *fill*         0x0000000008050c43        0x1 
 .rodata.prob_catalogue
                0x0000000008050c44       0x44 build/keys.o
 .rodata.prog_catalogue
                0x0000000008050c88       0x54 build/keys.o
 .rodata.program_xfcn
                0x0000000008050cdc       0xa7 build/keys.o
 *fill*         0x0000000008050d83        0x1 
 .rodata.smap.9320
                0x0000000008050d84        0x4 build/keys.o
 .rodata.stats_catalogue
                0x0000000008050d88       0x16 build/keys.o
 *fill*         0x0000000008050d9e        0x2 
 .rodata.sums_catalogue
                0x0000000008050da0       0x12 build/keys.o
 *fill*         0x0000000008050db2        0x2 
 .rodata.test_catalogue
                0x0000000008050db4       0x2f build/keys.o
 *fill*         0x0000000008050de3        0x1 
 .rodata.check_special_dn.isra.0.str1.4
                0x0000000008050de4        0x4 build/display.o
 .rodata.carry_overflow.str1.4
                0x0000000008050de8       0x10 build/display.o
 .rodata.annunciators.str1.4
                0x0000000008050df8       0x74 build/display.o
 .rodata.display.str1.4
                0x0000000008050e6c       0xbd build/display.o
                                         0xc9 (size before relaxing)
 *fill*         0x0000000008050f29        0x3 
 .rodata.str1.4
                0x0000000008050f2c      0x10c build/display.o
 .rodata.CSWTCH.349
                0x0000000008051038       0x10 build/display.o
 .rodata.CSWTCH.375
                0x0000000008051048        0xc build/display.o
 .rodata.DIGITS
                0x0000000008051054       0x11 build/display.o
                0x0000000008051054                DIGITS
 *fill*         0x0000000008051065        0x3 
 .rodata.S7_ERROR
                0x0000000008051068        0x6 build/display.o
 *fill*         0x000000000805106e        0x2 
 .rodata.S7_INF
                0x0000000008051070        0x9 build/display.o
 *fill*         0x0000000008051079        0x3 
 .rodata.S7_INF_Text
                0x000000000805107c       0x12 build/display.o
 *fill*         0x000000000805108e        0x2 
 .rodata.S7_NEG_INF_Text
                0x0000000008051090       0x12 build/display.o
 *fill*         0x00000000080510a2        0x2 
 .rodata.S7_NaN
                0x00000000080510a4        0xd build/display.o
 *fill*         0x00000000080510b1        0x3 
 .rodata.S7_NaN_Text
                0x00000000080510b4       0x18 build/display.o
 .rodata.S7_STEP
                0x00000000080510cc        0x6 build/display.o
 *fill*         0x00000000080510d2        0x2 
 .rodata.S7_STEP_ShortText
                0x00000000080510d4        0x5 build/display.o
 *fill*         0x00000000080510d9        0x3 
 .rodata.S7_fract_EQ
                0x00000000080510dc        0x4 build/display.o
 .rodata.S7_fract_GT
                0x00000000080510e0        0x4 build/display.o
 .rodata.S7_fract_LT
                0x00000000080510e4        0x4 build/display.o
 .rodata.S_SURE
                0x00000000080510e8        0x6 build/display.o
 *fill*         0x00000000080510ee        0x2 
 .rodata.SvnRevision
                0x00000000080510f0        0x4 build/display.o
                0x00000000080510f0                SvnRevision
 .rodata.digtbl
                0x00000000080510f4       0x7a build/display.o
 *fill*         0x000000000805116e        0x2 
 .rodata.error_table.8568
                0x0000000008051170       0x6c build/display.o
 .rodata.error_table_text.8569
                0x00000000080511dc       0x6c build/display.o
 .rodata.libname
                0x0000000008051248       0x14 build/display.o
 .rodata.libname_shorttext
                0x000000000805125c       0x14 build/display.o
 .rodata.libname_text
                0x0000000008051270       0x28 build/display.o
 .rodata.shift_chars.8670
                0x0000000008051298        0x4 build/display.o
 .rodata.small_dots.8868
                0x000000000805129c        0xd build/display.o
 *fill*         0x00000000080512a9        0x3 
 .rodata.small_minus.8867
                0x00000000080512ac        0x4 build/display.o
 .rodata.print_step.str1.4
                0x00000000080512b0        0x5 build/xeq.o
 *fill*         0x00000000080512b5        0x3 
 .rodata.op_query_xtal.str1.4
                0x00000000080512b8        0x5 build/xeq.o
 *fill*         0x00000000080512bd        0x3 
 .rodata.op_query_print.str1.4
                0x00000000080512c0        0x6 build/xeq.o
 *fill*         0x00000000080512c6        0x2 
 .rodata.op_2frac.str1.4
                0x00000000080512c8       0x18 build/xeq.o
 .rodata.busy.str1.4
                0x00000000080512e0        0x8 build/xeq.o
 .rodata.xeq.str1.4
                0x00000000080512e8        0x8 build/xeq.o
 .rodata.StackRegMask
                0x00000000080512f0        0x4 build/xeq.o
 .rodata.convergence_tolerances
                0x00000000080512f4        0xc build/xeq.o
 .rodata.modes.11283
                0x0000000008051300        0x7 build/xeq.o
 *fill*         0x0000000008051307        0x1 
 .rodata.modes.11794
                0x0000000008051308        0x4 build/xeq.o
 .rodata.xrom_targets
                0x000000000805130c       0x36 build/xeq.o
                0x000000000805130c                xrom_targets
 *fill*         0x0000000008051342        0x2 
 .rodata.prt_multi.str1.4
                0x0000000008051344        0x4 build/prt.o
 .rodata.prt_specials.part.0.str1.4
                0x0000000008051348       0x1b build/prt.o
                                         0x28 (size before relaxing)
 *fill*         0x0000000008051363        0x1 
 .rodata.prt.str1.4
                0x0000000008051364        0xc build/prt.o
                                         0x19 (size before relaxing)
 .rodata.digits.8265
                0x0000000008051370       0x10 build/prt.o
 .rodata.degrees.9055
                0x0000000008051380       0x10 build/decn.o
 .rodata.gamma_consts
                0x0000000008051390       0x54 build/decn.o
                0x0000000008051390                gamma_consts
 .rodata.gradians.9056
                0x00000000080513e4       0x10 build/decn.o
 .rodata.get_sigmas.str1.4
                0x00000000080513f4       0x16 build/stats.o
 *fill*         0x000000000805140a        0x2 
 .rodata.show_disp.str1.4
                0x000000000805140c       0x20 build/lcd.o
                                         0x30 (size before relaxing)
 .rodata.primes
                0x000000000805142c       0x10 build/int.o
 .rodata.date_alphaday.str1.4
                0x000000000805143c       0x16 build/date.o
 *fill*         0x0000000008051452        0x2 
 .rodata.date_alphatime.str1.4
                0x0000000008051454        0x8 build/date.o
                                          0x9 (size before relaxing)
 .rodata.mons.9084
                0x000000000805145c       0x24 build/date.o
 .rodata.str1.4
                0x0000000008051480      0x241 build/consts.o
                                        0x24d (size before relaxing)
 *fill*         0x00000000080516c1        0x3 
 .rodata.cnsts  0x00000000080516c4      0x4f8 build/consts.o
                0x00000000080516c4                cnsts
 .rodata.cnsts_conv
                0x0000000008051bbc      0x260 build/consts.o
                0x0000000008051bbc                cnsts_conv
 .rodata.cnsts_d128
                0x0000000008051e1c      0x200 build/consts.o
                0x0000000008051e1c                cnsts_d128
 .rodata.cnsts_d64
                0x000000000805201c      0x260 build/consts.o
                0x000000000805201c                cnsts_d64
 .rodata.character_remapping_order
                0x000000000805227c      0x100 build/charmap.o
 .rodata.str1.4
                0x000000000805237c      0x648 build/commands.o
                                        0x688 (size before relaxing)
 .rodata.argcmds
                0x00000000080529c4      0x8f0 build/commands.o
                0x00000000080529c4                argcmds
 .rodata.dyfuncs
                0x00000000080532b4      0x4f8 build/commands.o
                0x00000000080532b4                dyfuncs
 .rodata.monfuncs
                0x00000000080537ac      0xea0 build/commands.o
                0x00000000080537ac                monfuncs
 .rodata.multicmds
                0x000000000805464c       0xb0 build/commands.o
                0x000000000805464c                multicmds
 .rodata.niladics
                0x00000000080546fc      0xcd0 build/commands.o
                0x00000000080546fc                niladics
 .rodata.trifuncs
                0x00000000080553cc       0xf0 build/commands.o
                0x00000000080553cc                trifuncs
 .rodata.program_flash.str1.4
                0x00000000080554bc       0x33 build/storage.o
 *fill*         0x00000000080554ef        0x1 
 .rodata.open_selected_file.str1.4
                0x00000000080554f0       0x11 build/storage.o
 *fill*         0x0000000008055501        0x3 
 .rodata.init_mem.str1.4
                0x0000000008055504        0xe build/storage.o
 *fill*         0x0000000008055512        0x2 
 .rodata.reset.str1.4
                0x0000000008055514        0x7 build/storage.o
 *fill*         0x000000000805551b        0x1 
 .rodata.store_program_from_buffer.part.0.str1.4
                0x000000000805551c        0x9 build/storage.o
 *fill*         0x0000000008055525        0x3 
 .rodata.flash_backup.str1.4
                0x0000000008055528        0xe build/storage.o
 *fill*         0x0000000008055536        0x2 
 .rodata.flash_restore.str1.4
                0x0000000008055538        0x9 build/storage.o
 *fill*         0x0000000008055541        0x3 
 .rodata.save_lib_file.str1.4
                0x0000000008055544       0x31 build/storage.o
 *fill*         0x0000000008055575        0x3 
 .rodata.load_lib_file.str1.4
                0x0000000008055578       0x21 build/storage.o
 *fill*         0x0000000008055599        0x3 
 .rodata.save_ram_file.str1.4
                0x000000000805559c       0x3d build/storage.o
 *fill*         0x00000000080555d9        0x3 
 .rodata.load_ram_file.str1.4
                0x00000000080555dc       0x19 build/storage.o
 *fill*         0x00000000080555f5        0x3 
 .rodata.load_backup_file.str1.4
                0x00000000080555f8       0x21 build/storage.o
 *fill*         0x0000000008055619        0x3 
 .rodata.save_prog_file.str1.4
                0x000000000805561c       0x36 build/storage.o
 *fill*         0x0000000008055652        0x2 
 .rodata.load_prog_file.str1.4
                0x0000000008055654       0x29 build/storage.o
 *fill*         0x000000000805567d        0x3 
 .rodata.bm_large.5521
                0x0000000008055680      0x2fa build/font.o
 *fill*         0x000000000805597a        0x2 
 .rodata.bm_small.5522
                0x000000000805597c      0x25e build/font.o
 *fill*         0x0000000008055bda        0x2 
 .rodata.divs.5505
                0x0000000008055bdc        0x3 build/font.o
 *fill*         0x0000000008055bdf        0x1 
 .rodata.widths.5504
                0x0000000008055be0       0xab build/font.o
 *fill*         0x0000000008055c8b        0x1 
 .rodata.xrom   0x0000000008055c8c     0x1b9a build/xrom.o
                0x0000000008055c8c                xrom
 .rodata.xrom_size
                0x0000000008057826        0x2 build/xrom.o
                0x0000000008057826                xrom_size
 .rodata.menu_line_str.str1.4
                0x0000000008057828        0x8 build/console.o
 .rodata.disp_about.str1.4
                0x0000000008057830       0xe6 build/console.o
 *fill*         0x0000000008057916        0x2 
 .rodata.do_multi.str1.4
                0x0000000008057918       0x16 build/console.o
 *fill*         0x000000000805792e        0x2 
 .rodata.str1.4
                0x0000000008057930       0x10 build/console.o
 .rodata.MID_MENU
                0x0000000008057940       0x10 build/console.o
                0x0000000008057940                MID_MENU
 .rodata.Menus  0x0000000008057950     0x1380 build/console.o
 .rodata.mapping_alpha.11065
                0x0000000008058cd0      0x178 build/console.o
 .rodata.mapping_fshift.11063
                0x0000000008058e48      0x178 build/console.o
 .rodata.mapping_gshift.11064
                0x0000000008058fc0      0x178 build/console.o
 .rodata.mapping_none.11062
                0x0000000008059138      0x178 build/console.o
 .rodata.mapping_running.11066
                0x00000000080592b0      0x178 build/console.o
 .rodata.mid_menu
                0x0000000008059428        0x4 build/console.o
                0x0000000008059428                mid_menu
 .rodata.const_50
                0x000000000805942c        0xc build/libconsts.a(const_50.o)
                0x000000000805942c                const_50
 .rodata.const_randfac
                0x0000000008059438       0x1c build/libconsts.a(const_randfac.o)
                0x0000000008059438                const_randfac
 .rodata.const_ln10
                0x0000000008059454       0x24 build/libconsts.a(const_ln10.o)
                0x0000000008059454                const_ln10
 .rodata.const_egamma
                0x0000000008059478       0x24 build/libconsts.a(const_egamma.o)
                0x0000000008059478                const_egamma
 .rodata.const_256
                0x000000000805949c        0xc build/libconsts.a(const_256.o)
                0x000000000805949c                const_256
 .rodata.const_180
                0x00000000080594a8        0xc build/libconsts.a(const_180.o)
                0x00000000080594a8                const_180
 .rodata.const_1e_32
                0x00000000080594b4        0xc build/libconsts.a(const_1e_32.o)
                0x00000000080594b4                const_1e_32
 .rodata.const_gammaC03
                0x00000000080594c0       0x24 build/libconsts.a(const_gammaC03.o)
                0x00000000080594c0                const_gammaC03
 .rodata.const_60
                0x00000000080594e4        0xc build/libconsts.a(const_60.o)
                0x00000000080594e4                const_60
 .rodata.const_10
                0x00000000080594f0        0xc build/libconsts.a(const_10.o)
                0x00000000080594f0                const_10
 .rodata.const_360
                0x00000000080594fc        0xc build/libconsts.a(const_360.o)
                0x00000000080594fc                const_360
 .rodata.const_gammaC10
                0x0000000008059508       0x24 build/libconsts.a(const_gammaC10.o)
                0x0000000008059508                const_gammaC10
 .rodata.const_gammaC11
                0x000000000805952c       0x24 build/libconsts.a(const_gammaC11.o)
                0x000000000805952c                const_gammaC11
 .rodata.const__inf
                0x0000000008059550        0xc build/libconsts.a(const__inf.o)
                0x0000000008059550                const__inf
 .rodata.const_21
                0x000000000805955c        0xc build/libconsts.a(const_21.o)
                0x000000000805955c                const_21
 .rodata.const_gammaC16
                0x0000000008059568       0x24 build/libconsts.a(const_gammaC16.o)
                0x0000000008059568                const_gammaC16
 .rodata.const_200
                0x000000000805958c        0xc build/libconsts.a(const_200.o)
                0x000000000805958c                const_200
 .rodata.const_gammaC06
                0x0000000008059598       0x24 build/libconsts.a(const_gammaC06.o)
                0x0000000008059598                const_gammaC06
 .rodata.const_NaN
                0x00000000080595bc        0xc build/libconsts.a(const_NaN.o)
                0x00000000080595bc                const_NaN
 .rodata.const_gammaC15
                0x00000000080595c8       0x24 build/libconsts.a(const_gammaC15.o)
                0x00000000080595c8                const_gammaC15
 .rodata.const_1e_24
                0x00000000080595ec        0xc build/libconsts.a(const_1e_24.o)
                0x00000000080595ec                const_1e_24
 .rodata.const_45
                0x00000000080595f8        0xc build/libconsts.a(const_45.o)
                0x00000000080595f8                const_45
 .rodata.const_0_05
                0x0000000008059604        0xc build/libconsts.a(const_0_05.o)
                0x0000000008059604                const_0_05
 .rodata.const_3
                0x0000000008059610        0xc build/libconsts.a(const_3.o)
                0x0000000008059610                const_3
 .rodata.const_hms_threshold
                0x000000000805961c       0x24 build/libconsts.a(const_hms_threshold.o)
                0x000000000805961c                const_hms_threshold
 .rodata.const_gammaC14
                0x0000000008059640       0x24 build/libconsts.a(const_gammaC14.o)
                0x0000000008059640                const_gammaC14
 .rodata.const_0_6
                0x0000000008059664        0xc build/libconsts.a(const_0_6.o)
                0x0000000008059664                const_0_6
 .rodata.const_32
                0x0000000008059670        0xc build/libconsts.a(const_32.o)
                0x0000000008059670                const_32
 .rodata.const_0_75
                0x000000000805967c        0xc build/libconsts.a(const_0_75.o)
                0x000000000805967c                const_0_75
 .rodata.const__1
                0x0000000008059688        0xc build/libconsts.a(const__1.o)
                0x0000000008059688                const__1
 .rodata.const_gammaC00
                0x0000000008059694       0x24 build/libconsts.a(const_gammaC00.o)
                0x0000000008059694                const_gammaC00
 .rodata.const_ln2
                0x00000000080596b8       0x24 build/libconsts.a(const_ln2.o)
                0x00000000080596b8                const_ln2
 .rodata.const_gammaC18
                0x00000000080596dc       0x24 build/libconsts.a(const_gammaC18.o)
                0x00000000080596dc                const_gammaC18
 .rodata.const_2PI
                0x0000000008059700      0x138 build/libconsts.a(const_2PI.o)
                0x0000000008059700                const_2PI
 .rodata.const_1e_14
                0x0000000008059838        0xc build/libconsts.a(const_1e_14.o)
                0x0000000008059838                const_1e_14
 .rodata.const_0
                0x0000000008059844        0xc build/libconsts.a(const_0.o)
                0x0000000008059844                const_0
 .rodata.const_PIon180
                0x0000000008059850       0x24 build/libconsts.a(const_PIon180.o)
                0x0000000008059850                const_PIon180
 .rodata.const_9000
                0x0000000008059874        0xc build/libconsts.a(const_9000.o)
                0x0000000008059874                const_9000
 .rodata.const_0_9
                0x0000000008059880        0xc build/libconsts.a(const_0_9.o)
                0x0000000008059880                const_0_9
 .rodata.const_gammaC08
                0x000000000805988c       0x24 build/libconsts.a(const_gammaC08.o)
                0x000000000805988c                const_gammaC08
 .rodata.const_gammaC21
                0x00000000080598b0       0x24 build/libconsts.a(const_gammaC21.o)
                0x00000000080598b0                const_gammaC21
 .rodata.const_1e_37
                0x00000000080598d4        0xc build/libconsts.a(const_1e_37.o)
                0x00000000080598d4                const_1e_37
 .rodata.const_gammaC05
                0x00000000080598e0       0x24 build/libconsts.a(const_gammaC05.o)
                0x00000000080598e0                const_gammaC05
 .rodata.const_2
                0x0000000008059904        0xc build/libconsts.a(const_2.o)
                0x0000000008059904                const_2
 .rodata.const_gammaC13
                0x0000000008059910       0x24 build/libconsts.a(const_gammaC13.o)
                0x0000000008059910                const_gammaC13
 .rodata.const_100000
                0x0000000008059934        0xc build/libconsts.a(const_100000.o)
                0x0000000008059934                const_100000
 .rodata.const_gammaR
                0x0000000008059940       0x10 build/libconsts.a(const_gammaR.o)
                0x0000000008059940                const_gammaR
 .rodata.const_5
                0x0000000008059950        0xc build/libconsts.a(const_5.o)
                0x0000000008059950                const_5
 .rodata.const_1
                0x000000000805995c        0xc build/libconsts.a(const_1.o)
                0x000000000805995c                const_1
 .rodata.const_gammaC19
                0x0000000008059968       0x24 build/libconsts.a(const_gammaC19.o)
                0x0000000008059968                const_gammaC19
 .rodata.const_inf
                0x000000000805998c        0xc build/libconsts.a(const_inf.o)
                0x000000000805998c                const_inf
 .rodata.const_0_995
                0x0000000008059998        0xc build/libconsts.a(const_0_995.o)
                0x0000000008059998                const_0_995
 .rodata.const_0_0001
                0x00000000080599a4        0xc build/libconsts.a(const_0_0001.o)
                0x00000000080599a4                const_0_0001
 .rodata.const_1on60
                0x00000000080599b0       0x24 build/libconsts.a(const_1on60.o)
                0x00000000080599b0                const_1on60
 .rodata.const_PIon200
                0x00000000080599d4       0x24 build/libconsts.a(const_PIon200.o)
                0x00000000080599d4                const_PIon200
 .rodata.const_gammaC01
                0x00000000080599f8       0x24 build/libconsts.a(const_gammaC01.o)
                0x00000000080599f8                const_gammaC01
 .rodata.const_gammaC09
                0x0000000008059a1c       0x24 build/libconsts.a(const_gammaC09.o)
                0x0000000008059a1c                const_gammaC09
 .rodata.const_0_5
                0x0000000008059a40        0xc build/libconsts.a(const_0_5.o)
                0x0000000008059a40                const_0_5
 .rodata.const_9on5
                0x0000000008059a4c        0xc build/libconsts.a(const_9on5.o)
                0x0000000008059a4c                const_9on5
 .rodata.const_20
                0x0000000008059a58        0xc build/libconsts.a(const_20.o)
                0x0000000008059a58                const_20
 .rodata.const_gammaC20
                0x0000000008059a64       0x24 build/libconsts.a(const_gammaC20.o)
                0x0000000008059a64                const_gammaC20
 .rodata.const_400
                0x0000000008059a88        0xc build/libconsts.a(const_400.o)
                0x0000000008059a88                const_400
 .rodata.const_gammaC07
                0x0000000008059a94       0x24 build/libconsts.a(const_gammaC07.o)
                0x0000000008059a94                const_gammaC07
 .rodata.const__0
                0x0000000008059ab8        0xc build/libconsts.a(const__0.o)
                0x0000000008059ab8                const__0
 .rodata.const_0_4
                0x0000000008059ac4        0xc build/libconsts.a(const_0_4.o)
                0x0000000008059ac4                const_0_4
 .rodata.const_1e_10000
                0x0000000008059ad0        0xc build/libconsts.a(const_1e_10000.o)
                0x0000000008059ad0                const_1e_10000
 .rodata.const_gammaC12
                0x0000000008059adc       0x24 build/libconsts.a(const_gammaC12.o)
                0x0000000008059adc                const_gammaC12
 .rodata.const_2pow64
                0x0000000008059b00       0x18 build/libconsts.a(const_2pow64.o)
                0x0000000008059b00                const_2pow64
 .rodata.const_PIon2
                0x0000000008059b18       0x24 build/libconsts.a(const_PIon2.o)
                0x0000000008059b18                const_PIon2
 .rodata.const_gammaC04
                0x0000000008059b3c       0x24 build/libconsts.a(const_gammaC04.o)
                0x0000000008059b3c                const_gammaC04
 .rodata.const_90
                0x0000000008059b60        0xc build/libconsts.a(const_90.o)
                0x0000000008059b60                const_90
 .rodata.const_gammaC17
                0x0000000008059b6c       0x24 build/libconsts.a(const_gammaC17.o)
                0x0000000008059b6c                const_gammaC17
 .rodata.const_gammaC02
                0x0000000008059b90       0x24 build/libconsts.a(const_gammaC02.o)
                0x0000000008059b90                const_gammaC02
 .rodata.const_PI
                0x0000000008059bb4       0x24 build/libconsts.a(const_PI.o)
                0x0000000008059bb4                const_PI
 .rodata.const_root2on2
                0x0000000008059bd8       0x24 build/libconsts.a(const_root2on2.o)
                0x0000000008059bd8                const_root2on2
 .rodata.const_100
                0x0000000008059bfc        0xc build/libconsts.a(const_100.o)
                0x0000000008059bfc                const_100
 .rodata.const_0_1
                0x0000000008059c08        0xc build/libconsts.a(const_0_1.o)
                0x0000000008059c08                const_0_1
 .rodata.decNumberToString.str1.4
                0x0000000008059c14        0x9 build/libdecNumber.a(decNumber.o)
                                         0x10 (size before relaxing)
 *fill*         0x0000000008059c1d        0x3 
 .rodata.decNumberFromString.str1.4
                0x0000000008059c20       0x1c build/libdecNumber.a(decNumber.o)
                                         0x20 (size before relaxing)
 .rodata.multies
                0x0000000008059c3c       0x14 build/libdecNumber.a(decNumber.o)
 .rodata.powers
                0x0000000008059c50       0x28 build/libdecNumber.a(decNumber.o)
                0x0000000008059c50                powers
 .rodata.resmap
                0x0000000008059c78        0xa build/libdecNumber.a(decNumber.o)
 *fill*         0x0000000008059c82        0x2 
 .rodata.uarrone
                0x0000000008059c84        0x2 build/libdecNumber.a(decNumber.o)
 *fill*         0x0000000008059c86        0x2 
 .rodata.COMBEXP
                0x0000000008059c88       0x80 build/libdecNumber.a(decimal64.o)
                0x0000000008059c88                COMBEXP
 .rodata.COMBMSD
                0x0000000008059d08       0x80 build/libdecNumber.a(decimal64.o)
                0x0000000008059d08                COMBMSD
 .rodata.multies
                0x0000000008059d88       0x14 build/libdecNumber.a(decimal64.o)
 .rodata.str1.4
                0x0000000008059d9c        0x6 /usr/lib/gcc/arm-none-eabi/9.2.1/../../../arm-none-eabi/lib/thumb/v7e-m+fp/hard/libc.a(lib_a-perror.o)
 *fill*         0x0000000008059da2        0x2 
 .rodata.str1.4
                0x0000000008059da4      0x700 /usr/lib/gcc/arm-none-eabi/9.2.1/../../../arm-none-eabi/lib/thumb/v7e-m+fp/hard/libc.a(lib_a-strerror.o)
                                        0x701 (size before relaxing)
 .rodata.str1.4
                0x000000000805a4a4       0x33 /usr/lib/gcc/arm-none-eabi/9.2.1/../../../arm-none-eabi/lib/thumb/v7e-m+fp/hard/libc.a(lib_a-svfprintf.o)
                                         0x42 (size before relaxing)
 *fill*         0x000000000805a4d7        0x1 
 .rodata.str1.4
                0x000000000805a4d8       0x46 /usr/lib/gcc/arm-none-eabi/9.2.1/../../../arm-none-eabi/lib/thumb/v7e-m+fp/hard/libc.a(lib_a-dtoa.o)
                                         0x5a (size before relaxing)
 *fill*         0x000000000805a51e        0x2 
 .rodata.str1.4
                0x000000000805a520       0x33 /usr/lib/gcc/arm-none-eabi/9.2.1/../../../arm-none-eabi/lib/thumb/v7e-m+fp/hard/libc.a(lib_a-mprec.o)
                                         0x47 (size before relaxing)
 .rodata.str1.4
                0x000000000805a553       0x2f /usr/lib/gcc/arm-none-eabi/9.2.1/../../../arm-none-eabi/lib/thumb/v7e-m+fp/hard/libc.a(lib_a-svfiprintf.o)
 *fill*         0x000000000805a553        0x1 
 .rodata.str1.4
                0x000000000805a554       0x3f /usr/lib/gcc/arm-none-eabi/9.2.1/../../../arm-none-eabi/lib/thumb/v7e-m+fp/hard/libc.a(lib_a-assert.o)
                                         0x43 (size before relaxing)
 *fill*         0x000000000805a593        0x1 
 .rodata.str1.4
                0x000000000805a594        0x6 /usr/lib/gcc/arm-none-eabi/9.2.1/../../../arm-none-eabi/lib/thumb/v7e-m+fp/hard/libc.a(lib_a-locale.o)
                                         0x12 (size before relaxing)
 .rodata.str1.4
                0x000000000805a59a       0x2f /usr/lib/gcc/arm-none-eabi/9.2.1/../../../arm-none-eabi/lib/thumb/v7e-m+fp/hard/libc.a(lib_a-vfiprintf.o)
                0x000000000805a5d0                . = ALIGN (0x8)
 *fill*         0x000000000805a59a        0x6 
                0x0000000090000000                _qspi_init_base = LOADADDR (.qspi)
                0x0000000000000000                _qspi_init_length = SIZEOF (.qspi)

.text           0x000000000805a5c0    0x24598
                0x000000000805a5c0                . = ALIGN (0x8)
 *(.text)
 .text          0x000000000805a5c0       0x88 /usr/lib/gcc/arm-none-eabi/9.2.1/thumb/v7e-m+fp/hard/crtbegin.o
 .text          0x000000000805a648       0x30 /usr/lib/gcc/arm-none-eabi/9.2.1/thumb/v7e-m+fp/hard/libgcc.a(_aeabi_uldivmod.o)
                0x000000000805a648                __aeabi_uldivmod
 .text          0x000000000805a678      0x2c4 /usr/lib/gcc/arm-none-eabi/9.2.1/thumb/v7e-m+fp/hard/libgcc.a(_udivmoddi4.o)
                0x000000000805a678                __udivmoddi4
 .text          0x000000000805a93c        0x4 /usr/lib/gcc/arm-none-eabi/9.2.1/thumb/v7e-m+fp/hard/libgcc.a(_dvmd_tls.o)
                0x000000000805a93c                __aeabi_ldiv0
                0x000000000805a93c                __aeabi_idiv0
 .text          0x000000000805a940        0xc /usr/lib/gcc/arm-none-eabi/9.2.1/../../../arm-none-eabi/lib/thumb/v7e-m+fp/hard/libc.a(lib_a-atexit.o)
                0x000000000805a940                atexit
 .text          0x000000000805a94c        0xc /usr/lib/gcc/arm-none-eabi/9.2.1/../../../arm-none-eabi/lib/thumb/v7e-m+fp/hard/libc.a(lib_a-errno.o)
                0x000000000805a94c                __errno
 .text          0x000000000805a958       0x34 /usr/lib/gcc/arm-none-eabi/9.2.1/../../../arm-none-eabi/lib/thumb/v7e-m+fp/hard/libc.a(lib_a-fini.o)
                0x000000000805a958                __libc_fini_array
 .text          0x000000000805a98c       0x48 /usr/lib/gcc/arm-none-eabi/9.2.1/../../../arm-none-eabi/lib/thumb/v7e-m+fp/hard/libc.a(lib_a-init.o)
                0x000000000805a98c                __libc_init_array
 .text          0x000000000805a9d4      0x134 /usr/lib/gcc/arm-none-eabi/9.2.1/../../../arm-none-eabi/lib/thumb/v7e-m+fp/hard/libc.a(lib_a-memcpy.o)
                0x000000000805a9d4                memcpy
 .text          0x000000000805ab08       0xa0 /usr/lib/gcc/arm-none-eabi/9.2.1/../../../arm-none-eabi/lib/thumb/v7e-m+fp/hard/libc.a(lib_a-memset.o)
                0x000000000805ab08                memset
 .text          0x000000000805aba8      0x100 /usr/lib/gcc/arm-none-eabi/9.2.1/../../../arm-none-eabi/lib/thumb/v7e-m+fp/hard/libc.a(lib_a-perror.o)
                0x000000000805aba8                _perror_r
                0x000000000805ac98                perror
 .text          0x000000000805aca8       0x80 /usr/lib/gcc/arm-none-eabi/9.2.1/../../../arm-none-eabi/lib/thumb/v7e-m+fp/hard/libc.a(lib_a-sprintf.o)
                0x000000000805aca8                _sprintf_r
                0x000000000805ace4                sprintf
 .text          0x000000000805ad28      0x3fc /usr/lib/gcc/arm-none-eabi/9.2.1/../../../arm-none-eabi/lib/thumb/v7e-m+fp/hard/libc.a(lib_a-strerror.o)
                0x000000000805ad28                _strerror_r
                0x000000000805b0f4                strerror
                0x000000000805b10c                strerror_l
 *fill*         0x000000000805b124       0x1c 
 .text          0x000000000805b140       0xdc /usr/lib/gcc/arm-none-eabi/9.2.1/../../../arm-none-eabi/lib/thumb/v7e-m+fp/hard/libc.a(lib_a-strlen.o)
                0x000000000805b140                strlen
 .text          0x000000000805b21c       0x74 /usr/lib/gcc/arm-none-eabi/9.2.1/../../../arm-none-eabi/lib/thumb/v7e-m+fp/hard/libc.a(lib_a-strncpy.o)
                0x000000000805b21c                strncpy
 .text          0x000000000805b290     0x1498 /usr/lib/gcc/arm-none-eabi/9.2.1/../../../arm-none-eabi/lib/thumb/v7e-m+fp/hard/libc.a(lib_a-svfprintf.o)
                0x000000000805b290                _svfprintf_r
 .text          0x000000000805c728        0x4 /usr/lib/gcc/arm-none-eabi/9.2.1/../../../arm-none-eabi/lib/thumb/v7e-m+fp/hard/libc.a(lib_a-u_strerr.o)
                0x000000000805c728                _user_strerror
 .text          0x000000000805c72c       0x2c /usr/lib/gcc/arm-none-eabi/9.2.1/../../../arm-none-eabi/lib/thumb/v7e-m+fp/hard/libc.a(lib_a-writer.o)
                0x000000000805c72c                _write_r
 .text          0x000000000805c758       0x68 /usr/lib/gcc/arm-none-eabi/9.2.1/../../../arm-none-eabi/lib/thumb/v7e-m+fp/hard/libc.a(lib_a-__atexit.o)
                0x000000000805c758                __register_exitproc
 .text          0x000000000805c7c0      0xfc0 /usr/lib/gcc/arm-none-eabi/9.2.1/../../../arm-none-eabi/lib/thumb/v7e-m+fp/hard/libc.a(lib_a-dtoa.o)
                0x000000000805c8e4                _dtoa_r
 .text          0x000000000805d780      0x1a4 /usr/lib/gcc/arm-none-eabi/9.2.1/../../../arm-none-eabi/lib/thumb/v7e-m+fp/hard/libc.a(lib_a-fflush.o)
                0x000000000805d780                __sflush_r
                0x000000000805d8cc                _fflush_r
                0x000000000805d900                fflush
 .text          0x000000000805d924       0x34 /usr/lib/gcc/arm-none-eabi/9.2.1/../../../arm-none-eabi/lib/thumb/v7e-m+fp/hard/libc.a(lib_a-fileno.o)
                0x000000000805d924                fileno
 .text          0x000000000805d958      0x1f4 /usr/lib/gcc/arm-none-eabi/9.2.1/../../../arm-none-eabi/lib/thumb/v7e-m+fp/hard/libc.a(lib_a-findfp.o)
                0x000000000805d95c                _cleanup_r
                0x000000000805da40                __sfmoreglue
                0x000000000805da70                __sfp
                0x000000000805daf8                _cleanup
                0x000000000805db0c                __sinit
                0x000000000805db14                __sfp_lock_acquire
                0x000000000805db18                __sfp_lock_release
                0x000000000805db1c                __sinit_lock_acquire
                0x000000000805db20                __sinit_lock_release
                0x000000000805db24                __fp_lock_all
                0x000000000805db38                __fp_unlock_all
 .text          0x000000000805db4c       0xa0 /usr/lib/gcc/arm-none-eabi/9.2.1/../../../arm-none-eabi/lib/thumb/v7e-m+fp/hard/libc.a(lib_a-fwalk.o)
                0x000000000805db4c                _fwalk
                0x000000000805db98                _fwalk_reent
 .text          0x000000000805dbec       0x14 /usr/lib/gcc/arm-none-eabi/9.2.1/../../../arm-none-eabi/lib/thumb/v7e-m+fp/hard/libc.a(lib_a-localeconv.o)
                0x000000000805dbec                __localeconv_l
                0x000000000805dbf0                _localeconv_r
                0x000000000805dbf8                localeconv
 .text          0x000000000805dc00       0xa0 /usr/lib/gcc/arm-none-eabi/9.2.1/../../../arm-none-eabi/lib/thumb/v7e-m+fp/hard/libc.a(lib_a-memchr.o)
                0x000000000805dc00                memchr
 .text          0x000000000805dca0      0x9a8 /usr/lib/gcc/arm-none-eabi/9.2.1/../../../arm-none-eabi/lib/thumb/v7e-m+fp/hard/libc.a(lib_a-mprec.o)
                0x000000000805dca0                _Balloc
                0x000000000805dcec                _Bfree
                0x000000000805dd00                __multadd
                0x000000000805dda4                __s2b
                0x000000000805de50                __hi0bits
                0x000000000805de90                __lo0bits
                0x000000000805def0                __i2b
                0x000000000805df1c                __multiply
                0x000000000805e068                __pow5mult
                0x000000000805e100                __lshift
                0x000000000805e1cc                __mcmp
                0x000000000805e204                __mdiff
                0x000000000805e32c                __ulp
                0x000000000805e37c                __b2d
                0x000000000805e434                __d2b
                0x000000000805e508                __ratio
                0x000000000805e568                _mprec_log10
                0x000000000805e5a8                __copybits
                0x000000000805e5f0                __any_on
 .text          0x000000000805e648       0x90 /usr/lib/gcc/arm-none-eabi/9.2.1/../../../arm-none-eabi/lib/thumb/v7e-m+fp/hard/libc.a(lib_a-stdio.o)
                0x000000000805e648                __sread
                0x000000000805e66c                __seofread
                0x000000000805e670                __swrite
                0x000000000805e6b0                __sseek
                0x000000000805e6d0                __sclose
 .text          0x000000000805e6d8      0xb64 /usr/lib/gcc/arm-none-eabi/9.2.1/../../../arm-none-eabi/lib/thumb/v7e-m+fp/hard/libc.a(lib_a-svfiprintf.o)
                0x000000000805e6d8                __ssprint_r
                0x000000000805e7d0                _svfiprintf_r
 .text          0x000000000805f23c       0x48 /usr/lib/gcc/arm-none-eabi/9.2.1/../../../arm-none-eabi/lib/thumb/v7e-m+fp/hard/libc.a(lib_a-assert.o)
                0x000000000805f23c                __assert_func
                0x000000000805f278                __assert
 .text          0x000000000805f284       0x24 /usr/lib/gcc/arm-none-eabi/9.2.1/../../../arm-none-eabi/lib/thumb/v7e-m+fp/hard/libc.a(lib_a-closer.o)
                0x000000000805f284                _close_r
 .text          0x000000000805f2a8       0x98 /usr/lib/gcc/arm-none-eabi/9.2.1/../../../arm-none-eabi/lib/thumb/v7e-m+fp/hard/libc.a(lib_a-fclose.o)
                0x000000000805f2a8                _fclose_r
                0x000000000805f330                fclose
 .text          0x000000000805f340       0x44 /usr/lib/gcc/arm-none-eabi/9.2.1/../../../arm-none-eabi/lib/thumb/v7e-m+fp/hard/libc.a(lib_a-fiprintf.o)
                0x000000000805f340                _fiprintf_r
                0x000000000805f35c                fiprintf
 .text          0x000000000805f384       0x5c /usr/lib/gcc/arm-none-eabi/9.2.1/../../../arm-none-eabi/lib/thumb/v7e-m+fp/hard/libc.a(lib_a-locale.o)
                0x000000000805f384                _setlocale_r
                0x000000000805f3c4                __locale_mb_cur_max
                0x000000000805f3d0                setlocale
 .text          0x000000000805f3e0       0x2c /usr/lib/gcc/arm-none-eabi/9.2.1/../../../arm-none-eabi/lib/thumb/v7e-m+fp/hard/libc.a(lib_a-lseekr.o)
                0x000000000805f3e0                _lseek_r
 .text          0x000000000805f40c       0x40 /usr/lib/gcc/arm-none-eabi/9.2.1/../../../arm-none-eabi/lib/thumb/v7e-m+fp/hard/libc.a(lib_a-mbtowc_r.o)
                0x000000000805f40c                _mbtowc_r
                0x000000000805f420                __ascii_mbtowc
 .text          0x000000000805f44c       0xd0 /usr/lib/gcc/arm-none-eabi/9.2.1/../../../arm-none-eabi/lib/thumb/v7e-m+fp/hard/libc.a(lib_a-memmove.o)
                0x000000000805f44c                memmove
 .text          0x000000000805f51c       0x2c /usr/lib/gcc/arm-none-eabi/9.2.1/../../../arm-none-eabi/lib/thumb/v7e-m+fp/hard/libc.a(lib_a-readr.o)
                0x000000000805f51c                _read_r
 *fill*         0x000000000805f548       0x18 
 .text          0x000000000805f560      0x2dc /usr/lib/gcc/arm-none-eabi/9.2.1/../../../arm-none-eabi/lib/thumb/v7e-m+fp/hard/libc.a(lib_a-strcmp.o)
                0x000000000805f568                strcmp
 .text          0x000000000805f83c      0xd00 /usr/lib/gcc/arm-none-eabi/9.2.1/../../../arm-none-eabi/lib/thumb/v7e-m+fp/hard/libc.a(lib_a-vfiprintf.o)
                0x000000000805f8b4                __sprint_r
                0x000000000805f8c8                _vfiprintf_r
                0x00000000080604b8                vfiprintf
 .text          0x000000000806053c       0x30 /usr/lib/gcc/arm-none-eabi/9.2.1/../../../arm-none-eabi/lib/thumb/v7e-m+fp/hard/libc.a(lib_a-wctomb_r.o)
                0x000000000806053c                _wctomb_r
                0x0000000008060550                __ascii_wctomb
 .text          0x000000000806056c       0xd0 /usr/lib/gcc/arm-none-eabi/9.2.1/../../../arm-none-eabi/lib/thumb/v7e-m+fp/hard/libc.a(lib_a-wsetup.o)
                0x000000000806056c                __swsetup_r
 .text          0x000000000806063c       0x10 /usr/lib/gcc/arm-none-eabi/9.2.1/../../../arm-none-eabi/lib/thumb/v7e-m+fp/hard/libc.a(lib_a-abort.o)
                0x000000000806063c                abort
 .text          0x000000000806064c      0x110 /usr/lib/gcc/arm-none-eabi/9.2.1/../../../arm-none-eabi/lib/thumb/v7e-m+fp/hard/libc.a(lib_a-fputwc.o)
                0x000000000806064c                __fputwc
                0x00000000080606f4                _fputwc_r
                0x000000000806071c                fputwc
 .text          0x000000000806075c      0x308 /usr/lib/gcc/arm-none-eabi/9.2.1/../../../arm-none-eabi/lib/thumb/v7e-m+fp/hard/libc.a(lib_a-fvwrite.o)
                0x000000000806075c                __sfvwrite_r
 .text          0x0000000008060a64       0xf0 /usr/lib/gcc/arm-none-eabi/9.2.1/../../../arm-none-eabi/lib/thumb/v7e-m+fp/hard/libc.a(lib_a-makebuf.o)
                0x0000000008060a64                __swhatbuf_r
                0x0000000008060ac0                __smakebuf_r
 .text          0x0000000008060b54      0x15c /usr/lib/gcc/arm-none-eabi/9.2.1/../../../arm-none-eabi/lib/thumb/v7e-m+fp/hard/libc.a(lib_a-signal.o)
                0x0000000008060b7c                _init_signal_r
                0x0000000008060b88                _signal_r
                0x0000000008060bc0                _raise_r
                0x0000000008060c18                __sigtramp_r
                0x0000000008060c6c                raise
                0x0000000008060c7c                signal
                0x0000000008060c8c                _init_signal
                0x0000000008060ca0                __sigtramp
 .text          0x0000000008060cb0       0x2c /usr/lib/gcc/arm-none-eabi/9.2.1/../../../arm-none-eabi/lib/thumb/v7e-m+fp/hard/libc.a(lib_a-signalr.o)
                0x0000000008060cb0                _kill_r
                0x0000000008060cd8                _getpid_r
 .text          0x0000000008060cdc       0xc0 /usr/lib/gcc/arm-none-eabi/9.2.1/../../../arm-none-eabi/lib/thumb/v7e-m+fp/hard/libc.a(lib_a-wbuf.o)
                0x0000000008060cdc                __swbuf_r
                0x0000000008060d8c                __swbuf
 .text          0x0000000008060d9c       0x7c /usr/lib/gcc/arm-none-eabi/9.2.1/../../../arm-none-eabi/lib/thumb/v7e-m+fp/hard/libc.a(lib_a-wcrtomb.o)
                0x0000000008060d9c                _wcrtomb_r
                0x0000000008060dd0                wcrtomb
 .text          0x0000000008060e18       0x28 /usr/lib/gcc/arm-none-eabi/9.2.1/../../../arm-none-eabi/lib/thumb/v7e-m+fp/hard/libc.a(lib_a-fstatr.o)
                0x0000000008060e18                _fstat_r
 .text          0x0000000008060e40       0x24 /usr/lib/gcc/arm-none-eabi/9.2.1/../../../arm-none-eabi/lib/thumb/v7e-m+fp/hard/libc.a(lib_a-isattyr.o)
                0x0000000008060e40                _isatty_r
 .text          0x0000000008060e64      0x378 /usr/lib/gcc/arm-none-eabi/9.2.1/thumb/v7e-m+fp/hard/libgcc.a(_arm_addsubdf3.o)
                0x0000000008060e64                __aeabi_drsub
                0x0000000008060e6c                __aeabi_dsub
                0x0000000008060e6c                __subdf3
                0x0000000008060e70                __adddf3
                0x0000000008060e70                __aeabi_dadd
                0x00000000080610e8                __aeabi_ui2d
                0x00000000080610e8                __floatunsidf
                0x0000000008061108                __floatsidf
                0x0000000008061108                __aeabi_i2d
                0x000000000806112c                __extendsfdf2
                0x000000000806112c                __aeabi_f2d
                0x0000000008061170                __aeabi_ul2d
                0x0000000008061170                __floatundidf
                0x0000000008061180                __floatdidf
                0x0000000008061180                __aeabi_l2d
 .text          0x00000000080611dc      0x424 /usr/lib/gcc/arm-none-eabi/9.2.1/thumb/v7e-m+fp/hard/libgcc.a(_arm_muldivdf3.o)
                0x00000000080611dc                __aeabi_dmul
                0x00000000080611dc                __muldf3
                0x0000000008061430                __aeabi_ddiv
                0x0000000008061430                __divdf3
 .text          0x0000000008061600      0x110 /usr/lib/gcc/arm-none-eabi/9.2.1/thumb/v7e-m+fp/hard/libgcc.a(_arm_cmpdf2.o)
                0x0000000008061600                __gtdf2
                0x0000000008061600                __gedf2
                0x0000000008061608                __ltdf2
                0x0000000008061608                __ledf2
                0x0000000008061610                __cmpdf2
                0x0000000008061610                __eqdf2
                0x0000000008061610                __nedf2
                0x000000000806168c                __aeabi_cdrcmple
                0x000000000806169c                __aeabi_cdcmple
                0x000000000806169c                __aeabi_cdcmpeq
                0x00000000080616ac                __aeabi_dcmpeq
                0x00000000080616c0                __aeabi_dcmplt
                0x00000000080616d4                __aeabi_dcmple
                0x00000000080616e8                __aeabi_dcmpge
                0x00000000080616fc                __aeabi_dcmpgt
 .text          0x0000000008061710       0x2c /usr/lib/gcc/arm-none-eabi/9.2.1/thumb/v7e-m+fp/hard/libgcc.a(_arm_unorddf2.o)
                0x0000000008061710                __aeabi_dcmpun
                0x0000000008061710                __unorddf2
 .text          0x000000000806173c       0x50 /usr/lib/gcc/arm-none-eabi/9.2.1/thumb/v7e-m+fp/hard/libgcc.a(_arm_fixdfsi.o)
                0x000000000806173c                __fixdfsi
                0x000000000806173c                __aeabi_d2iz
 .text          0x000000000806178c        0x4 /usr/lib/gcc/arm-none-eabi/9.2.1/../../../arm-none-eabi/lib/thumb/v7e-m+fp/hard/libnosys.a(_exit.o)
                0x000000000806178c                _exit
 *(.text*)
 .text._read    0x0000000008061790        0x4 build/pgm_syscalls.o
                0x0000000008061790                _read
 .text._write   0x0000000008061794        0x8 build/pgm_syscalls.o
                0x0000000008061794                _write
 .text._close   0x000000000806179c        0x8 build/pgm_syscalls.o
                0x000000000806179c                _close
 .text._fstat   0x00000000080617a4        0xc build/pgm_syscalls.o
                0x00000000080617a4                _fstat
 .text._isatty  0x00000000080617b0        0x4 build/pgm_syscalls.o
                0x00000000080617b0                _isatty
 .text._lseek   0x00000000080617b4        0x4 build/pgm_syscalls.o
                0x00000000080617b4                _lseek
 .text._kill    0x00000000080617b8       0x10 build/pgm_syscalls.o
                0x00000000080617b8                _kill
 .text._getpid  0x00000000080617c8        0x4 build/pgm_syscalls.o
                0x00000000080617c8                _getpid
 .text.free     0x00000000080617cc        0x8 build/pgm_syscalls.o
                0x00000000080617cc                free
 .text.calloc   0x00000000080617d4        0x8 build/pgm_syscalls.o
                0x00000000080617d4                calloc
 .text.__wrap__malloc_r
                0x00000000080617dc        0xc build/pgm_syscalls.o
                0x00000000080617dc                __wrap__malloc_r
 .text._calloc_r
                0x00000000080617e8        0xc build/pgm_syscalls.o
                0x00000000080617e8                _calloc_r
 .text._realloc_r
                0x00000000080617f4        0xc build/pgm_syscalls.o
                0x00000000080617f4                _realloc_r
 .text._free_r  0x0000000008061800        0xc build/pgm_syscalls.o
                0x0000000008061800                _free_r
 .text.post_main
                0x000000000806180c       0x1c build/pgm_syscalls.o
                0x000000000806180c                post_main
 .text.gtodot_digit
                0x0000000008061828       0x60 build/keys.o
 .text.check_f_key
                0x0000000008061888       0x40 build/keys.o
 .text.is_label_or_end_at
                0x00000000080618c8       0x30 build/keys.o
 .text.advance_to_next_label
                0x00000000080618f8       0x4c build/keys.o
 .text.init_cat
                0x0000000008061944       0xec build/keys.o
 .text.advance_to_previous_label
                0x0000000008061a30       0x50 build/keys.o
 .text.check_confirm.part.0
                0x0000000008061a80       0x30 build/keys.o
 .text.init_arg.part.0
                0x0000000008061ab0       0x28 build/keys.o
 .text.reset_arg
                0x0000000008061ad8       0x1c build/keys.o
 .text.arg_eval
                0x0000000008061af4       0x9c build/keys.o
 .text.arg_digit
                0x0000000008061b90      0x10c build/keys.o
 .text.process_arg_shuffle
                0x0000000008061c9c       0x30 build/keys.o
 .text.process_h_shifted
                0x0000000008061ccc       0xd8 build/keys.o
 .text.intltr   0x0000000008061da4       0x38 build/keys.o
 .text.process_normal
                0x0000000008061ddc      0x278 build/keys.o
 .text.process_fg_shifted
                0x0000000008062054      0x2a8 build/keys.o
 .text.set_window
                0x00000000080622fc       0x98 build/keys.o
 .text.arg_storcl
                0x0000000008062394       0x44 build/keys.o
 .text.process_arg
                0x00000000080623d8      0x550 build/keys.o
 .text.cur_shift
                0x0000000008062928       0x14 build/keys.o
                0x0000000008062928                cur_shift
 .text.reset_shift
                0x000000000806293c       0x18 build/keys.o
                0x000000000806293c                reset_shift
 .text.keycode_to_row_column
                0x0000000008062954       0x24 build/keys.o
                0x0000000008062954                keycode_to_row_column
 .text.row_column_to_keycode
                0x0000000008062978       0x40 build/keys.o
                0x0000000008062978                row_column_to_keycode
 .text.init_state
                0x00000000080629b8       0x64 build/keys.o
                0x00000000080629b8                init_state
 .text.process_cmplx
                0x0000000008062a1c       0xbc build/keys.o
 .text.soft_init_state
                0x0000000008062ad8       0x50 build/keys.o
                0x0000000008062ad8                soft_init_state
 .text.finish_cpx_entry
                0x0000000008062b28       0xc8 build/keys.o
                0x0000000008062b28                finish_cpx_entry
 .text.stack_begin
                0x0000000008062bf0       0xbc build/keys.o
                0x0000000008062bf0                stack_begin
 .text.current_catalogue
                0x0000000008062cac       0xe0 build/keys.o
                0x0000000008062cac                current_catalogue
 .text.process_catalogue
                0x0000000008062d8c      0x31c build/keys.o
 .text.get_alpha_state
                0x00000000080630a8       0x28 build/keys.o
                0x00000000080630a8                get_alpha_state
 .text.process_keycode
                0x00000000080630d0     0x1d7c build/keys.o
                0x00000000080630d0                process_keycode
 .text.process_keycode_with_shift
                0x0000000008064e4c       0xa8 build/keys.o
                0x0000000008064e4c                process_keycode_with_shift
 .text.set_separator_decimal_modes
                0x0000000008064ef4       0x54 build/display.o
 .text.set_dig  0x0000000008064f48       0x78 build/display.o
 .text.hms_render
                0x0000000008064fc0       0xa8 build/display.o
 .text.set_exp_digits_string
                0x0000000008065068       0x40 build/display.o
 .text.hms_step
                0x00000000080650a8       0x38 build/display.o
 .text.set_exp  0x00000000080650e0      0x124 build/display.o
 .text.set_separator.part.0
                0x0000000008065204       0x40 build/display.o
 .text.set_decimal
                0x0000000008065244       0x54 build/display.o
 .text.set_digits_string
                0x0000000008065298       0x44 build/display.o
 .text.check_special_dn.isra.0
                0x00000000080652dc       0x9c build/display.o
 .text.set_x_hms
                0x0000000008065378      0x1c8 build/display.o
 .text.set_x_fract
                0x0000000008065540      0x1b4 build/display.o
 .text.carry_overflow
                0x00000000080656f4       0x84 build/display.o
 .text.set_int_x
                0x0000000008065778      0x3d4 build/display.o
 .text.set_annunciators
                0x0000000008065b4c      0x108 build/display.o
 .text.s_s_sized.constprop.0
                0x0000000008065c54      0x19c build/display.o
 .text.dot      0x0000000008065df0        0xc build/display.o
                0x0000000008065df0                dot
 .text.std_round_fix
                0x0000000008065dfc       0x7c build/display.o
                0x0000000008065dfc                std_round_fix
 .text.pixel_length
                0x0000000008065e78       0x40 build/display.o
                0x0000000008065e78                pixel_length
 .text.set_status
                0x0000000008065eb8       0x38 build/display.o
 .text.set_x_dn
                0x0000000008065ef0      0x9ec build/display.o
                0x0000000008065ef0                set_x_dn
 .text.set_x    0x00000000080668dc       0x34 build/display.o
 .text.format_reg
                0x0000000008066910       0x6c build/display.o
                0x0000000008066910                format_reg
 .text.set_status_right
                0x000000000806697c       0x64 build/display.o
 .text.annunciators
                0x00000000080669e0      0x528 build/display.o
 .text.display  0x0000000008066f08      0xe90 build/display.o
                0x0000000008066f08                display
 .text.frozen_display
                0x0000000008067d98       0x20 build/display.o
                0x0000000008067d98                frozen_display
 .text.message  0x0000000008067db8       0x70 build/display.o
                0x0000000008067db8                message
 .text.error_message
                0x0000000008067e28       0x88 build/display.o
                0x0000000008067e28                error_message
 .text.find_section_bounds
                0x0000000008067eb0       0x78 build/xeq.o
 .text.reg_address
                0x0000000008067f28       0x64 build/xeq.o
 .text.retstk_up
                0x0000000008067f8c       0x74 build/xeq.o
 .text.flag_word
                0x0000000008068000       0x78 build/xeq.o
 .text.set_zero
                0x0000000008068078       0x24 build/xeq.o
 .text.intResult
                0x000000000806809c       0xac build/xeq.o
 .text.check_stack_overlap
                0x0000000008068148       0x74 build/xeq.o
 .text.move_retstk
                0x00000000080681bc       0x80 build/xeq.o
                0x00000000080681bc                move_retstk
 .text.local_regs_rarg
                0x000000000806823c       0x60 build/xeq.o
                0x000000000806823c                local_regs_rarg
 .text.get_reg_limit
                0x000000000806829c       0xbc build/xeq.o
 .text.local_regs
                0x0000000008068358       0x40 build/xeq.o
                0x0000000008068358                local_regs
 .text.global_regs_rarg
                0x0000000008068398       0x40 build/xeq.o
                0x0000000008068398                global_regs_rarg
 .text.global_regs
                0x00000000080683d8       0x24 build/xeq.o
                0x00000000080683d8                global_regs
 .text.version  0x00000000080683fc       0x1c build/xeq.o
                0x00000000080683fc                version
 .text.cmd_off  0x0000000008068418        0x4 build/xeq.o
                0x0000000008068418                cmd_off
 .text.init_RegionTab
                0x000000000806841c       0x2c build/xeq.o
                0x000000000806841c                init_RegionTab
 .text.sizeLIB  0x0000000008068448       0x20 build/xeq.o
                0x0000000008068448                sizeLIB
 .text.getprog  0x0000000008068468       0x50 build/xeq.o
                0x0000000008068468                getprog
 .text.get_current_prog
                0x00000000080684b8       0x28 build/xeq.o
                0x00000000080684b8                get_current_prog
 .text.do_inc   0x00000000080684e0       0x48 build/xeq.o
                0x00000000080684e0                do_inc
 .text.user_pc.part.0
                0x0000000008068528       0x38 build/xeq.o
 .text.print_step
                0x0000000008068560       0xac build/xeq.o
 .text.do_dec   0x000000000806860c       0x4c build/xeq.o
                0x000000000806860c                do_dec
 .text.update_program_bounds
                0x0000000008068658       0x98 build/xeq.o
                0x0000000008068658                update_program_bounds
 .text.set_pc   0x00000000080686f0       0xb0 build/xeq.o
                0x00000000080686f0                set_pc
 .text.incpc    0x00000000080687a0       0x2c build/xeq.o
                0x00000000080687a0                incpc
 .text.decpc    0x00000000080687cc       0x28 build/xeq.o
                0x00000000080687cc                decpc
 .text.fin_tst.part.0
                0x00000000080687f4       0x14 build/xeq.o
 .text.do_rtn   0x0000000008068808       0x98 build/xeq.o
 .text.user_pc  0x00000000080688a0       0x14 build/xeq.o
                0x00000000080688a0                user_pc
 .text.find_user_pc
                0x00000000080688b4       0x54 build/xeq.o
                0x00000000080688b4                find_user_pc
 .text.report_err
                0x0000000008068908       0x20 build/xeq.o
                0x0000000008068908                report_err
 .text.report_warn
                0x0000000008068928       0x5c build/xeq.o
                0x0000000008068928                report_warn
 .text.cmderr   0x0000000008068984       0x14 build/xeq.o
                0x0000000008068984                cmderr
 .text.cmdmsg   0x0000000008068998        0x4 build/xeq.o
                0x0000000008068998                cmdmsg
 .text.rarg_roundingmode
                0x000000000806899c       0x18 build/xeq.o
                0x000000000806899c                rarg_roundingmode
 .text.packed_from_number
                0x00000000080689b4       0x3c build/xeq.o
                0x00000000080689b4                packed_from_number
 .text.packed128_from_number
                0x00000000080689f0       0x3c build/xeq.o
                0x00000000080689f0                packed128_from_number
 .text.check_special
                0x0000000008068a2c       0xa8 build/xeq.o
 .text.packed_from_packed128
                0x0000000008068ad4       0x1c build/xeq.o
                0x0000000008068ad4                packed_from_packed128
 .text.packed128_from_packed
                0x0000000008068af0       0x1c build/xeq.o
                0x0000000008068af0                packed128_from_packed
 .text.stack_size
                0x0000000008068b0c       0x38 build/xeq.o
                0x0000000008068b0c                stack_size
 .text.copyreg  0x0000000008068b44       0x20 build/xeq.o
                0x0000000008068b44                copyreg
 .text.set_lift
                0x0000000008068b64       0x10 build/xeq.o
                0x0000000008068b64                set_lift
 .text.is_dblmode
                0x0000000008068b74       0x20 build/xeq.o
                0x0000000008068b74                is_dblmode
 .text.s_to_i   0x0000000008068b94       0x6c build/xeq.o
                0x0000000008068b94                s_to_i
 .text.digit    0x0000000008068c00      0x190 build/xeq.o
 .text.s_to_ull
                0x0000000008068d90       0x3c build/xeq.o
                0x0000000008068d90                s_to_ull
 .text.get_cmdline
                0x0000000008068dcc       0x18 build/xeq.o
                0x0000000008068dcc                get_cmdline
 .text.is_bad_cmdline
                0x0000000008068de4        0x4 build/xeq.o
                0x0000000008068de4                is_bad_cmdline
 .text.get_flash_reg_n
                0x0000000008068de8       0x20 build/xeq.o
                0x0000000008068de8                get_flash_reg_n
 .text.get_const
                0x0000000008068e08       0x84 build/xeq.o
                0x0000000008068e08                get_const
 .text.get_reg_n
                0x0000000008068e8c       0xb4 build/xeq.o
                0x0000000008068e8c                get_reg_n
 .text.lift     0x0000000008068f40       0x6c build/xeq.o
                0x0000000008068f40                lift
 .text.lift2_if_enabled
                0x0000000008068fac       0x48 build/xeq.o
 .text.lower    0x0000000008068ff4       0x74 build/xeq.o
 .text.get_stack_top
                0x0000000008069068       0x3c build/xeq.o
 .text.roll_down
                0x00000000080690a4       0x54 build/xeq.o
                0x00000000080690a4                roll_down
 .text.cpx_roll_down
                0x00000000080690f8       0x34 build/xeq.o
                0x00000000080690f8                cpx_roll_down
 .text.roll_up  0x000000000806912c       0x54 build/xeq.o
                0x000000000806912c                roll_up
 .text.cpx_roll_up
                0x0000000008069180       0x34 build/xeq.o
                0x0000000008069180                cpx_roll_up
 .text.fill     0x00000000080691b4       0x70 build/xeq.o
                0x00000000080691b4                fill
 .text.lower2   0x0000000008069224       0x74 build/xeq.o
 .text.drop     0x0000000008069298       0x20 build/xeq.o
                0x0000000008069298                drop
 .text.copyreg_n
                0x00000000080692b8       0x3c build/xeq.o
                0x00000000080692b8                copyreg_n
 .text.setlastX
                0x00000000080692f4        0x8 build/xeq.o
                0x00000000080692f4                setlastX
 .text.setlastXY
                0x00000000080692fc       0x18 build/xeq.o
 .text.getRegister
                0x0000000008069314       0x34 build/xeq.o
                0x0000000008069314                getRegister
 .text.getX     0x0000000008069348        0x8 build/xeq.o
                0x0000000008069348                getX
 .text.getY     0x0000000008069350        0x8 build/xeq.o
                0x0000000008069350                getY
 .text.getXY    0x0000000008069358       0x18 build/xeq.o
                0x0000000008069358                getXY
 .text.getXYZ   0x0000000008069370       0x20 build/xeq.o
                0x0000000008069370                getXYZ
 .text.getXYZT  0x0000000008069390       0x14 build/xeq.o
                0x0000000008069390                getXYZT
 .text.storcl_op
                0x00000000080693a4       0x84 build/xeq.o
 .text.storcl_cop
                0x0000000008069428       0xc0 build/xeq.o
 .text.cpx_enter
                0x00000000080694e8       0x50 build/xeq.o
                0x00000000080694e8                cpx_enter
 .text.cpx_fill
                0x0000000008069538       0x94 build/xeq.o
                0x0000000008069538                cpx_fill
 .text.setRegister
                0x00000000080695cc       0x54 build/xeq.o
                0x00000000080695cc                setRegister
 .text.setX     0x0000000008069620        0x8 build/xeq.o
                0x0000000008069620                setX
 .text.rarg_round
                0x0000000008069628       0x70 build/xeq.o
                0x0000000008069628                rarg_round
 .text.setY     0x0000000008069698        0x8 build/xeq.o
                0x0000000008069698                setY
 .text.setXY    0x00000000080696a0       0x2c build/xeq.o
                0x00000000080696a0                setXY
 .text.convert_regK
                0x00000000080696cc       0xc4 build/xeq.o
                0x00000000080696cc                convert_regK
 .text.cpx_nop  0x0000000008069790      0x170 build/xeq.o
                0x0000000008069790                cpx_nop
 .text.get_reg_n_int
                0x0000000008069900       0x1c build/xeq.o
                0x0000000008069900                get_reg_n_int
 .text.storcl_intop
                0x000000000806991c       0xb0 build/xeq.o
 .text.incdec   0x00000000080699cc       0x98 build/xeq.o
 .text.set_reg_n_int
                0x0000000008069a64       0x1c build/xeq.o
                0x0000000008069a64                set_reg_n_int
 .text.get_reg_n_int_sgn
                0x0000000008069a80       0x38 build/xeq.o
                0x0000000008069a80                get_reg_n_int_sgn
 .text.get_keycode_from_reg
                0x0000000008069ab8       0x30 build/xeq.o
 .text.getX_int
                0x0000000008069ae8        0x8 build/xeq.o
                0x0000000008069ae8                getX_int
 .text.getX_int_sgn
                0x0000000008069af0        0x8 build/xeq.o
                0x0000000008069af0                getX_int_sgn
 .text.set_reg_n_int_sgn
                0x0000000008069af8       0x64 build/xeq.o
                0x0000000008069af8                set_reg_n_int_sgn
 .text.op_roundingmode
                0x0000000008069b5c       0x28 build/xeq.o
                0x0000000008069b5c                op_roundingmode
 .text.register_from_int
                0x0000000008069b84       0x64 build/xeq.o
 .text.int_from_register
                0x0000000008069be8       0x48 build/xeq.o
 .text.switch_to_int
                0x0000000008069c30       0x80 build/xeq.o
 .text.process_cmdline.part.0
                0x0000000008069cb0      0x250 build/xeq.o
 .text.process_cmdline
                0x0000000008069f00       0x10 build/xeq.o
                0x0000000008069f00                process_cmdline
 .text.cpx_pi   0x0000000008069f10       0xcc build/xeq.o
                0x0000000008069f10                cpx_pi
 .text.process_cmdline_set_lift
                0x0000000008069fdc       0x24 build/xeq.o
                0x0000000008069fdc                process_cmdline_set_lift
 .text.setX_int
                0x000000000806a000       0x20 build/xeq.o
                0x000000000806a000                setX_int
 .text.do_rcl   0x000000000806a020       0xdc build/xeq.o
 .text.setX_int_sgn
                0x000000000806a0fc       0x18 build/xeq.o
                0x000000000806a0fc                setX_int_sgn
 .text.zero_X   0x000000000806a114        0xc build/xeq.o
                0x000000000806a114                zero_X
 .text.zero_Y   0x000000000806a120       0x10 build/xeq.o
                0x000000000806a120                zero_Y
 .text.clrx     0x000000000806a130       0x78 build/xeq.o
                0x000000000806a130                clrx
 .text.clrstk   0x000000000806a1a8       0x6c build/xeq.o
                0x000000000806a1a8                clrstk
 .text.clrreg   0x000000000806a214      0x12c build/xeq.o
                0x000000000806a214                clrreg
 .text.clrretstk
                0x000000000806a340       0x14 build/xeq.o
                0x000000000806a340                clrretstk
 .text.clrretstk_pc
                0x000000000806a354       0x24 build/xeq.o
                0x000000000806a354                clrretstk_pc
 .text.cmdconst
                0x000000000806a378       0xd4 build/xeq.o
                0x000000000806a378                cmdconst
 .text.cmdsto   0x000000000806a44c       0x80 build/xeq.o
                0x000000000806a44c                cmdsto
 .text.cmdrcl   0x000000000806a4cc        0x4 build/xeq.o
                0x000000000806a4cc                cmdrcl
 .text.cmdcsto  0x000000000806a4d0       0xd0 build/xeq.o
                0x000000000806a4d0                cmdcsto
 .text.cmdcrcl  0x000000000806a5a0      0x108 build/xeq.o
                0x000000000806a5a0                cmdcrcl
 .text.cmdircl  0x000000000806a6a8       0x20 build/xeq.o
                0x000000000806a6a8                cmdircl
 .text.cmdrrcl  0x000000000806a6c8       0x88 build/xeq.o
                0x000000000806a6c8                cmdrrcl
 .text.swap_reg
                0x000000000806a750       0x64 build/xeq.o
                0x000000000806a750                swap_reg
 .text.cmdswap  0x000000000806a7b4       0x9c build/xeq.o
                0x000000000806a7b4                cmdswap
 .text.cmdview  0x000000000806a850       0x5c build/xeq.o
                0x000000000806a850                cmdview
 .text.get_stack_size
                0x000000000806a8ac       0x48 build/xeq.o
                0x000000000806a8ac                get_stack_size
 .text.get_word_size
                0x000000000806a8f4       0x1c build/xeq.o
                0x000000000806a8f4                get_word_size
 .text.get_sign_mode
                0x000000000806a910       0x28 build/xeq.o
                0x000000000806a910                get_sign_mode
 .text.get_base
                0x000000000806a938       0x1c build/xeq.o
                0x000000000806a938                get_base
 .text.op_ticks
                0x000000000806a954       0x28 build/xeq.o
                0x000000000806a954                op_ticks
 .text.op_voltage
                0x000000000806a97c       0x64 build/xeq.o
                0x000000000806a97c                op_voltage
 .text.free_mem
                0x000000000806a9e0       0x18 build/xeq.o
                0x000000000806a9e0                free_mem
 .text.free_flash
                0x000000000806a9f8       0x14 build/xeq.o
                0x000000000806a9f8                free_flash
 .text.get_mem  0x000000000806aa0c       0xac build/xeq.o
                0x000000000806aa0c                get_mem
 .text.cmdputkey
                0x000000000806aab8       0x3c build/xeq.o
                0x000000000806aab8                cmdputkey
 .text.cmdkeytype
                0x000000000806aaf4       0x50 build/xeq.o
                0x000000000806aaf4                cmdkeytype
 .text.op_query_xtal
                0x000000000806ab44       0x24 build/xeq.o
                0x000000000806ab44                op_query_xtal
 .text.op_query_print
                0x000000000806ab68       0x28 build/xeq.o
                0x000000000806ab68                op_query_print
 .text.cmdstostk
                0x000000000806ab90       0x24 build/xeq.o
                0x000000000806ab90                cmdstostk
 .text.cmdrclstk
                0x000000000806abb4       0x24 build/xeq.o
                0x000000000806abb4                cmdrclstk
 .text.find_opcode_from
                0x000000000806abd8       0x70 build/xeq.o
                0x000000000806abd8                find_opcode_from
 .text.find_label_from
                0x000000000806ac48        0x8 build/xeq.o
                0x000000000806ac48                find_label_from
 .text.op_rtn   0x000000000806ac50       0x28 build/xeq.o
                0x000000000806ac50                op_rtn
 .text.op_popusr
                0x000000000806ac78       0x60 build/xeq.o
                0x000000000806ac78                op_popusr
 .text.findmultilbl
                0x000000000806acd8       0x4c build/xeq.o
                0x000000000806acd8                findmultilbl
 .text.get_dispmode_digs
                0x000000000806ad24       0x30 build/xeq.o
                0x000000000806ad24                get_dispmode_digs
 .text.convC2F  0x000000000806ad54       0x24 build/xeq.o
                0x000000000806ad54                convC2F
 .text.convF2C  0x000000000806ad78       0x24 build/xeq.o
                0x000000000806ad78                convF2C
 .text.convDB2AR
                0x000000000806ad9c       0x20 build/xeq.o
                0x000000000806ad9c                convDB2AR
 .text.convAR2DB
                0x000000000806adbc       0x20 build/xeq.o
                0x000000000806adbc                convAR2DB
 .text.convDB2PR
                0x000000000806addc       0x1c build/xeq.o
                0x000000000806addc                convDB2PR
 .text.convPR2DB
                0x000000000806adf8       0x1c build/xeq.o
                0x000000000806adf8                convPR2DB
 .text.do_conv  0x000000000806ae14       0x44 build/xeq.o
                0x000000000806ae14                do_conv
 .text.cmdconv  0x000000000806ae58       0x40 build/xeq.o
                0x000000000806ae58                cmdconv
 .text.fin_tst  0x000000000806ae98       0x40 build/xeq.o
                0x000000000806ae98                fin_tst
 .text.check_mode
                0x000000000806aed8       0x28 build/xeq.o
                0x000000000806aed8                check_mode
 .text.check_dblmode
                0x000000000806af00       0x20 build/xeq.o
                0x000000000806af00                check_dblmode
 .text.isTop    0x000000000806af20       0x44 build/xeq.o
                0x000000000806af20                isTop
 .text.cmdlblp  0x000000000806af64       0x28 build/xeq.o
                0x000000000806af64                cmdlblp
 .text.cmdmultilblp
                0x000000000806af8c       0x18 build/xeq.o
                0x000000000806af8c                cmdmultilblp
 .text.cmdkeyp  0x000000000806afa4       0x48 build/xeq.o
                0x000000000806afa4                cmdkeyp
 .text.do_tst   0x000000000806afec      0x170 build/xeq.o
 .text.do_ztst  0x000000000806b15c       0xd0 build/xeq.o
 .text.check_zero
                0x000000000806b22c       0x70 build/xeq.o
                0x000000000806b22c                check_zero
 .text.cmdtest  0x000000000806b29c        0x8 build/xeq.o
                0x000000000806b29c                cmdtest
 .text.cmdztest
                0x000000000806b2a4       0x2c build/xeq.o
                0x000000000806b2a4                cmdztest
 .text.cmdlincdec
                0x000000000806b2d0       0x10 build/xeq.o
                0x000000000806b2d0                cmdlincdec
 .text.cmdloopz
                0x000000000806b2e0       0x18 build/xeq.o
                0x000000000806b2e0                cmdloopz
 .text.cmdloop  0x000000000806b2f8      0x1f8 build/xeq.o
                0x000000000806b2f8                cmdloop
 .text.op_shift_digit
                0x000000000806b4f0       0x68 build/xeq.o
                0x000000000806b4f0                op_shift_digit
 .text.get_user_flag
                0x000000000806b558       0x20 build/xeq.o
                0x000000000806b558                get_user_flag
 .text.cmdflag  0x000000000806b578       0xc0 build/xeq.o
                0x000000000806b578                cmdflag
 .text.clrflags
                0x000000000806b638       0x30 build/xeq.o
                0x000000000806b638                clrflags
 .text.intws    0x000000000806b668       0xec build/xeq.o
                0x000000000806b668                intws
 .text.get_maxdenom
                0x000000000806b754       0x20 build/xeq.o
                0x000000000806b754                get_maxdenom
 .text.op_2frac
                0x000000000806b774       0xa0 build/xeq.o
                0x000000000806b774                op_2frac
 .text.op_fracdenom
                0x000000000806b814       0x84 build/xeq.o
                0x000000000806b814                op_fracdenom
 .text.op_float
                0x000000000806b898       0xd4 build/xeq.o
                0x000000000806b898                op_float
 .text.cmddisp  0x000000000806b96c       0xc4 build/xeq.o
                0x000000000806b96c                cmddisp
 .text.set_int_base
                0x000000000806ba30       0x50 build/xeq.o
                0x000000000806ba30                set_int_base
 .text.op_fract
                0x000000000806ba80       0x44 build/xeq.o
                0x000000000806ba80                op_fract
 .text.cmdsavem
                0x000000000806bac4       0x1c build/xeq.o
                0x000000000806bac4                cmdsavem
 .text.set_entry
                0x000000000806bae0       0x2c build/xeq.o
                0x000000000806bae0                set_entry
 .text.get_trig_mode
                0x000000000806bb0c       0x30 build/xeq.o
                0x000000000806bb0c                get_trig_mode
 .text.cmdpause
                0x000000000806bb3c       0x24 build/xeq.o
                0x000000000806bb3c                cmdpause
 .text.op_setspeed
                0x000000000806bb60       0x20 build/xeq.o
                0x000000000806bb60                op_setspeed
 .text.op_prompt
                0x000000000806bb80       0x30 build/xeq.o
                0x000000000806bb80                op_prompt
 .text.XisInt   0x000000000806bbb0       0x60 build/xeq.o
                0x000000000806bbb0                XisInt
 .text.XisEvenOrOdd
                0x000000000806bc10       0x64 build/xeq.o
                0x000000000806bc10                XisEvenOrOdd
 .text.XisPrime
                0x000000000806bc74       0x84 build/xeq.o
                0x000000000806bc74                XisPrime
 .text.isInfinite
                0x000000000806bcf8       0x30 build/xeq.o
                0x000000000806bcf8                isInfinite
 .text.isNan    0x000000000806bd28       0x40 build/xeq.o
                0x000000000806bd28                isNan
 .text.isSpecial
                0x000000000806bd68       0x40 build/xeq.o
                0x000000000806bd68                isSpecial
 .text.op_entryp
                0x000000000806bda8       0x14 build/xeq.o
                0x000000000806bda8                op_entryp
 .text.reg_decode
                0x000000000806bdbc      0x238 build/xeq.o
                0x000000000806bdbc                reg_decode
 .text.op_regcopy
                0x000000000806bff4       0x4c build/xeq.o
                0x000000000806bff4                op_regcopy
 .text.op_regswap
                0x000000000806c040       0x70 build/xeq.o
                0x000000000806c040                op_regswap
 .text.op_regclr
                0x000000000806c0b0       0x48 build/xeq.o
                0x000000000806c0b0                op_regclr
 .text.op_regsort
                0x000000000806c0f8      0x114 build/xeq.o
                0x000000000806c0f8                op_regsort
 .text.busy     0x000000000806c20c       0x24 build/xeq.o
                0x000000000806c20c                busy
 .text.intMonadic
                0x000000000806c230       0x98 build/xeq.o
                0x000000000806c230                intMonadic
 .text.intDyadic
                0x000000000806c2c8       0xd4 build/xeq.o
                0x000000000806c2c8                intDyadic
 .text.xeq_init_contexts
                0x000000000806c39c       0x9c build/xeq.o
                0x000000000806c39c                xeq_init_contexts
 .text.not_running
                0x000000000806c438       0x24 build/xeq.o
                0x000000000806c438                not_running
 .text.set_running_off
                0x000000000806c45c       0x24 build/xeq.o
                0x000000000806c45c                set_running_off
 .text.set_running_on
                0x000000000806c480       0x44 build/xeq.o
                0x000000000806c480                set_running_on
 .text.gsbgto   0x000000000806c4c4       0xa8 build/xeq.o
 .text.cmdgtocommon
                0x000000000806c56c       0x34 build/xeq.o
                0x000000000806c56c                cmdgtocommon
 .text.cmdgto   0x000000000806c5a0       0x44 build/xeq.o
                0x000000000806c5a0                cmdgto
 .text.branchtoalpha
                0x000000000806c5e4       0x28 build/xeq.o
 .text.cmdalphagto
                0x000000000806c60c       0x2c build/xeq.o
                0x000000000806c60c                cmdalphagto
 .text.op_gtoalpha
                0x000000000806c638       0x34 build/xeq.o
                0x000000000806c638                op_gtoalpha
 .text.cmdskip  0x000000000806c66c       0x84 build/xeq.o
                0x000000000806c66c                cmdskip
 .text.cmdback  0x000000000806c6f0       0x74 build/xeq.o
                0x000000000806c6f0                cmdback
 .text.usergsb_common
                0x000000000806c764       0x8c build/xeq.o
 .text.do_usergsb
                0x000000000806c7f0       0x18 build/xeq.o
                0x000000000806c7f0                do_usergsb
 .text.cmdmultigto
                0x000000000806c808       0x50 build/xeq.o
                0x000000000806c808                cmdmultigto
 .text.store_a_to_d
                0x000000000806c858       0x24 build/xeq.o
                0x000000000806c858                store_a_to_d
 .text.cmdlocr  0x000000000806c87c      0x16c build/xeq.o
                0x000000000806c87c                cmdlocr
 .text.cmdxout  0x000000000806c9e8      0x208 build/xeq.o
                0x000000000806c9e8                cmdxout
 .text.cmdconverged
                0x000000000806cbf0       0xf8 build/xeq.o
                0x000000000806cbf0                cmdconverged
 .text.cmdshuffle
                0x000000000806cce8       0x8c build/xeq.o
                0x000000000806cce8                cmdshuffle
 .text.cmdmode  0x000000000806cd74       0x54 build/xeq.o
                0x000000000806cd74                cmdmode
 .text.cmdlpop  0x000000000806cdc8       0x3c build/xeq.o
                0x000000000806cdc8                cmdlpop
 .text.cmdregs  0x000000000806ce04       0xb8 build/xeq.o
                0x000000000806ce04                cmdregs
 .text.op_double
                0x000000000806cebc      0x128 build/xeq.o
                0x000000000806cebc                op_double
 .text.cmdrestm
                0x000000000806cfe4       0xac build/xeq.o
                0x000000000806cfe4                cmdrestm
 .text.cmdxin   0x000000000806d090      0x1d0 build/xeq.o
                0x000000000806d090                cmdxin
 .text.xeq      0x000000000806d260      0xd0c build/xeq.o
                0x000000000806d260                xeq
 .text.xeq_single
                0x000000000806df6c       0x24 build/xeq.o
 .text.xeq_xrom2
                0x000000000806df90       0x88 build/xeq.o
 .text.xeq_xrom
                0x000000000806e018       0x14 build/xeq.o
                0x000000000806e018                xeq_xrom
 .text.dispatch_xrom
                0x000000000806e02c       0x74 build/xeq.o
 .text.op_rs    0x000000000806e0a0       0x8c build/xeq.o
                0x000000000806e0a0                op_rs
 .text.xeqprog  0x000000000806e12c       0x74 build/xeq.o
                0x000000000806e12c                xeqprog
 .text.xeq_sst_bst
                0x000000000806e1a0       0xac build/xeq.o
                0x000000000806e1a0                xeq_sst_bst
 .text.init_34s
                0x000000000806e24c       0x2c build/xeq.o
                0x000000000806e24c                init_34s
 .text.prt_multi
                0x000000000806e278       0x58 build/prt.o
 .text.prt_conv
                0x000000000806e2d0       0x64 build/prt.o
 .text.prt_specials.part.0
                0x000000000806e334      0x10c build/prt.o
 .text.num_arg_digits.part.0
                0x000000000806e440       0x34 build/prt.o
 .text.num_arg_digits
                0x000000000806e474       0x20 build/prt.o
                0x000000000806e474                num_arg_digits
 .text.prt      0x000000000806e494      0x2cc build/prt.o
                0x000000000806e494                prt
 .text.catcmd   0x000000000806e760      0x120 build/prt.o
                0x000000000806e760                catcmd
 .text.decNumberDRG_internal
                0x000000000806e880       0x9c build/decn.o
 .text.realULP  0x000000000806e91c       0x98 build/decn.o
 .text.dn_lt0   0x000000000806e9b4       0x28 build/decn.o
                0x000000000806e9b4                dn_lt0
 .text.dn_le0   0x000000000806e9dc       0x28 build/decn.o
                0x000000000806e9dc                dn_le0
 .text.dn_eq0   0x000000000806ea04       0x1c build/decn.o
                0x000000000806ea04                dn_eq0
 .text.dn_eq    0x000000000806ea20       0x50 build/decn.o
                0x000000000806ea20                dn_eq
 .text.dn_lt    0x000000000806ea70       0x44 build/decn.o
                0x000000000806ea70                dn_lt
 .text.dn_abs_lt
                0x000000000806eab4       0x20 build/decn.o
                0x000000000806eab4                dn_abs_lt
 .text.gcheckSmall
                0x000000000806ead4       0x20 build/decn.o
 .text.relative_error
                0x000000000806eaf4       0x4c build/decn.o
                0x000000000806eaf4                relative_error
 .text.absolute_error
                0x000000000806eb40       0x24 build/decn.o
                0x000000000806eb40                absolute_error
 .text.dn_add   0x000000000806eb64        0xc build/decn.o
                0x000000000806eb64                dn_add
 .text.dn_subtract
                0x000000000806eb70        0xc build/decn.o
                0x000000000806eb70                dn_subtract
 .text.dn_multiply
                0x000000000806eb7c        0xc build/decn.o
                0x000000000806eb7c                dn_multiply
 .text.dn_divide
                0x000000000806eb88        0xc build/decn.o
                0x000000000806eb88                dn_divide
 .text.dn_compare
                0x000000000806eb94        0xc build/decn.o
                0x000000000806eb94                dn_compare
 .text.dn_min   0x000000000806eba0        0xc build/decn.o
                0x000000000806eba0                dn_min
 .text.dn_max   0x000000000806ebac        0xc build/decn.o
                0x000000000806ebac                dn_max
 .text.dn_abs   0x000000000806ebb8        0xc build/decn.o
                0x000000000806ebb8                dn_abs
 .text.dn_minus
                0x000000000806ebc4        0xc build/decn.o
                0x000000000806ebc4                dn_minus
 .text.dn_plus  0x000000000806ebd0        0xc build/decn.o
                0x000000000806ebd0                dn_plus
 .text.dn_sqrt  0x000000000806ebdc        0xc build/decn.o
                0x000000000806ebdc                dn_sqrt
 .text.dn_exp   0x000000000806ebe8        0xc build/decn.o
                0x000000000806ebe8                dn_exp
 .text.dn_average
                0x000000000806ebf4       0x28 build/decn.o