Archive member included to satisfy reference by file (symbol)

build/libconsts.a(const_400.o)
                              build/xeq.o (const_400)
build/libconsts.a(const_45.o)
                              build/decn.o (const_45)
build/libconsts.a(const_0_4.o)
                              build/decn.o (const_0_4)
build/libconsts.a(const_20.o)
                              build/xeq.o (const_20)
build/libconsts.a(const_PI.o)
                              build/xeq.o (const_PI)
build/libconsts.a(const_36000.o)
                              build/stopwatch.o (const_36000)
build/libconsts.a(const_2pow64.o)
                              build/xeq.o (const_2pow64)
build/libconsts.a(const_hms_threshold.o)
                              build/display.o (const_hms_threshold)
build/libconsts.a(const_gammaC19.o)
                              build/decn.o (const_gammaC19)
build/libconsts.a(const_gammaR.o)
                              build/decn.o (const_gammaR)
build/libconsts.a(const_1e_32.o)
                              build/xeq.o (const_1e_32)
build/libconsts.a(const_gammaC16.o)
                              build/decn.o (const_gammaC16)
build/libconsts.a(const_gammaC14.o)
                              build/decn.o (const_gammaC14)
build/libconsts.a(const_32.o)
                              build/xeq.o (const_32)
build/libconsts.a(const_egamma.o)
                              build/decn.o (const_egamma)
build/libconsts.a(const_PIon2.o)
                              build/decn.o (const_PIon2)
build/libconsts.a(const_gammaC03.o)
                              build/decn.o (const_gammaC03)
build/libconsts.a(const_0_5.o)
                              build/decn.o (const_0_5)
build/libconsts.a(const_9000.o)
                              build/display.o (const_9000)
build/libconsts.a(const_90.o)
                              build/decn.o (const_90)
build/libconsts.a(const_ln2.o)
                              build/decn.o (const_ln2)
build/libconsts.a(const_gammaC02.o)
                              build/decn.o (const_gammaC02)
build/libconsts.a(const_gammaC11.o)
                              build/decn.o (const_gammaC11)
build/libconsts.a(const_gammaC20.o)
                              build/decn.o (const_gammaC20)
build/libconsts.a(const_2PI.o)
                              build/xeq.o (const_2PI)
build/libconsts.a(const_PIon200.o)
                              build/decn.o (const_PIon200)
build/libconsts.a(const_256.o)
                              build/decn.o (const_256)
build/libconsts.a(const_PIon180.o)
                              build/decn.o (const_PIon180)
build/libconsts.a(const_1on60.o)
                              build/decn.o (const_1on60)
build/libconsts.a(const_1e_24.o)
                              build/xeq.o (const_1e_24)
build/libconsts.a(const_0_0001.o)
                              build/display.o (const_0_0001)
build/libconsts.a(const_gammaC21.o)
                              build/decn.o (const_gammaC21)
build/libconsts.a(const_gammaC17.o)
                              build/decn.o (const_gammaC17)
build/libconsts.a(const_0_1.o)
                              build/decn.o (const_0_1)
build/libconsts.a(const_NaN.o)
                              build/xeq.o (const_NaN)
build/libconsts.a(const_gammaC05.o)
                              build/decn.o (const_gammaC05)
build/libconsts.a(const__0.o)
                              build/decn.o (const__0)
build/libconsts.a(const_gammaC00.o)
                              build/decn.o (const_gammaC00)
build/libconsts.a(const_50.o)
                              build/decn.o (const_50)
build/libconsts.a(const_randfac.o)
                              build/stats.o (const_randfac)
build/libconsts.a(const__inf.o)
                              build/decn.o (const__inf)
build/libconsts.a(const_10.o)
                              build/decn.o (const_10)
build/libconsts.a(const_gammaC18.o)
                              build/decn.o (const_gammaC18)
build/libconsts.a(const_60.o)
                              build/decn.o (const_60)
build/libconsts.a(const_ln10.o)
                              build/decn.o (const_ln10)
build/libconsts.a(const_1e_14.o)
                              build/xeq.o (const_1e_14)
build/libconsts.a(const_gammaC08.o)
                              build/decn.o (const_gammaC08)
build/libconsts.a(const_2.o)  build/decn.o (const_2)
build/libconsts.a(const_gammaC09.o)
                              build/decn.o (const_gammaC09)
build/libconsts.a(const_21.o)
                              build/decn.o (const_21)
build/libconsts.a(const_0.o)  build/xeq.o (const_0)
build/libconsts.a(const_gammaC07.o)
                              build/decn.o (const_gammaC07)
build/libconsts.a(const_0_05.o)
                              build/xeq.o (const_0_05)
build/libconsts.a(const_0_9.o)
                              build/decn.o (const_0_9)
build/libconsts.a(const_0_995.o)
                              build/decn.o (const_0_995)
build/libconsts.a(const_gammaC12.o)
[...]
Memory Configuration

Name             Origin             Length             Attributes
FLASH            0x0000000008050000 0x00000000000b0000 xr
RAM              0x0000000010000000 0x0000000000002000 xrw
QSPI             0x0000000090000000 0x0000000000200000 xr
*default*        0x0000000000000000 0xffffffffffffffff

Linker script and memory map

LOAD /usr/lib/gcc/arm-none-eabi/9.2.1/thumb/v7e-m+fp/hard/crti.o
LOAD /usr/lib/gcc/arm-none-eabi/9.2.1/thumb/v7e-m+fp/hard/crtbegin.o
LOAD /usr/lib/gcc/arm-none-eabi/9.2.1/../../../arm-none-eabi/lib/thumb/v7e-m+fp/hard/crt0.o
LOAD build/pgm_syscalls.o
LOAD build/keys.o
LOAD build/display.o
LOAD build/xeq.o
LOAD build/prt.o
LOAD build/decn.o
LOAD build/complex.o
LOAD build/stats.o
LOAD build/lcd.o
LOAD build/int.o
LOAD build/date.o
LOAD build/consts.o
LOAD build/alpha.o
LOAD build/charmap.o
LOAD build/commands.o
LOAD build/string.o
LOAD build/storage.o
LOAD build/matrix.o
LOAD build/font.o
LOAD build/xrom.o
LOAD build/console.o
LOAD build/stopwatch.o
LOAD build/printer.o
LOAD build/libconsts.a
LOAD build/libdecNumber.a
LOAD build/startup_pgm.o
START GROUP
LOAD /usr/lib/gcc/arm-none-eabi/9.2.1/thumb/v7e-m+fp/hard/libgcc.a
LOAD /usr/lib/gcc/arm-none-eabi/9.2.1/../../../arm-none-eabi/lib/thumb/v7e-m+fp/hard/libc.a
END GROUP
START GROUP
LOAD /usr/lib/gcc/arm-none-eabi/9.2.1/thumb/v7e-m+fp/hard/libgcc.a
LOAD /usr/lib/gcc/arm-none-eabi/9.2.1/../../../arm-none-eabi/lib/thumb/v7e-m+fp/hard/libc.a
LOAD /usr/lib/gcc/arm-none-eabi/9.2.1/../../../arm-none-eabi/lib/thumb/v7e-m+fp/hard/libnosys.a
END GROUP
LOAD /usr/lib/gcc/arm-none-eabi/9.2.1/thumb/v7e-m+fp/hard/crtend.o
LOAD /usr/lib/gcc/arm-none-eabi/9.2.1/thumb/v7e-m+fp/hard/crtn.o

.qspi           0x0000000090000000        0x0
                0x0000000090000000                . = ALIGN (0x8)
                0x0000000090000000                _qspi_start = .
 *(.qspi)
 *(.qspi*)
 *(.rodata.__bid_mod10_18_tbl)
 *(.rodata.__bid_convert_table)
 *(.rodata.bid_log_table_1)
 *(.rodata.bid_log_table_2)
 *(.rodata.bid_decimal128_moduli)
 *(.rodata.bid_exponents_bid64)
 *(.rodata.bid_exponents_binary128)
 *(.rodata.bid_breakpoints_binary128)
 *(.rodata.bid_breakpoints_bid64)
 *(.rodata.bid_multipliers1_binary128)
 *(.rodata.bid_multipliers2_bid64)
 *(.rodata.bid_multipliers1_bid64)
 *(.rodata.bid_multipliers2_binary128)
                0x0000000090000000                . = ALIGN (0x8)
                0x0000000090000000                _qspi_end = .

.rodata         0x0000000008050000     0xa8e0
 *(.rodata.prog_info)
 .rodata.prog_info
                0x0000000008050000       0x40 build/pgm_syscalls.o
                0x0000000008050000                prog_info
                0x0000000008050040                . = ALIGN (0x40)
 *(.rodata)
 .rodata        0x0000000008050040      0x1ba build/display.o
 *fill*         0x00000000080501fa        0x2 
 .rodata        0x00000000080501fc       0x29 build/xeq.o
 *fill*         0x0000000008050225        0x3 
 .rodata        0x0000000008050228       0x40 build/date.o
 .rodata        0x0000000008050268       0x39 build/console.o
 *fill*         0x00000000080502a1        0x3 
 .rodata        0x00000000080502a4       0xa0 build/printer.o
 .rodata        0x0000000008050344        0x4 /usr/lib/gcc/arm-none-eabi/9.2.1/../../../arm-none-eabi/lib/thumb/v7e-m+fp/hard/libc.a(lib_a-impure.o)
                0x0000000008050344                _global_impure_ptr
 .rodata        0x0000000008050348       0x20 /usr/lib/gcc/arm-none-eabi/9.2.1/../../../arm-none-eabi/lib/thumb/v7e-m+fp/hard/libc.a(lib_a-svfprintf.o)
 .rodata        0x0000000008050368      0x101 /usr/lib/gcc/arm-none-eabi/9.2.1/../../../arm-none-eabi/lib/thumb/v7e-m+fp/hard/libc.a(lib_a-ctype_.o)
                0x0000000008050368                _ctype_
 *fill*         0x0000000008050469        0x7 
 .rodata        0x0000000008050470      0x128 /usr/lib/gcc/arm-none-eabi/9.2.1/../../../arm-none-eabi/lib/thumb/v7e-m+fp/hard/libc.a(lib_a-mprec.o)
                0x0000000008050480                __mprec_tens
                0x0000000008050548                __mprec_tinytens
                0x0000000008050570                __mprec_bigtens
 .rodata        0x0000000008050598       0x20 /usr/lib/gcc/arm-none-eabi/9.2.1/../../../arm-none-eabi/lib/thumb/v7e-m+fp/hard/libc.a(lib_a-svfiprintf.o)
 .rodata        0x00000000080505b8       0x20 /usr/lib/gcc/arm-none-eabi/9.2.1/../../../arm-none-eabi/lib/thumb/v7e-m+fp/hard/libc.a(lib_a-vfiprintf.o)
 *(.rodata*)
 .rodata.process_keycode.str1.4
                0x00000000080505d8       0x14 build/keys.o
 .rodata.alpha_arrows
                0x00000000080505ec        0x9 build/keys.o
 *fill*         0x00000000080505f5        0x3 
 .rodata.alpha_catalogue
                0x00000000080505f8       0x12 build/keys.o
 *fill*         0x000000000805060a        0x2 
 .rodata.alpha_compares
                0x000000000805060c        0xa build/keys.o
 *fill*         0x0000000008050616        0x2 
 .rodata.alpha_letters
                0x0000000008050618       0x28 build/keys.o
 .rodata.alpha_letters_lower
                0x0000000008050640       0x28 build/keys.o
 .rodata.alpha_subscripts
                0x0000000008050668       0x1a build/keys.o
 *fill*         0x0000000008050682        0x2 
 .rodata.alpha_symbols
                0x0000000008050684       0x13 build/keys.o
 *fill*         0x0000000008050697        0x1 
 .rodata.alphamap.9480
                0x0000000008050698       0xe4 build/keys.o
 .rodata.amap.9471
                0x000000000805077c       0x20 build/keys.o
 .rodata.catalogue
                0x000000000805079c       0x87 build/keys.o
 *fill*         0x0000000008050823        0x1 
 .rodata.catalogue_sizes.9796
                0x0000000008050824       0x15 build/keys.o
 *fill*         0x0000000008050839        0x3 
 .rodata.catalogues.9804
                0x000000000805083c       0x54 build/keys.o
 .rodata.cmap.9470
                0x0000000008050890       0x30 build/keys.o
 .rodata.conv_catalogue
                0x00000000080508c0       0x58 build/keys.o
 .rodata.conv_mapping.9843
                0x0000000008050918       0x18 build/keys.o
 .rodata.cplx_catalogue
                0x0000000008050930       0x21 build/keys.o
 *fill*         0x0000000008050951        0x3 
 .rodata.disp.9654
                0x0000000008050954        0x4 build/keys.o
 .rodata.int_catalogue
                0x0000000008050958       0x4d build/keys.o
 *fill*         0x00000000080509a5        0x3 
 .rodata.linear_key_map.9436
                0x00000000080509a8       0x2f build/keys.o
 *fill*         0x00000000080509d7        0x1 
 .rodata.linear_key_map.9440
                0x00000000080509d8       0x2f build/keys.o
 *fill*         0x0000000008050a07        0x1 
 .rodata.map.9452
                0x0000000008050a08       0x2b build/keys.o
 *fill*         0x0000000008050a33        0x1 
 .rodata.matrix_catalogue
                0x0000000008050a34       0x18 build/keys.o
 .rodata.mode_catalogue
                0x0000000008050a4c       0x4f build/keys.o
 *fill*         0x0000000008050a9b        0x1 
 .rodata.op_map.9524
                0x0000000008050a9c       0x46 build/keys.o
 *fill*         0x0000000008050ae2        0x2 
 .rodata.op_map.9549
                0x0000000008050ae4       0x8c build/keys.o
 .rodata.op_map.9572
                0x0000000008050b70       0x46 build/keys.o
 *fill*         0x0000000008050bb6        0x2 
 .rodata.op_map.9627
                0x0000000008050bb8      0x118 build/keys.o
 .rodata.op_map.9639
                0x0000000008050cd0        0x6 build/keys.o
 *fill*         0x0000000008050cd6        0x2 
 .rodata.op_map.9653
                0x0000000008050cd8        0xc build/keys.o
 .rodata.op_map2.9550
                0x0000000008050ce4        0x8 build/keys.o
 .rodata.opcode_breaks
                0x0000000008050cec        0x7 build/keys.o
 *fill*         0x0000000008050cf3        0x1 
 .rodata.prob_catalogue
                0x0000000008050cf4       0x44 build/keys.o
 .rodata.prog_catalogue
                0x0000000008050d38       0x70 build/keys.o
 .rodata.program_xfcn
                0x0000000008050da8       0xa3 build/keys.o
 *fill*         0x0000000008050e4b        0x1 
 .rodata.smap.9472
                0x0000000008050e4c        0x4 build/keys.o
 .rodata.stats_catalogue
                0x0000000008050e50       0x16 build/keys.o
 *fill*         0x0000000008050e66        0x2 
 .rodata.sums_catalogue
                0x0000000008050e68       0x12 build/keys.o
 *fill*         0x0000000008050e7a        0x2 
 .rodata.test_catalogue
                0x0000000008050e7c       0x30 build/keys.o
 .rodata.check_special_dn.isra.0.str1.4
                0x0000000008050eac        0x4 build/display.o
 .rodata.carry_overflow.str1.4
                0x0000000008050eb0       0x10 build/display.o
 .rodata.annunciators.str1.4
                0x0000000008050ec0       0x74 build/display.o
 .rodata.display.str1.4
                0x0000000008050f34       0xa1 build/display.o
                                         0xa9 (size before relaxing)
 *fill*         0x0000000008050fd5        0x3 
 .rodata.str1.4
                0x0000000008050fd8        0xf build/display.o
 *fill*         0x0000000008050fe7        0x1 
 .rodata.CSWTCH.340
                0x0000000008050fe8       0x10 build/display.o
 .rodata.CSWTCH.365
                0x0000000008050ff8        0xc build/display.o
 .rodata.DIGITS
                0x0000000008051004       0x11 build/display.o
                0x0000000008051004                DIGITS
 *fill*         0x0000000008051015        0x3 
 .rodata.S7_ERROR
                0x0000000008051018        0x6 build/display.o
 *fill*         0x000000000805101e        0x2 
 .rodata.S7_INF
                0x0000000008051020        0x9 build/display.o
 *fill*         0x0000000008051029        0x3 
 .rodata.S7_NaN
                0x000000000805102c        0xd build/display.o
 *fill*         0x0000000008051039        0x3 
 .rodata.S7_STEP
                0x000000000805103c        0x6 build/display.o
 *fill*         0x0000000008051042        0x2 
 .rodata.S7_fract_EQ
                0x0000000008051044        0x4 build/display.o
 .rodata.S7_fract_GT
                0x0000000008051048        0x4 build/display.o
 .rodata.S7_fract_LT
                0x000000000805104c        0x4 build/display.o
 .rodata.S_SURE
                0x0000000008051050        0x6 build/display.o
 *fill*         0x0000000008051056        0x2 
 .rodata.SvnRevision
                0x0000000008051058        0x4 build/display.o
                0x0000000008051058                SvnRevision
 .rodata.digtbl
                0x000000000805105c       0x7a build/display.o
 *fill*         0x00000000080510d6        0x2 
 .rodata.error_table.9339
                0x00000000080510d8       0x6c build/display.o
 .rodata.libname
                0x0000000008051144       0x14 build/display.o
 .rodata.shift_chars.9444
                0x0000000008051158        0x4 build/display.o
 .rodata.small_dots.9642
                0x000000000805115c        0xd build/display.o
 *fill*         0x0000000008051169        0x3 
 .rodata.small_minus.9641
                0x000000000805116c        0x4 build/display.o
 .rodata.print_step.str1.4
                0x0000000008051170        0x5 build/xeq.o
 *fill*         0x0000000008051175        0x3 
 .rodata.display_help_file.str1.4
                0x0000000008051178       0x12 build/xeq.o
 *fill*         0x000000000805118a        0x2 
 .rodata.alpha_help.str1.4
                0x000000000805118c       0x10 build/xeq.o
                                         0x18 (size before relaxing)
 .rodata.fin_tst.str1.4
                0x000000000805119c        0xd build/xeq.o
 *fill*         0x00000000080511a9        0x3 
 .rodata.op_2frac.str1.4
                0x00000000080511ac       0x18 build/xeq.o
 .rodata.busy.str1.4
                0x00000000080511c4        0x8 build/xeq.o
 .rodata.xeq.str1.4
                0x00000000080511cc        0x8 build/xeq.o
 .rodata.StackRegMask
                0x00000000080511d4        0x4 build/xeq.o
 .rodata.convergence_tolerances
                0x00000000080511d8        0xc build/xeq.o
 .rodata.modes.11450
                0x00000000080511e4        0x7 build/xeq.o
 *fill*         0x00000000080511eb        0x1 
 .rodata.modes.11967
                0x00000000080511ec        0x4 build/xeq.o
 .rodata.xrom_targets
                0x00000000080511f0       0x34 build/xeq.o
                0x00000000080511f0                xrom_targets
 .rodata.prt_multi.str1.4
                0x0000000008051224        0x4 build/prt.o
 .rodata.prt_specials.part.0.str1.4
                0x0000000008051228       0x17 build/prt.o
                                         0x28 (size before relaxing)
 *fill*         0x000000000805123f        0x1 
 .rodata.prt_rargs.str1.4
                0x0000000008051240        0xc build/prt.o
                                         0x19 (size before relaxing)
 .rodata.prt_umen.str1.4
                0x000000000805124c        0xb build/prt.o
 *fill*         0x0000000008051257        0x1 
 .rodata.digits.8318
                0x0000000008051258       0x10 build/prt.o
 .rodata.degrees.9126
                0x0000000008051268       0x10 build/decn.o
 .rodata.gamma_consts
                0x0000000008051278       0x54 build/decn.o
                0x0000000008051278                gamma_consts
 .rodata.gradians.9127
                0x00000000080512cc       0x10 build/decn.o
 .rodata.get_sigmas.str1.4
                0x00000000080512dc       0x16 build/stats.o
 *fill*         0x00000000080512f2        0x2 
 .rodata.draw_BEG.part.0.str1.4
                0x00000000080512f4        0x4 build/lcd.o
 .rodata.draw_BATT.part.0.str1.4
                0x00000000080512f8        0x4 build/lcd.o
 .rodata.draw_BEG.str1.4
                0x00000000080512fc        0x4 build/lcd.o
 .rodata.draw_BATT.str1.4
                0x0000000008051300        0x4 build/lcd.o
 .rodata.draw_RPN.str1.4
                0x0000000008051304        0xc build/lcd.o
 .rodata.draw_RCL.str1.4
                0x0000000008051310        0x4 build/lcd.o
 .rodata.draw_LEQ.str1.4
                0x0000000008051310        0x5 build/lcd.o
                                          0xa (size before relaxing)
 *fill*         0x0000000008051315        0x3 
 .rodata.draw_dot.str1.4
                0x0000000008051318        0xc build/lcd.o
                                         0x14 (size before relaxing)
 .rodata.draw_PRT.str1.4
                0x0000000008051324        0x4 build/lcd.o
 .rodata.primes
                0x0000000008051328       0x10 build/int.o
 .rodata.date_alphaday.str1.4
                0x0000000008051338       0x16 build/date.o
 *fill*         0x000000000805134e        0x2 
 .rodata.date_alphatime.str1.4
                0x0000000008051350        0x8 build/date.o
                                          0x9 (size before relaxing)
 .rodata.mons.9133
                0x0000000008051358       0x24 build/date.o
 .rodata.str1.4
                0x000000000805137c      0x241 build/consts.o
                                        0x24d (size before relaxing)
 *fill*         0x00000000080515bd        0x3 
 .rodata.cnsts  0x00000000080515c0      0x4f8 build/consts.o
                0x00000000080515c0                cnsts
 .rodata.cnsts_conv
                0x0000000008051ab8      0x260 build/consts.o
                0x0000000008051ab8                cnsts_conv
 .rodata.cnsts_d128
                0x0000000008051d18      0x200 build/consts.o
                0x0000000008051d18                cnsts_d128
 .rodata.cnsts_d64
                0x0000000008051f18      0x260 build/consts.o
                0x0000000008051f18                cnsts_d64
 .rodata.character_remapping_order
                0x0000000008052178      0x100 build/charmap.o
 .rodata.str1.4
                0x0000000008052278      0x6f0 build/commands.o
                                        0x730 (size before relaxing)
 .rodata.argcmds
                0x0000000008052968      0xa00 build/commands.o
                0x0000000008052968                argcmds
 .rodata.dyfuncs
                0x0000000008053368      0x498 build/commands.o
                0x0000000008053368                dyfuncs
 .rodata.monfuncs
                0x0000000008053800      0xea0 build/commands.o
                0x0000000008053800                monfuncs
 .rodata.multicmds
                0x00000000080546a0       0xd0 build/commands.o
                0x00000000080546a0                multicmds
 .rodata.niladics
                0x0000000008054770      0xdc0 build/commands.o
                0x0000000008054770                niladics
 .rodata.trifuncs
                0x0000000008055530       0xf0 build/commands.o
                0x0000000008055530                trifuncs
 .rodata.program_flash.str1.4
                0x0000000008055620       0x33 build/storage.o
 *fill*         0x0000000008055653        0x1 
 .rodata.open_selected_file.str1.4
                0x0000000008055654       0x17 build/storage.o
 *fill*         0x000000000805566b        0x1 
 .rodata.init_mem.str1.4
                0x000000000805566c        0xe build/storage.o
 *fill*         0x000000000805567a        0x2 
 .rodata.reset.str1.4
                0x000000000805567c        0x7 build/storage.o
 *fill*         0x0000000008055683        0x1 
 .rodata.store_program_from_buffer.part.0.str1.4
                0x0000000008055684        0x9 build/storage.o
 *fill*         0x000000000805568d        0x3 
 .rodata.flash_backup.str1.4
                0x0000000008055690        0xe build/storage.o
 *fill*         0x000000000805569e        0x2 
 .rodata.flash_restore.str1.4
                0x00000000080556a0        0x9 build/storage.o
 *fill*         0x00000000080556a9        0x3 
 .rodata.save_lib_file.str1.4
                0x00000000080556ac       0x26 build/storage.o
 *fill*         0x00000000080556d2        0x2 
 .rodata.load_lib_file.str1.4
                0x00000000080556d4       0x1f build/storage.o
 *fill*         0x00000000080556f3        0x1 
 .rodata.save_ram_file.str1.4
                0x00000000080556f4       0x26 build/storage.o
 *fill*         0x000000000805571a        0x2 
 .rodata.load_ram_file.str1.4
                0x000000000805571c        0xe build/storage.o
 *fill*         0x000000000805572a        0x2 
 .rodata.load_backup_file.str1.4
                0x000000000805572c       0x15 build/storage.o
 *fill*         0x0000000008055741        0x3 
 .rodata.save_prog_file.str1.4
                0x0000000008055744       0x36 build/storage.o
 *fill*         0x000000000805577a        0x2 
 .rodata.load_prog_file.str1.4
                0x000000000805577c       0x28 build/storage.o
 .rodata.bm_large.5521
                0x00000000080557a4      0x2fa build/font.o
 *fill*         0x0000000008055a9e        0x2 
 .rodata.bm_small.5522
                0x0000000008055aa0      0x25e build/font.o
 *fill*         0x0000000008055cfe        0x2 
 .rodata.divs.5505
                0x0000000008055d00        0x3 build/font.o
 *fill*         0x0000000008055d03        0x1 
 .rodata.widths.5504
                0x0000000008055d04       0xab build/font.o
 *fill*         0x0000000008055daf        0x1 
 .rodata.xrom   0x0000000008055db0     0x1b10 build/xrom.o
                0x0000000008055db0                xrom
 .rodata.xrom_size
                0x00000000080578c0        0x2 build/xrom.o
                0x00000000080578c0                xrom_size
 *fill*         0x00000000080578c2        0x2 
 .rodata.menu_line_str.str1.4
                0x00000000080578c4        0x8 build/console.o
 .rodata.disp_about.str1.4
                0x00000000080578cc      0x143 build/console.o
 *fill*         0x0000000008057a0f        0x1 
 .rodata.do_multi.str1.4
                0x0000000008057a10       0x16 build/console.o
 *fill*         0x0000000008057a26        0x2 
 .rodata.str1.4
                0x0000000008057a28       0x10 build/console.o
 .rodata.MID_MENU
                0x0000000008057a38       0x10 build/console.o
                0x0000000008057a38                MID_MENU
 .rodata.Menus  0x0000000008057a48     0x1520 build/console.o
 .rodata.mapping_alpha.11215
                0x0000000008058f68      0x178 build/console.o
 .rodata.mapping_fshift.11213
                0x00000000080590e0      0x178 build/console.o
 .rodata.mapping_gshift.11214
                0x0000000008059258      0x178 build/console.o
 .rodata.mapping_none.11212
                0x00000000080593d0      0x178 build/console.o
 .rodata.mapping_running.11216
                0x0000000008059548      0x178 build/console.o
 .rodata.mid_menu
                0x00000000080596c0        0x4 build/console.o
                0x00000000080596c0                mid_menu
 .rodata.stopwatch_callback.str1.4
                0x00000000080596c4       0x16 build/stopwatch.o
 *fill*         0x00000000080596da        0x2 
 .rodata.CSWTCH.61
                0x00000000080596dc       0x40 build/stopwatch.o
 .rodata.print_reg_cmplx.part.0.str1.4
                0x000000000805971c       0x18 build/printer.o
                                         0x1c (size before relaxing)
 .rodata.print_registers_cmplx.str1.4
                0x0000000008059734        0xd build/printer.o
                                         0x11 (size before relaxing)
 *fill*         0x0000000008059741        0x3 
 .rodata.print_registers.str1.4
                0x0000000008059744        0x2 build/printer.o
                                         0x15 (size before relaxing)
 *fill*         0x0000000008059746        0x2 
 .rodata.print_trace.str1.4
                0x0000000008059748        0xc build/printer.o
                                         0x10 (size before relaxing)
 .rodata.ops.9117
                0x0000000008059754        0xe build/printer.o
 *fill*         0x0000000008059762        0x2 
 .rodata.const_400
                0x0000000008059764        0xc build/libconsts.a(const_400.o)
                0x0000000008059764                const_400
 .rodata.const_45
                0x0000000008059770        0xc build/libconsts.a(const_45.o)
                0x0000000008059770                const_45
 .rodata.const_0_4
                0x000000000805977c        0xc build/libconsts.a(const_0_4.o)
                0x000000000805977c                const_0_4
 .rodata.const_20
                0x0000000008059788        0xc build/libconsts.a(const_20.o)
                0x0000000008059788                const_20
 .rodata.const_PI
                0x0000000008059794       0x24 build/libconsts.a(const_PI.o)
                0x0000000008059794                const_PI
 .rodata.const_36000
                0x00000000080597b8        0xc build/libconsts.a(const_36000.o)
                0x00000000080597b8                const_36000
 .rodata.const_2pow64
                0x00000000080597c4       0x18 build/libconsts.a(const_2pow64.o)
                0x00000000080597c4                const_2pow64
 .rodata.const_hms_threshold
                0x00000000080597dc       0x24 build/libconsts.a(const_hms_threshold.o)
                0x00000000080597dc                const_hms_threshold
 .rodata.const_gammaC19
                0x0000000008059800       0x24 build/libconsts.a(const_gammaC19.o)
                0x0000000008059800                const_gammaC19
 .rodata.const_gammaR
                0x0000000008059824       0x10 build/libconsts.a(const_gammaR.o)
                0x0000000008059824                const_gammaR
 .rodata.const_1e_32
                0x0000000008059834        0xc build/libconsts.a(const_1e_32.o)
                0x0000000008059834                const_1e_32
 .rodata.const_gammaC16
                0x0000000008059840       0x24 build/libconsts.a(const_gammaC16.o)
                0x0000000008059840                const_gammaC16
 .rodata.const_gammaC14
                0x0000000008059864       0x24 build/libconsts.a(const_gammaC14.o)
                0x0000000008059864                const_gammaC14
 .rodata.const_32
                0x0000000008059888        0xc build/libconsts.a(const_32.o)
                0x0000000008059888                const_32
 .rodata.const_egamma
                0x0000000008059894       0x24 build/libconsts.a(const_egamma.o)
                0x0000000008059894                const_egamma
 .rodata.const_PIon2
                0x00000000080598b8       0x24 build/libconsts.a(const_PIon2.o)
                0x00000000080598b8                const_PIon2
 .rodata.const_gammaC03
                0x00000000080598dc       0x24 build/libconsts.a(const_gammaC03.o)
                0x00000000080598dc                const_gammaC03
 .rodata.const_0_5
                0x0000000008059900        0xc build/libconsts.a(const_0_5.o)
                0x0000000008059900                const_0_5
 .rodata.const_9000
                0x000000000805990c        0xc build/libconsts.a(const_9000.o)
                0x000000000805990c                const_9000
 .rodata.const_90
                0x0000000008059918        0xc build/libconsts.a(const_90.o)
                0x0000000008059918                const_90
 .rodata.const_ln2
                0x0000000008059924       0x24 build/libconsts.a(const_ln2.o)
                0x0000000008059924                const_ln2
 .rodata.const_gammaC02
                0x0000000008059948       0x24 build/libconsts.a(const_gammaC02.o)
                0x0000000008059948                const_gammaC02
 .rodata.const_gammaC11
                0x000000000805996c       0x24 build/libconsts.a(const_gammaC11.o)
                0x000000000805996c                const_gammaC11
 .rodata.const_gammaC20
                0x0000000008059990       0x24 build/libconsts.a(const_gammaC20.o)
                0x0000000008059990                const_gammaC20
 .rodata.const_2PI
                0x00000000080599b4      0x138 build/libconsts.a(const_2PI.o)
                0x00000000080599b4                const_2PI
 .rodata.const_PIon200
                0x0000000008059aec       0x24 build/libconsts.a(const_PIon200.o)
                0x0000000008059aec                const_PIon200
 .rodata.const_256
                0x0000000008059b10        0xc build/libconsts.a(const_256.o)
                0x0000000008059b10                const_256
 .rodata.const_PIon180
                0x0000000008059b1c       0x24 build/libconsts.a(const_PIon180.o)
                0x0000000008059b1c                const_PIon180
 .rodata.const_1on60
                0x0000000008059b40       0x24 build/libconsts.a(const_1on60.o)
                0x0000000008059b40                const_1on60
 .rodata.const_1e_24
                0x0000000008059b64        0xc build/libconsts.a(const_1e_24.o)
                0x0000000008059b64                const_1e_24
 .rodata.const_0_0001
                0x0000000008059b70        0xc build/libconsts.a(const_0_0001.o)
                0x0000000008059b70                const_0_0001
 .rodata.const_gammaC21
                0x0000000008059b7c       0x24 build/libconsts.a(const_gammaC21.o)
                0x0000000008059b7c                const_gammaC21
 .rodata.const_gammaC17
                0x0000000008059ba0       0x24 build/libconsts.a(const_gammaC17.o)
                0x0000000008059ba0                const_gammaC17
 .rodata.const_0_1
                0x0000000008059bc4        0xc build/libconsts.a(const_0_1.o)
                0x0000000008059bc4                const_0_1
 .rodata.const_NaN
                0x0000000008059bd0        0xc build/libconsts.a(const_NaN.o)
                0x0000000008059bd0                const_NaN
 .rodata.const_gammaC05
                0x0000000008059bdc       0x24 build/libconsts.a(const_gammaC05.o)
                0x0000000008059bdc                const_gammaC05
 .rodata.const__0
                0x0000000008059c00        0xc build/libconsts.a(const__0.o)
                0x0000000008059c00                const__0
 .rodata.const_gammaC00
                0x0000000008059c0c       0x24 build/libconsts.a(const_gammaC00.o)
                0x0000000008059c0c                const_gammaC00
 .rodata.const_50
                0x0000000008059c30        0xc build/libconsts.a(const_50.o)
                0x0000000008059c30                const_50
 .rodata.const_randfac
                0x0000000008059c3c       0x1c build/libconsts.a(const_randfac.o)
                0x0000000008059c3c                const_randfac
 .rodata.const__inf
                0x0000000008059c58        0xc build/libconsts.a(const__inf.o)
                0x0000000008059c58                const__inf
 .rodata.const_10
                0x0000000008059c64        0xc build/libconsts.a(const_10.o)
                0x0000000008059c64                const_10
 .rodata.const_gammaC18
                0x0000000008059c70       0x24 build/libconsts.a(const_gammaC18.o)
                0x0000000008059c70                const_gammaC18
 .rodata.const_60
                0x0000000008059c94        0xc build/libconsts.a(const_60.o)
                0x0000000008059c94                const_60
 .rodata.const_ln10
                0x0000000008059ca0       0x24 build/libconsts.a(const_ln10.o)
                0x0000000008059ca0                const_ln10
 .rodata.const_1e_14
                0x0000000008059cc4        0xc build/libconsts.a(const_1e_14.o)
                0x0000000008059cc4                const_1e_14
 .rodata.const_gammaC08
                0x0000000008059cd0       0x24 build/libconsts.a(const_gammaC08.o)
                0x0000000008059cd0                const_gammaC08
 .rodata.const_2
                0x0000000008059cf4        0xc build/libconsts.a(const_2.o)
                0x0000000008059cf4                const_2
 .rodata.const_gammaC09
                0x0000000008059d00       0x24 build/libconsts.a(const_gammaC09.o)
                0x0000000008059d00                const_gammaC09
 .rodata.const_21
                0x0000000008059d24        0xc build/libconsts.a(const_21.o)
                0x0000000008059d24                const_21
 .rodata.const_0
                0x0000000008059d30        0xc build/libconsts.a(const_0.o)
                0x0000000008059d30                const_0
 .rodata.const_gammaC07
                0x0000000008059d3c       0x24 build/libconsts.a(const_gammaC07.o)
                0x0000000008059d3c                const_gammaC07
 .rodata.const_0_05
                0x0000000008059d60        0xc build/libconsts.a(const_0_05.o)
                0x0000000008059d60                const_0_05
 .rodata.const_0_9
                0x0000000008059d6c        0xc build/libconsts.a(const_0_9.o)
                0x0000000008059d6c                const_0_9
 .rodata.const_0_995
                0x0000000008059d78        0xc build/libconsts.a(const_0_995.o)
                0x0000000008059d78                const_0_995
 .rodata.const_gammaC12
                0x0000000008059d84       0x24 build/libconsts.a(const_gammaC12.o)
                0x0000000008059d84                const_gammaC12
 .rodata.const_3
                0x0000000008059da8        0xc build/libconsts.a(const_3.o)
                0x0000000008059da8                const_3
 .rodata.const_180
                0x0000000008059db4        0xc build/libconsts.a(const_180.o)
                0x0000000008059db4                const_180
 .rodata.const_100000
                0x0000000008059dc0        0xc build/libconsts.a(const_100000.o)
                0x0000000008059dc0                const_100000
 .rodata.const_root2on2
                0x0000000008059dcc       0x24 build/libconsts.a(const_root2on2.o)
                0x0000000008059dcc                const_root2on2
 .rodata.const_gammaC04
                0x0000000008059df0       0x24 build/libconsts.a(const_gammaC04.o)
                0x0000000008059df0                const_gammaC04
 .rodata.const_100
                0x0000000008059e14        0xc build/libconsts.a(const_100.o)
                0x0000000008059e14                const_100
 .rodata.const_9on5
                0x0000000008059e20        0xc build/libconsts.a(const_9on5.o)
                0x0000000008059e20                const_9on5
 .rodata.const__1
                0x0000000008059e2c        0xc build/libconsts.a(const__1.o)
                0x0000000008059e2c                const__1
 .rodata.const_360
                0x0000000008059e38        0xc build/libconsts.a(const_360.o)
                0x0000000008059e38                const_360
 .rodata.const_0_6
                0x0000000008059e44        0xc build/libconsts.a(const_0_6.o)
                0x0000000008059e44                const_0_6
 .rodata.const_1e_37
                0x0000000008059e50        0xc build/libconsts.a(const_1e_37.o)
                0x0000000008059e50                const_1e_37
 .rodata.const_gammaC10
                0x0000000008059e5c       0x24 build/libconsts.a(const_gammaC10.o)
                0x0000000008059e5c                const_gammaC10
 .rodata.const_1
                0x0000000008059e80        0xc build/libconsts.a(const_1.o)
                0x0000000008059e80                const_1
 .rodata.const_inf
                0x0000000008059e8c        0xc build/libconsts.a(const_inf.o)
                0x0000000008059e8c                const_inf
 .rodata.const_gammaC01
                0x0000000008059e98       0x24 build/libconsts.a(const_gammaC01.o)
                0x0000000008059e98                const_gammaC01
 .rodata.const_200
                0x0000000008059ebc        0xc build/libconsts.a(const_200.o)
                0x0000000008059ebc                const_200
 .rodata.const_1e_10000
                0x0000000008059ec8        0xc build/libconsts.a(const_1e_10000.o)
                0x0000000008059ec8                const_1e_10000
 .rodata.const_gammaC06
                0x0000000008059ed4       0x24 build/libconsts.a(const_gammaC06.o)
                0x0000000008059ed4                const_gammaC06
 .rodata.const_5
                0x0000000008059ef8        0xc build/libconsts.a(const_5.o)
                0x0000000008059ef8                const_5
 .rodata.const_0_75
                0x0000000008059f04        0xc build/libconsts.a(const_0_75.o)
                0x0000000008059f04                const_0_75
 .rodata.const_gammaC15
                0x0000000008059f10       0x24 build/libconsts.a(const_gammaC15.o)
                0x0000000008059f10                const_gammaC15
 .rodata.const_gammaC13
                0x0000000008059f34       0x24 build/libconsts.a(const_gammaC13.o)
                0x0000000008059f34                const_gammaC13
 .rodata.decNumberToString.str1.4
                0x0000000008059f58        0x9 build/libdecNumber.a(decNumber.o)
                                         0x10 (size before relaxing)
 *fill*         0x0000000008059f61        0x3 
 .rodata.decNumberFromString.str1.4
                0x0000000008059f64       0x1c build/libdecNumber.a(decNumber.o)
                                         0x20 (size before relaxing)
 .rodata.multies
                0x0000000008059f80       0x14 build/libdecNumber.a(decNumber.o)
 .rodata.powers
                0x0000000008059f94       0x28 build/libdecNumber.a(decNumber.o)
                0x0000000008059f94                powers
 .rodata.resmap
                0x0000000008059fbc        0xa build/libdecNumber.a(decNumber.o)
 *fill*         0x0000000008059fc6        0x2 
 .rodata.uarrone
                0x0000000008059fc8        0x2 build/libdecNumber.a(decNumber.o)
 *fill*         0x0000000008059fca        0x2 
 .rodata.COMBEXP
                0x0000000008059fcc       0x80 build/libdecNumber.a(decimal64.o)
                0x0000000008059fcc                COMBEXP
 .rodata.COMBMSD
                0x000000000805a04c       0x80 build/libdecNumber.a(decimal64.o)
                0x000000000805a04c                COMBMSD
 .rodata.multies
                0x000000000805a0cc       0x14 build/libdecNumber.a(decimal64.o)
 .rodata.str1.4
                0x000000000805a0e0        0x6 /usr/lib/gcc/arm-none-eabi/9.2.1/../../../arm-none-eabi/lib/thumb/v7e-m+fp/hard/libc.a(lib_a-perror.o)
 *fill*         0x000000000805a0e6        0x2 
 .rodata.str1.4
                0x000000000805a0e8      0x700 /usr/lib/gcc/arm-none-eabi/9.2.1/../../../arm-none-eabi/lib/thumb/v7e-m+fp/hard/libc.a(lib_a-strerror.o)
                                        0x701 (size before relaxing)
 .rodata.str1.4
                0x000000000805a7e8       0x33 /usr/lib/gcc/arm-none-eabi/9.2.1/../../../arm-none-eabi/lib/thumb/v7e-m+fp/hard/libc.a(lib_a-svfprintf.o)
                                         0x42 (size before relaxing)
 *fill*         0x000000000805a81b        0x1 
 .rodata.str1.4
                0x000000000805a81c       0x46 /usr/lib/gcc/arm-none-eabi/9.2.1/../../../arm-none-eabi/lib/thumb/v7e-m+fp/hard/libc.a(lib_a-dtoa.o)
                                         0x5a (size before relaxing)
 *fill*         0x000000000805a862        0x2 
 .rodata.str1.4
                0x000000000805a864       0x33 /usr/lib/gcc/arm-none-eabi/9.2.1/../../../arm-none-eabi/lib/thumb/v7e-m+fp/hard/libc.a(lib_a-mprec.o)
                                         0x47 (size before relaxing)
 .rodata.str1.4
                0x000000000805a897       0x2f /usr/lib/gcc/arm-none-eabi/9.2.1/../../../arm-none-eabi/lib/thumb/v7e-m+fp/hard/libc.a(lib_a-svfiprintf.o)
 *fill*         0x000000000805a897        0x1 
 .rodata.str1.4
                0x000000000805a898       0x3f /usr/lib/gcc/arm-none-eabi/9.2.1/../../../arm-none-eabi/lib/thumb/v7e-m+fp/hard/libc.a(lib_a-assert.o)
                                         0x43 (size before relaxing)
 *fill*         0x000000000805a8d7        0x1 
 .rodata.str1.4
                0x000000000805a8d8        0x6 /usr/lib/gcc/arm-none-eabi/9.2.1/../../../arm-none-eabi/lib/thumb/v7e-m+fp/hard/libc.a(lib_a-locale.o)
                                         0x12 (size before relaxing)
 .rodata.str1.4
                0x000000000805a8de       0x2f /usr/lib/gcc/arm-none-eabi/9.2.1/../../../arm-none-eabi/lib/thumb/v7e-m+fp/hard/libc.a(lib_a-vfiprintf.o)
                0x000000000805a910                . = ALIGN (0x8)
 *fill*         0x000000000805a8de        0x2 
                0x0000000090000000                _qspi_init_base = LOADADDR (.qspi)
                0x0000000000000000                _qspi_init_length = SIZEOF (.qspi)

.text           0x000000000805a900    0x26a30
                0x000000000805a900                . = ALIGN (0x8)
 *(.text)
 .text          0x000000000805a900       0x88 /usr/lib/gcc/arm-none-eabi/9.2.1/thumb/v7e-m+fp/hard/crtbegin.o
 .text          0x000000000805a988       0x30 /usr/lib/gcc/arm-none-eabi/9.2.1/thumb/v7e-m+fp/hard/libgcc.a(_aeabi_uldivmod.o)
                0x000000000805a988                __aeabi_uldivmod
 .text          0x000000000805a9b8      0x2c4 /usr/lib/gcc/arm-none-eabi/9.2.1/thumb/v7e-m+fp/hard/libgcc.a(_udivmoddi4.o)
                0x000000000805a9b8                __udivmoddi4
 .text          0x000000000805ac7c        0x4 /usr/lib/gcc/arm-none-eabi/9.2.1/thumb/v7e-m+fp/hard/libgcc.a(_dvmd_tls.o)
                0x000000000805ac7c                __aeabi_ldiv0
                0x000000000805ac7c                __aeabi_idiv0
 .text          0x000000000805ac80        0xc /usr/lib/gcc/arm-none-eabi/9.2.1/../../../arm-none-eabi/lib/thumb/v7e-m+fp/hard/libc.a(lib_a-atexit.o)
                0x000000000805ac80                atexit
 .text          0x000000000805ac8c        0xc /usr/lib/gcc/arm-none-eabi/9.2.1/../../../arm-none-eabi/lib/thumb/v7e-m+fp/hard/libc.a(lib_a-errno.o)
                0x000000000805ac8c                __errno
 .text          0x000000000805ac98       0x34 /usr/lib/gcc/arm-none-eabi/9.2.1/../../../arm-none-eabi/lib/thumb/v7e-m+fp/hard/libc.a(lib_a-fini.o)
                0x000000000805ac98                __libc_fini_array
 .text          0x000000000805accc       0x48 /usr/lib/gcc/arm-none-eabi/9.2.1/../../../arm-none-eabi/lib/thumb/v7e-m+fp/hard/libc.a(lib_a-init.o)
                0x000000000805accc                __libc_init_array
 .text          0x000000000805ad14      0x134 /usr/lib/gcc/arm-none-eabi/9.2.1/../../../arm-none-eabi/lib/thumb/v7e-m+fp/hard/libc.a(lib_a-memcpy.o)
                0x000000000805ad14                memcpy
 .text          0x000000000805ae48       0xa0 /usr/lib/gcc/arm-none-eabi/9.2.1/../../../arm-none-eabi/lib/thumb/v7e-m+fp/hard/libc.a(lib_a-memset.o)
                0x000000000805ae48                memset
 .text          0x000000000805aee8      0x100 /usr/lib/gcc/arm-none-eabi/9.2.1/../../../arm-none-eabi/lib/thumb/v7e-m+fp/hard/libc.a(lib_a-perror.o)
                0x000000000805aee8                _perror_r
                0x000000000805afd8                perror
 .text          0x000000000805afe8       0x80 /usr/lib/gcc/arm-none-eabi/9.2.1/../../../arm-none-eabi/lib/thumb/v7e-m+fp/hard/libc.a(lib_a-sprintf.o)
                0x000000000805afe8                _sprintf_r
                0x000000000805b024                sprintf
 .text          0x000000000805b068       0x40 /usr/lib/gcc/arm-none-eabi/9.2.1/../../../arm-none-eabi/lib/thumb/v7e-m+fp/hard/libc.a(lib_a-strcat.o)
                0x000000000805b068                strcat
 .text          0x000000000805b0a8       0xbc /usr/lib/gcc/arm-none-eabi/9.2.1/../../../arm-none-eabi/lib/thumb/v7e-m+fp/hard/libc.a(lib_a-strcpy.o)
                0x000000000805b0a8                strcpy
 .text          0x000000000805b164      0x3fc /usr/lib/gcc/arm-none-eabi/9.2.1/../../../arm-none-eabi/lib/thumb/v7e-m+fp/hard/libc.a(lib_a-strerror.o)
                0x000000000805b164                _strerror_r
                0x000000000805b530                strerror
                0x000000000805b548                strerror_l
 *fill*         0x000000000805b560       0x20 
 .text          0x000000000805b580       0xdc /usr/lib/gcc/arm-none-eabi/9.2.1/../../../arm-none-eabi/lib/thumb/v7e-m+fp/hard/libc.a(lib_a-strlen.o)
                0x000000000805b580                strlen
 .text          0x000000000805b65c       0x74 /usr/lib/gcc/arm-none-eabi/9.2.1/../../../arm-none-eabi/lib/thumb/v7e-m+fp/hard/libc.a(lib_a-strncpy.o)
                0x000000000805b65c                strncpy
 .text          0x000000000805b6d0     0x1498 /usr/lib/gcc/arm-none-eabi/9.2.1/../../../arm-none-eabi/lib/thumb/v7e-m+fp/hard/libc.a(lib_a-svfprintf.o)
                0x000000000805b6d0                _svfprintf_r
 .text          0x000000000805cb68        0x4 /usr/lib/gcc/arm-none-eabi/9.2.1/../../../arm-none-eabi/lib/thumb/v7e-m+fp/hard/libc.a(lib_a-u_strerr.o)
                0x000000000805cb68                _user_strerror
 .text          0x000000000805cb6c       0x2c /usr/lib/gcc/arm-none-eabi/9.2.1/../../../arm-none-eabi/lib/thumb/v7e-m+fp/hard/libc.a(lib_a-writer.o)
                0x000000000805cb6c                _write_r
 .text          0x000000000805cb98       0x68 /usr/lib/gcc/arm-none-eabi/9.2.1/../../../arm-none-eabi/lib/thumb/v7e-m+fp/hard/libc.a(lib_a-__atexit.o)
                0x000000000805cb98                __register_exitproc
 .text          0x000000000805cc00      0xfc0 /usr/lib/gcc/arm-none-eabi/9.2.1/../../../arm-none-eabi/lib/thumb/v7e-m+fp/hard/libc.a(lib_a-dtoa.o)
                0x000000000805cd24                _dtoa_r
 .text          0x000000000805dbc0      0x1a4 /usr/lib/gcc/arm-none-eabi/9.2.1/../../../arm-none-eabi/lib/thumb/v7e-m+fp/hard/libc.a(lib_a-fflush.o)
                0x000000000805dbc0                __sflush_r
                0x000000000805dd0c                _fflush_r
                0x000000000805dd40                fflush
 .text          0x000000000805dd64       0x34 /usr/lib/gcc/arm-none-eabi/9.2.1/../../../arm-none-eabi/lib/thumb/v7e-m+fp/hard/libc.a(lib_a-fileno.o)
                0x000000000805dd64                fileno
 .text          0x000000000805dd98      0x1f4 /usr/lib/gcc/arm-none-eabi/9.2.1/../../../arm-none-eabi/lib/thumb/v7e-m+fp/hard/libc.a(lib_a-findfp.o)
                0x000000000805dd9c                _cleanup_r
                0x000000000805de80                __sfmoreglue
                0x000000000805deb0                __sfp
                0x000000000805df38                _cleanup
                0x000000000805df4c                __sinit
                0x000000000805df54                __sfp_lock_acquire
                0x000000000805df58                __sfp_lock_release
                0x000000000805df5c                __sinit_lock_acquire
                0x000000000805df60                __sinit_lock_release
                0x000000000805df64                __fp_lock_all
                0x000000000805df78                __fp_unlock_all
 .text          0x000000000805df8c       0xa0 /usr/lib/gcc/arm-none-eabi/9.2.1/../../../arm-none-eabi/lib/thumb/v7e-m+fp/hard/libc.a(lib_a-fwalk.o)
                0x000000000805df8c                _fwalk
                0x000000000805dfd8                _fwalk_reent
 .text          0x000000000805e02c       0x14 /usr/lib/gcc/arm-none-eabi/9.2.1/../../../arm-none-eabi/lib/thumb/v7e-m+fp/hard/libc.a(lib_a-localeconv.o)
                0x000000000805e02c                __localeconv_l
                0x000000000805e030                _localeconv_r
                0x000000000805e038                localeconv
 .text          0x000000000805e040       0xa0 /usr/lib/gcc/arm-none-eabi/9.2.1/../../../arm-none-eabi/lib/thumb/v7e-m+fp/hard/libc.a(lib_a-memchr.o)
                0x000000000805e040                memchr
 .text          0x000000000805e0e0      0x9a8 /usr/lib/gcc/arm-none-eabi/9.2.1/../../../arm-none-eabi/lib/thumb/v7e-m+fp/hard/libc.a(lib_a-mprec.o)
                0x000000000805e0e0                _Balloc
                0x000000000805e12c                _Bfree
                0x000000000805e140                __multadd
                0x000000000805e1e4                __s2b
                0x000000000805e290                __hi0bits
                0x000000000805e2d0                __lo0bits
                0x000000000805e330                __i2b
                0x000000000805e35c                __multiply
                0x000000000805e4a8                __pow5mult
                0x000000000805e540                __lshift
                0x000000000805e60c                __mcmp
                0x000000000805e644                __mdiff
                0x000000000805e76c                __ulp
                0x000000000805e7bc                __b2d
                0x000000000805e874                __d2b
                0x000000000805e948                __ratio
                0x000000000805e9a8                _mprec_log10
                0x000000000805e9e8                __copybits
                0x000000000805ea30                __any_on
 .text          0x000000000805ea88       0x90 /usr/lib/gcc/arm-none-eabi/9.2.1/../../../arm-none-eabi/lib/thumb/v7e-m+fp/hard/libc.a(lib_a-stdio.o)
                0x000000000805ea88                __sread
                0x000000000805eaac                __seofread
                0x000000000805eab0                __swrite
                0x000000000805eaf0                __sseek
                0x000000000805eb10                __sclose
 .text          0x000000000805eb18      0xb64 /usr/lib/gcc/arm-none-eabi/9.2.1/../../../arm-none-eabi/lib/thumb/v7e-m+fp/hard/libc.a(lib_a-svfiprintf.o)
                0x000000000805eb18                __ssprint_r
                0x000000000805ec10                _svfiprintf_r
 .text          0x000000000805f67c       0x48 /usr/lib/gcc/arm-none-eabi/9.2.1/../../../arm-none-eabi/lib/thumb/v7e-m+fp/hard/libc.a(lib_a-assert.o)
                0x000000000805f67c                __assert_func
                0x000000000805f6b8                __assert
 .text          0x000000000805f6c4       0x24 /usr/lib/gcc/arm-none-eabi/9.2.1/../../../arm-none-eabi/lib/thumb/v7e-m+fp/hard/libc.a(lib_a-closer.o)
                0x000000000805f6c4                _close_r
 .text          0x000000000805f6e8       0x98 /usr/lib/gcc/arm-none-eabi/9.2.1/../../../arm-none-eabi/lib/thumb/v7e-m+fp/hard/libc.a(lib_a-fclose.o)
                0x000000000805f6e8                _fclose_r
                0x000000000805f770                fclose
 .text          0x000000000805f780       0x44 /usr/lib/gcc/arm-none-eabi/9.2.1/../../../arm-none-eabi/lib/thumb/v7e-m+fp/hard/libc.a(lib_a-fiprintf.o)
                0x000000000805f780                _fiprintf_r
                0x000000000805f79c                fiprintf
 .text          0x000000000805f7c4       0x5c /usr/lib/gcc/arm-none-eabi/9.2.1/../../../arm-none-eabi/lib/thumb/v7e-m+fp/hard/libc.a(lib_a-locale.o)
                0x000000000805f7c4                _setlocale_r
                0x000000000805f804                __locale_mb_cur_max
                0x000000000805f810                setlocale
 .text          0x000000000805f820       0x2c /usr/lib/gcc/arm-none-eabi/9.2.1/../../../arm-none-eabi/lib/thumb/v7e-m+fp/hard/libc.a(lib_a-lseekr.o)
                0x000000000805f820                _lseek_r
 .text          0x000000000805f84c       0x40 /usr/lib/gcc/arm-none-eabi/9.2.1/../../../arm-none-eabi/lib/thumb/v7e-m+fp/hard/libc.a(lib_a-mbtowc_r.o)
                0x000000000805f84c                _mbtowc_r
                0x000000000805f860                __ascii_mbtowc
 .text          0x000000000805f88c       0xd0 /usr/lib/gcc/arm-none-eabi/9.2.1/../../../arm-none-eabi/lib/thumb/v7e-m+fp/hard/libc.a(lib_a-memmove.o)
                0x000000000805f88c                memmove
 .text          0x000000000805f95c       0x2c /usr/lib/gcc/arm-none-eabi/9.2.1/../../../arm-none-eabi/lib/thumb/v7e-m+fp/hard/libc.a(lib_a-readr.o)
                0x000000000805f95c                _read_r
 *fill*         0x000000000805f988       0x18 
 .text          0x000000000805f9a0      0x2dc /usr/lib/gcc/arm-none-eabi/9.2.1/../../../arm-none-eabi/lib/thumb/v7e-m+fp/hard/libc.a(lib_a-strcmp.o)
                0x000000000805f9a8                strcmp
 .text          0x000000000805fc7c      0xd00 /usr/lib/gcc/arm-none-eabi/9.2.1/../../../arm-none-eabi/lib/thumb/v7e-m+fp/hard/libc.a(lib_a-vfiprintf.o)
                0x000000000805fcf4                __sprint_r
                0x000000000805fd08                _vfiprintf_r
                0x00000000080608f8                vfiprintf
 .text          0x000000000806097c       0x30 /usr/lib/gcc/arm-none-eabi/9.2.1/../../../arm-none-eabi/lib/thumb/v7e-m+fp/hard/libc.a(lib_a-wctomb_r.o)
                0x000000000806097c                _wctomb_r
                0x0000000008060990                __ascii_wctomb
 .text          0x00000000080609ac       0xd0 /usr/lib/gcc/arm-none-eabi/9.2.1/../../../arm-none-eabi/lib/thumb/v7e-m+fp/hard/libc.a(lib_a-wsetup.o)
                0x00000000080609ac                __swsetup_r
 .text          0x0000000008060a7c       0x10 /usr/lib/gcc/arm-none-eabi/9.2.1/../../../arm-none-eabi/lib/thumb/v7e-m+fp/hard/libc.a(lib_a-abort.o)
                0x0000000008060a7c                abort
 .text          0x0000000008060a8c      0x110 /usr/lib/gcc/arm-none-eabi/9.2.1/../../../arm-none-eabi/lib/thumb/v7e-m+fp/hard/libc.a(lib_a-fputwc.o)
                0x0000000008060a8c                __fputwc
                0x0000000008060b34                _fputwc_r
                0x0000000008060b5c                fputwc
 .text          0x0000000008060b9c      0x308 /usr/lib/gcc/arm-none-eabi/9.2.1/../../../arm-none-eabi/lib/thumb/v7e-m+fp/hard/libc.a(lib_a-fvwrite.o)
                0x0000000008060b9c                __sfvwrite_r
 .text          0x0000000008060ea4       0xf0 /usr/lib/gcc/arm-none-eabi/9.2.1/../../../arm-none-eabi/lib/thumb/v7e-m+fp/hard/libc.a(lib_a-makebuf.o)
                0x0000000008060ea4                __swhatbuf_r
                0x0000000008060f00                __smakebuf_r
 .text          0x0000000008060f94      0x15c /usr/lib/gcc/arm-none-eabi/9.2.1/../../../arm-none-eabi/lib/thumb/v7e-m+fp/hard/libc.a(lib_a-signal.o)
                0x0000000008060fbc                _init_signal_r
                0x0000000008060fc8                _signal_r
                0x0000000008061000                _raise_r
                0x0000000008061058                __sigtramp_r
                0x00000000080610ac                raise
                0x00000000080610bc                signal
                0x00000000080610cc                _init_signal
                0x00000000080610e0                __sigtramp
 .text          0x00000000080610f0       0x2c /usr/lib/gcc/arm-none-eabi/9.2.1/../../../arm-none-eabi/lib/thumb/v7e-m+fp/hard/libc.a(lib_a-signalr.o)
                0x00000000080610f0                _kill_r
                0x0000000008061118                _getpid_r
 .text          0x000000000806111c       0xc0 /usr/lib/gcc/arm-none-eabi/9.2.1/../../../arm-none-eabi/lib/thumb/v7e-m+fp/hard/libc.a(lib_a-wbuf.o)
                0x000000000806111c                __swbuf_r
                0x00000000080611cc                __swbuf
 .text          0x00000000080611dc       0x7c /usr/lib/gcc/arm-none-eabi/9.2.1/../../../arm-none-eabi/lib/thumb/v7e-m+fp/hard/libc.a(lib_a-wcrtomb.o)
                0x00000000080611dc                _wcrtomb_r
                0x0000000008061210                wcrtomb
 .text          0x0000000008061258       0x28 /usr/lib/gcc/arm-none-eabi/9.2.1/../../../arm-none-eabi/lib/thumb/v7e-m+fp/hard/libc.a(lib_a-fstatr.o)
                0x0000000008061258                _fstat_r
 .text          0x0000000008061280       0x24 /usr/lib/gcc/arm-none-eabi/9.2.1/../../../arm-none-eabi/lib/thumb/v7e-m+fp/hard/libc.a(lib_a-isattyr.o)
                0x0000000008061280                _isatty_r
 .text          0x00000000080612a4      0x378 /usr/lib/gcc/arm-none-eabi/9.2.1/thumb/v7e-m+fp/hard/libgcc.a(_arm_addsubdf3.o)
                0x00000000080612a4                __aeabi_drsub
                0x00000000080612ac                __aeabi_dsub
                0x00000000080612ac                __subdf3
                0x00000000080612b0                __adddf3
                0x00000000080612b0                __aeabi_dadd
                0x0000000008061528                __aeabi_ui2d
                0x0000000008061528                __floatunsidf
                0x0000000008061548                __floatsidf
                0x0000000008061548                __aeabi_i2d
                0x000000000806156c                __extendsfdf2
                0x000000000806156c                __aeabi_f2d
                0x00000000080615b0                __aeabi_ul2d
                0x00000000080615b0                __floatundidf
                0x00000000080615c0                __floatdidf
                0x00000000080615c0                __aeabi_l2d
 .text          0x000000000806161c      0x424 /usr/lib/gcc/arm-none-eabi/9.2.1/thumb/v7e-m+fp/hard/libgcc.a(_arm_muldivdf3.o)
                0x000000000806161c                __aeabi_dmul
                0x000000000806161c                __muldf3
                0x0000000008061870                __aeabi_ddiv
                0x0000000008061870                __divdf3
 .text          0x0000000008061a40      0x110 /usr/lib/gcc/arm-none-eabi/9.2.1/thumb/v7e-m+fp/hard/libgcc.a(_arm_cmpdf2.o)
                0x0000000008061a40                __gtdf2
                0x0000000008061a40                __gedf2
                0x0000000008061a48                __ltdf2
                0x0000000008061a48                __ledf2
                0x0000000008061a50                __cmpdf2
                0x0000000008061a50                __eqdf2
                0x0000000008061a50                __nedf2
                0x0000000008061acc                __aeabi_cdrcmple
                0x0000000008061adc                __aeabi_cdcmple
                0x0000000008061adc                __aeabi_cdcmpeq
                0x0000000008061aec                __aeabi_dcmpeq
                0x0000000008061b00                __aeabi_dcmplt
                0x0000000008061b14                __aeabi_dcmple
                0x0000000008061b28                __aeabi_dcmpge
                0x0000000008061b3c                __aeabi_dcmpgt
 .text          0x0000000008061b50       0x2c /usr/lib/gcc/arm-none-eabi/9.2.1/thumb/v7e-m+fp/hard/libgcc.a(_arm_unorddf2.o)
                0x0000000008061b50                __aeabi_dcmpun
                0x0000000008061b50                __unorddf2
 .text          0x0000000008061b7c       0x50 /usr/lib/gcc/arm-none-eabi/9.2.1/thumb/v7e-m+fp/hard/libgcc.a(_arm_fixdfsi.o)
                0x0000000008061b7c                __fixdfsi
                0x0000000008061b7c                __aeabi_d2iz
 .text          0x0000000008061bcc        0x4 /usr/lib/gcc/arm-none-eabi/9.2.1/../../../arm-none-eabi/lib/thumb/v7e-m+fp/hard/libnosys.a(_exit.o)
                0x0000000008061bcc                _exit
 *(.text*)
 .text._read    0x0000000008061bd0        0x4 build/pgm_syscalls.o
                0x0000000008061bd0                _read
 .text._write   0x0000000008061bd4        0x8 build/pgm_syscalls.o
                0x0000000008061bd4                _write
 .text._close   0x0000000008061bdc        0x8 build/pgm_syscalls.o
                0x0000000008061bdc                _close
 .text._fstat   0x0000000008061be4        0xc build/pgm_syscalls.o
                0x0000000008061be4                _fstat
 .text._isatty  0x0000000008061bf0        0x4 build/pgm_syscalls.o
                0x0000000008061bf0                _isatty
 .text._lseek   0x0000000008061bf4        0x4 build/pgm_syscalls.o
                0x0000000008061bf4                _lseek
 .text._kill    0x0000000008061bf8       0x10 build/pgm_syscalls.o
                0x0000000008061bf8                _kill
 .text._getpid  0x0000000008061c08        0x4 build/pgm_syscalls.o
                0x0000000008061c08                _getpid
 .text.free     0x0000000008061c0c        0x8 build/pgm_syscalls.o
                0x0000000008061c0c                free
 .text.calloc   0x0000000008061c14        0x8 build/pgm_syscalls.o
                0x0000000008061c14                calloc
 .text.__wrap__malloc_r
                0x0000000008061c1c        0xc build/pgm_syscalls.o
                0x0000000008061c1c                __wrap__malloc_r
 .text._calloc_r
                0x0000000008061c28        0xc build/pgm_syscalls.o
                0x0000000008061c28                _calloc_r
 .text._realloc_r
                0x0000000008061c34        0xc build/pgm_syscalls.o
                0x0000000008061c34                _realloc_r
 .text._free_r  0x0000000008061c40        0xc build/pgm_syscalls.o
                0x0000000008061c40                _free_r
 .text.post_main
                0x0000000008061c4c       0x1c build/pgm_syscalls.o
                0x0000000008061c4c                post_main
 .text.gtodot_digit
                0x0000000008061c68       0x60 build/keys.o
 .text.check_f_key
                0x0000000008061cc8       0x40 build/keys.o
 .text.is_label_or_end_at
                0x0000000008061d08       0x30 build/keys.o
 .text.advance_to_next_label
                0x0000000008061d38       0x4c build/keys.o
 .text.init_cat
                0x0000000008061d84       0xec build/keys.o
 .text.advance_to_previous_label
                0x0000000008061e70       0x50 build/keys.o
 .text.check_confirm.part.0
                0x0000000008061ec0       0x38 build/keys.o
 .text.init_arg.part.0
                0x0000000008061ef8       0x28 build/keys.o
 .text.reset_arg
                0x0000000008061f20       0x1c build/keys.o
 .text.arg_eval
                0x0000000008061f3c       0x9c build/keys.o
 .text.arg_digit
                0x0000000008061fd8      0x104 build/keys.o
 .text.process_arg_shuffle
                0x00000000080620dc       0x30 build/keys.o
 .text.process_h_shifted
                0x000000000806210c       0xd8 build/keys.o
 .text.intltr   0x00000000080621e4       0x38 build/keys.o
 .text.process_normal
                0x000000000806221c      0x18c build/keys.o
 .text.process_fg_shifted
                0x00000000080623a8      0x2a8 build/keys.o
 .text.set_window
                0x0000000008062650       0x98 build/keys.o
 .text.arg_storcl
                0x00000000080626e8       0x44 build/keys.o
 .text.process_arg
                0x000000000806272c      0x564 build/keys.o
 .text.cur_shift
                0x0000000008062c90       0x14 build/keys.o
                0x0000000008062c90                cur_shift
 .text.reset_shift
                0x0000000008062ca4       0x18 build/keys.o
                0x0000000008062ca4                reset_shift
 .text.keycode_to_row_column
                0x0000000008062cbc       0x24 build/keys.o
                0x0000000008062cbc                keycode_to_row_column
 .text.row_column_to_keycode
                0x0000000008062ce0       0x40 build/keys.o
                0x0000000008062ce0                row_column_to_keycode
 .text.init_state
                0x0000000008062d20       0x80 build/keys.o
                0x0000000008062d20                init_state
 .text.process_cmplx
                0x0000000008062da0       0xd0 build/keys.o
 .text.soft_init_state
                0x0000000008062e70       0x60 build/keys.o
                0x0000000008062e70                soft_init_state
 .text.finish_cpx_entry
                0x0000000008062ed0       0xc8 build/keys.o
                0x0000000008062ed0                finish_cpx_entry
 .text.stack_begin
                0x0000000008062f98       0xbc build/keys.o
                0x0000000008062f98                stack_begin
 .text.current_catalogue
                0x0000000008063054       0xe0 build/keys.o
                0x0000000008063054                current_catalogue
 .text.process_catalogue
                0x0000000008063134      0x31c build/keys.o
 .text.get_alpha_state
                0x0000000008063450       0x28 build/keys.o
                0x0000000008063450                get_alpha_state
 .text.process_keycode
                0x0000000008063478     0x1e98 build/keys.o
                0x0000000008063478                process_keycode
 .text.process_keycode_with_shift
                0x0000000008065310       0xb0 build/keys.o
                0x0000000008065310                process_keycode_with_shift
 .text.set_separator_decimal_modes
                0x00000000080653c0       0x54 build/display.o
 .text.set_dig  0x0000000008065414       0x30 build/display.o
 .text.hms_render
                0x0000000008065444       0xa8 build/display.o
 .text.set_exp_digits_string
                0x00000000080654ec       0x40 build/display.o
 .text.hms_step
                0x000000000806552c       0x38 build/display.o
 .text.set_exp  0x0000000008065564      0x100 build/display.o
 .text.set_annunciators
                0x0000000008065664       0xcc build/display.o
 .text.set_separator.part.0
                0x0000000008065730       0x20 build/display.o
 .text.set_decimal.part.0
                0x0000000008065750       0x20 build/display.o
 .text.set_digits_string
                0x0000000008065770       0x40 build/display.o
 .text.check_special_dn.isra.0
                0x00000000080657b0       0x64 build/display.o
 .text.set_x_hms
                0x0000000008065814      0x1d0 build/display.o
 .text.set_x_fract
                0x00000000080659e4      0x1ac build/display.o
 .text.carry_overflow
                0x0000000008065b90       0x7c build/display.o
 .text.set_int_x
                0x0000000008065c0c      0x3cc build/display.o
 .text.s_s_sized.constprop.0
                0x0000000008065fd8      0x15c build/display.o
 .text.dot      0x0000000008066134        0xc build/display.o
                0x0000000008066134                dot
 .text.std_round_fix
                0x0000000008066140       0x7c build/display.o
                0x0000000008066140                std_round_fix
 .text.pixel_length
                0x00000000080661bc       0x40 build/display.o
                0x00000000080661bc                pixel_length
 .text.set_status
                0x00000000080661fc       0x38 build/display.o
 .text.set_x_dn
                0x0000000008066234      0x9e0 build/display.o
                0x0000000008066234                set_x_dn
 .text.set_x    0x0000000008066c14       0x34 build/display.o
 .text.format_reg
                0x0000000008066c48       0x6c build/display.o
                0x0000000008066c48                format_reg
 .text.set_status_right
                0x0000000008066cb4       0x64 build/display.o
 .text.annunciators
                0x0000000008066d18      0x52c build/display.o
 .text.display  0x0000000008067244      0xdd8 build/display.o
                0x0000000008067244                display
 .text.frozen_display
                0x000000000806801c       0x20 build/display.o
                0x000000000806801c                frozen_display
 .text.message  0x000000000806803c       0x70 build/display.o
                0x000000000806803c                message
 .text.error_message
                0x00000000080680ac       0xe8 build/display.o
                0x00000000080680ac                error_message
 .text.stopwatch_message
                0x0000000008068194       0x50 build/display.o
                0x0000000008068194                stopwatch_message
 .text.find_section_bounds
                0x00000000080681e4       0x78 build/xeq.o
 .text.reg_address
                0x000000000806825c       0x64 build/xeq.o
 .text.retstk_up
                0x00000000080682c0       0x80 build/xeq.o
 .text.flag_word
                0x0000000008068340       0x80 build/xeq.o
 .text.set_zero
                0x00000000080683c0       0x24 build/xeq.o
 .text.intResult
                0x00000000080683e4       0xac build/xeq.o
 .text.check_stack_overlap
                0x0000000008068490       0x74 build/xeq.o
 .text.move_retstk
                0x0000000008068504       0x80 build/xeq.o
                0x0000000008068504                move_retstk
 .text.local_regs_rarg
                0x0000000008068584       0x68 build/xeq.o
                0x0000000008068584                local_regs_rarg
 .text.get_reg_limit
                0x00000000080685ec       0xbc build/xeq.o
 .text.local_regs
                0x00000000080686a8       0x44 build/xeq.o
                0x00000000080686a8                local_regs
 .text.global_regs_rarg
                0x00000000080686ec       0x40 build/xeq.o
                0x00000000080686ec                global_regs_rarg
 .text.global_regs
                0x000000000806872c       0x24 build/xeq.o
                0x000000000806872c                global_regs
 .text.version  0x0000000008068750       0x1c build/xeq.o
                0x0000000008068750                version
 .text.cmd_off  0x000000000806876c        0x4 build/xeq.o
                0x000000000806876c                cmd_off
 .text.init_RegionTab
                0x0000000008068770       0x2c build/xeq.o
                0x0000000008068770                init_RegionTab
 .text.sizeLIB  0x000000000806879c       0x20 build/xeq.o
                0x000000000806879c                sizeLIB
 .text.getprog  0x00000000080687bc       0x50 build/xeq.o
                0x00000000080687bc                getprog
 .text.get_current_prog
                0x000000000806880c       0x28 build/xeq.o
                0x000000000806880c                get_current_prog
 .text.do_inc   0x0000000008068834       0x48 build/xeq.o
                0x0000000008068834                do_inc
 .text.user_pc.part.0
                0x000000000806887c       0x38 build/xeq.o
 .text.print_step
                0x00000000080688b4       0xac build/xeq.o
 .text.do_dec   0x0000000008068960       0x4c build/xeq.o
                0x0000000008068960                do_dec
 .text.update_program_bounds
                0x00000000080689ac       0x98 build/xeq.o
                0x00000000080689ac                update_program_bounds
 .text.set_pc   0x0000000008068a44       0xb0 build/xeq.o
                0x0000000008068a44                set_pc
 .text.incpc    0x0000000008068af4       0x2c build/xeq.o
                0x0000000008068af4                incpc
 .text.decpc    0x0000000008068b20       0x28 build/xeq.o
                0x0000000008068b20                decpc
 .text.do_rtn   0x0000000008068b48       0xa0 build/xeq.o
 .text.user_pc  0x0000000008068be8       0x14 build/xeq.o
                0x0000000008068be8                user_pc
 .text.find_user_pc
                0x0000000008068bfc       0x54 build/xeq.o
                0x0000000008068bfc                find_user_pc
 .text.report_err
                0x0000000008068c50       0x20 build/xeq.o
                0x0000000008068c50                report_err
 .text.report_warn
                0x0000000008068c70       0x5c build/xeq.o
                0x0000000008068c70                report_warn
 .text.bad_mode_error
                0x0000000008068ccc       0x10 build/xeq.o
                0x0000000008068ccc                bad_mode_error
 .text.cmderr   0x0000000008068cdc       0x14 build/xeq.o
                0x0000000008068cdc                cmderr
 .text.cmdmsg   0x0000000008068cf0        0x4 build/xeq.o
                0x0000000008068cf0                cmdmsg
 .text.rarg_roundingmode
                0x0000000008068cf4       0x18 build/xeq.o
                0x0000000008068cf4                rarg_roundingmode
 .text.packed_from_number
                0x0000000008068d0c       0x3c build/xeq.o
                0x0000000008068d0c                packed_from_number
 .text.packed128_from_number
                0x0000000008068d48       0x3c build/xeq.o
                0x0000000008068d48                packed128_from_number
 .text.check_special
                0x0000000008068d84       0xa8 build/xeq.o
 .text.packed_from_packed128
                0x0000000008068e2c       0x1c build/xeq.o
                0x0000000008068e2c                packed_from_packed128
 .text.packed128_from_packed
                0x0000000008068e48       0x1c build/xeq.o
                0x0000000008068e48                packed128_from_packed
 .text.stack_size
                0x0000000008068e64       0x38 build/xeq.o
                0x0000000008068e64                stack_size
 .text.copyreg  0x0000000008068e9c       0x20 build/xeq.o
                0x0000000008068e9c                copyreg
 .text.set_lift
                0x0000000008068ebc       0x10 build/xeq.o
                0x0000000008068ebc                set_lift
 .text.entry_rpn_on_off
                0x0000000008068ecc       0x34 build/xeq.o
                0x0000000008068ecc                entry_rpn_on_off
 .text.is_dblmode
                0x0000000008068f00       0x20 build/xeq.o
                0x0000000008068f00                is_dblmode
 .text.s_to_i   0x0000000008068f20       0x6c build/xeq.o
                0x0000000008068f20                s_to_i
 .text.digit    0x0000000008068f8c      0x190 build/xeq.o
 .text.s_to_ull
                0x000000000806911c       0x3c build/xeq.o
                0x000000000806911c                s_to_ull
 .text.get_cmdline
                0x0000000008069158       0x18 build/xeq.o
                0x0000000008069158                get_cmdline
 .text.is_bad_cmdline
                0x0000000008069170        0x4 build/xeq.o
                0x0000000008069170                is_bad_cmdline
 .text.get_flash_reg_n
                0x0000000008069174       0x20 build/xeq.o
                0x0000000008069174                get_flash_reg_n
 .text.get_const
                0x0000000008069194       0x84 build/xeq.o
                0x0000000008069194                get_const
 .text.get_reg_n
                0x0000000008069218       0xbc build/xeq.o
                0x0000000008069218                get_reg_n
 .text.lift     0x00000000080692d4       0x6c build/xeq.o
                0x00000000080692d4                lift
 .text.lift2_if_enabled
                0x0000000008069340       0x48 build/xeq.o
 .text.lower    0x0000000008069388       0x74 build/xeq.o
 .text.get_stack_top
                0x00000000080693fc       0x3c build/xeq.o
 .text.roll_down
                0x0000000008069438       0x54 build/xeq.o
                0x0000000008069438                roll_down
 .text.cpx_roll_down
                0x000000000806948c       0x34 build/xeq.o
                0x000000000806948c                cpx_roll_down
 .text.roll_up  0x00000000080694c0       0x54 build/xeq.o
                0x00000000080694c0                roll_up
 .text.cpx_roll_up
                0x0000000008069514       0x34 build/xeq.o
                0x0000000008069514                cpx_roll_up
 .text.fill     0x0000000008069548       0x70 build/xeq.o
                0x0000000008069548                fill
 .text.lower2   0x00000000080695b8       0x74 build/xeq.o
 .text.drop     0x000000000806962c       0x20 build/xeq.o
                0x000000000806962c                drop
 .text.copyreg_n
                0x000000000806964c       0x3c build/xeq.o
                0x000000000806964c                copyreg_n
 .text.setlastX
                0x0000000008069688        0x8 build/xeq.o
                0x0000000008069688                setlastX
 .text.setlastXY
                0x0000000008069690       0x18 build/xeq.o
 .text.getRegister
                0x00000000080696a8       0x34 build/xeq.o
                0x00000000080696a8                getRegister
 .text.getX     0x00000000080696dc        0x8 build/xeq.o
                0x00000000080696dc                getX
 .text.getY     0x00000000080696e4        0x8 build/xeq.o
                0x00000000080696e4                getY
 .text.getXY    0x00000000080696ec       0x18 build/xeq.o
                0x00000000080696ec                getXY
 .text.getXYZ   0x0000000008069704       0x20 build/xeq.o
                0x0000000008069704                getXYZ
 .text.getXYZT  0x0000000008069724       0x14 build/xeq.o
                0x0000000008069724                getXYZT
 .text.storcl_op
                0x0000000008069738       0x84 build/xeq.o
 .text.storcl_cop
                0x00000000080697bc       0xc0 build/xeq.o
 .text.cpx_enter
                0x000000000806987c       0x50 build/xeq.o
                0x000000000806987c                cpx_enter
 .text.cpx_fill
                0x00000000080698cc       0x94 build/xeq.o
                0x00000000080698cc                cpx_fill
 .text.setRegister
                0x0000000008069960       0x54 build/xeq.o
                0x0000000008069960                setRegister
 .text.setX     0x00000000080699b4        0x8 build/xeq.o
                0x00000000080699b4                setX
 .text.rarg_round
                0x00000000080699bc       0x70 build/xeq.o
                0x00000000080699bc                rarg_round
 .text.setY     0x0000000008069a2c        0x8 build/xeq.o
                0x0000000008069a2c                setY
 .text.setXY    0x0000000008069a34       0x2c build/xeq.o
                0x0000000008069a34                setXY
 .text.convert_regK
                0x0000000008069a60       0xc4 build/xeq.o
                0x0000000008069a60                convert_regK
 .text.cpx_nop  0x0000000008069b24      0x178 build/xeq.o
                0x0000000008069b24                cpx_nop
 .text.get_reg_n_int
                0x0000000008069c9c       0x1c build/xeq.o
                0x0000000008069c9c                get_reg_n_int
 .text.storcl_intop
                0x0000000008069cb8       0xb0 build/xeq.o
 .text.incdec   0x0000000008069d68       0x98 build/xeq.o
 .text.set_reg_n_int
                0x0000000008069e00       0x1c build/xeq.o
                0x0000000008069e00                set_reg_n_int
 .text.get_reg_n_int_sgn
                0x0000000008069e1c       0x38 build/xeq.o
                0x0000000008069e1c                get_reg_n_int_sgn
 .text.get_keycode_from_reg
                0x0000000008069e54       0x30 build/xeq.o
 .text.getX_int
                0x0000000008069e84        0x8 build/xeq.o
                0x0000000008069e84                getX_int
 .text.getX_int_sgn
                0x0000000008069e8c        0x8 build/xeq.o
                0x0000000008069e8c                getX_int_sgn
 .text.set_reg_n_int_sgn
                0x0000000008069e94       0x64 build/xeq.o
                0x0000000008069e94                set_reg_n_int_sgn
 .text.op_roundingmode
                0x0000000008069ef8       0x28 build/xeq.o
                0x0000000008069ef8                op_roundingmode
 .text.register_from_int
                0x0000000008069f20       0x64 build/xeq.o
 .text.int_from_register
                0x0000000008069f84       0x48 build/xeq.o
 .text.switch_to_int
                0x0000000008069fcc       0x80 build/xeq.o
 .text.process_cmdline.part.0
                0x000000000806a04c      0x250 build/xeq.o
 .text.process_cmdline
                0x000000000806a29c       0x10 build/xeq.o
                0x000000000806a29c                process_cmdline
 .text.cpx_pi   0x000000000806a2ac       0xcc build/xeq.o
                0x000000000806a2ac                cpx_pi
 .text.process_cmdline_set_lift
                0x000000000806a378       0x24 build/xeq.o
                0x000000000806a378                process_cmdline_set_lift
 .text.setX_int
                0x000000000806a39c       0x20 build/xeq.o
                0x000000000806a39c                setX_int
 .text.do_rcl   0x000000000806a3bc       0xdc build/xeq.o
 .text.setX_int_sgn
                0x000000000806a498       0x18 build/xeq.o
                0x000000000806a498                setX_int_sgn
 .text.zero_X   0x000000000806a4b0        0xc build/xeq.o
                0x000000000806a4b0                zero_X
 .text.zero_Y   0x000000000806a4bc       0x10 build/xeq.o
                0x000000000806a4bc                zero_Y
 .text.clrx     0x000000000806a4cc       0x78 build/xeq.o
                0x000000000806a4cc                clrx
 .text.clrstk   0x000000000806a544       0x6c build/xeq.o
                0x000000000806a544                clrstk
 .text.clrreg   0x000000000806a5b0      0x130 build/xeq.o
                0x000000000806a5b0                clrreg
 .text.clrretstk
                0x000000000806a6e0       0x1c build/xeq.o
                0x000000000806a6e0                clrretstk
 .text.clrretstk_pc
                0x000000000806a6fc       0x2c build/xeq.o
                0x000000000806a6fc                clrretstk_pc
 .text.cmdconst
                0x000000000806a728       0xd4 build/xeq.o
                0x000000000806a728                cmdconst
 .text.cmdsto   0x000000000806a7fc       0x80 build/xeq.o
                0x000000000806a7fc                cmdsto
 .text.cmdrcl   0x000000000806a87c        0x4 build/xeq.o
                0x000000000806a87c                cmdrcl
 .text.cmdcsto  0x000000000806a880       0xd0 build/xeq.o
                0x000000000806a880                cmdcsto
 .text.cmdcrcl  0x000000000806a950      0x108 build/xeq.o
                0x000000000806a950                cmdcrcl
 .text.cmdircl  0x000000000806aa58       0x20 build/xeq.o
                0x000000000806aa58                cmdircl
 .text.cmdrrcl  0x000000000806aa78       0x88 build/xeq.o
                0x000000000806aa78                cmdrrcl
 .text.swap_reg
                0x000000000806ab00       0x64 build/xeq.o
                0x000000000806ab00                swap_reg
 .text.cmdswap  0x000000000806ab64       0x9c build/xeq.o
                0x000000000806ab64                cmdswap
 .text.cmdview  0x000000000806ac00       0x5c build/xeq.o
                0x000000000806ac00                cmdview
 .text.get_stack_size
                0x000000000806ac5c       0x48 build/xeq.o
                0x000000000806ac5c                get_stack_size
 .text.get_word_size
                0x000000000806aca4       0x1c build/xeq.o
                0x000000000806aca4                get_word_size
 .text.get_sign_mode
                0x000000000806acc0       0x28 build/xeq.o
                0x000000000806acc0                get_sign_mode
 .text.get_base
                0x000000000806ace8       0x1c build/xeq.o
                0x000000000806ace8                get_base
 .text.DM42_Ticker
                0x000000000806ad04       0x18 build/xeq.o
                0x000000000806ad04                DM42_Ticker
 .text.op_ticks
                0x000000000806ad1c       0x28 build/xeq.o
                0x000000000806ad1c                op_ticks
 .text.op_voltage
                0x000000000806ad44       0x64 build/xeq.o
                0x000000000806ad44                op_voltage
 .text.free_mem
                0x000000000806ada8       0x18 build/xeq.o
                0x000000000806ada8                free_mem
 .text.free_flash
                0x000000000806adc0       0x14 build/xeq.o
                0x000000000806adc0                free_flash
 .text.get_mem  0x000000000806add4       0xb0 build/xeq.o
                0x000000000806add4                get_mem
 .text.cmdputkey
                0x000000000806ae84       0x3c build/xeq.o
                0x000000000806ae84                cmdputkey
 .text.cmdkeytype
                0x000000000806aec0       0x50 build/xeq.o
                0x000000000806aec0                cmdkeytype
 .text.cmdstostk
                0x000000000806af10       0x24 build/xeq.o
                0x000000000806af10                cmdstostk
 .text.cmdrclstk
                0x000000000806af34       0x24 build/xeq.o
                0x000000000806af34                cmdrclstk
 .text.find_opcode_from
                0x000000000806af58       0x70 build/xeq.o
                0x000000000806af58                find_opcode_from
 .text.find_label_from
                0x000000000806afc8        0x8 build/xeq.o
                0x000000000806afc8                find_label_from
 .text.op_rtn   0x000000000806afd0       0x28 build/xeq.o
                0x000000000806afd0                op_rtn
 .text.op_popusr
                0x000000000806aff8       0x6c build/xeq.o
                0x000000000806aff8                op_popusr
 .text.findmultilbl
                0x000000000806b064       0x4c build/xeq.o
                0x000000000806b064                findmultilbl
 .text.multiumenu
                0x000000000806b0b0       0x84 build/xeq.o
                0x000000000806b0b0                multiumenu
 .text.display_help_file
                0x000000000806b134       0x54 build/xeq.o
                0x000000000806b134                display_help_file
 .text.alpha_help
                0x000000000806b188       0x70 build/xeq.o
                0x000000000806b188                alpha_help
 .text.get_dispmode_digs
                0x000000000806b1f8       0x30 build/xeq.o
                0x000000000806b1f8                get_dispmode_digs
 .text.convC2F  0x000000000806b228       0x24 build/xeq.o
                0x000000000806b228                convC2F
 .text.convF2C  0x000000000806b24c       0x24 build/xeq.o
                0x000000000806b24c                convF2C
 .text.convDB2AR
                0x000000000806b270       0x20 build/xeq.o
                0x000000000806b270                convDB2AR
 .text.convAR2DB
                0x000000000806b290       0x20 build/xeq.o
                0x000000000806b290                convAR2DB
 .text.convDB2PR
                0x000000000806b2b0       0x1c build/xeq.o
                0x000000000806b2b0                convDB2PR
 .text.convPR2DB
                0x000000000806b2cc       0x1c build/xeq.o
                0x000000000806b2cc                convPR2DB
 .text.do_conv  0x000000000806b2e8       0x44 build/xeq.o
                0x000000000806b2e8                do_conv
 .text.cmdconv  0x000000000806b32c       0x40 build/xeq.o
                0x000000000806b32c                cmdconv
 .text.fin_tst  0x000000000806b36c       0x68 build/xeq.o
                0x000000000806b36c                fin_tst
 .text.check_mode
                0x000000000806b3d4       0x28 build/xeq.o
                0x000000000806b3d4                check_mode
 .text.check_dblmode
                0x000000000806b3fc       0x20 build/xeq.o
                0x000000000806b3fc                check_dblmode
 .text.op_query_xtal
                0x000000000806b41c        0x8 build/xeq.o
                0x000000000806b41c                op_query_xtal
 .text.isTop    0x000000000806b424       0x48 build/xeq.o
                0x000000000806b424                isTop
 .text.cmdlblp  0x000000000806b46c       0x28 build/xeq.o
                0x000000000806b46c                cmdlblp
 .text.cmdmultilblp
                0x000000000806b494       0x18 build/xeq.o
                0x000000000806b494                cmdmultilblp
 .text.cmdkeyp  0x000000000806b4ac       0x48 build/xeq.o
                0x000000000806b4ac                cmdkeyp
 .text.do_tst   0x000000000806b4f4      0x170 build/xeq.o
 .text.do_ztst  0x000000000806b664       0xac build/xeq.o
 .text.op_query_print
                0x000000000806b710        0x8 build/xeq.o
                0x000000000806b710                op_query_print
 .text.check_zero
                0x000000000806b718       0x70 build/xeq.o
                0x000000000806b718                check_zero
 .text.cmdtest  0x000000000806b788        0x8 build/xeq.o
                0x000000000806b788                cmdtest
 .text.cmdztest
                0x000000000806b790       0x2c build/xeq.o
                0x000000000806b790                cmdztest
 .text.cmdlincdec
                0x000000000806b7bc       0x10 build/xeq.o
                0x000000000806b7bc                cmdlincdec
 .text.cmdloopz
                0x000000000806b7cc       0x18 build/xeq.o
                0x000000000806b7cc                cmdloopz
 .text.cmdloop  0x000000000806b7e4      0x1f8 build/xeq.o
                0x000000000806b7e4                cmdloop
 .text.op_shift_digit
                0x000000000806b9dc       0x68 build/xeq.o
                0x000000000806b9dc                op_shift_digit
 .text.get_user_flag
                0x000000000806ba44       0x20 build/xeq.o
                0x000000000806ba44                get_user_flag
 .text.cmdflag  0x000000000806ba64       0xc4 build/xeq.o
                0x000000000806ba64                cmdflag
 .text.clrflags
                0x000000000806bb28       0x30 build/xeq.o
                0x000000000806bb28                clrflags
 .text.intws    0x000000000806bb58       0xec build/xeq.o
                0x000000000806bb58                intws
 .text.get_maxdenom
                0x000000000806bc44       0x20 build/xeq.o
                0x000000000806bc44                get_maxdenom
 .text.op_2frac
                0x000000000806bc64       0xa0 build/xeq.o
                0x000000000806bc64                op_2frac
 .text.op_fracdenom
                0x000000000806bd04       0x84 build/xeq.o
                0x000000000806bd04                op_fracdenom
 .text.op_float
                0x000000000806bd88       0xd4 build/xeq.o
                0x000000000806bd88                op_float
 .text.cmddisp  0x000000000806be5c       0xc4 build/xeq.o
                0x000000000806be5c                cmddisp
 .text.set_int_base
                0x000000000806bf20       0x50 build/xeq.o
                0x000000000806bf20                set_int_base
 .text.op_fract
                0x000000000806bf70       0x44 build/xeq.o
                0x000000000806bf70                op_fract
 .text.cmdsavem
                0x000000000806bfb4       0x1c build/xeq.o
                0x000000000806bfb4                cmdsavem
 .text.set_entry
                0x000000000806bfd0       0x2c build/xeq.o
                0x000000000806bfd0                set_entry
 .text.get_trig_mode
                0x000000000806bffc       0x30 build/xeq.o
                0x000000000806bffc                get_trig_mode
 .text.cmdpause
                0x000000000806c02c       0x24 build/xeq.o
                0x000000000806c02c                cmdpause
 .text.op_setspeed
                0x000000000806c050        0x4 build/xeq.o
                0x000000000806c050                op_setspeed
 .text.op_prompt
                0x000000000806c054       0x30 build/xeq.o
                0x000000000806c054                op_prompt
 .text.XisInt   0x000000000806c084       0x60 build/xeq.o
                0x000000000806c084                XisInt
 .text.XisEvenOrOdd
                0x000000000806c0e4       0x64 build/xeq.o
                0x000000000806c0e4                XisEvenOrOdd
 .text.XisPrime
                0x000000000806c148       0x84 build/xeq.o
                0x000000000806c148                XisPrime
 .text.isInfinite
                0x000000000806c1cc       0x30 build/xeq.o
                0x000000000806c1cc                isInfinite
 .text.isNan    0x000000000806c1fc       0x40 build/xeq.o
                0x000000000806c1fc                isNan
 .text.isSpecial
                0x000000000806c23c       0x40 build/xeq.o
                0x000000000806c23c                isSpecial
 .text.op_entryp
                0x000000000806c27c       0x14 build/xeq.o
                0x000000000806c27c                op_entryp
 .text.reg_decode
                0x000000000806c290      0x240 build/xeq.o
                0x000000000806c290                reg_decode
 .text.op_regcopy
                0x000000000806c4d0       0x4c build/xeq.o
                0x000000000806c4d0                op_regcopy
 .text.op_regswap
                0x000000000806c51c       0x70 build/xeq.o
                0x000000000806c51c                op_regswap
 .text.op_regclr
                0x000000000806c58c       0x48 build/xeq.o
                0x000000000806c58c                op_regclr
 .text.op_regsort
                0x000000000806c5d4      0x114 build/xeq.o
                0x000000000806c5d4                op_regsort
 .text.busy     0x000000000806c6e8       0x24 build/xeq.o
                0x000000000806c6e8                busy
 .text.intMonadic
                0x000000000806c70c       0x98 build/xeq.o
                0x000000000806c70c                intMonadic
 .text.intDyadic
                0x000000000806c7a4       0xd4 build/xeq.o
                0x000000000806c7a4                intDyadic
 .text.xeq_init_contexts
                0x000000000806c878       0x9c build/xeq.o
                0x000000000806c878                xeq_init_contexts
 .text.plot_check_range
                0x000000000806c914       0xac build/xeq.o
                0x000000000806c914                plot_check_range
 .text.cmdplotdisplay
                0x000000000806c9c0       0x24 build/xeq.o
                0x000000000806c9c0                cmdplotdisplay
 .text.cmdplotinit
                0x000000000806c9e4       0x54 build/xeq.o
                0x000000000806c9e4                cmdplotinit
 .text.cmdplotdim
                0x000000000806ca38       0x34 build/xeq.o
                0x000000000806ca38                cmdplotdim
 .text.cmdplotpixel
                0x000000000806ca6c       0x98 build/xeq.o
                0x000000000806ca6c                cmdplotpixel
 .text.not_running
                0x000000000806cb04       0x24 build/xeq.o
                0x000000000806cb04                not_running
 .text.set_running_off
                0x000000000806cb28       0x24 build/xeq.o
                0x000000000806cb28                set_running_off
 .text.set_running_on
                0x000000000806cb4c       0x48 build/xeq.o
                0x000000000806cb4c                set_running_on
 .text.gsbgto   0x000000000806cb94       0xb0 build/xeq.o
 .text.cmdgtocommon
                0x000000000806cc44       0x34 build/xeq.o
                0x000000000806cc44                cmdgtocommon
 .text.cmdgto   0x000000000806cc78       0x44 build/xeq.o
                0x000000000806cc78                cmdgto
 .text.branchtoalpha
                0x000000000806ccbc       0x28 build/xeq.o
 .text.cmdalphagto
                0x000000000806cce4       0x2c build/xeq.o
                0x000000000806cce4                cmdalphagto
 .text.op_gtoalpha
                0x000000000806cd10       0x34 build/xeq.o
                0x000000000806cd10                op_gtoalpha
 .text.cmdskip  0x000000000806cd44       0x84 build/xeq.o
                0x000000000806cd44                cmdskip
 .text.cmdback  0x000000000806cdc8       0x74 build/xeq.o
                0x000000000806cdc8                cmdback
 .text.usergsb_common
                0x000000000806ce3c       0x9c build/xeq.o
 .text.do_usergsb
                0x000000000806ced8       0x18 build/xeq.o
                0x000000000806ced8                do_usergsb
 .text.cmdmultigto
                0x000000000806cef0       0x50 build/xeq.o
                0x000000000806cef0                cmdmultigto
 .text.store_a_to_d
                0x000000000806cf40       0x24 build/xeq.o
                0x000000000806cf40                store_a_to_d
 .text.cmdlocr  0x000000000806cf64      0x190 build/xeq.o
                0x000000000806cf64                cmdlocr
 .text.cmdxout  0x000000000806d0f4      0x210 build/xeq.o
                0x000000000806d0f4                cmdxout
 .text.cmdconverged
                0x000000000806d304       0xf8 build/xeq.o
                0x000000000806d304                cmdconverged
 .text.cmdshuffle
                0x000000000806d3fc       0x8c build/xeq.o
                0x000000000806d3fc                cmdshuffle
 .text.cmdmode  0x000000000806d488       0x54 build/xeq.o
                0x000000000806d488                cmdmode
 .text.cmdlpop  0x000000000806d4dc       0x3c build/xeq.o
                0x000000000806d4dc                cmdlpop
 .text.cmdregs  0x000000000806d518       0xb8 build/xeq.o
                0x000000000806d518                cmdregs
 .text.op_double
                0x000000000806d5d0      0x128 build/xeq.o
                0x000000000806d5d0                op_double
 .text.cmdrestm
                0x000000000806d6f8       0x9c build/xeq.o
                0x000000000806d6f8                cmdrestm
 .text.cmdxin   0x000000000806d794      0x1d4 build/xeq.o
                0x000000000806d794                cmdxin
 .text.xeq      0x000000000806d968      0xee0 build/xeq.o
                0x000000000806d968                xeq
 .text.xeq_single
                0x000000000806e848       0x24 build/xeq.o
 .text.xeq_xrom2
                0x000000000806e86c       0x88 build/xeq.o
 .text.xeq_xrom
                0x000000000806e8f4       0x14 build/xeq.o
                0x000000000806e8f4                xeq_xrom
 .text.dispatch_xrom
                0x000000000806e908       0x78 build/xeq.o
 .text.op_rs    0x000000000806e980       0x8c build/xeq.o
                0x000000000806e980                op_rs
 .text.xeqprog  0x000000000806ea0c       0x7c build/xeq.o
                0x000000000806ea0c                xeqprog
 .text.xeq_sst_bst
                0x000000000806ea88       0xac build/xeq.o