Archive member included to satisfy reference by file (symbol)

build/libconsts.a(const_50.o)
                              build/decn.o (const_50)
build/libconsts.a(const_randfac.o)
                              build/stats.o (const_randfac)
build/libconsts.a(const_ln10.o)
                              build/decn.o (const_ln10)
build/libconsts.a(const_egamma.o)
                              build/decn.o (const_egamma)
build/libconsts.a(const_256.o)
                              build/decn.o (const_256)
build/libconsts.a(const_180.o)
                              build/decn.o (const_180)
build/libconsts.a(const_1e_32.o)
                              build/xeq.o (const_1e_32)
build/libconsts.a(const_gammaC03.o)
                              build/decn.o (const_gammaC03)
build/libconsts.a(const_60.o)
                              build/decn.o (const_60)
build/libconsts.a(const_10.o)
                              build/decn.o (const_10)
build/libconsts.a(const_360.o)
                              build/xeq.o (const_360)
build/libconsts.a(const_gammaC10.o)
                              build/decn.o (const_gammaC10)
build/libconsts.a(const_gammaC11.o)
                              build/decn.o (const_gammaC11)
build/libconsts.a(const__inf.o)
                              build/decn.o (const__inf)
build/libconsts.a(const_21.o)
                              build/decn.o (const_21)
build/libconsts.a(const_gammaC16.o)
                              build/decn.o (const_gammaC16)
build/libconsts.a(const_200.o)
                              build/decn.o (const_200)
build/libconsts.a(const_gammaC06.o)
                              build/decn.o (const_gammaC06)
build/libconsts.a(const_NaN.o)
                              build/xeq.o (const_NaN)
build/libconsts.a(const_gammaC15.o)
                              build/decn.o (const_gammaC15)
build/libconsts.a(const_1e_24.o)
                              build/xeq.o (const_1e_24)
build/libconsts.a(const_45.o)
                              build/decn.o (const_45)
build/libconsts.a(const_0_05.o)
                              build/xeq.o (const_0_05)
build/libconsts.a(const_3.o)  build/decn.o (const_3)
build/libconsts.a(const_hms_threshold.o)
                              build/display.o (const_hms_threshold)
build/libconsts.a(const_gammaC14.o)
                              build/decn.o (const_gammaC14)
build/libconsts.a(const_0_6.o)
                              build/decn.o (const_0_6)
build/libconsts.a(const_32.o)
                              build/xeq.o (const_32)
build/libconsts.a(const_0_75.o)
                              build/decn.o (const_0_75)
build/libconsts.a(const__1.o)
                              build/decn.o (const__1)
build/libconsts.a(const_gammaC00.o)
                              build/decn.o (const_gammaC00)
build/libconsts.a(const_ln2.o)
                              build/decn.o (const_ln2)
build/libconsts.a(const_gammaC18.o)
                              build/decn.o (const_gammaC18)
build/libconsts.a(const_2PI.o)
                              build/xeq.o (const_2PI)
build/libconsts.a(const_1e_14.o)
                              build/xeq.o (const_1e_14)
build/libconsts.a(const_0.o)  build/xeq.o (const_0)
build/libconsts.a(const_PIon180.o)
                              build/decn.o (const_PIon180)
build/libconsts.a(const_9000.o)
                              build/display.o (const_9000)
build/libconsts.a(const_0_9.o)
                              build/decn.o (const_0_9)
build/libconsts.a(const_gammaC08.o)
                              build/decn.o (const_gammaC08)
build/libconsts.a(const_gammaC21.o)
                              build/decn.o (const_gammaC21)
build/libconsts.a(const_1e_37.o)
                              build/decn.o (const_1e_37)
build/libconsts.a(const_gammaC05.o)
                              build/decn.o (const_gammaC05)
build/libconsts.a(const_2.o)  build/decn.o (const_2)
build/libconsts.a(const_gammaC13.o)
                              build/decn.o (const_gammaC13)
build/libconsts.a(const_100000.o)
                              build/display.o (const_100000)
build/libconsts.a(const_gammaR.o)
                              build/decn.o (const_gammaR)
build/libconsts.a(const_5.o)  build/decn.o (const_5)
build/libconsts.a(const_1.o)  build/xeq.o (const_1)
build/libconsts.a(const_gammaC19.o)
                              build/decn.o (const_gammaC19)
build/libconsts.a(const_inf.o)
                              build/decn.o (const_inf)
build/libconsts.a(const_0_995.o)
                              build/decn.o (const_0_995)
build/libconsts.a(const_0_0001.o)
                              build/display.o (const_0_0001)
build/libconsts.a(const_1on60.o)
                              build/decn.o (const_1on60)
build/libconsts.a(const_PIon200.o)
                              build/decn.o (const_PIon200)
build/libconsts.a(const_gammaC01.o)
                              build/decn.o (const_gammaC01)
build/libconsts.a(const_gammaC09.o)
[...]
Memory Configuration

Name             Origin             Length             Attributes
FLASH            0x0000000008050000 0x00000000000b0000 xr
RAM              0x0000000010000000 0x0000000000002000 xrw
QSPI             0x0000000090000000 0x0000000000200000 xr
*default*        0x0000000000000000 0xffffffffffffffff

Linker script and memory map

LOAD /usr/lib/gcc/arm-none-eabi/9.2.1/thumb/v7e-m+fp/hard/crti.o
LOAD /usr/lib/gcc/arm-none-eabi/9.2.1/thumb/v7e-m+fp/hard/crtbegin.o
LOAD /usr/lib/gcc/arm-none-eabi/9.2.1/../../../arm-none-eabi/lib/thumb/v7e-m+fp/hard/crt0.o
LOAD build/pgm_syscalls.o
LOAD build/keys.o
LOAD build/display.o
LOAD build/xeq.o
LOAD build/prt.o
LOAD build/decn.o
LOAD build/complex.o
LOAD build/stats.o
LOAD build/lcd.o
LOAD build/int.o
LOAD build/date.o
LOAD build/consts.o
LOAD build/alpha.o
LOAD build/charmap.o
LOAD build/commands.o
LOAD build/string.o
LOAD build/storage.o
LOAD build/matrix.o
LOAD build/font.o
LOAD build/xrom.o
LOAD build/console.o
LOAD build/libconsts.a
LOAD build/libdecNumber.a
LOAD build/startup_pgm.o
START GROUP
LOAD /usr/lib/gcc/arm-none-eabi/9.2.1/thumb/v7e-m+fp/hard/libgcc.a
LOAD /usr/lib/gcc/arm-none-eabi/9.2.1/../../../arm-none-eabi/lib/thumb/v7e-m+fp/hard/libc.a
END GROUP
START GROUP
LOAD /usr/lib/gcc/arm-none-eabi/9.2.1/thumb/v7e-m+fp/hard/libgcc.a
LOAD /usr/lib/gcc/arm-none-eabi/9.2.1/../../../arm-none-eabi/lib/thumb/v7e-m+fp/hard/libc.a
LOAD /usr/lib/gcc/arm-none-eabi/9.2.1/../../../arm-none-eabi/lib/thumb/v7e-m+fp/hard/libnosys.a
END GROUP
LOAD /usr/lib/gcc/arm-none-eabi/9.2.1/thumb/v7e-m+fp/hard/crtend.o
LOAD /usr/lib/gcc/arm-none-eabi/9.2.1/thumb/v7e-m+fp/hard/crtn.o

.qspi           0x0000000090000000        0x0
                0x0000000090000000                . = ALIGN (0x8)
                0x0000000090000000                _qspi_start = .
 *(.qspi)
 *(.qspi*)
 *(.rodata.__bid_mod10_18_tbl)
 *(.rodata.__bid_convert_table)
 *(.rodata.bid_log_table_1)
 *(.rodata.bid_log_table_2)
 *(.rodata.bid_decimal128_moduli)
 *(.rodata.bid_exponents_bid64)
 *(.rodata.bid_exponents_binary128)
 *(.rodata.bid_breakpoints_binary128)
 *(.rodata.bid_breakpoints_bid64)
 *(.rodata.bid_multipliers1_binary128)
 *(.rodata.bid_multipliers2_bid64)
 *(.rodata.bid_multipliers1_bid64)
 *(.rodata.bid_multipliers2_binary128)
                0x0000000090000000                . = ALIGN (0x8)
                0x0000000090000000                _qspi_end = .

.rodata         0x0000000008050000     0xa5c8
 *(.rodata.prog_info)
 .rodata.prog_info
                0x0000000008050000       0x40 build/pgm_syscalls.o
                0x0000000008050000                prog_info
                0x0000000008050040                . = ALIGN (0x40)
 *(.rodata)
 .rodata        0x0000000008050040      0x1ba build/display.o
 *fill*         0x00000000080501fa        0x2 
 .rodata        0x00000000080501fc       0x29 build/xeq.o
 *fill*         0x0000000008050225        0x3 
 .rodata        0x0000000008050228       0x40 build/date.o
 .rodata        0x0000000008050268       0x29 build/console.o
 *fill*         0x0000000008050291        0x3 
 .rodata        0x0000000008050294        0x4 /usr/lib/gcc/arm-none-eabi/9.2.1/../../../arm-none-eabi/lib/thumb/v7e-m+fp/hard/libc.a(lib_a-impure.o)
                0x0000000008050294                _global_impure_ptr
 .rodata        0x0000000008050298       0x20 /usr/lib/gcc/arm-none-eabi/9.2.1/../../../arm-none-eabi/lib/thumb/v7e-m+fp/hard/libc.a(lib_a-svfprintf.o)
 .rodata        0x00000000080502b8      0x101 /usr/lib/gcc/arm-none-eabi/9.2.1/../../../arm-none-eabi/lib/thumb/v7e-m+fp/hard/libc.a(lib_a-ctype_.o)
                0x00000000080502b8                _ctype_
 *fill*         0x00000000080503b9        0x7 
 .rodata        0x00000000080503c0      0x128 /usr/lib/gcc/arm-none-eabi/9.2.1/../../../arm-none-eabi/lib/thumb/v7e-m+fp/hard/libc.a(lib_a-mprec.o)
                0x00000000080503d0                __mprec_tens
                0x0000000008050498                __mprec_tinytens
                0x00000000080504c0                __mprec_bigtens
 .rodata        0x00000000080504e8       0x20 /usr/lib/gcc/arm-none-eabi/9.2.1/../../../arm-none-eabi/lib/thumb/v7e-m+fp/hard/libc.a(lib_a-svfiprintf.o)
 .rodata        0x0000000008050508       0x20 /usr/lib/gcc/arm-none-eabi/9.2.1/../../../arm-none-eabi/lib/thumb/v7e-m+fp/hard/libc.a(lib_a-vfiprintf.o)
 *(.rodata*)
 .rodata.process_keycode.str1.4
                0x0000000008050528       0x14 build/keys.o
 .rodata.alpha_arrows
                0x000000000805053c        0x9 build/keys.o
 *fill*         0x0000000008050545        0x3 
 .rodata.alpha_catalogue
                0x0000000008050548       0x12 build/keys.o
 *fill*         0x000000000805055a        0x2 
 .rodata.alpha_compares
                0x000000000805055c        0xa build/keys.o
 *fill*         0x0000000008050566        0x2 
 .rodata.alpha_letters
                0x0000000008050568       0x28 build/keys.o
 .rodata.alpha_letters_lower
                0x0000000008050590       0x28 build/keys.o
 .rodata.alpha_subscripts
                0x00000000080505b8       0x1a build/keys.o
 *fill*         0x00000000080505d2        0x2 
 .rodata.alpha_symbols
                0x00000000080505d4       0x13 build/keys.o
 *fill*         0x00000000080505e7        0x1 
 .rodata.alphamap.9335
                0x00000000080505e8       0xe4 build/keys.o
 .rodata.amap.9326
                0x00000000080506cc       0x20 build/keys.o
 .rodata.catalogue
                0x00000000080506ec       0x8b build/keys.o
 *fill*         0x0000000008050777        0x1 
 .rodata.catalogue_sizes.9649
                0x0000000008050778       0x15 build/keys.o
 *fill*         0x000000000805078d        0x3 
 .rodata.catalogues.9657
                0x0000000008050790       0x54 build/keys.o
 .rodata.cmap.9325
                0x00000000080507e4       0x30 build/keys.o
 .rodata.conv_catalogue
                0x0000000008050814       0x58 build/keys.o
 .rodata.conv_mapping.9696
                0x000000000805086c       0x18 build/keys.o
 .rodata.cplx_catalogue
                0x0000000008050884       0x26 build/keys.o
 *fill*         0x00000000080508aa        0x2 
 .rodata.disp.9507
                0x00000000080508ac        0x4 build/keys.o
 .rodata.int_catalogue
                0x00000000080508b0       0x4d build/keys.o
 *fill*         0x00000000080508fd        0x3 
 .rodata.linear_key_map.9291
                0x0000000008050900       0x2f build/keys.o
 *fill*         0x000000000805092f        0x1 
 .rodata.linear_key_map.9295
                0x0000000008050930       0x2f build/keys.o
 *fill*         0x000000000805095f        0x1 
 .rodata.map.9307
                0x0000000008050960       0x2b build/keys.o
 *fill*         0x000000000805098b        0x1 
 .rodata.matrix_catalogue
                0x000000000805098c       0x18 build/keys.o
 .rodata.mode_catalogue
                0x00000000080509a4       0x49 build/keys.o
 *fill*         0x00000000080509ed        0x3 
 .rodata.op_map.9379
                0x00000000080509f0       0x46 build/keys.o
 *fill*         0x0000000008050a36        0x2 
 .rodata.op_map.9402
                0x0000000008050a38       0x8c build/keys.o
 .rodata.op_map.9425
                0x0000000008050ac4       0x46 build/keys.o
 *fill*         0x0000000008050b0a        0x2 
 .rodata.op_map.9480
                0x0000000008050b0c      0x118 build/keys.o
 .rodata.op_map.9492
                0x0000000008050c24        0x6 build/keys.o
 *fill*         0x0000000008050c2a        0x2 
 .rodata.op_map.9506
                0x0000000008050c2c        0xc build/keys.o
 .rodata.op_map2.9403
                0x0000000008050c38        0x8 build/keys.o
 .rodata.opcode_breaks
                0x0000000008050c40        0x7 build/keys.o
 *fill*         0x0000000008050c47        0x1 
 .rodata.prob_catalogue
                0x0000000008050c48       0x44 build/keys.o
 .rodata.prog_catalogue
                0x0000000008050c8c       0x54 build/keys.o
 .rodata.program_xfcn
                0x0000000008050ce0       0xa7 build/keys.o
 *fill*         0x0000000008050d87        0x1 
 .rodata.smap.9327
                0x0000000008050d88        0x4 build/keys.o
 .rodata.stats_catalogue
                0x0000000008050d8c       0x16 build/keys.o
 *fill*         0x0000000008050da2        0x2 
 .rodata.sums_catalogue
                0x0000000008050da4       0x12 build/keys.o
 *fill*         0x0000000008050db6        0x2 
 .rodata.test_catalogue
                0x0000000008050db8       0x2f build/keys.o
 *fill*         0x0000000008050de7        0x1 
 .rodata.check_special_dn.isra.0.str1.4
                0x0000000008050de8        0x4 build/display.o
 .rodata.carry_overflow.str1.4
                0x0000000008050dec       0x10 build/display.o
 .rodata.annunciators.str1.4
                0x0000000008050dfc       0x74 build/display.o
 .rodata.display.str1.4
                0x0000000008050e70       0xbd build/display.o
                                         0xc9 (size before relaxing)
 *fill*         0x0000000008050f2d        0x3 
 .rodata.str1.4
                0x0000000008050f30      0x10c build/display.o
 .rodata.CSWTCH.349
                0x000000000805103c       0x10 build/display.o
 .rodata.CSWTCH.375
                0x000000000805104c        0xc build/display.o
 .rodata.DIGITS
                0x0000000008051058       0x11 build/display.o
                0x0000000008051058                DIGITS
 *fill*         0x0000000008051069        0x3 
 .rodata.S7_ERROR
                0x000000000805106c        0x6 build/display.o
 *fill*         0x0000000008051072        0x2 
 .rodata.S7_INF
                0x0000000008051074        0x9 build/display.o
 *fill*         0x000000000805107d        0x3 
 .rodata.S7_INF_Text
                0x0000000008051080       0x12 build/display.o
 *fill*         0x0000000008051092        0x2 
 .rodata.S7_NEG_INF_Text
                0x0000000008051094       0x12 build/display.o
 *fill*         0x00000000080510a6        0x2 
 .rodata.S7_NaN
                0x00000000080510a8        0xd build/display.o
 *fill*         0x00000000080510b5        0x3 
 .rodata.S7_NaN_Text
                0x00000000080510b8       0x18 build/display.o
 .rodata.S7_STEP
                0x00000000080510d0        0x6 build/display.o
 *fill*         0x00000000080510d6        0x2 
 .rodata.S7_STEP_ShortText
                0x00000000080510d8        0x5 build/display.o
 *fill*         0x00000000080510dd        0x3 
 .rodata.S7_fract_EQ
                0x00000000080510e0        0x4 build/display.o
 .rodata.S7_fract_GT
                0x00000000080510e4        0x4 build/display.o
 .rodata.S7_fract_LT
                0x00000000080510e8        0x4 build/display.o
 .rodata.S_SURE
                0x00000000080510ec        0x6 build/display.o
 *fill*         0x00000000080510f2        0x2 
 .rodata.SvnRevision
                0x00000000080510f4        0x4 build/display.o
                0x00000000080510f4                SvnRevision
 .rodata.digtbl
                0x00000000080510f8       0x7a build/display.o
 *fill*         0x0000000008051172        0x2 
 .rodata.error_table.8575
                0x0000000008051174       0x6c build/display.o
 .rodata.error_table_text.8576
                0x00000000080511e0       0x6c build/display.o
 .rodata.libname
                0x000000000805124c       0x14 build/display.o
 .rodata.libname_shorttext
                0x0000000008051260       0x14 build/display.o
 .rodata.libname_text
                0x0000000008051274       0x28 build/display.o
 .rodata.shift_chars.8677
                0x000000000805129c        0x4 build/display.o
 .rodata.small_dots.8875
                0x00000000080512a0        0xd build/display.o
 *fill*         0x00000000080512ad        0x3 
 .rodata.small_minus.8874
                0x00000000080512b0        0x4 build/display.o
 .rodata.print_step.str1.4
                0x00000000080512b4        0x5 build/xeq.o
 *fill*         0x00000000080512b9        0x3 
 .rodata.op_query_xtal.str1.4
                0x00000000080512bc        0x5 build/xeq.o
 *fill*         0x00000000080512c1        0x3 
 .rodata.op_query_print.str1.4
                0x00000000080512c4        0x6 build/xeq.o
 *fill*         0x00000000080512ca        0x2 
 .rodata.op_2frac.str1.4
                0x00000000080512cc       0x18 build/xeq.o
 .rodata.busy.str1.4
                0x00000000080512e4        0x8 build/xeq.o
 .rodata.xeq.str1.4
                0x00000000080512ec        0x8 build/xeq.o
 .rodata.StackRegMask
                0x00000000080512f4        0x4 build/xeq.o
 .rodata.convergence_tolerances
                0x00000000080512f8        0xc build/xeq.o
 .rodata.modes.11290
                0x0000000008051304        0x7 build/xeq.o
 *fill*         0x000000000805130b        0x1 
 .rodata.modes.11807
                0x000000000805130c        0x4 build/xeq.o
 .rodata.xrom_targets
                0x0000000008051310       0x36 build/xeq.o
                0x0000000008051310                xrom_targets
 *fill*         0x0000000008051346        0x2 
 .rodata.prt_multi.str1.4
                0x0000000008051348        0x4 build/prt.o
 .rodata.prt_specials.part.0.str1.4
                0x000000000805134c       0x1b build/prt.o
                                         0x28 (size before relaxing)
 *fill*         0x0000000008051367        0x1 
 .rodata.prt.str1.4
                0x0000000008051368        0xc build/prt.o
                                         0x19 (size before relaxing)
 .rodata.digits.8270
                0x0000000008051374       0x10 build/prt.o
 .rodata.degrees.9062
                0x0000000008051384       0x10 build/decn.o
 .rodata.gamma_consts
                0x0000000008051394       0x54 build/decn.o
                0x0000000008051394                gamma_consts
 .rodata.gradians.9063
                0x00000000080513e8       0x10 build/decn.o
 .rodata.get_sigmas.str1.4
                0x00000000080513f8       0x16 build/stats.o
 *fill*         0x000000000805140e        0x2 
 .rodata.draw_RPN_RCL.str1.4
                0x0000000008051410        0xc build/lcd.o
                                         0x10 (size before relaxing)
 .rodata.show_disp.str1.4
                0x000000000805141c       0x1c build/lcd.o
                                         0x28 (size before relaxing)
 .rodata.primes
                0x0000000008051438       0x10 build/int.o
 .rodata.date_alphaday.str1.4
                0x0000000008051448       0x16 build/date.o
 *fill*         0x000000000805145e        0x2 
 .rodata.date_alphatime.str1.4
                0x0000000008051460        0x8 build/date.o
                                          0x9 (size before relaxing)
 .rodata.mons.9089
                0x0000000008051468       0x24 build/date.o
 .rodata.str1.4
                0x000000000805148c      0x241 build/consts.o
                                        0x24d (size before relaxing)
 *fill*         0x00000000080516cd        0x3 
 .rodata.cnsts  0x00000000080516d0      0x4f8 build/consts.o
                0x00000000080516d0                cnsts
 .rodata.cnsts_conv
                0x0000000008051bc8      0x260 build/consts.o
                0x0000000008051bc8                cnsts_conv
 .rodata.cnsts_d128
                0x0000000008051e28      0x200 build/consts.o
                0x0000000008051e28                cnsts_d128
 .rodata.cnsts_d64
                0x0000000008052028      0x260 build/consts.o
                0x0000000008052028                cnsts_d64
 .rodata.character_remapping_order
                0x0000000008052288      0x100 build/charmap.o
 .rodata.str1.4
                0x0000000008052388      0x648 build/commands.o
                                        0x688 (size before relaxing)
 .rodata.argcmds
                0x00000000080529d0      0x8f0 build/commands.o
                0x00000000080529d0                argcmds
 .rodata.dyfuncs
                0x00000000080532c0      0x4f8 build/commands.o
                0x00000000080532c0                dyfuncs
 .rodata.monfuncs
                0x00000000080537b8      0xea0 build/commands.o
                0x00000000080537b8                monfuncs
 .rodata.multicmds
                0x0000000008054658       0xb0 build/commands.o
                0x0000000008054658                multicmds
 .rodata.niladics
                0x0000000008054708      0xcf0 build/commands.o
                0x0000000008054708                niladics
 .rodata.trifuncs
                0x00000000080553f8       0xf0 build/commands.o
                0x00000000080553f8                trifuncs
 .rodata.program_flash.str1.4
                0x00000000080554e8       0x33 build/storage.o
 *fill*         0x000000000805551b        0x1 
 .rodata.open_selected_file.str1.4
                0x000000000805551c       0x11 build/storage.o
 *fill*         0x000000000805552d        0x3 
 .rodata.init_mem.str1.4
                0x0000000008055530        0xe build/storage.o
 *fill*         0x000000000805553e        0x2 
 .rodata.reset.str1.4
                0x0000000008055540        0x7 build/storage.o
 *fill*         0x0000000008055547        0x1 
 .rodata.store_program_from_buffer.part.0.str1.4
                0x0000000008055548        0x9 build/storage.o
 *fill*         0x0000000008055551        0x3 
 .rodata.flash_backup.str1.4
                0x0000000008055554        0xe build/storage.o
 *fill*         0x0000000008055562        0x2 
 .rodata.flash_restore.str1.4
                0x0000000008055564        0x9 build/storage.o
 *fill*         0x000000000805556d        0x3 
 .rodata.save_lib_file.str1.4
                0x0000000008055570       0x31 build/storage.o
 *fill*         0x00000000080555a1        0x3 
 .rodata.load_lib_file.str1.4
                0x00000000080555a4       0x21 build/storage.o
 *fill*         0x00000000080555c5        0x3 
 .rodata.save_ram_file.str1.4
                0x00000000080555c8       0x3d build/storage.o
 *fill*         0x0000000008055605        0x3 
 .rodata.load_ram_file.str1.4
                0x0000000008055608       0x19 build/storage.o
 *fill*         0x0000000008055621        0x3 
 .rodata.load_backup_file.str1.4
                0x0000000008055624       0x21 build/storage.o
 *fill*         0x0000000008055645        0x3 
 .rodata.save_prog_file.str1.4
                0x0000000008055648       0x36 build/storage.o
 *fill*         0x000000000805567e        0x2 
 .rodata.load_prog_file.str1.4
                0x0000000008055680       0x29 build/storage.o
 *fill*         0x00000000080556a9        0x3 
 .rodata.bm_large.5521
                0x00000000080556ac      0x2fa build/font.o
 *fill*         0x00000000080559a6        0x2 
 .rodata.bm_small.5522
                0x00000000080559a8      0x25e build/font.o
 *fill*         0x0000000008055c06        0x2 
 .rodata.divs.5505
                0x0000000008055c08        0x3 build/font.o
 *fill*         0x0000000008055c0b        0x1 
 .rodata.widths.5504
                0x0000000008055c0c       0xab build/font.o
 *fill*         0x0000000008055cb7        0x1 
 .rodata.xrom   0x0000000008055cb8     0x1b9a build/xrom.o
                0x0000000008055cb8                xrom
 .rodata.xrom_size
                0x0000000008057852        0x2 build/xrom.o
                0x0000000008057852                xrom_size
 .rodata.menu_line_str.str1.4
                0x0000000008057854        0x8 build/console.o
 .rodata.disp_about.str1.4
                0x000000000805785c       0xe6 build/console.o
 *fill*         0x0000000008057942        0x2 
 .rodata.do_multi.str1.4
                0x0000000008057944       0x16 build/console.o
 *fill*         0x000000000805795a        0x2 
 .rodata.str1.4
                0x000000000805795c       0x10 build/console.o
 .rodata.MID_MENU
                0x000000000805796c       0x10 build/console.o
                0x000000000805796c                MID_MENU
 .rodata.Menus  0x000000000805797c     0x1380 build/console.o
 .rodata.mapping_alpha.11072
                0x0000000008058cfc      0x178 build/console.o
 .rodata.mapping_fshift.11070
                0x0000000008058e74      0x178 build/console.o
 .rodata.mapping_gshift.11071
                0x0000000008058fec      0x178 build/console.o
 .rodata.mapping_none.11069
                0x0000000008059164      0x178 build/console.o
 .rodata.mapping_running.11073
                0x00000000080592dc      0x178 build/console.o
 .rodata.mid_menu
                0x0000000008059454        0x4 build/console.o
                0x0000000008059454                mid_menu
 .rodata.const_50
                0x0000000008059458        0xc build/libconsts.a(const_50.o)
                0x0000000008059458                const_50
 .rodata.const_randfac
                0x0000000008059464       0x1c build/libconsts.a(const_randfac.o)
                0x0000000008059464                const_randfac
 .rodata.const_ln10
                0x0000000008059480       0x24 build/libconsts.a(const_ln10.o)
                0x0000000008059480                const_ln10
 .rodata.const_egamma
                0x00000000080594a4       0x24 build/libconsts.a(const_egamma.o)
                0x00000000080594a4                const_egamma
 .rodata.const_256
                0x00000000080594c8        0xc build/libconsts.a(const_256.o)
                0x00000000080594c8                const_256
 .rodata.const_180
                0x00000000080594d4        0xc build/libconsts.a(const_180.o)
                0x00000000080594d4                const_180
 .rodata.const_1e_32
                0x00000000080594e0        0xc build/libconsts.a(const_1e_32.o)
                0x00000000080594e0                const_1e_32
 .rodata.const_gammaC03
                0x00000000080594ec       0x24 build/libconsts.a(const_gammaC03.o)
                0x00000000080594ec                const_gammaC03
 .rodata.const_60
                0x0000000008059510        0xc build/libconsts.a(const_60.o)
                0x0000000008059510                const_60
 .rodata.const_10
                0x000000000805951c        0xc build/libconsts.a(const_10.o)
                0x000000000805951c                const_10
 .rodata.const_360
                0x0000000008059528        0xc build/libconsts.a(const_360.o)
                0x0000000008059528                const_360
 .rodata.const_gammaC10
                0x0000000008059534       0x24 build/libconsts.a(const_gammaC10.o)
                0x0000000008059534                const_gammaC10
 .rodata.const_gammaC11
                0x0000000008059558       0x24 build/libconsts.a(const_gammaC11.o)
                0x0000000008059558                const_gammaC11
 .rodata.const__inf
                0x000000000805957c        0xc build/libconsts.a(const__inf.o)
                0x000000000805957c                const__inf
 .rodata.const_21
                0x0000000008059588        0xc build/libconsts.a(const_21.o)
                0x0000000008059588                const_21
 .rodata.const_gammaC16
                0x0000000008059594       0x24 build/libconsts.a(const_gammaC16.o)
                0x0000000008059594                const_gammaC16
 .rodata.const_200
                0x00000000080595b8        0xc build/libconsts.a(const_200.o)
                0x00000000080595b8                const_200
 .rodata.const_gammaC06
                0x00000000080595c4       0x24 build/libconsts.a(const_gammaC06.o)
                0x00000000080595c4                const_gammaC06
 .rodata.const_NaN
                0x00000000080595e8        0xc build/libconsts.a(const_NaN.o)
                0x00000000080595e8                const_NaN
 .rodata.const_gammaC15
                0x00000000080595f4       0x24 build/libconsts.a(const_gammaC15.o)
                0x00000000080595f4                const_gammaC15
 .rodata.const_1e_24
                0x0000000008059618        0xc build/libconsts.a(const_1e_24.o)
                0x0000000008059618                const_1e_24
 .rodata.const_45
                0x0000000008059624        0xc build/libconsts.a(const_45.o)
                0x0000000008059624                const_45
 .rodata.const_0_05
                0x0000000008059630        0xc build/libconsts.a(const_0_05.o)
                0x0000000008059630                const_0_05
 .rodata.const_3
                0x000000000805963c        0xc build/libconsts.a(const_3.o)
                0x000000000805963c                const_3
 .rodata.const_hms_threshold
                0x0000000008059648       0x24 build/libconsts.a(const_hms_threshold.o)
                0x0000000008059648                const_hms_threshold
 .rodata.const_gammaC14
                0x000000000805966c       0x24 build/libconsts.a(const_gammaC14.o)
                0x000000000805966c                const_gammaC14
 .rodata.const_0_6
                0x0000000008059690        0xc build/libconsts.a(const_0_6.o)
                0x0000000008059690                const_0_6
 .rodata.const_32
                0x000000000805969c        0xc build/libconsts.a(const_32.o)
                0x000000000805969c                const_32
 .rodata.const_0_75
                0x00000000080596a8        0xc build/libconsts.a(const_0_75.o)
                0x00000000080596a8                const_0_75
 .rodata.const__1
                0x00000000080596b4        0xc build/libconsts.a(const__1.o)
                0x00000000080596b4                const__1
 .rodata.const_gammaC00
                0x00000000080596c0       0x24 build/libconsts.a(const_gammaC00.o)
                0x00000000080596c0                const_gammaC00
 .rodata.const_ln2
                0x00000000080596e4       0x24 build/libconsts.a(const_ln2.o)
                0x00000000080596e4                const_ln2
 .rodata.const_gammaC18
                0x0000000008059708       0x24 build/libconsts.a(const_gammaC18.o)
                0x0000000008059708                const_gammaC18
 .rodata.const_2PI
                0x000000000805972c      0x138 build/libconsts.a(const_2PI.o)
                0x000000000805972c                const_2PI
 .rodata.const_1e_14
                0x0000000008059864        0xc build/libconsts.a(const_1e_14.o)
                0x0000000008059864                const_1e_14
 .rodata.const_0
                0x0000000008059870        0xc build/libconsts.a(const_0.o)
                0x0000000008059870                const_0
 .rodata.const_PIon180
                0x000000000805987c       0x24 build/libconsts.a(const_PIon180.o)
                0x000000000805987c                const_PIon180
 .rodata.const_9000
                0x00000000080598a0        0xc build/libconsts.a(const_9000.o)
                0x00000000080598a0                const_9000
 .rodata.const_0_9
                0x00000000080598ac        0xc build/libconsts.a(const_0_9.o)
                0x00000000080598ac                const_0_9
 .rodata.const_gammaC08
                0x00000000080598b8       0x24 build/libconsts.a(const_gammaC08.o)
                0x00000000080598b8                const_gammaC08
 .rodata.const_gammaC21
                0x00000000080598dc       0x24 build/libconsts.a(const_gammaC21.o)
                0x00000000080598dc                const_gammaC21
 .rodata.const_1e_37
                0x0000000008059900        0xc build/libconsts.a(const_1e_37.o)
                0x0000000008059900                const_1e_37
 .rodata.const_gammaC05
                0x000000000805990c       0x24 build/libconsts.a(const_gammaC05.o)
                0x000000000805990c                const_gammaC05
 .rodata.const_2
                0x0000000008059930        0xc build/libconsts.a(const_2.o)
                0x0000000008059930                const_2
 .rodata.const_gammaC13
                0x000000000805993c       0x24 build/libconsts.a(const_gammaC13.o)
                0x000000000805993c                const_gammaC13
 .rodata.const_100000
                0x0000000008059960        0xc build/libconsts.a(const_100000.o)
                0x0000000008059960                const_100000
 .rodata.const_gammaR
                0x000000000805996c       0x10 build/libconsts.a(const_gammaR.o)
                0x000000000805996c                const_gammaR
 .rodata.const_5
                0x000000000805997c        0xc build/libconsts.a(const_5.o)
                0x000000000805997c                const_5
 .rodata.const_1
                0x0000000008059988        0xc build/libconsts.a(const_1.o)
                0x0000000008059988                const_1
 .rodata.const_gammaC19
                0x0000000008059994       0x24 build/libconsts.a(const_gammaC19.o)
                0x0000000008059994                const_gammaC19
 .rodata.const_inf
                0x00000000080599b8        0xc build/libconsts.a(const_inf.o)
                0x00000000080599b8                const_inf
 .rodata.const_0_995
                0x00000000080599c4        0xc build/libconsts.a(const_0_995.o)
                0x00000000080599c4                const_0_995
 .rodata.const_0_0001
                0x00000000080599d0        0xc build/libconsts.a(const_0_0001.o)
                0x00000000080599d0                const_0_0001
 .rodata.const_1on60
                0x00000000080599dc       0x24 build/libconsts.a(const_1on60.o)
                0x00000000080599dc                const_1on60
 .rodata.const_PIon200
                0x0000000008059a00       0x24 build/libconsts.a(const_PIon200.o)
                0x0000000008059a00                const_PIon200
 .rodata.const_gammaC01
                0x0000000008059a24       0x24 build/libconsts.a(const_gammaC01.o)
                0x0000000008059a24                const_gammaC01
 .rodata.const_gammaC09
                0x0000000008059a48       0x24 build/libconsts.a(const_gammaC09.o)
                0x0000000008059a48                const_gammaC09
 .rodata.const_0_5
                0x0000000008059a6c        0xc build/libconsts.a(const_0_5.o)
                0x0000000008059a6c                const_0_5
 .rodata.const_9on5
                0x0000000008059a78        0xc build/libconsts.a(const_9on5.o)
                0x0000000008059a78                const_9on5
 .rodata.const_20
                0x0000000008059a84        0xc build/libconsts.a(const_20.o)
                0x0000000008059a84                const_20
 .rodata.const_gammaC20
                0x0000000008059a90       0x24 build/libconsts.a(const_gammaC20.o)
                0x0000000008059a90                const_gammaC20
 .rodata.const_400
                0x0000000008059ab4        0xc build/libconsts.a(const_400.o)
                0x0000000008059ab4                const_400
 .rodata.const_gammaC07
                0x0000000008059ac0       0x24 build/libconsts.a(const_gammaC07.o)
                0x0000000008059ac0                const_gammaC07
 .rodata.const__0
                0x0000000008059ae4        0xc build/libconsts.a(const__0.o)
                0x0000000008059ae4                const__0
 .rodata.const_0_4
                0x0000000008059af0        0xc build/libconsts.a(const_0_4.o)
                0x0000000008059af0                const_0_4
 .rodata.const_1e_10000
                0x0000000008059afc        0xc build/libconsts.a(const_1e_10000.o)
                0x0000000008059afc                const_1e_10000
 .rodata.const_gammaC12
                0x0000000008059b08       0x24 build/libconsts.a(const_gammaC12.o)
                0x0000000008059b08                const_gammaC12
 .rodata.const_2pow64
                0x0000000008059b2c       0x18 build/libconsts.a(const_2pow64.o)
                0x0000000008059b2c                const_2pow64
 .rodata.const_PIon2
                0x0000000008059b44       0x24 build/libconsts.a(const_PIon2.o)
                0x0000000008059b44                const_PIon2
 .rodata.const_gammaC04
                0x0000000008059b68       0x24 build/libconsts.a(const_gammaC04.o)
                0x0000000008059b68                const_gammaC04
 .rodata.const_90
                0x0000000008059b8c        0xc build/libconsts.a(const_90.o)
                0x0000000008059b8c                const_90
 .rodata.const_gammaC17
                0x0000000008059b98       0x24 build/libconsts.a(const_gammaC17.o)
                0x0000000008059b98                const_gammaC17
 .rodata.const_gammaC02
                0x0000000008059bbc       0x24 build/libconsts.a(const_gammaC02.o)
                0x0000000008059bbc                const_gammaC02
 .rodata.const_PI
                0x0000000008059be0       0x24 build/libconsts.a(const_PI.o)
                0x0000000008059be0                const_PI
 .rodata.const_root2on2
                0x0000000008059c04       0x24 build/libconsts.a(const_root2on2.o)
                0x0000000008059c04                const_root2on2
 .rodata.const_100
                0x0000000008059c28        0xc build/libconsts.a(const_100.o)
                0x0000000008059c28                const_100
 .rodata.const_0_1
                0x0000000008059c34        0xc build/libconsts.a(const_0_1.o)
                0x0000000008059c34                const_0_1
 .rodata.decNumberToString.str1.4
                0x0000000008059c40        0x9 build/libdecNumber.a(decNumber.o)
                                         0x10 (size before relaxing)
 *fill*         0x0000000008059c49        0x3 
 .rodata.decNumberFromString.str1.4
                0x0000000008059c4c       0x1c build/libdecNumber.a(decNumber.o)
                                         0x20 (size before relaxing)
 .rodata.multies
                0x0000000008059c68       0x14 build/libdecNumber.a(decNumber.o)
 .rodata.powers
                0x0000000008059c7c       0x28 build/libdecNumber.a(decNumber.o)
                0x0000000008059c7c                powers
 .rodata.resmap
                0x0000000008059ca4        0xa build/libdecNumber.a(decNumber.o)
 *fill*         0x0000000008059cae        0x2 
 .rodata.uarrone
                0x0000000008059cb0        0x2 build/libdecNumber.a(decNumber.o)
 *fill*         0x0000000008059cb2        0x2 
 .rodata.COMBEXP
                0x0000000008059cb4       0x80 build/libdecNumber.a(decimal64.o)
                0x0000000008059cb4                COMBEXP
 .rodata.COMBMSD
                0x0000000008059d34       0x80 build/libdecNumber.a(decimal64.o)
                0x0000000008059d34                COMBMSD
 .rodata.multies
                0x0000000008059db4       0x14 build/libdecNumber.a(decimal64.o)
 .rodata.str1.4
                0x0000000008059dc8        0x6 /usr/lib/gcc/arm-none-eabi/9.2.1/../../../arm-none-eabi/lib/thumb/v7e-m+fp/hard/libc.a(lib_a-perror.o)
 *fill*         0x0000000008059dce        0x2 
 .rodata.str1.4
                0x0000000008059dd0      0x700 /usr/lib/gcc/arm-none-eabi/9.2.1/../../../arm-none-eabi/lib/thumb/v7e-m+fp/hard/libc.a(lib_a-strerror.o)
                                        0x701 (size before relaxing)
 .rodata.str1.4
                0x000000000805a4d0       0x33 /usr/lib/gcc/arm-none-eabi/9.2.1/../../../arm-none-eabi/lib/thumb/v7e-m+fp/hard/libc.a(lib_a-svfprintf.o)
                                         0x42 (size before relaxing)
 *fill*         0x000000000805a503        0x1 
 .rodata.str1.4
                0x000000000805a504       0x46 /usr/lib/gcc/arm-none-eabi/9.2.1/../../../arm-none-eabi/lib/thumb/v7e-m+fp/hard/libc.a(lib_a-dtoa.o)
                                         0x5a (size before relaxing)
 *fill*         0x000000000805a54a        0x2 
 .rodata.str1.4
                0x000000000805a54c       0x33 /usr/lib/gcc/arm-none-eabi/9.2.1/../../../arm-none-eabi/lib/thumb/v7e-m+fp/hard/libc.a(lib_a-mprec.o)
                                         0x47 (size before relaxing)
 .rodata.str1.4
                0x000000000805a57f       0x2f /usr/lib/gcc/arm-none-eabi/9.2.1/../../../arm-none-eabi/lib/thumb/v7e-m+fp/hard/libc.a(lib_a-svfiprintf.o)
 *fill*         0x000000000805a57f        0x1 
 .rodata.str1.4
                0x000000000805a580       0x3f /usr/lib/gcc/arm-none-eabi/9.2.1/../../../arm-none-eabi/lib/thumb/v7e-m+fp/hard/libc.a(lib_a-assert.o)
                                         0x43 (size before relaxing)
 *fill*         0x000000000805a5bf        0x1 
 .rodata.str1.4
                0x000000000805a5c0        0x6 /usr/lib/gcc/arm-none-eabi/9.2.1/../../../arm-none-eabi/lib/thumb/v7e-m+fp/hard/libc.a(lib_a-locale.o)
                                         0x12 (size before relaxing)
 .rodata.str1.4
                0x000000000805a5c6       0x2f /usr/lib/gcc/arm-none-eabi/9.2.1/../../../arm-none-eabi/lib/thumb/v7e-m+fp/hard/libc.a(lib_a-vfiprintf.o)
                0x000000000805a5f8                . = ALIGN (0x8)
 *fill*         0x000000000805a5c6        0x2 
                0x0000000090000000                _qspi_init_base = LOADADDR (.qspi)
                0x0000000000000000                _qspi_init_length = SIZEOF (.qspi)

.text           0x000000000805a600    0x24670
                0x000000000805a600                . = ALIGN (0x8)
 *(.text)
 .text          0x000000000805a600       0x88 /usr/lib/gcc/arm-none-eabi/9.2.1/thumb/v7e-m+fp/hard/crtbegin.o
 .text          0x000000000805a688       0x30 /usr/lib/gcc/arm-none-eabi/9.2.1/thumb/v7e-m+fp/hard/libgcc.a(_aeabi_uldivmod.o)
                0x000000000805a688                __aeabi_uldivmod
 .text          0x000000000805a6b8      0x2c4 /usr/lib/gcc/arm-none-eabi/9.2.1/thumb/v7e-m+fp/hard/libgcc.a(_udivmoddi4.o)
                0x000000000805a6b8                __udivmoddi4
 .text          0x000000000805a97c        0x4 /usr/lib/gcc/arm-none-eabi/9.2.1/thumb/v7e-m+fp/hard/libgcc.a(_dvmd_tls.o)
                0x000000000805a97c                __aeabi_ldiv0
                0x000000000805a97c                __aeabi_idiv0
 .text          0x000000000805a980        0xc /usr/lib/gcc/arm-none-eabi/9.2.1/../../../arm-none-eabi/lib/thumb/v7e-m+fp/hard/libc.a(lib_a-atexit.o)
                0x000000000805a980                atexit
 .text          0x000000000805a98c        0xc /usr/lib/gcc/arm-none-eabi/9.2.1/../../../arm-none-eabi/lib/thumb/v7e-m+fp/hard/libc.a(lib_a-errno.o)
                0x000000000805a98c                __errno
 .text          0x000000000805a998       0x34 /usr/lib/gcc/arm-none-eabi/9.2.1/../../../arm-none-eabi/lib/thumb/v7e-m+fp/hard/libc.a(lib_a-fini.o)
                0x000000000805a998                __libc_fini_array
 .text          0x000000000805a9cc       0x48 /usr/lib/gcc/arm-none-eabi/9.2.1/../../../arm-none-eabi/lib/thumb/v7e-m+fp/hard/libc.a(lib_a-init.o)
                0x000000000805a9cc                __libc_init_array
 .text          0x000000000805aa14      0x134 /usr/lib/gcc/arm-none-eabi/9.2.1/../../../arm-none-eabi/lib/thumb/v7e-m+fp/hard/libc.a(lib_a-memcpy.o)
                0x000000000805aa14                memcpy
 .text          0x000000000805ab48       0xa0 /usr/lib/gcc/arm-none-eabi/9.2.1/../../../arm-none-eabi/lib/thumb/v7e-m+fp/hard/libc.a(lib_a-memset.o)
                0x000000000805ab48                memset
 .text          0x000000000805abe8      0x100 /usr/lib/gcc/arm-none-eabi/9.2.1/../../../arm-none-eabi/lib/thumb/v7e-m+fp/hard/libc.a(lib_a-perror.o)
                0x000000000805abe8                _perror_r
                0x000000000805acd8                perror
 .text          0x000000000805ace8       0x80 /usr/lib/gcc/arm-none-eabi/9.2.1/../../../arm-none-eabi/lib/thumb/v7e-m+fp/hard/libc.a(lib_a-sprintf.o)
                0x000000000805ace8                _sprintf_r
                0x000000000805ad24                sprintf
 .text          0x000000000805ad68      0x3fc /usr/lib/gcc/arm-none-eabi/9.2.1/../../../arm-none-eabi/lib/thumb/v7e-m+fp/hard/libc.a(lib_a-strerror.o)
                0x000000000805ad68                _strerror_r
                0x000000000805b134                strerror
                0x000000000805b14c                strerror_l
 *fill*         0x000000000805b164       0x1c 
 .text          0x000000000805b180       0xdc /usr/lib/gcc/arm-none-eabi/9.2.1/../../../arm-none-eabi/lib/thumb/v7e-m+fp/hard/libc.a(lib_a-strlen.o)
                0x000000000805b180                strlen
 .text          0x000000000805b25c       0x74 /usr/lib/gcc/arm-none-eabi/9.2.1/../../../arm-none-eabi/lib/thumb/v7e-m+fp/hard/libc.a(lib_a-strncpy.o)
                0x000000000805b25c                strncpy
 .text          0x000000000805b2d0     0x1498 /usr/lib/gcc/arm-none-eabi/9.2.1/../../../arm-none-eabi/lib/thumb/v7e-m+fp/hard/libc.a(lib_a-svfprintf.o)
                0x000000000805b2d0                _svfprintf_r
 .text          0x000000000805c768        0x4 /usr/lib/gcc/arm-none-eabi/9.2.1/../../../arm-none-eabi/lib/thumb/v7e-m+fp/hard/libc.a(lib_a-u_strerr.o)
                0x000000000805c768                _user_strerror
 .text          0x000000000805c76c       0x2c /usr/lib/gcc/arm-none-eabi/9.2.1/../../../arm-none-eabi/lib/thumb/v7e-m+fp/hard/libc.a(lib_a-writer.o)
                0x000000000805c76c                _write_r
 .text          0x000000000805c798       0x68 /usr/lib/gcc/arm-none-eabi/9.2.1/../../../arm-none-eabi/lib/thumb/v7e-m+fp/hard/libc.a(lib_a-__atexit.o)
                0x000000000805c798                __register_exitproc
 .text          0x000000000805c800      0xfc0 /usr/lib/gcc/arm-none-eabi/9.2.1/../../../arm-none-eabi/lib/thumb/v7e-m+fp/hard/libc.a(lib_a-dtoa.o)
                0x000000000805c924                _dtoa_r
 .text          0x000000000805d7c0      0x1a4 /usr/lib/gcc/arm-none-eabi/9.2.1/../../../arm-none-eabi/lib/thumb/v7e-m+fp/hard/libc.a(lib_a-fflush.o)
                0x000000000805d7c0                __sflush_r
                0x000000000805d90c                _fflush_r
                0x000000000805d940                fflush
 .text          0x000000000805d964       0x34 /usr/lib/gcc/arm-none-eabi/9.2.1/../../../arm-none-eabi/lib/thumb/v7e-m+fp/hard/libc.a(lib_a-fileno.o)
                0x000000000805d964                fileno
 .text          0x000000000805d998      0x1f4 /usr/lib/gcc/arm-none-eabi/9.2.1/../../../arm-none-eabi/lib/thumb/v7e-m+fp/hard/libc.a(lib_a-findfp.o)
                0x000000000805d99c                _cleanup_r
                0x000000000805da80                __sfmoreglue
                0x000000000805dab0                __sfp
                0x000000000805db38                _cleanup
                0x000000000805db4c                __sinit
                0x000000000805db54                __sfp_lock_acquire
                0x000000000805db58                __sfp_lock_release
                0x000000000805db5c                __sinit_lock_acquire
                0x000000000805db60                __sinit_lock_release
                0x000000000805db64                __fp_lock_all
                0x000000000805db78                __fp_unlock_all
 .text          0x000000000805db8c       0xa0 /usr/lib/gcc/arm-none-eabi/9.2.1/../../../arm-none-eabi/lib/thumb/v7e-m+fp/hard/libc.a(lib_a-fwalk.o)
                0x000000000805db8c                _fwalk
                0x000000000805dbd8                _fwalk_reent
 .text          0x000000000805dc2c       0x14 /usr/lib/gcc/arm-none-eabi/9.2.1/../../../arm-none-eabi/lib/thumb/v7e-m+fp/hard/libc.a(lib_a-localeconv.o)
                0x000000000805dc2c                __localeconv_l
                0x000000000805dc30                _localeconv_r
                0x000000000805dc38                localeconv
 .text          0x000000000805dc40       0xa0 /usr/lib/gcc/arm-none-eabi/9.2.1/../../../arm-none-eabi/lib/thumb/v7e-m+fp/hard/libc.a(lib_a-memchr.o)
                0x000000000805dc40                memchr
 .text          0x000000000805dce0      0x9a8 /usr/lib/gcc/arm-none-eabi/9.2.1/../../../arm-none-eabi/lib/thumb/v7e-m+fp/hard/libc.a(lib_a-mprec.o)
                0x000000000805dce0                _Balloc
                0x000000000805dd2c                _Bfree
                0x000000000805dd40                __multadd
                0x000000000805dde4                __s2b
                0x000000000805de90                __hi0bits
                0x000000000805ded0                __lo0bits
                0x000000000805df30                __i2b
                0x000000000805df5c                __multiply
                0x000000000805e0a8                __pow5mult
                0x000000000805e140                __lshift
                0x000000000805e20c                __mcmp
                0x000000000805e244                __mdiff
                0x000000000805e36c                __ulp
                0x000000000805e3bc                __b2d
                0x000000000805e474                __d2b
                0x000000000805e548                __ratio
                0x000000000805e5a8                _mprec_log10
                0x000000000805e5e8                __copybits
                0x000000000805e630                __any_on
 .text          0x000000000805e688       0x90 /usr/lib/gcc/arm-none-eabi/9.2.1/../../../arm-none-eabi/lib/thumb/v7e-m+fp/hard/libc.a(lib_a-stdio.o)
                0x000000000805e688                __sread
                0x000000000805e6ac                __seofread
                0x000000000805e6b0                __swrite
                0x000000000805e6f0                __sseek
                0x000000000805e710                __sclose
 .text          0x000000000805e718      0xb64 /usr/lib/gcc/arm-none-eabi/9.2.1/../../../arm-none-eabi/lib/thumb/v7e-m+fp/hard/libc.a(lib_a-svfiprintf.o)
                0x000000000805e718                __ssprint_r
                0x000000000805e810                _svfiprintf_r
 .text          0x000000000805f27c       0x48 /usr/lib/gcc/arm-none-eabi/9.2.1/../../../arm-none-eabi/lib/thumb/v7e-m+fp/hard/libc.a(lib_a-assert.o)
                0x000000000805f27c                __assert_func
                0x000000000805f2b8                __assert
 .text          0x000000000805f2c4       0x24 /usr/lib/gcc/arm-none-eabi/9.2.1/../../../arm-none-eabi/lib/thumb/v7e-m+fp/hard/libc.a(lib_a-closer.o)
                0x000000000805f2c4                _close_r
 .text          0x000000000805f2e8       0x98 /usr/lib/gcc/arm-none-eabi/9.2.1/../../../arm-none-eabi/lib/thumb/v7e-m+fp/hard/libc.a(lib_a-fclose.o)
                0x000000000805f2e8                _fclose_r
                0x000000000805f370                fclose
 .text          0x000000000805f380       0x44 /usr/lib/gcc/arm-none-eabi/9.2.1/../../../arm-none-eabi/lib/thumb/v7e-m+fp/hard/libc.a(lib_a-fiprintf.o)
                0x000000000805f380                _fiprintf_r
                0x000000000805f39c                fiprintf
 .text          0x000000000805f3c4       0x5c /usr/lib/gcc/arm-none-eabi/9.2.1/../../../arm-none-eabi/lib/thumb/v7e-m+fp/hard/libc.a(lib_a-locale.o)
                0x000000000805f3c4                _setlocale_r
                0x000000000805f404                __locale_mb_cur_max
                0x000000000805f410                setlocale
 .text          0x000000000805f420       0x2c /usr/lib/gcc/arm-none-eabi/9.2.1/../../../arm-none-eabi/lib/thumb/v7e-m+fp/hard/libc.a(lib_a-lseekr.o)
                0x000000000805f420                _lseek_r
 .text          0x000000000805f44c       0x40 /usr/lib/gcc/arm-none-eabi/9.2.1/../../../arm-none-eabi/lib/thumb/v7e-m+fp/hard/libc.a(lib_a-mbtowc_r.o)
                0x000000000805f44c                _mbtowc_r
                0x000000000805f460                __ascii_mbtowc
 .text          0x000000000805f48c       0xd0 /usr/lib/gcc/arm-none-eabi/9.2.1/../../../arm-none-eabi/lib/thumb/v7e-m+fp/hard/libc.a(lib_a-memmove.o)
                0x000000000805f48c                memmove
 .text          0x000000000805f55c       0x2c /usr/lib/gcc/arm-none-eabi/9.2.1/../../../arm-none-eabi/lib/thumb/v7e-m+fp/hard/libc.a(lib_a-readr.o)
                0x000000000805f55c                _read_r
 *fill*         0x000000000805f588       0x18 
 .text          0x000000000805f5a0      0x2dc /usr/lib/gcc/arm-none-eabi/9.2.1/../../../arm-none-eabi/lib/thumb/v7e-m+fp/hard/libc.a(lib_a-strcmp.o)
                0x000000000805f5a8                strcmp
 .text          0x000000000805f87c      0xd00 /usr/lib/gcc/arm-none-eabi/9.2.1/../../../arm-none-eabi/lib/thumb/v7e-m+fp/hard/libc.a(lib_a-vfiprintf.o)
                0x000000000805f8f4                __sprint_r
                0x000000000805f908                _vfiprintf_r
                0x00000000080604f8                vfiprintf
 .text          0x000000000806057c       0x30 /usr/lib/gcc/arm-none-eabi/9.2.1/../../../arm-none-eabi/lib/thumb/v7e-m+fp/hard/libc.a(lib_a-wctomb_r.o)
                0x000000000806057c                _wctomb_r
                0x0000000008060590                __ascii_wctomb
 .text          0x00000000080605ac       0xd0 /usr/lib/gcc/arm-none-eabi/9.2.1/../../../arm-none-eabi/lib/thumb/v7e-m+fp/hard/libc.a(lib_a-wsetup.o)
                0x00000000080605ac                __swsetup_r
 .text          0x000000000806067c       0x10 /usr/lib/gcc/arm-none-eabi/9.2.1/../../../arm-none-eabi/lib/thumb/v7e-m+fp/hard/libc.a(lib_a-abort.o)
                0x000000000806067c                abort
 .text          0x000000000806068c      0x110 /usr/lib/gcc/arm-none-eabi/9.2.1/../../../arm-none-eabi/lib/thumb/v7e-m+fp/hard/libc.a(lib_a-fputwc.o)
                0x000000000806068c                __fputwc
                0x0000000008060734                _fputwc_r
                0x000000000806075c                fputwc
 .text          0x000000000806079c      0x308 /usr/lib/gcc/arm-none-eabi/9.2.1/../../../arm-none-eabi/lib/thumb/v7e-m+fp/hard/libc.a(lib_a-fvwrite.o)
                0x000000000806079c                __sfvwrite_r
 .text          0x0000000008060aa4       0xf0 /usr/lib/gcc/arm-none-eabi/9.2.1/../../../arm-none-eabi/lib/thumb/v7e-m+fp/hard/libc.a(lib_a-makebuf.o)
                0x0000000008060aa4                __swhatbuf_r
                0x0000000008060b00                __smakebuf_r
 .text          0x0000000008060b94      0x15c /usr/lib/gcc/arm-none-eabi/9.2.1/../../../arm-none-eabi/lib/thumb/v7e-m+fp/hard/libc.a(lib_a-signal.o)
                0x0000000008060bbc                _init_signal_r
                0x0000000008060bc8                _signal_r
                0x0000000008060c00                _raise_r
                0x0000000008060c58                __sigtramp_r
                0x0000000008060cac                raise
                0x0000000008060cbc                signal
                0x0000000008060ccc                _init_signal
                0x0000000008060ce0                __sigtramp
 .text          0x0000000008060cf0       0x2c /usr/lib/gcc/arm-none-eabi/9.2.1/../../../arm-none-eabi/lib/thumb/v7e-m+fp/hard/libc.a(lib_a-signalr.o)
                0x0000000008060cf0                _kill_r
                0x0000000008060d18                _getpid_r
 .text          0x0000000008060d1c       0xc0 /usr/lib/gcc/arm-none-eabi/9.2.1/../../../arm-none-eabi/lib/thumb/v7e-m+fp/hard/libc.a(lib_a-wbuf.o)
                0x0000000008060d1c                __swbuf_r
                0x0000000008060dcc                __swbuf
 .text          0x0000000008060ddc       0x7c /usr/lib/gcc/arm-none-eabi/9.2.1/../../../arm-none-eabi/lib/thumb/v7e-m+fp/hard/libc.a(lib_a-wcrtomb.o)
                0x0000000008060ddc                _wcrtomb_r
                0x0000000008060e10                wcrtomb
 .text          0x0000000008060e58       0x28 /usr/lib/gcc/arm-none-eabi/9.2.1/../../../arm-none-eabi/lib/thumb/v7e-m+fp/hard/libc.a(lib_a-fstatr.o)
                0x0000000008060e58                _fstat_r
 .text          0x0000000008060e80       0x24 /usr/lib/gcc/arm-none-eabi/9.2.1/../../../arm-none-eabi/lib/thumb/v7e-m+fp/hard/libc.a(lib_a-isattyr.o)
                0x0000000008060e80                _isatty_r
 .text          0x0000000008060ea4      0x378 /usr/lib/gcc/arm-none-eabi/9.2.1/thumb/v7e-m+fp/hard/libgcc.a(_arm_addsubdf3.o)
                0x0000000008060ea4                __aeabi_drsub
                0x0000000008060eac                __aeabi_dsub
                0x0000000008060eac                __subdf3
                0x0000000008060eb0                __adddf3
                0x0000000008060eb0                __aeabi_dadd
                0x0000000008061128                __aeabi_ui2d
                0x0000000008061128                __floatunsidf
                0x0000000008061148                __floatsidf
                0x0000000008061148                __aeabi_i2d
                0x000000000806116c                __extendsfdf2
                0x000000000806116c                __aeabi_f2d
                0x00000000080611b0                __aeabi_ul2d
                0x00000000080611b0                __floatundidf
                0x00000000080611c0                __floatdidf
                0x00000000080611c0                __aeabi_l2d
 .text          0x000000000806121c      0x424 /usr/lib/gcc/arm-none-eabi/9.2.1/thumb/v7e-m+fp/hard/libgcc.a(_arm_muldivdf3.o)
                0x000000000806121c                __aeabi_dmul
                0x000000000806121c                __muldf3
                0x0000000008061470                __aeabi_ddiv
                0x0000000008061470                __divdf3
 .text          0x0000000008061640      0x110 /usr/lib/gcc/arm-none-eabi/9.2.1/thumb/v7e-m+fp/hard/libgcc.a(_arm_cmpdf2.o)
                0x0000000008061640                __gtdf2
                0x0000000008061640                __gedf2
                0x0000000008061648                __ltdf2
                0x0000000008061648                __ledf2
                0x0000000008061650                __cmpdf2
                0x0000000008061650                __eqdf2
                0x0000000008061650                __nedf2
                0x00000000080616cc                __aeabi_cdrcmple
                0x00000000080616dc                __aeabi_cdcmple
                0x00000000080616dc                __aeabi_cdcmpeq
                0x00000000080616ec                __aeabi_dcmpeq
                0x0000000008061700                __aeabi_dcmplt
                0x0000000008061714                __aeabi_dcmple
                0x0000000008061728                __aeabi_dcmpge
                0x000000000806173c                __aeabi_dcmpgt
 .text          0x0000000008061750       0x2c /usr/lib/gcc/arm-none-eabi/9.2.1/thumb/v7e-m+fp/hard/libgcc.a(_arm_unorddf2.o)
                0x0000000008061750                __aeabi_dcmpun
                0x0000000008061750                __unorddf2
 .text          0x000000000806177c       0x50 /usr/lib/gcc/arm-none-eabi/9.2.1/thumb/v7e-m+fp/hard/libgcc.a(_arm_fixdfsi.o)
                0x000000000806177c                __fixdfsi
                0x000000000806177c                __aeabi_d2iz
 .text          0x00000000080617cc        0x4 /usr/lib/gcc/arm-none-eabi/9.2.1/../../../arm-none-eabi/lib/thumb/v7e-m+fp/hard/libnosys.a(_exit.o)
                0x00000000080617cc                _exit
 *(.text*)
 .text._read    0x00000000080617d0        0x4 build/pgm_syscalls.o
                0x00000000080617d0                _read
 .text._write   0x00000000080617d4        0x8 build/pgm_syscalls.o
                0x00000000080617d4                _write
 .text._close   0x00000000080617dc        0x8 build/pgm_syscalls.o
                0x00000000080617dc                _close
 .text._fstat   0x00000000080617e4        0xc build/pgm_syscalls.o
                0x00000000080617e4                _fstat
 .text._isatty  0x00000000080617f0        0x4 build/pgm_syscalls.o
                0x00000000080617f0                _isatty
 .text._lseek   0x00000000080617f4        0x4 build/pgm_syscalls.o
                0x00000000080617f4                _lseek
 .text._kill    0x00000000080617f8       0x10 build/pgm_syscalls.o
                0x00000000080617f8                _kill
 .text._getpid  0x0000000008061808        0x4 build/pgm_syscalls.o
                0x0000000008061808                _getpid
 .text.free     0x000000000806180c        0x8 build/pgm_syscalls.o
                0x000000000806180c                free
 .text.calloc   0x0000000008061814        0x8 build/pgm_syscalls.o
                0x0000000008061814                calloc
 .text.__wrap__malloc_r
                0x000000000806181c        0xc build/pgm_syscalls.o
                0x000000000806181c                __wrap__malloc_r
 .text._calloc_r
                0x0000000008061828        0xc build/pgm_syscalls.o
                0x0000000008061828                _calloc_r
 .text._realloc_r
                0x0000000008061834        0xc build/pgm_syscalls.o
                0x0000000008061834                _realloc_r
 .text._free_r  0x0000000008061840        0xc build/pgm_syscalls.o
                0x0000000008061840                _free_r
 .text.post_main
                0x000000000806184c       0x1c build/pgm_syscalls.o
                0x000000000806184c                post_main
 .text.gtodot_digit
                0x0000000008061868       0x60 build/keys.o
 .text.check_f_key
                0x00000000080618c8       0x40 build/keys.o
 .text.is_label_or_end_at
                0x0000000008061908       0x30 build/keys.o
 .text.advance_to_next_label
                0x0000000008061938       0x4c build/keys.o
 .text.init_cat
                0x0000000008061984       0xec build/keys.o
 .text.advance_to_previous_label
                0x0000000008061a70       0x50 build/keys.o
 .text.check_confirm.part.0
                0x0000000008061ac0       0x30 build/keys.o
 .text.init_arg.part.0
                0x0000000008061af0       0x28 build/keys.o
 .text.reset_arg
                0x0000000008061b18       0x1c build/keys.o
 .text.arg_eval
                0x0000000008061b34       0x9c build/keys.o
 .text.arg_digit
                0x0000000008061bd0      0x10c build/keys.o
 .text.process_arg_shuffle
                0x0000000008061cdc       0x30 build/keys.o
 .text.process_h_shifted
                0x0000000008061d0c       0xd8 build/keys.o
 .text.intltr   0x0000000008061de4       0x38 build/keys.o
 .text.process_normal
                0x0000000008061e1c      0x278 build/keys.o
 .text.process_fg_shifted
                0x0000000008062094      0x2a8 build/keys.o
 .text.set_window
                0x000000000806233c       0x98 build/keys.o
 .text.arg_storcl
                0x00000000080623d4       0x44 build/keys.o
 .text.process_arg
                0x0000000008062418      0x550 build/keys.o
 .text.cur_shift
                0x0000000008062968       0x14 build/keys.o
                0x0000000008062968                cur_shift
 .text.reset_shift
                0x000000000806297c       0x18 build/keys.o
                0x000000000806297c                reset_shift
 .text.keycode_to_row_column
                0x0000000008062994       0x24 build/keys.o
                0x0000000008062994                keycode_to_row_column
 .text.row_column_to_keycode
                0x00000000080629b8       0x40 build/keys.o
                0x00000000080629b8                row_column_to_keycode
 .text.init_state
                0x00000000080629f8       0x80 build/keys.o
                0x00000000080629f8                init_state
 .text.process_cmplx
                0x0000000008062a78       0xbc build/keys.o
 .text.soft_init_state
                0x0000000008062b34       0x50 build/keys.o
                0x0000000008062b34                soft_init_state
 .text.finish_cpx_entry
                0x0000000008062b84       0xc8 build/keys.o
                0x0000000008062b84                finish_cpx_entry
 .text.stack_begin
                0x0000000008062c4c       0xbc build/keys.o
                0x0000000008062c4c                stack_begin
 .text.current_catalogue
                0x0000000008062d08       0xe0 build/keys.o
                0x0000000008062d08                current_catalogue
 .text.process_catalogue
                0x0000000008062de8      0x31c build/keys.o
 .text.get_alpha_state
                0x0000000008063104       0x28 build/keys.o
                0x0000000008063104                get_alpha_state
 .text.process_keycode
                0x000000000806312c     0x1d7c build/keys.o
                0x000000000806312c                process_keycode
 .text.process_keycode_with_shift
                0x0000000008064ea8       0xa8 build/keys.o
                0x0000000008064ea8                process_keycode_with_shift
 .text.set_separator_decimal_modes
                0x0000000008064f50       0x54 build/display.o
 .text.set_dig  0x0000000008064fa4       0x78 build/display.o
 .text.hms_render
                0x000000000806501c       0xa8 build/display.o
 .text.set_exp_digits_string
                0x00000000080650c4       0x40 build/display.o
 .text.hms_step
                0x0000000008065104       0x38 build/display.o
 .text.set_exp  0x000000000806513c      0x124 build/display.o
 .text.set_separator.part.0
                0x0000000008065260       0x40 build/display.o
 .text.set_decimal
                0x00000000080652a0       0x54 build/display.o
 .text.set_digits_string
                0x00000000080652f4       0x44 build/display.o
 .text.check_special_dn.isra.0
                0x0000000008065338       0x9c build/display.o
 .text.set_x_hms
                0x00000000080653d4      0x1c8 build/display.o
 .text.set_x_fract
                0x000000000806559c      0x1b4 build/display.o
 .text.carry_overflow
                0x0000000008065750       0x84 build/display.o
 .text.set_int_x
                0x00000000080657d4      0x3d4 build/display.o
 .text.set_annunciators
                0x0000000008065ba8      0x108 build/display.o
 .text.s_s_sized.constprop.0
                0x0000000008065cb0      0x19c build/display.o
 .text.dot      0x0000000008065e4c        0xc build/display.o
                0x0000000008065e4c                dot
 .text.std_round_fix
                0x0000000008065e58       0x7c build/display.o
                0x0000000008065e58                std_round_fix
 .text.pixel_length
                0x0000000008065ed4       0x40 build/display.o
                0x0000000008065ed4                pixel_length
 .text.set_status
                0x0000000008065f14       0x38 build/display.o
 .text.set_x_dn
                0x0000000008065f4c      0x9ec build/display.o
                0x0000000008065f4c                set_x_dn
 .text.set_x    0x0000000008066938       0x34 build/display.o
 .text.format_reg
                0x000000000806696c       0x6c build/display.o
                0x000000000806696c                format_reg
 .text.set_status_right
                0x00000000080669d8       0x64 build/display.o
 .text.annunciators
                0x0000000008066a3c      0x528 build/display.o
 .text.display  0x0000000008066f64      0xe90 build/display.o
                0x0000000008066f64                display
 .text.frozen_display
                0x0000000008067df4       0x20 build/display.o
                0x0000000008067df4                frozen_display
 .text.message  0x0000000008067e14       0x70 build/display.o
                0x0000000008067e14                message
 .text.error_message
                0x0000000008067e84       0x88 build/display.o
                0x0000000008067e84                error_message
 .text.find_section_bounds
                0x0000000008067f0c       0x78 build/xeq.o
 .text.reg_address
                0x0000000008067f84       0x64 build/xeq.o
 .text.retstk_up
                0x0000000008067fe8       0x74 build/xeq.o
 .text.flag_word
                0x000000000806805c       0x78 build/xeq.o
 .text.set_zero
                0x00000000080680d4       0x24 build/xeq.o
 .text.intResult
                0x00000000080680f8       0xac build/xeq.o
 .text.check_stack_overlap
                0x00000000080681a4       0x74 build/xeq.o
 .text.move_retstk
                0x0000000008068218       0x80 build/xeq.o
                0x0000000008068218                move_retstk
 .text.local_regs_rarg
                0x0000000008068298       0x60 build/xeq.o
                0x0000000008068298                local_regs_rarg
 .text.get_reg_limit
                0x00000000080682f8       0xbc build/xeq.o
 .text.local_regs
                0x00000000080683b4       0x40 build/xeq.o
                0x00000000080683b4                local_regs
 .text.global_regs_rarg
                0x00000000080683f4       0x40 build/xeq.o
                0x00000000080683f4                global_regs_rarg
 .text.global_regs
                0x0000000008068434       0x24 build/xeq.o
                0x0000000008068434                global_regs
 .text.version  0x0000000008068458       0x1c build/xeq.o
                0x0000000008068458                version
 .text.cmd_off  0x0000000008068474        0x4 build/xeq.o
                0x0000000008068474                cmd_off
 .text.init_RegionTab
                0x0000000008068478       0x2c build/xeq.o
                0x0000000008068478                init_RegionTab
 .text.sizeLIB  0x00000000080684a4       0x20 build/xeq.o
                0x00000000080684a4                sizeLIB
 .text.getprog  0x00000000080684c4       0x50 build/xeq.o
                0x00000000080684c4                getprog
 .text.get_current_prog
                0x0000000008068514       0x28 build/xeq.o
                0x0000000008068514                get_current_prog
 .text.do_inc   0x000000000806853c       0x48 build/xeq.o
                0x000000000806853c                do_inc
 .text.user_pc.part.0
                0x0000000008068584       0x38 build/xeq.o
 .text.print_step
                0x00000000080685bc       0xac build/xeq.o
 .text.do_dec   0x0000000008068668       0x4c build/xeq.o
                0x0000000008068668                do_dec
 .text.update_program_bounds
                0x00000000080686b4       0x98 build/xeq.o
                0x00000000080686b4                update_program_bounds
 .text.set_pc   0x000000000806874c       0xb0 build/xeq.o
                0x000000000806874c                set_pc
 .text.incpc    0x00000000080687fc       0x2c build/xeq.o
                0x00000000080687fc                incpc
 .text.decpc    0x0000000008068828       0x28 build/xeq.o
                0x0000000008068828                decpc
 .text.fin_tst.part.0
                0x0000000008068850       0x14 build/xeq.o
 .text.do_rtn   0x0000000008068864       0x98 build/xeq.o
 .text.user_pc  0x00000000080688fc       0x14 build/xeq.o
                0x00000000080688fc                user_pc
 .text.find_user_pc
                0x0000000008068910       0x54 build/xeq.o
                0x0000000008068910                find_user_pc
 .text.report_err
                0x0000000008068964       0x20 build/xeq.o
                0x0000000008068964                report_err
 .text.report_warn
                0x0000000008068984       0x5c build/xeq.o
                0x0000000008068984                report_warn
 .text.cmderr   0x00000000080689e0       0x14 build/xeq.o
                0x00000000080689e0                cmderr
 .text.cmdmsg   0x00000000080689f4        0x4 build/xeq.o
                0x00000000080689f4                cmdmsg
 .text.rarg_roundingmode
                0x00000000080689f8       0x18 build/xeq.o
                0x00000000080689f8                rarg_roundingmode
 .text.packed_from_number
                0x0000000008068a10       0x3c build/xeq.o
                0x0000000008068a10                packed_from_number
 .text.packed128_from_number
                0x0000000008068a4c       0x3c build/xeq.o
                0x0000000008068a4c                packed128_from_number
 .text.check_special
                0x0000000008068a88       0xa8 build/xeq.o
 .text.packed_from_packed128
                0x0000000008068b30       0x1c build/xeq.o
                0x0000000008068b30                packed_from_packed128
 .text.packed128_from_packed
                0x0000000008068b4c       0x1c build/xeq.o
                0x0000000008068b4c                packed128_from_packed
 .text.stack_size
                0x0000000008068b68       0x38 build/xeq.o
                0x0000000008068b68                stack_size
 .text.copyreg  0x0000000008068ba0       0x20 build/xeq.o
                0x0000000008068ba0                copyreg
 .text.set_lift
                0x0000000008068bc0       0x10 build/xeq.o
                0x0000000008068bc0                set_lift
 .text.entry_rpn_on_off
                0x0000000008068bd0       0x34 build/xeq.o
                0x0000000008068bd0                entry_rpn_on_off
 .text.is_dblmode
                0x0000000008068c04       0x20 build/xeq.o
                0x0000000008068c04                is_dblmode
 .text.s_to_i   0x0000000008068c24       0x6c build/xeq.o
                0x0000000008068c24                s_to_i
 .text.digit    0x0000000008068c90      0x190 build/xeq.o
 .text.s_to_ull
                0x0000000008068e20       0x3c build/xeq.o
                0x0000000008068e20                s_to_ull
 .text.get_cmdline
                0x0000000008068e5c       0x18 build/xeq.o
                0x0000000008068e5c                get_cmdline
 .text.is_bad_cmdline
                0x0000000008068e74        0x4 build/xeq.o
                0x0000000008068e74                is_bad_cmdline
 .text.get_flash_reg_n
                0x0000000008068e78       0x20 build/xeq.o
                0x0000000008068e78                get_flash_reg_n
 .text.get_const
                0x0000000008068e98       0x84 build/xeq.o
                0x0000000008068e98                get_const
 .text.get_reg_n
                0x0000000008068f1c       0xb4 build/xeq.o
                0x0000000008068f1c                get_reg_n
 .text.lift     0x0000000008068fd0       0x6c build/xeq.o
                0x0000000008068fd0                lift
 .text.lift2_if_enabled
                0x000000000806903c       0x48 build/xeq.o
 .text.lower    0x0000000008069084       0x74 build/xeq.o
 .text.get_stack_top
                0x00000000080690f8       0x3c build/xeq.o
 .text.roll_down
                0x0000000008069134       0x54 build/xeq.o
                0x0000000008069134                roll_down
 .text.cpx_roll_down
                0x0000000008069188       0x34 build/xeq.o
                0x0000000008069188                cpx_roll_down
 .text.roll_up  0x00000000080691bc       0x54 build/xeq.o
                0x00000000080691bc                roll_up
 .text.cpx_roll_up
                0x0000000008069210       0x34 build/xeq.o
                0x0000000008069210                cpx_roll_up
 .text.fill     0x0000000008069244       0x70 build/xeq.o
                0x0000000008069244                fill
 .text.lower2   0x00000000080692b4       0x74 build/xeq.o
 .text.drop     0x0000000008069328       0x20 build/xeq.o
                0x0000000008069328                drop
 .text.copyreg_n
                0x0000000008069348       0x3c build/xeq.o
                0x0000000008069348                copyreg_n
 .text.setlastX
                0x0000000008069384        0x8 build/xeq.o
                0x0000000008069384                setlastX
 .text.setlastXY
                0x000000000806938c       0x18 build/xeq.o
 .text.getRegister
                0x00000000080693a4       0x34 build/xeq.o
                0x00000000080693a4                getRegister
 .text.getX     0x00000000080693d8        0x8 build/xeq.o
                0x00000000080693d8                getX
 .text.getY     0x00000000080693e0        0x8 build/xeq.o
                0x00000000080693e0                getY
 .text.getXY    0x00000000080693e8       0x18 build/xeq.o
                0x00000000080693e8                getXY
 .text.getXYZ   0x0000000008069400       0x20 build/xeq.o
                0x0000000008069400                getXYZ
 .text.getXYZT  0x0000000008069420       0x14 build/xeq.o
                0x0000000008069420                getXYZT
 .text.storcl_op
                0x0000000008069434       0x84 build/xeq.o
 .text.storcl_cop
                0x00000000080694b8       0xc0 build/xeq.o
 .text.cpx_enter
                0x0000000008069578       0x50 build/xeq.o
                0x0000000008069578                cpx_enter
 .text.cpx_fill
                0x00000000080695c8       0x94 build/xeq.o
                0x00000000080695c8                cpx_fill
 .text.setRegister
                0x000000000806965c       0x54 build/xeq.o
                0x000000000806965c                setRegister
 .text.setX     0x00000000080696b0        0x8 build/xeq.o
                0x00000000080696b0                setX
 .text.rarg_round
                0x00000000080696b8       0x70 build/xeq.o
                0x00000000080696b8                rarg_round
 .text.setY     0x0000000008069728        0x8 build/xeq.o
                0x0000000008069728                setY
 .text.setXY    0x0000000008069730       0x2c build/xeq.o
                0x0000000008069730                setXY
 .text.convert_regK
                0x000000000806975c       0xc4 build/xeq.o
                0x000000000806975c                convert_regK
 .text.cpx_nop  0x0000000008069820      0x170 build/xeq.o
                0x0000000008069820                cpx_nop
 .text.get_reg_n_int
                0x0000000008069990       0x1c build/xeq.o
                0x0000000008069990                get_reg_n_int
 .text.storcl_intop
                0x00000000080699ac       0xb0 build/xeq.o
 .text.incdec   0x0000000008069a5c       0x98 build/xeq.o
 .text.set_reg_n_int
                0x0000000008069af4       0x1c build/xeq.o
                0x0000000008069af4                set_reg_n_int
 .text.get_reg_n_int_sgn
                0x0000000008069b10       0x38 build/xeq.o
                0x0000000008069b10                get_reg_n_int_sgn
 .text.get_keycode_from_reg
                0x0000000008069b48       0x30 build/xeq.o
 .text.getX_int
                0x0000000008069b78        0x8 build/xeq.o
                0x0000000008069b78                getX_int
 .text.getX_int_sgn
                0x0000000008069b80        0x8 build/xeq.o
                0x0000000008069b80                getX_int_sgn
 .text.set_reg_n_int_sgn
                0x0000000008069b88       0x64 build/xeq.o
                0x0000000008069b88                set_reg_n_int_sgn
 .text.op_roundingmode
                0x0000000008069bec       0x28 build/xeq.o
                0x0000000008069bec                op_roundingmode
 .text.register_from_int
                0x0000000008069c14       0x64 build/xeq.o
 .text.int_from_register
                0x0000000008069c78       0x48 build/xeq.o
 .text.switch_to_int
                0x0000000008069cc0       0x80 build/xeq.o
 .text.process_cmdline.part.0
                0x0000000008069d40      0x250 build/xeq.o
 .text.process_cmdline
                0x0000000008069f90       0x10 build/xeq.o
                0x0000000008069f90                process_cmdline
 .text.cpx_pi   0x0000000008069fa0       0xcc build/xeq.o
                0x0000000008069fa0                cpx_pi
 .text.process_cmdline_set_lift
                0x000000000806a06c       0x24 build/xeq.o
                0x000000000806a06c                process_cmdline_set_lift
 .text.setX_int
                0x000000000806a090       0x20 build/xeq.o
                0x000000000806a090                setX_int
 .text.do_rcl   0x000000000806a0b0       0xdc build/xeq.o
 .text.setX_int_sgn
                0x000000000806a18c       0x18 build/xeq.o
                0x000000000806a18c                setX_int_sgn
 .text.zero_X   0x000000000806a1a4        0xc build/xeq.o
                0x000000000806a1a4                zero_X
 .text.zero_Y   0x000000000806a1b0       0x10 build/xeq.o
                0x000000000806a1b0                zero_Y
 .text.clrx     0x000000000806a1c0       0x78 build/xeq.o
                0x000000000806a1c0                clrx
 .text.clrstk   0x000000000806a238       0x6c build/xeq.o
                0x000000000806a238                clrstk
 .text.clrreg   0x000000000806a2a4      0x12c build/xeq.o
                0x000000000806a2a4                clrreg
 .text.clrretstk
                0x000000000806a3d0       0x14 build/xeq.o
                0x000000000806a3d0                clrretstk
 .text.clrretstk_pc
                0x000000000806a3e4       0x24 build/xeq.o
                0x000000000806a3e4                clrretstk_pc
 .text.cmdconst
                0x000000000806a408       0xd4 build/xeq.o
                0x000000000806a408                cmdconst
 .text.cmdsto   0x000000000806a4dc       0x80 build/xeq.o
                0x000000000806a4dc                cmdsto
 .text.cmdrcl   0x000000000806a55c        0x4 build/xeq.o
                0x000000000806a55c                cmdrcl
 .text.cmdcsto  0x000000000806a560       0xd0 build/xeq.o
                0x000000000806a560                cmdcsto
 .text.cmdcrcl  0x000000000806a630      0x108 build/xeq.o
                0x000000000806a630                cmdcrcl
 .text.cmdircl  0x000000000806a738       0x20 build/xeq.o
                0x000000000806a738                cmdircl
 .text.cmdrrcl  0x000000000806a758       0x88 build/xeq.o
                0x000000000806a758                cmdrrcl
 .text.swap_reg
                0x000000000806a7e0       0x64 build/xeq.o
                0x000000000806a7e0                swap_reg
 .text.cmdswap  0x000000000806a844       0x9c build/xeq.o
                0x000000000806a844                cmdswap
 .text.cmdview  0x000000000806a8e0       0x5c build/xeq.o
                0x000000000806a8e0                cmdview
 .text.get_stack_size
                0x000000000806a93c       0x48 build/xeq.o
                0x000000000806a93c                get_stack_size
 .text.get_word_size
                0x000000000806a984       0x1c build/xeq.o
                0x000000000806a984                get_word_size
 .text.get_sign_mode
                0x000000000806a9a0       0x28 build/xeq.o
                0x000000000806a9a0                get_sign_mode
 .text.get_base
                0x000000000806a9c8       0x1c build/xeq.o
                0x000000000806a9c8                get_base
 .text.op_ticks
                0x000000000806a9e4       0x28 build/xeq.o
                0x000000000806a9e4                op_ticks
 .text.op_voltage
                0x000000000806aa0c       0x64 build/xeq.o
                0x000000000806aa0c                op_voltage
 .text.free_mem
                0x000000000806aa70       0x18 build/xeq.o
                0x000000000806aa70                free_mem
 .text.free_flash
                0x000000000806aa88       0x14 build/xeq.o
                0x000000000806aa88                free_flash
 .text.get_mem  0x000000000806aa9c       0xac build/xeq.o
                0x000000000806aa9c                get_mem
 .text.cmdputkey
                0x000000000806ab48       0x3c build/xeq.o
                0x000000000806ab48                cmdputkey
 .text.cmdkeytype
                0x000000000806ab84       0x50 build/xeq.o
                0x000000000806ab84                cmdkeytype
 .text.op_query_xtal
                0x000000000806abd4       0x24 build/xeq.o
                0x000000000806abd4                op_query_xtal
 .text.op_query_print
                0x000000000806abf8       0x28 build/xeq.o
                0x000000000806abf8                op_query_print
 .text.cmdstostk
                0x000000000806ac20       0x24 build/xeq.o
                0x000000000806ac20                cmdstostk
 .text.cmdrclstk
                0x000000000806ac44       0x24 build/xeq.o
                0x000000000806ac44                cmdrclstk
 .text.find_opcode_from
                0x000000000806ac68       0x70 build/xeq.o
                0x000000000806ac68                find_opcode_from
 .text.find_label_from
                0x000000000806acd8        0x8 build/xeq.o
                0x000000000806acd8                find_label_from
 .text.op_rtn   0x000000000806ace0       0x28 build/xeq.o
                0x000000000806ace0                op_rtn
 .text.op_popusr
                0x000000000806ad08       0x60 build/xeq.o
                0x000000000806ad08                op_popusr
 .text.findmultilbl
                0x000000000806ad68       0x4c build/xeq.o
                0x000000000806ad68                findmultilbl
 .text.get_dispmode_digs
                0x000000000806adb4       0x30 build/xeq.o
                0x000000000806adb4                get_dispmode_digs
 .text.convC2F  0x000000000806ade4       0x24 build/xeq.o
                0x000000000806ade4                convC2F
 .text.convF2C  0x000000000806ae08       0x24 build/xeq.o
                0x000000000806ae08                convF2C
 .text.convDB2AR
                0x000000000806ae2c       0x20 build/xeq.o
                0x000000000806ae2c                convDB2AR
 .text.convAR2DB
                0x000000000806ae4c       0x20 build/xeq.o
                0x000000000806ae4c                convAR2DB
 .text.convDB2PR
                0x000000000806ae6c       0x1c build/xeq.o
                0x000000000806ae6c                convDB2PR
 .text.convPR2DB
                0x000000000806ae88       0x1c build/xeq.o
                0x000000000806ae88                convPR2DB
 .text.do_conv  0x000000000806aea4       0x44 build/xeq.o
                0x000000000806aea4                do_conv
 .text.cmdconv  0x000000000806aee8       0x40 build/xeq.o
                0x000000000806aee8                cmdconv
 .text.fin_tst  0x000000000806af28       0x40 build/xeq.o
                0x000000000806af28                fin_tst
 .text.check_mode
                0x000000000806af68       0x28 build/xeq.o
                0x000000000806af68                check_mode
 .text.check_dblmode
                0x000000000806af90       0x20 build/xeq.o
                0x000000000806af90                check_dblmode
 .text.isTop    0x000000000806afb0       0x44 build/xeq.o
                0x000000000806afb0                isTop
 .text.cmdlblp  0x000000000806aff4       0x28 build/xeq.o
                0x000000000806aff4                cmdlblp
 .text.cmdmultilblp
                0x000000000806b01c       0x18 build/xeq.o
                0x000000000806b01c                cmdmultilblp
 .text.cmdkeyp  0x000000000806b034       0x48 build/xeq.o
                0x000000000806b034                cmdkeyp
 .text.do_tst   0x000000000806b07c      0x170 build/xeq.o
 .text.do_ztst  0x000000000806b1ec       0xd0 build/xeq.o
 .text.check_zero
                0x000000000806b2bc       0x70 build/xeq.o
                0x000000000806b2bc                check_zero
 .text.cmdtest  0x000000000806b32c        0x8 build/xeq.o
                0x000000000806b32c                cmdtest
 .text.cmdztest
                0x000000000806b334       0x2c build/xeq.o
                0x000000000806b334                cmdztest
 .text.cmdlincdec
                0x000000000806b360       0x10 build/xeq.o
                0x000000000806b360                cmdlincdec
 .text.cmdloopz
                0x000000000806b370       0x18 build/xeq.o
                0x000000000806b370                cmdloopz
 .text.cmdloop  0x000000000806b388      0x1f8 build/xeq.o
                0x000000000806b388                cmdloop
 .text.op_shift_digit
                0x000000000806b580       0x68 build/xeq.o
                0x000000000806b580                op_shift_digit
 .text.get_user_flag
                0x000000000806b5e8       0x20 build/xeq.o
                0x000000000806b5e8                get_user_flag
 .text.cmdflag  0x000000000806b608       0xc0 build/xeq.o
                0x000000000806b608                cmdflag
 .text.clrflags
                0x000000000806b6c8       0x30 build/xeq.o
                0x000000000806b6c8                clrflags
 .text.intws    0x000000000806b6f8       0xec build/xeq.o
                0x000000000806b6f8                intws
 .text.get_maxdenom
                0x000000000806b7e4       0x20 build/xeq.o
                0x000000000806b7e4                get_maxdenom
 .text.op_2frac
                0x000000000806b804       0xa0 build/xeq.o
                0x000000000806b804                op_2frac
 .text.op_fracdenom
                0x000000000806b8a4       0x84 build/xeq.o
                0x000000000806b8a4                op_fracdenom
 .text.op_float
                0x000000000806b928       0xd4 build/xeq.o
                0x000000000806b928                op_float
 .text.cmddisp  0x000000000806b9fc       0xc4 build/xeq.o
                0x000000000806b9fc                cmddisp
 .text.set_int_base
                0x000000000806bac0       0x50 build/xeq.o
                0x000000000806bac0                set_int_base
 .text.op_fract
                0x000000000806bb10       0x44 build/xeq.o
                0x000000000806bb10                op_fract
 .text.cmdsavem
                0x000000000806bb54       0x1c build/xeq.o
                0x000000000806bb54                cmdsavem
 .text.set_entry
                0x000000000806bb70       0x2c build/xeq.o
                0x000000000806bb70                set_entry
 .text.get_trig_mode
                0x000000000806bb9c       0x30 build/xeq.o
                0x000000000806bb9c                get_trig_mode
 .text.cmdpause
                0x000000000806bbcc       0x24 build/xeq.o
                0x000000000806bbcc                cmdpause
 .text.op_setspeed
                0x000000000806bbf0       0x20 build/xeq.o
                0x000000000806bbf0                op_setspeed
 .text.op_prompt
                0x000000000806bc10       0x30 build/xeq.o
                0x000000000806bc10                op_prompt
 .text.XisInt   0x000000000806bc40       0x60 build/xeq.o
                0x000000000806bc40                XisInt
 .text.XisEvenOrOdd
                0x000000000806bca0       0x64 build/xeq.o
                0x000000000806bca0                XisEvenOrOdd
 .text.XisPrime
                0x000000000806bd04       0x84 build/xeq.o
                0x000000000806bd04                XisPrime
 .text.isInfinite
                0x000000000806bd88       0x30 build/xeq.o
                0x000000000806bd88                isInfinite
 .text.isNan    0x000000000806bdb8       0x40 build/xeq.o
                0x000000000806bdb8                isNan
 .text.isSpecial
                0x000000000806bdf8       0x40 build/xeq.o
                0x000000000806bdf8                isSpecial
 .text.op_entryp
                0x000000000806be38       0x14 build/xeq.o
                0x000000000806be38                op_entryp
 .text.reg_decode
                0x000000000806be4c      0x238 build/xeq.o
                0x000000000806be4c                reg_decode
 .text.op_regcopy
                0x000000000806c084       0x4c build/xeq.o
                0x000000000806c084                op_regcopy
 .text.op_regswap
                0x000000000806c0d0       0x70 build/xeq.o
                0x000000000806c0d0                op_regswap
 .text.op_regclr
                0x000000000806c140       0x48 build/xeq.o
                0x000000000806c140                op_regclr
 .text.op_regsort
                0x000000000806c188      0x114 build/xeq.o
                0x000000000806c188                op_regsort
 .text.busy     0x000000000806c29c       0x24 build/xeq.o
                0x000000000806c29c                busy
 .text.intMonadic
                0x000000000806c2c0       0x98 build/xeq.o
                0x000000000806c2c0                intMonadic
 .text.intDyadic
                0x000000000806c358       0xd4 build/xeq.o
                0x000000000806c358                intDyadic
 .text.xeq_init_contexts
                0x000000000806c42c       0x9c build/xeq.o
                0x000000000806c42c                xeq_init_contexts
 .text.not_running
                0x000000000806c4c8       0x24 build/xeq.o
                0x000000000806c4c8                not_running
 .text.set_running_off
                0x000000000806c4ec       0x24 build/xeq.o
                0x000000000806c4ec                set_running_off
 .text.set_running_on
                0x000000000806c510       0x44 build/xeq.o
                0x000000000806c510                set_running_on
 .text.gsbgto   0x000000000806c554       0xa8 build/xeq.o
 .text.cmdgtocommon
                0x000000000806c5fc       0x34 build/xeq.o
                0x000000000806c5fc                cmdgtocommon
 .text.cmdgto   0x000000000806c630       0x44 build/xeq.o
                0x000000000806c630                cmdgto
 .text.branchtoalpha
                0x000000000806c674       0x28 build/xeq.o
 .text.cmdalphagto
                0x000000000806c69c       0x2c build/xeq.o
                0x000000000806c69c                cmdalphagto
 .text.op_gtoalpha
                0x000000000806c6c8       0x34 build/xeq.o
                0x000000000806c6c8                op_gtoalpha
 .text.cmdskip  0x000000000806c6fc       0x84 build/xeq.o
                0x000000000806c6fc                cmdskip
 .text.cmdback  0x000000000806c780       0x74 build/xeq.o
                0x000000000806c780                cmdback
 .text.usergsb_common
                0x000000000806c7f4       0x8c build/xeq.o
 .text.do_usergsb
                0x000000000806c880       0x18 build/xeq.o
                0x000000000806c880                do_usergsb
 .text.cmdmultigto
                0x000000000806c898       0x50 build/xeq.o
                0x000000000806c898                cmdmultigto
 .text.store_a_to_d
                0x000000000806c8e8       0x24 build/xeq.o
                0x000000000806c8e8                store_a_to_d
 .text.cmdlocr  0x000000000806c90c      0x16c build/xeq.o
                0x000000000806c90c                cmdlocr
 .text.cmdxout  0x000000000806ca78      0x208 build/xeq.o
                0x000000000806ca78                cmdxout
 .text.cmdconverged
                0x000000000806cc80       0xf8 build/xeq.o
                0x000000000806cc80                cmdconverged
 .text.cmdshuffle
                0x000000000806cd78       0x8c build/xeq.o
                0x000000000806cd78                cmdshuffle
 .text.cmdmode  0x000000000806ce04       0x54 build/xeq.o
                0x000000000806ce04                cmdmode
 .text.cmdlpop  0x000000000806ce58       0x3c build/xeq.o
                0x000000000806ce58                cmdlpop
 .text.cmdregs  0x000000000806ce94       0xb8 build/xeq.o
                0x000000000806ce94                cmdregs
 .text.op_double
                0x000000000806cf4c      0x128 build/xeq.o
                0x000000000806cf4c                op_double
 .text.cmdrestm
                0x000000000806d074       0xac build/xeq.o
                0x000000000806d074                cmdrestm
 .text.cmdxin   0x000000000806d120      0x1d0 build/xeq.o
                0x000000000806d120                cmdxin
 .text.xeq      0x000000000806d2f0      0xd9c build/xeq.o
                0x000000000806d2f0                xeq
 .text.xeq_single
                0x000000000806e08c       0x24 build/xeq.o
 .text.xeq_xrom2
                0x000000000806e0b0       0x88 build/xeq.o
 .text.xeq_xrom
                0x000000000806e138       0x14 build/xeq.o
                0x000000000806e138                xeq_xrom
 .text.dispatch_xrom
                0x000000000806e14c       0x74 build/xeq.o
 .text.op_rs    0x000000000806e1c0       0x8c build/xeq.o
                0x000000000806e1c0                op_rs
 .text.xeqprog  0x000000000806e24c       0x74 build/xeq.o
                0x000000000806e24c                xeqprog
 .text.xeq_sst_bst
                0x000000000806e2c0       0xac build/xeq.o
                0x000000000806e2c0                xeq_sst_bst
 .text.init_34s
                0x000000000806e36c       0x2c build/xeq.o
                0x000000000806e36c                init_34s
 .text.prt_multi
                0x000000000806e398       0x58 build/prt.o
 .text.prt_conv
                0x000000000806e3f0       0x64 build/prt.o
 .text.prt_specials.part.0
                0x000000000806e454      0x10c build/prt.o
 .text.num_arg_digits.part.0
                0x000000000806e560       0x34 build/prt.o
 .text.num_arg_digits
                0x000000000806e594       0x20 build/prt.o
                0x000000000806e594                num_arg_digits
 .text.prt      0x000000000806e5b4      0x2cc build/prt.o
                0x000000000806e5b4                prt
 .text.catcmd   0x000000000806e880      0x120 build/prt.o
                0x000000000806e880                catcmd
 .text.decNumberDRG_internal
                0x000000000806e9a0       0x9c build/decn.o
 .text.realULP  0x000000000806ea3c       0x98 build/decn.o
 .text.dn_lt0   0x000000000806ead4       0x28 build/decn.o
                0x000000000806ead4                dn_lt0
 .text.dn_le0   0x000000000806eafc       0x28 build/decn.o
                0x000000000806eafc                dn_le0
 .text.dn_eq0   0x000000000806eb24       0x1c build/decn.o
                0x000000000806eb24                dn_eq0
 .text.dn_eq    0x000000000806eb40       0x50 build/decn.o
                0x000000000806eb40                dn_eq
 .text.dn_lt    0x000000000806eb90       0x44 build/decn.o
                0x000000000806eb90                dn_lt
 .text.dn_abs_lt
                0x000000000806ebd4       0x20 build/decn.o
                0x000000000806ebd4                dn_abs_lt
 .text.gcheckSmall
                0x000000000806ebf4       0x20 build/decn.o
 .text.relative_error
                0x000000000806ec14       0x4c build/decn.o
                0x000000000806ec14                relative_error
 .text.absolute_error
                0x000000000806ec60       0x24 build/decn.o
                0x000000000806ec60                absolute_error
 .text.dn_add   0x000000000806ec84        0xc build/decn.o
                0x000000000806ec84                dn_add
 .text.dn_subtract
                0x000000000806ec90        0xc build/decn.o
                0x000000000806ec90                dn_subtract
 .text.dn_multiply
                0x000000000806ec9c        0xc build/decn.o
                0x000000000806ec9c                dn_multiply
 .text.dn_divide
                0x000000000806eca8        0xc build/decn.o
                0x000000000806eca8                dn_divide
 .text.dn_compare
                0x000000000806ecb4        0xc build/decn.o
                0x000000000806ecb4                dn_compare
 .text.dn_min   0x000000000806ecc0        0xc build/decn.o
                0x000000000806ecc0                dn_min
 .text.dn_max   0x000000000806eccc        0xc build/decn.o
                0x000000000806eccc                dn_max
 .text.dn_abs   0x000000000806ecd8        0xc build/decn.o
                0x000000000806ecd8                dn_abs
 .text.dn_minus
                0x000000000806ece4        0xc build/decn.o
                0x000000000806ece4                dn_minus
 .text.dn_plus  0x000000000806ecf0        0xc build/decn.o
                0x000000000806ecf0                dn_plus
 .text.dn_sqrt  0x000000000806ecfc        0xc build/decn.o