Archive member included to satisfy reference by file (symbol)

build/libconsts.a(const_50.o)
                              build/decn.o (const_50)
build/libconsts.a(const_randfac.o)
                              build/stats.o (const_randfac)
build/libconsts.a(const_ln10.o)
                              build/decn.o (const_ln10)
build/libconsts.a(const_egamma.o)
                              build/decn.o (const_egamma)
build/libconsts.a(const_256.o)
                              build/decn.o (const_256)
build/libconsts.a(const_180.o)
                              build/decn.o (const_180)
build/libconsts.a(const_1e_32.o)
                              build/xeq.o (const_1e_32)
build/libconsts.a(const_gammaC03.o)
                              build/decn.o (const_gammaC03)
build/libconsts.a(const_60.o)
                              build/decn.o (const_60)
build/libconsts.a(const_10.o)
                              build/decn.o (const_10)
build/libconsts.a(const_360.o)
                              build/xeq.o (const_360)
build/libconsts.a(const_gammaC10.o)
                              build/decn.o (const_gammaC10)
build/libconsts.a(const_gammaC11.o)
                              build/decn.o (const_gammaC11)
build/libconsts.a(const__inf.o)
                              build/decn.o (const__inf)
build/libconsts.a(const_21.o)
                              build/decn.o (const_21)
build/libconsts.a(const_gammaC16.o)
                              build/decn.o (const_gammaC16)
build/libconsts.a(const_200.o)
                              build/decn.o (const_200)
build/libconsts.a(const_gammaC06.o)
                              build/decn.o (const_gammaC06)
build/libconsts.a(const_NaN.o)
                              build/xeq.o (const_NaN)
build/libconsts.a(const_gammaC15.o)
                              build/decn.o (const_gammaC15)
build/libconsts.a(const_1e_24.o)
                              build/xeq.o (const_1e_24)
build/libconsts.a(const_45.o)
                              build/decn.o (const_45)
build/libconsts.a(const_0_05.o)
                              build/xeq.o (const_0_05)
build/libconsts.a(const_3.o)  build/decn.o (const_3)
build/libconsts.a(const_hms_threshold.o)
                              build/display.o (const_hms_threshold)
build/libconsts.a(const_gammaC14.o)
                              build/decn.o (const_gammaC14)
build/libconsts.a(const_0_6.o)
                              build/decn.o (const_0_6)
build/libconsts.a(const_32.o)
                              build/xeq.o (const_32)
build/libconsts.a(const_0_75.o)
                              build/decn.o (const_0_75)
build/libconsts.a(const__1.o)
                              build/decn.o (const__1)
build/libconsts.a(const_gammaC00.o)
                              build/decn.o (const_gammaC00)
build/libconsts.a(const_ln2.o)
                              build/decn.o (const_ln2)
build/libconsts.a(const_gammaC18.o)
                              build/decn.o (const_gammaC18)
build/libconsts.a(const_2PI.o)
                              build/xeq.o (const_2PI)
build/libconsts.a(const_1e_14.o)
                              build/xeq.o (const_1e_14)
build/libconsts.a(const_0.o)  build/xeq.o (const_0)
build/libconsts.a(const_PIon180.o)
                              build/decn.o (const_PIon180)
build/libconsts.a(const_9000.o)
                              build/display.o (const_9000)
build/libconsts.a(const_0_9.o)
                              build/decn.o (const_0_9)
build/libconsts.a(const_gammaC08.o)
                              build/decn.o (const_gammaC08)
build/libconsts.a(const_gammaC21.o)
                              build/decn.o (const_gammaC21)
build/libconsts.a(const_1e_37.o)
                              build/decn.o (const_1e_37)
build/libconsts.a(const_gammaC05.o)
                              build/decn.o (const_gammaC05)
build/libconsts.a(const_2.o)  build/decn.o (const_2)
build/libconsts.a(const_gammaC13.o)
                              build/decn.o (const_gammaC13)
build/libconsts.a(const_100000.o)
                              build/display.o (const_100000)
build/libconsts.a(const_gammaR.o)
                              build/decn.o (const_gammaR)
build/libconsts.a(const_5.o)  build/decn.o (const_5)
build/libconsts.a(const_1.o)  build/xeq.o (const_1)
build/libconsts.a(const_gammaC19.o)
                              build/decn.o (const_gammaC19)
build/libconsts.a(const_inf.o)
                              build/decn.o (const_inf)
build/libconsts.a(const_0_995.o)
                              build/decn.o (const_0_995)
build/libconsts.a(const_0_0001.o)
                              build/display.o (const_0_0001)
build/libconsts.a(const_1on60.o)
                              build/decn.o (const_1on60)
build/libconsts.a(const_PIon200.o)
                              build/decn.o (const_PIon200)
build/libconsts.a(const_gammaC01.o)
                              build/decn.o (const_gammaC01)
build/libconsts.a(const_gammaC09.o)
[...]
Memory Configuration

Name             Origin             Length             Attributes
FLASH            0x0000000008050000 0x00000000000b0000 xr
RAM              0x0000000010000000 0x0000000000002000 xrw
QSPI             0x0000000090000000 0x0000000000200000 xr
*default*        0x0000000000000000 0xffffffffffffffff

Linker script and memory map

LOAD /usr/lib/gcc/arm-none-eabi/9.2.1/thumb/v7e-m+fp/hard/crti.o
LOAD /usr/lib/gcc/arm-none-eabi/9.2.1/thumb/v7e-m+fp/hard/crtbegin.o
LOAD /usr/lib/gcc/arm-none-eabi/9.2.1/../../../arm-none-eabi/lib/thumb/v7e-m+fp/hard/crt0.o
LOAD build/pgm_syscalls.o
LOAD build/keys.o
LOAD build/display.o
LOAD build/xeq.o
LOAD build/prt.o
LOAD build/decn.o
LOAD build/complex.o
LOAD build/stats.o
LOAD build/lcd.o
LOAD build/int.o
LOAD build/date.o
LOAD build/consts.o
LOAD build/alpha.o
LOAD build/charmap.o
LOAD build/commands.o
LOAD build/string.o
LOAD build/storage.o
LOAD build/matrix.o
LOAD build/font.o
LOAD build/xrom.o
LOAD build/console.o
LOAD build/stopwatch.o
LOAD build/libconsts.a
LOAD build/libdecNumber.a
LOAD build/startup_pgm.o
START GROUP
LOAD /usr/lib/gcc/arm-none-eabi/9.2.1/thumb/v7e-m+fp/hard/libgcc.a
LOAD /usr/lib/gcc/arm-none-eabi/9.2.1/../../../arm-none-eabi/lib/thumb/v7e-m+fp/hard/libc.a
END GROUP
START GROUP
LOAD /usr/lib/gcc/arm-none-eabi/9.2.1/thumb/v7e-m+fp/hard/libgcc.a
LOAD /usr/lib/gcc/arm-none-eabi/9.2.1/../../../arm-none-eabi/lib/thumb/v7e-m+fp/hard/libc.a
LOAD /usr/lib/gcc/arm-none-eabi/9.2.1/../../../arm-none-eabi/lib/thumb/v7e-m+fp/hard/libnosys.a
END GROUP
LOAD /usr/lib/gcc/arm-none-eabi/9.2.1/thumb/v7e-m+fp/hard/crtend.o
LOAD /usr/lib/gcc/arm-none-eabi/9.2.1/thumb/v7e-m+fp/hard/crtn.o

.qspi           0x0000000090000000        0x0
                0x0000000090000000                . = ALIGN (0x8)
                0x0000000090000000                _qspi_start = .
 *(.qspi)
 *(.qspi*)
 *(.rodata.__bid_mod10_18_tbl)
 *(.rodata.__bid_convert_table)
 *(.rodata.bid_log_table_1)
 *(.rodata.bid_log_table_2)
 *(.rodata.bid_decimal128_moduli)
 *(.rodata.bid_exponents_bid64)
 *(.rodata.bid_exponents_binary128)
 *(.rodata.bid_breakpoints_binary128)
 *(.rodata.bid_breakpoints_bid64)
 *(.rodata.bid_multipliers1_binary128)
 *(.rodata.bid_multipliers2_bid64)
 *(.rodata.bid_multipliers1_bid64)
 *(.rodata.bid_multipliers2_binary128)
                0x0000000090000000                . = ALIGN (0x8)
                0x0000000090000000                _qspi_end = .

.rodata         0x0000000008050000     0xa740
 *(.rodata.prog_info)
 .rodata.prog_info
                0x0000000008050000       0x40 build/pgm_syscalls.o
                0x0000000008050000                prog_info
                0x0000000008050040                . = ALIGN (0x40)
 *(.rodata)
 .rodata        0x0000000008050040      0x1ba build/display.o
 *fill*         0x00000000080501fa        0x2 
 .rodata        0x00000000080501fc       0x29 build/xeq.o
 *fill*         0x0000000008050225        0x3 
 .rodata        0x0000000008050228       0x40 build/date.o
 .rodata        0x0000000008050268       0x39 build/console.o
 *fill*         0x00000000080502a1        0x3 
 .rodata        0x00000000080502a4        0x4 /usr/lib/gcc/arm-none-eabi/9.2.1/../../../arm-none-eabi/lib/thumb/v7e-m+fp/hard/libc.a(lib_a-impure.o)
                0x00000000080502a4                _global_impure_ptr
 .rodata        0x00000000080502a8       0x20 /usr/lib/gcc/arm-none-eabi/9.2.1/../../../arm-none-eabi/lib/thumb/v7e-m+fp/hard/libc.a(lib_a-svfprintf.o)
 .rodata        0x00000000080502c8      0x101 /usr/lib/gcc/arm-none-eabi/9.2.1/../../../arm-none-eabi/lib/thumb/v7e-m+fp/hard/libc.a(lib_a-ctype_.o)
                0x00000000080502c8                _ctype_
 *fill*         0x00000000080503c9        0x7 
 .rodata        0x00000000080503d0      0x128 /usr/lib/gcc/arm-none-eabi/9.2.1/../../../arm-none-eabi/lib/thumb/v7e-m+fp/hard/libc.a(lib_a-mprec.o)
                0x00000000080503e0                __mprec_tens
                0x00000000080504a8                __mprec_tinytens
                0x00000000080504d0                __mprec_bigtens
 .rodata        0x00000000080504f8       0x20 /usr/lib/gcc/arm-none-eabi/9.2.1/../../../arm-none-eabi/lib/thumb/v7e-m+fp/hard/libc.a(lib_a-svfiprintf.o)
 .rodata        0x0000000008050518       0x20 /usr/lib/gcc/arm-none-eabi/9.2.1/../../../arm-none-eabi/lib/thumb/v7e-m+fp/hard/libc.a(lib_a-vfiprintf.o)
 *(.rodata*)
 .rodata.process_keycode.str1.4
                0x0000000008050538       0x14 build/keys.o
 .rodata.alpha_arrows
                0x000000000805054c        0x9 build/keys.o
 *fill*         0x0000000008050555        0x3 
 .rodata.alpha_catalogue
                0x0000000008050558       0x12 build/keys.o
 *fill*         0x000000000805056a        0x2 
 .rodata.alpha_compares
                0x000000000805056c        0xa build/keys.o
 *fill*         0x0000000008050576        0x2 
 .rodata.alpha_letters
                0x0000000008050578       0x28 build/keys.o
 .rodata.alpha_letters_lower
                0x00000000080505a0       0x28 build/keys.o
 .rodata.alpha_subscripts
                0x00000000080505c8       0x1a build/keys.o
 *fill*         0x00000000080505e2        0x2 
 .rodata.alpha_symbols
                0x00000000080505e4       0x13 build/keys.o
 *fill*         0x00000000080505f7        0x1 
 .rodata.alphamap.9360
                0x00000000080505f8       0xe4 build/keys.o
 .rodata.amap.9351
                0x00000000080506dc       0x20 build/keys.o
 .rodata.catalogue
                0x00000000080506fc       0x8c build/keys.o
 .rodata.catalogue_sizes.9674
                0x0000000008050788       0x15 build/keys.o
 *fill*         0x000000000805079d        0x3 
 .rodata.catalogues.9682
                0x00000000080507a0       0x54 build/keys.o
 .rodata.cmap.9350
                0x00000000080507f4       0x30 build/keys.o
 .rodata.conv_catalogue
                0x0000000008050824       0x58 build/keys.o
 .rodata.conv_mapping.9721
                0x000000000805087c       0x18 build/keys.o
 .rodata.cplx_catalogue
                0x0000000008050894       0x26 build/keys.o
 *fill*         0x00000000080508ba        0x2 
 .rodata.disp.9532
                0x00000000080508bc        0x4 build/keys.o
 .rodata.int_catalogue
                0x00000000080508c0       0x4d build/keys.o
 *fill*         0x000000000805090d        0x3 
 .rodata.linear_key_map.9316
                0x0000000008050910       0x2f build/keys.o
 *fill*         0x000000000805093f        0x1 
 .rodata.linear_key_map.9320
                0x0000000008050940       0x2f build/keys.o
 *fill*         0x000000000805096f        0x1 
 .rodata.map.9332
                0x0000000008050970       0x2b build/keys.o
 *fill*         0x000000000805099b        0x1 
 .rodata.matrix_catalogue
                0x000000000805099c       0x18 build/keys.o
 .rodata.mode_catalogue
                0x00000000080509b4       0x49 build/keys.o
 *fill*         0x00000000080509fd        0x3 
 .rodata.op_map.9404
                0x0000000008050a00       0x46 build/keys.o
 *fill*         0x0000000008050a46        0x2 
 .rodata.op_map.9427
                0x0000000008050a48       0x8c build/keys.o
 .rodata.op_map.9450
                0x0000000008050ad4       0x46 build/keys.o
 *fill*         0x0000000008050b1a        0x2 
 .rodata.op_map.9505
                0x0000000008050b1c      0x118 build/keys.o
 .rodata.op_map.9517
                0x0000000008050c34        0x6 build/keys.o
 *fill*         0x0000000008050c3a        0x2 
 .rodata.op_map.9531
                0x0000000008050c3c        0xc build/keys.o
 .rodata.op_map2.9428
                0x0000000008050c48        0x8 build/keys.o
 .rodata.opcode_breaks
                0x0000000008050c50        0x7 build/keys.o
 *fill*         0x0000000008050c57        0x1 
 .rodata.prob_catalogue
                0x0000000008050c58       0x44 build/keys.o
 .rodata.prog_catalogue
                0x0000000008050c9c       0x54 build/keys.o
 .rodata.program_xfcn
                0x0000000008050cf0       0xa8 build/keys.o
 .rodata.smap.9352
                0x0000000008050d98        0x4 build/keys.o
 .rodata.stats_catalogue
                0x0000000008050d9c       0x16 build/keys.o
 *fill*         0x0000000008050db2        0x2 
 .rodata.sums_catalogue
                0x0000000008050db4       0x12 build/keys.o
 *fill*         0x0000000008050dc6        0x2 
 .rodata.test_catalogue
                0x0000000008050dc8       0x2f build/keys.o
 *fill*         0x0000000008050df7        0x1 
 .rodata.check_special_dn.isra.0.str1.4
                0x0000000008050df8        0x4 build/display.o
 .rodata.carry_overflow.str1.4
                0x0000000008050dfc       0x10 build/display.o
 .rodata.annunciators.str1.4
                0x0000000008050e0c       0x74 build/display.o
 .rodata.display.str1.4
                0x0000000008050e80       0xbd build/display.o
                                         0xc9 (size before relaxing)
 *fill*         0x0000000008050f3d        0x3 
 .rodata.str1.4
                0x0000000008050f40      0x10c build/display.o
 .rodata.CSWTCH.350
                0x000000000805104c       0x10 build/display.o
 .rodata.CSWTCH.376
                0x000000000805105c        0xc build/display.o
 .rodata.DIGITS
                0x0000000008051068       0x11 build/display.o
                0x0000000008051068                DIGITS
 *fill*         0x0000000008051079        0x3 
 .rodata.S7_ERROR
                0x000000000805107c        0x6 build/display.o
 *fill*         0x0000000008051082        0x2 
 .rodata.S7_INF
                0x0000000008051084        0x9 build/display.o
 *fill*         0x000000000805108d        0x3 
 .rodata.S7_INF_Text
                0x0000000008051090       0x12 build/display.o
 *fill*         0x00000000080510a2        0x2 
 .rodata.S7_NEG_INF_Text
                0x00000000080510a4       0x12 build/display.o
 *fill*         0x00000000080510b6        0x2 
 .rodata.S7_NaN
                0x00000000080510b8        0xd build/display.o
 *fill*         0x00000000080510c5        0x3 
 .rodata.S7_NaN_Text
                0x00000000080510c8       0x18 build/display.o
 .rodata.S7_STEP
                0x00000000080510e0        0x6 build/display.o
 *fill*         0x00000000080510e6        0x2 
 .rodata.S7_STEP_ShortText
                0x00000000080510e8        0x5 build/display.o
 *fill*         0x00000000080510ed        0x3 
 .rodata.S7_fract_EQ
                0x00000000080510f0        0x4 build/display.o
 .rodata.S7_fract_GT
                0x00000000080510f4        0x4 build/display.o
 .rodata.S7_fract_LT
                0x00000000080510f8        0x4 build/display.o
 .rodata.S_SURE
                0x00000000080510fc        0x6 build/display.o
 *fill*         0x0000000008051102        0x2 
 .rodata.SvnRevision
                0x0000000008051104        0x4 build/display.o
                0x0000000008051104                SvnRevision
 .rodata.digtbl
                0x0000000008051108       0x7a build/display.o
 *fill*         0x0000000008051182        0x2 
 .rodata.error_table.8597
                0x0000000008051184       0x6c build/display.o
 .rodata.error_table_text.8598
                0x00000000080511f0       0x6c build/display.o
 .rodata.libname
                0x000000000805125c       0x14 build/display.o
 .rodata.libname_shorttext
                0x0000000008051270       0x14 build/display.o
 .rodata.libname_text
                0x0000000008051284       0x28 build/display.o
 .rodata.shift_chars.8699
                0x00000000080512ac        0x4 build/display.o
 .rodata.small_dots.8897
                0x00000000080512b0        0xd build/display.o
 *fill*         0x00000000080512bd        0x3 
 .rodata.small_minus.8896
                0x00000000080512c0        0x4 build/display.o
 .rodata.print_step.str1.4
                0x00000000080512c4        0x5 build/xeq.o
 *fill*         0x00000000080512c9        0x3 
 .rodata.op_query_xtal.str1.4
                0x00000000080512cc        0x5 build/xeq.o
 *fill*         0x00000000080512d1        0x3 
 .rodata.op_query_print.str1.4
                0x00000000080512d4        0x6 build/xeq.o
 *fill*         0x00000000080512da        0x2 
 .rodata.op_2frac.str1.4
                0x00000000080512dc       0x18 build/xeq.o
 .rodata.busy.str1.4
                0x00000000080512f4        0x8 build/xeq.o
 .rodata.xeq.str1.4
                0x00000000080512fc        0x8 build/xeq.o
 .rodata.StackRegMask
                0x0000000008051304        0x4 build/xeq.o
 .rodata.convergence_tolerances
                0x0000000008051308        0xc build/xeq.o
 .rodata.modes.11329
                0x0000000008051314        0x7 build/xeq.o
 *fill*         0x000000000805131b        0x1 
 .rodata.modes.11846
                0x000000000805131c        0x4 build/xeq.o
 .rodata.xrom_targets
                0x0000000008051320       0x36 build/xeq.o
                0x0000000008051320                xrom_targets
 *fill*         0x0000000008051356        0x2 
 .rodata.prt_multi.str1.4
                0x0000000008051358        0x4 build/prt.o
 .rodata.prt_specials.part.0.str1.4
                0x000000000805135c       0x1b build/prt.o
                                         0x28 (size before relaxing)
 *fill*         0x0000000008051377        0x1 
 .rodata.prt_rargs.str1.4
                0x0000000008051378        0xc build/prt.o
                                         0x19 (size before relaxing)
 .rodata.prt_umen.str1.4
                0x0000000008051384        0xb build/prt.o
 *fill*         0x000000000805138f        0x1 
 .rodata.digits.8288
                0x0000000008051390       0x10 build/prt.o
 .rodata.degrees.9079
                0x00000000080513a0       0x10 build/decn.o
 .rodata.gamma_consts
                0x00000000080513b0       0x54 build/decn.o
                0x00000000080513b0                gamma_consts
 .rodata.gradians.9080
                0x0000000008051404       0x10 build/decn.o
 .rodata.get_sigmas.str1.4
                0x0000000008051414       0x16 build/stats.o
 *fill*         0x000000000805142a        0x2 
 .rodata.draw_RPN_RCL.str1.4
                0x000000000805142c        0xc build/lcd.o
                                         0x10 (size before relaxing)
 .rodata.draw_LEQ.str1.4
                0x0000000008051438        0x5 build/lcd.o
                                          0xa (size before relaxing)
 *fill*         0x000000000805143d        0x3 
 .rodata.show_disp.str1.4
                0x0000000008051440       0x14 build/lcd.o
                                         0x1c (size before relaxing)
 .rodata.primes
                0x0000000008051454       0x10 build/int.o
 .rodata.date_alphaday.str1.4
                0x0000000008051464       0x16 build/date.o
 *fill*         0x000000000805147a        0x2 
 .rodata.date_alphatime.str1.4
                0x000000000805147c        0x8 build/date.o
                                          0x9 (size before relaxing)
 .rodata.mons.9102
                0x0000000008051484       0x24 build/date.o
 .rodata.str1.4
                0x00000000080514a8      0x241 build/consts.o
                                        0x24d (size before relaxing)
 *fill*         0x00000000080516e9        0x3 
 .rodata.cnsts  0x00000000080516ec      0x4f8 build/consts.o
                0x00000000080516ec                cnsts
 .rodata.cnsts_conv
                0x0000000008051be4      0x260 build/consts.o
                0x0000000008051be4                cnsts_conv
 .rodata.cnsts_d128
                0x0000000008051e44      0x200 build/consts.o
                0x0000000008051e44                cnsts_d128
 .rodata.cnsts_d64
                0x0000000008052044      0x260 build/consts.o
                0x0000000008052044                cnsts_d64
 .rodata.character_remapping_order
                0x00000000080522a4      0x100 build/charmap.o
 .rodata.str1.4
                0x00000000080523a4      0x64c build/commands.o
                                        0x68c (size before relaxing)
 .rodata.argcmds
                0x00000000080529f0      0x8f0 build/commands.o
                0x00000000080529f0                argcmds
 .rodata.dyfuncs
                0x00000000080532e0      0x4f8 build/commands.o
                0x00000000080532e0                dyfuncs
 .rodata.monfuncs
                0x00000000080537d8      0xea0 build/commands.o
                0x00000000080537d8                monfuncs
 .rodata.multicmds
                0x0000000008054678       0xc0 build/commands.o
                0x0000000008054678                multicmds
 .rodata.niladics
                0x0000000008054738      0xd00 build/commands.o
                0x0000000008054738                niladics
 .rodata.trifuncs
                0x0000000008055438       0xf0 build/commands.o
                0x0000000008055438                trifuncs
 .rodata.program_flash.str1.4
                0x0000000008055528       0x33 build/storage.o
 *fill*         0x000000000805555b        0x1 
 .rodata.open_selected_file.str1.4
                0x000000000805555c       0x11 build/storage.o
 *fill*         0x000000000805556d        0x3 
 .rodata.init_mem.str1.4
                0x0000000008055570        0xe build/storage.o
 *fill*         0x000000000805557e        0x2 
 .rodata.reset.str1.4
                0x0000000008055580        0x7 build/storage.o
 *fill*         0x0000000008055587        0x1 
 .rodata.store_program_from_buffer.part.0.str1.4
                0x0000000008055588        0x9 build/storage.o
 *fill*         0x0000000008055591        0x3 
 .rodata.flash_backup.str1.4
                0x0000000008055594        0xe build/storage.o
 *fill*         0x00000000080555a2        0x2 
 .rodata.flash_restore.str1.4
                0x00000000080555a4        0x9 build/storage.o
 *fill*         0x00000000080555ad        0x3 
 .rodata.save_lib_file.str1.4
                0x00000000080555b0       0x31 build/storage.o
 *fill*         0x00000000080555e1        0x3 
 .rodata.load_lib_file.str1.4
                0x00000000080555e4       0x21 build/storage.o
 *fill*         0x0000000008055605        0x3 
 .rodata.save_ram_file.str1.4
                0x0000000008055608       0x3d build/storage.o
 *fill*         0x0000000008055645        0x3 
 .rodata.load_ram_file.str1.4
                0x0000000008055648       0x19 build/storage.o
 *fill*         0x0000000008055661        0x3 
 .rodata.load_backup_file.str1.4
                0x0000000008055664       0x21 build/storage.o
 *fill*         0x0000000008055685        0x3 
 .rodata.save_prog_file.str1.4
                0x0000000008055688       0x36 build/storage.o
 *fill*         0x00000000080556be        0x2 
 .rodata.load_prog_file.str1.4
                0x00000000080556c0       0x29 build/storage.o
 *fill*         0x00000000080556e9        0x3 
 .rodata.bm_large.5521
                0x00000000080556ec      0x2fa build/font.o
 *fill*         0x00000000080559e6        0x2 
 .rodata.bm_small.5522
                0x00000000080559e8      0x25e build/font.o
 *fill*         0x0000000008055c46        0x2 
 .rodata.divs.5505
                0x0000000008055c48        0x3 build/font.o
 *fill*         0x0000000008055c4b        0x1 
 .rodata.widths.5504
                0x0000000008055c4c       0xab build/font.o
 *fill*         0x0000000008055cf7        0x1 
 .rodata.xrom   0x0000000008055cf8     0x1b9a build/xrom.o
                0x0000000008055cf8                xrom
 .rodata.xrom_size
                0x0000000008057892        0x2 build/xrom.o
                0x0000000008057892                xrom_size
 .rodata.menu_line_str.str1.4
                0x0000000008057894        0x8 build/console.o
 .rodata.disp_about.str1.4
                0x000000000805789c       0xe6 build/console.o
 *fill*         0x0000000008057982        0x2 
 .rodata.do_multi.str1.4
                0x0000000008057984       0x16 build/console.o
 *fill*         0x000000000805799a        0x2 
 .rodata.str1.4
                0x000000000805799c       0x10 build/console.o
 .rodata.MID_MENU
                0x00000000080579ac       0x10 build/console.o
                0x00000000080579ac                MID_MENU
 .rodata.Menus  0x00000000080579bc     0x1450 build/console.o
 .rodata.mapping_alpha.11131
                0x0000000008058e0c      0x178 build/console.o
 .rodata.mapping_fshift.11129
                0x0000000008058f84      0x178 build/console.o
 .rodata.mapping_gshift.11130
                0x00000000080590fc      0x178 build/console.o
 .rodata.mapping_none.11128
                0x0000000008059274      0x178 build/console.o
 .rodata.mapping_running.11132
                0x00000000080593ec      0x178 build/console.o
 .rodata.mid_menu
                0x0000000008059564        0x4 build/console.o
                0x0000000008059564                mid_menu
 .rodata.stopwatch_callback.str1.4
                0x0000000008059568       0x16 build/stopwatch.o
 *fill*         0x000000000805957e        0x2 
 .rodata.CSWTCH.61
                0x0000000008059580       0x40 build/stopwatch.o
 .rodata.const_50
                0x00000000080595c0        0xc build/libconsts.a(const_50.o)
                0x00000000080595c0                const_50
 .rodata.const_randfac
                0x00000000080595cc       0x1c build/libconsts.a(const_randfac.o)
                0x00000000080595cc                const_randfac
 .rodata.const_ln10
                0x00000000080595e8       0x24 build/libconsts.a(const_ln10.o)
                0x00000000080595e8                const_ln10
 .rodata.const_egamma
                0x000000000805960c       0x24 build/libconsts.a(const_egamma.o)
                0x000000000805960c                const_egamma
 .rodata.const_256
                0x0000000008059630        0xc build/libconsts.a(const_256.o)
                0x0000000008059630                const_256
 .rodata.const_180
                0x000000000805963c        0xc build/libconsts.a(const_180.o)
                0x000000000805963c                const_180
 .rodata.const_1e_32
                0x0000000008059648        0xc build/libconsts.a(const_1e_32.o)
                0x0000000008059648                const_1e_32
 .rodata.const_gammaC03
                0x0000000008059654       0x24 build/libconsts.a(const_gammaC03.o)
                0x0000000008059654                const_gammaC03
 .rodata.const_60
                0x0000000008059678        0xc build/libconsts.a(const_60.o)
                0x0000000008059678                const_60
 .rodata.const_10
                0x0000000008059684        0xc build/libconsts.a(const_10.o)
                0x0000000008059684                const_10
 .rodata.const_360
                0x0000000008059690        0xc build/libconsts.a(const_360.o)
                0x0000000008059690                const_360
 .rodata.const_gammaC10
                0x000000000805969c       0x24 build/libconsts.a(const_gammaC10.o)
                0x000000000805969c                const_gammaC10
 .rodata.const_gammaC11
                0x00000000080596c0       0x24 build/libconsts.a(const_gammaC11.o)
                0x00000000080596c0                const_gammaC11
 .rodata.const__inf
                0x00000000080596e4        0xc build/libconsts.a(const__inf.o)
                0x00000000080596e4                const__inf
 .rodata.const_21
                0x00000000080596f0        0xc build/libconsts.a(const_21.o)
                0x00000000080596f0                const_21
 .rodata.const_gammaC16
                0x00000000080596fc       0x24 build/libconsts.a(const_gammaC16.o)
                0x00000000080596fc                const_gammaC16
 .rodata.const_200
                0x0000000008059720        0xc build/libconsts.a(const_200.o)
                0x0000000008059720                const_200
 .rodata.const_gammaC06
                0x000000000805972c       0x24 build/libconsts.a(const_gammaC06.o)
                0x000000000805972c                const_gammaC06
 .rodata.const_NaN
                0x0000000008059750        0xc build/libconsts.a(const_NaN.o)
                0x0000000008059750                const_NaN
 .rodata.const_gammaC15
                0x000000000805975c       0x24 build/libconsts.a(const_gammaC15.o)
                0x000000000805975c                const_gammaC15
 .rodata.const_1e_24
                0x0000000008059780        0xc build/libconsts.a(const_1e_24.o)
                0x0000000008059780                const_1e_24
 .rodata.const_45
                0x000000000805978c        0xc build/libconsts.a(const_45.o)
                0x000000000805978c                const_45
 .rodata.const_0_05
                0x0000000008059798        0xc build/libconsts.a(const_0_05.o)
                0x0000000008059798                const_0_05
 .rodata.const_3
                0x00000000080597a4        0xc build/libconsts.a(const_3.o)
                0x00000000080597a4                const_3
 .rodata.const_hms_threshold
                0x00000000080597b0       0x24 build/libconsts.a(const_hms_threshold.o)
                0x00000000080597b0                const_hms_threshold
 .rodata.const_gammaC14
                0x00000000080597d4       0x24 build/libconsts.a(const_gammaC14.o)
                0x00000000080597d4                const_gammaC14
 .rodata.const_0_6
                0x00000000080597f8        0xc build/libconsts.a(const_0_6.o)
                0x00000000080597f8                const_0_6
 .rodata.const_32
                0x0000000008059804        0xc build/libconsts.a(const_32.o)
                0x0000000008059804                const_32
 .rodata.const_0_75
                0x0000000008059810        0xc build/libconsts.a(const_0_75.o)
                0x0000000008059810                const_0_75
 .rodata.const__1
                0x000000000805981c        0xc build/libconsts.a(const__1.o)
                0x000000000805981c                const__1
 .rodata.const_gammaC00
                0x0000000008059828       0x24 build/libconsts.a(const_gammaC00.o)
                0x0000000008059828                const_gammaC00
 .rodata.const_ln2
                0x000000000805984c       0x24 build/libconsts.a(const_ln2.o)
                0x000000000805984c                const_ln2
 .rodata.const_gammaC18
                0x0000000008059870       0x24 build/libconsts.a(const_gammaC18.o)
                0x0000000008059870                const_gammaC18
 .rodata.const_2PI
                0x0000000008059894      0x138 build/libconsts.a(const_2PI.o)
                0x0000000008059894                const_2PI
 .rodata.const_1e_14
                0x00000000080599cc        0xc build/libconsts.a(const_1e_14.o)
                0x00000000080599cc                const_1e_14
 .rodata.const_0
                0x00000000080599d8        0xc build/libconsts.a(const_0.o)
                0x00000000080599d8                const_0
 .rodata.const_PIon180
                0x00000000080599e4       0x24 build/libconsts.a(const_PIon180.o)
                0x00000000080599e4                const_PIon180
 .rodata.const_9000
                0x0000000008059a08        0xc build/libconsts.a(const_9000.o)
                0x0000000008059a08                const_9000
 .rodata.const_0_9
                0x0000000008059a14        0xc build/libconsts.a(const_0_9.o)
                0x0000000008059a14                const_0_9
 .rodata.const_gammaC08
                0x0000000008059a20       0x24 build/libconsts.a(const_gammaC08.o)
                0x0000000008059a20                const_gammaC08
 .rodata.const_gammaC21
                0x0000000008059a44       0x24 build/libconsts.a(const_gammaC21.o)
                0x0000000008059a44                const_gammaC21
 .rodata.const_1e_37
                0x0000000008059a68        0xc build/libconsts.a(const_1e_37.o)
                0x0000000008059a68                const_1e_37
 .rodata.const_gammaC05
                0x0000000008059a74       0x24 build/libconsts.a(const_gammaC05.o)
                0x0000000008059a74                const_gammaC05
 .rodata.const_2
                0x0000000008059a98        0xc build/libconsts.a(const_2.o)
                0x0000000008059a98                const_2
 .rodata.const_gammaC13
                0x0000000008059aa4       0x24 build/libconsts.a(const_gammaC13.o)
                0x0000000008059aa4                const_gammaC13
 .rodata.const_100000
                0x0000000008059ac8        0xc build/libconsts.a(const_100000.o)
                0x0000000008059ac8                const_100000
 .rodata.const_gammaR
                0x0000000008059ad4       0x10 build/libconsts.a(const_gammaR.o)
                0x0000000008059ad4                const_gammaR
 .rodata.const_5
                0x0000000008059ae4        0xc build/libconsts.a(const_5.o)
                0x0000000008059ae4                const_5
 .rodata.const_1
                0x0000000008059af0        0xc build/libconsts.a(const_1.o)
                0x0000000008059af0                const_1
 .rodata.const_gammaC19
                0x0000000008059afc       0x24 build/libconsts.a(const_gammaC19.o)
                0x0000000008059afc                const_gammaC19
 .rodata.const_inf
                0x0000000008059b20        0xc build/libconsts.a(const_inf.o)
                0x0000000008059b20                const_inf
 .rodata.const_0_995
                0x0000000008059b2c        0xc build/libconsts.a(const_0_995.o)
                0x0000000008059b2c                const_0_995
 .rodata.const_0_0001
                0x0000000008059b38        0xc build/libconsts.a(const_0_0001.o)
                0x0000000008059b38                const_0_0001
 .rodata.const_1on60
                0x0000000008059b44       0x24 build/libconsts.a(const_1on60.o)
                0x0000000008059b44                const_1on60
 .rodata.const_PIon200
                0x0000000008059b68       0x24 build/libconsts.a(const_PIon200.o)
                0x0000000008059b68                const_PIon200
 .rodata.const_gammaC01
                0x0000000008059b8c       0x24 build/libconsts.a(const_gammaC01.o)
                0x0000000008059b8c                const_gammaC01
 .rodata.const_gammaC09
                0x0000000008059bb0       0x24 build/libconsts.a(const_gammaC09.o)
                0x0000000008059bb0                const_gammaC09
 .rodata.const_0_5
                0x0000000008059bd4        0xc build/libconsts.a(const_0_5.o)
                0x0000000008059bd4                const_0_5
 .rodata.const_9on5
                0x0000000008059be0        0xc build/libconsts.a(const_9on5.o)
                0x0000000008059be0                const_9on5
 .rodata.const_20
                0x0000000008059bec        0xc build/libconsts.a(const_20.o)
                0x0000000008059bec                const_20
 .rodata.const_gammaC20
                0x0000000008059bf8       0x24 build/libconsts.a(const_gammaC20.o)
                0x0000000008059bf8                const_gammaC20
 .rodata.const_400
                0x0000000008059c1c        0xc build/libconsts.a(const_400.o)
                0x0000000008059c1c                const_400
 .rodata.const_gammaC07
                0x0000000008059c28       0x24 build/libconsts.a(const_gammaC07.o)
                0x0000000008059c28                const_gammaC07
 .rodata.const__0
                0x0000000008059c4c        0xc build/libconsts.a(const__0.o)
                0x0000000008059c4c                const__0
 .rodata.const_0_4
                0x0000000008059c58        0xc build/libconsts.a(const_0_4.o)
                0x0000000008059c58                const_0_4
 .rodata.const_1e_10000
                0x0000000008059c64        0xc build/libconsts.a(const_1e_10000.o)
                0x0000000008059c64                const_1e_10000
 .rodata.const_gammaC12
                0x0000000008059c70       0x24 build/libconsts.a(const_gammaC12.o)
                0x0000000008059c70                const_gammaC12
 .rodata.const_36000
                0x0000000008059c94        0xc build/libconsts.a(const_36000.o)
                0x0000000008059c94                const_36000
 .rodata.const_2pow64
                0x0000000008059ca0       0x18 build/libconsts.a(const_2pow64.o)
                0x0000000008059ca0                const_2pow64
 .rodata.const_PIon2
                0x0000000008059cb8       0x24 build/libconsts.a(const_PIon2.o)
                0x0000000008059cb8                const_PIon2
 .rodata.const_gammaC04
                0x0000000008059cdc       0x24 build/libconsts.a(const_gammaC04.o)
                0x0000000008059cdc                const_gammaC04
 .rodata.const_90
                0x0000000008059d00        0xc build/libconsts.a(const_90.o)
                0x0000000008059d00                const_90
 .rodata.const_gammaC17
                0x0000000008059d0c       0x24 build/libconsts.a(const_gammaC17.o)
                0x0000000008059d0c                const_gammaC17
 .rodata.const_gammaC02
                0x0000000008059d30       0x24 build/libconsts.a(const_gammaC02.o)
                0x0000000008059d30                const_gammaC02
 .rodata.const_PI
                0x0000000008059d54       0x24 build/libconsts.a(const_PI.o)
                0x0000000008059d54                const_PI
 .rodata.const_root2on2
                0x0000000008059d78       0x24 build/libconsts.a(const_root2on2.o)
                0x0000000008059d78                const_root2on2
 .rodata.const_100
                0x0000000008059d9c        0xc build/libconsts.a(const_100.o)
                0x0000000008059d9c                const_100
 .rodata.const_0_1
                0x0000000008059da8        0xc build/libconsts.a(const_0_1.o)
                0x0000000008059da8                const_0_1
 .rodata.decNumberToString.str1.4
                0x0000000008059db4        0x9 build/libdecNumber.a(decNumber.o)
                                         0x10 (size before relaxing)
 *fill*         0x0000000008059dbd        0x3 
 .rodata.decNumberFromString.str1.4
                0x0000000008059dc0       0x1c build/libdecNumber.a(decNumber.o)
                                         0x20 (size before relaxing)
 .rodata.multies
                0x0000000008059ddc       0x14 build/libdecNumber.a(decNumber.o)
 .rodata.powers
                0x0000000008059df0       0x28 build/libdecNumber.a(decNumber.o)
                0x0000000008059df0                powers
 .rodata.resmap
                0x0000000008059e18        0xa build/libdecNumber.a(decNumber.o)
 *fill*         0x0000000008059e22        0x2 
 .rodata.uarrone
                0x0000000008059e24        0x2 build/libdecNumber.a(decNumber.o)
 *fill*         0x0000000008059e26        0x2 
 .rodata.COMBEXP
                0x0000000008059e28       0x80 build/libdecNumber.a(decimal64.o)
                0x0000000008059e28                COMBEXP
 .rodata.COMBMSD
                0x0000000008059ea8       0x80 build/libdecNumber.a(decimal64.o)
                0x0000000008059ea8                COMBMSD
 .rodata.multies
                0x0000000008059f28       0x14 build/libdecNumber.a(decimal64.o)
 .rodata.str1.4
                0x0000000008059f3c        0x6 /usr/lib/gcc/arm-none-eabi/9.2.1/../../../arm-none-eabi/lib/thumb/v7e-m+fp/hard/libc.a(lib_a-perror.o)
 *fill*         0x0000000008059f42        0x2 
 .rodata.str1.4
                0x0000000008059f44      0x700 /usr/lib/gcc/arm-none-eabi/9.2.1/../../../arm-none-eabi/lib/thumb/v7e-m+fp/hard/libc.a(lib_a-strerror.o)
                                        0x701 (size before relaxing)
 .rodata.str1.4
                0x000000000805a644       0x33 /usr/lib/gcc/arm-none-eabi/9.2.1/../../../arm-none-eabi/lib/thumb/v7e-m+fp/hard/libc.a(lib_a-svfprintf.o)
                                         0x42 (size before relaxing)
 *fill*         0x000000000805a677        0x1 
 .rodata.str1.4
                0x000000000805a678       0x46 /usr/lib/gcc/arm-none-eabi/9.2.1/../../../arm-none-eabi/lib/thumb/v7e-m+fp/hard/libc.a(lib_a-dtoa.o)
                                         0x5a (size before relaxing)
 *fill*         0x000000000805a6be        0x2 
 .rodata.str1.4
                0x000000000805a6c0       0x33 /usr/lib/gcc/arm-none-eabi/9.2.1/../../../arm-none-eabi/lib/thumb/v7e-m+fp/hard/libc.a(lib_a-mprec.o)
                                         0x47 (size before relaxing)
 .rodata.str1.4
                0x000000000805a6f3       0x2f /usr/lib/gcc/arm-none-eabi/9.2.1/../../../arm-none-eabi/lib/thumb/v7e-m+fp/hard/libc.a(lib_a-svfiprintf.o)
 *fill*         0x000000000805a6f3        0x1 
 .rodata.str1.4
                0x000000000805a6f4       0x3f /usr/lib/gcc/arm-none-eabi/9.2.1/../../../arm-none-eabi/lib/thumb/v7e-m+fp/hard/libc.a(lib_a-assert.o)
                                         0x43 (size before relaxing)
 *fill*         0x000000000805a733        0x1 
 .rodata.str1.4
                0x000000000805a734        0x6 /usr/lib/gcc/arm-none-eabi/9.2.1/../../../arm-none-eabi/lib/thumb/v7e-m+fp/hard/libc.a(lib_a-locale.o)
                                         0x12 (size before relaxing)
 .rodata.str1.4
                0x000000000805a73a       0x2f /usr/lib/gcc/arm-none-eabi/9.2.1/../../../arm-none-eabi/lib/thumb/v7e-m+fp/hard/libc.a(lib_a-vfiprintf.o)
                0x000000000805a770                . = ALIGN (0x8)
 *fill*         0x000000000805a73a        0x6 
                0x0000000090000000                _qspi_init_base = LOADADDR (.qspi)
                0x0000000000000000                _qspi_init_length = SIZEOF (.qspi)

.text           0x000000000805a740    0x25240
                0x000000000805a740                . = ALIGN (0x8)
 *(.text)
 .text          0x000000000805a740       0x88 /usr/lib/gcc/arm-none-eabi/9.2.1/thumb/v7e-m+fp/hard/crtbegin.o
 .text          0x000000000805a7c8       0x30 /usr/lib/gcc/arm-none-eabi/9.2.1/thumb/v7e-m+fp/hard/libgcc.a(_aeabi_uldivmod.o)
                0x000000000805a7c8                __aeabi_uldivmod
 .text          0x000000000805a7f8      0x2c4 /usr/lib/gcc/arm-none-eabi/9.2.1/thumb/v7e-m+fp/hard/libgcc.a(_udivmoddi4.o)
                0x000000000805a7f8                __udivmoddi4
 .text          0x000000000805aabc        0x4 /usr/lib/gcc/arm-none-eabi/9.2.1/thumb/v7e-m+fp/hard/libgcc.a(_dvmd_tls.o)
                0x000000000805aabc                __aeabi_ldiv0
                0x000000000805aabc                __aeabi_idiv0
 .text          0x000000000805aac0        0xc /usr/lib/gcc/arm-none-eabi/9.2.1/../../../arm-none-eabi/lib/thumb/v7e-m+fp/hard/libc.a(lib_a-atexit.o)
                0x000000000805aac0                atexit
 .text          0x000000000805aacc        0xc /usr/lib/gcc/arm-none-eabi/9.2.1/../../../arm-none-eabi/lib/thumb/v7e-m+fp/hard/libc.a(lib_a-errno.o)
                0x000000000805aacc                __errno
 .text          0x000000000805aad8       0x34 /usr/lib/gcc/arm-none-eabi/9.2.1/../../../arm-none-eabi/lib/thumb/v7e-m+fp/hard/libc.a(lib_a-fini.o)
                0x000000000805aad8                __libc_fini_array
 .text          0x000000000805ab0c       0x48 /usr/lib/gcc/arm-none-eabi/9.2.1/../../../arm-none-eabi/lib/thumb/v7e-m+fp/hard/libc.a(lib_a-init.o)
                0x000000000805ab0c                __libc_init_array
 .text          0x000000000805ab54      0x134 /usr/lib/gcc/arm-none-eabi/9.2.1/../../../arm-none-eabi/lib/thumb/v7e-m+fp/hard/libc.a(lib_a-memcpy.o)
                0x000000000805ab54                memcpy
 .text          0x000000000805ac88       0xa0 /usr/lib/gcc/arm-none-eabi/9.2.1/../../../arm-none-eabi/lib/thumb/v7e-m+fp/hard/libc.a(lib_a-memset.o)
                0x000000000805ac88                memset
 .text          0x000000000805ad28      0x100 /usr/lib/gcc/arm-none-eabi/9.2.1/../../../arm-none-eabi/lib/thumb/v7e-m+fp/hard/libc.a(lib_a-perror.o)
                0x000000000805ad28                _perror_r
                0x000000000805ae18                perror
 .text          0x000000000805ae28       0x80 /usr/lib/gcc/arm-none-eabi/9.2.1/../../../arm-none-eabi/lib/thumb/v7e-m+fp/hard/libc.a(lib_a-sprintf.o)
                0x000000000805ae28                _sprintf_r
                0x000000000805ae64                sprintf
 .text          0x000000000805aea8      0x3fc /usr/lib/gcc/arm-none-eabi/9.2.1/../../../arm-none-eabi/lib/thumb/v7e-m+fp/hard/libc.a(lib_a-strerror.o)
                0x000000000805aea8                _strerror_r
                0x000000000805b274                strerror
                0x000000000805b28c                strerror_l
 *fill*         0x000000000805b2a4       0x1c 
 .text          0x000000000805b2c0       0xdc /usr/lib/gcc/arm-none-eabi/9.2.1/../../../arm-none-eabi/lib/thumb/v7e-m+fp/hard/libc.a(lib_a-strlen.o)
                0x000000000805b2c0                strlen
 .text          0x000000000805b39c       0x74 /usr/lib/gcc/arm-none-eabi/9.2.1/../../../arm-none-eabi/lib/thumb/v7e-m+fp/hard/libc.a(lib_a-strncpy.o)
                0x000000000805b39c                strncpy
 .text          0x000000000805b410     0x1498 /usr/lib/gcc/arm-none-eabi/9.2.1/../../../arm-none-eabi/lib/thumb/v7e-m+fp/hard/libc.a(lib_a-svfprintf.o)
                0x000000000805b410                _svfprintf_r
 .text          0x000000000805c8a8        0x4 /usr/lib/gcc/arm-none-eabi/9.2.1/../../../arm-none-eabi/lib/thumb/v7e-m+fp/hard/libc.a(lib_a-u_strerr.o)
                0x000000000805c8a8                _user_strerror
 .text          0x000000000805c8ac       0x2c /usr/lib/gcc/arm-none-eabi/9.2.1/../../../arm-none-eabi/lib/thumb/v7e-m+fp/hard/libc.a(lib_a-writer.o)
                0x000000000805c8ac                _write_r
 .text          0x000000000805c8d8       0x68 /usr/lib/gcc/arm-none-eabi/9.2.1/../../../arm-none-eabi/lib/thumb/v7e-m+fp/hard/libc.a(lib_a-__atexit.o)
                0x000000000805c8d8                __register_exitproc
 .text          0x000000000805c940      0xfc0 /usr/lib/gcc/arm-none-eabi/9.2.1/../../../arm-none-eabi/lib/thumb/v7e-m+fp/hard/libc.a(lib_a-dtoa.o)
                0x000000000805ca64                _dtoa_r
 .text          0x000000000805d900      0x1a4 /usr/lib/gcc/arm-none-eabi/9.2.1/../../../arm-none-eabi/lib/thumb/v7e-m+fp/hard/libc.a(lib_a-fflush.o)
                0x000000000805d900                __sflush_r
                0x000000000805da4c                _fflush_r
                0x000000000805da80                fflush
 .text          0x000000000805daa4       0x34 /usr/lib/gcc/arm-none-eabi/9.2.1/../../../arm-none-eabi/lib/thumb/v7e-m+fp/hard/libc.a(lib_a-fileno.o)
                0x000000000805daa4                fileno
 .text          0x000000000805dad8      0x1f4 /usr/lib/gcc/arm-none-eabi/9.2.1/../../../arm-none-eabi/lib/thumb/v7e-m+fp/hard/libc.a(lib_a-findfp.o)
                0x000000000805dadc                _cleanup_r
                0x000000000805dbc0                __sfmoreglue
                0x000000000805dbf0                __sfp
                0x000000000805dc78                _cleanup
                0x000000000805dc8c                __sinit
                0x000000000805dc94                __sfp_lock_acquire
                0x000000000805dc98                __sfp_lock_release
                0x000000000805dc9c                __sinit_lock_acquire
                0x000000000805dca0                __sinit_lock_release
                0x000000000805dca4                __fp_lock_all
                0x000000000805dcb8                __fp_unlock_all
 .text          0x000000000805dccc       0xa0 /usr/lib/gcc/arm-none-eabi/9.2.1/../../../arm-none-eabi/lib/thumb/v7e-m+fp/hard/libc.a(lib_a-fwalk.o)
                0x000000000805dccc                _fwalk
                0x000000000805dd18                _fwalk_reent
 .text          0x000000000805dd6c       0x14 /usr/lib/gcc/arm-none-eabi/9.2.1/../../../arm-none-eabi/lib/thumb/v7e-m+fp/hard/libc.a(lib_a-localeconv.o)
                0x000000000805dd6c                __localeconv_l
                0x000000000805dd70                _localeconv_r
                0x000000000805dd78                localeconv
 .text          0x000000000805dd80       0xa0 /usr/lib/gcc/arm-none-eabi/9.2.1/../../../arm-none-eabi/lib/thumb/v7e-m+fp/hard/libc.a(lib_a-memchr.o)
                0x000000000805dd80                memchr
 .text          0x000000000805de20      0x9a8 /usr/lib/gcc/arm-none-eabi/9.2.1/../../../arm-none-eabi/lib/thumb/v7e-m+fp/hard/libc.a(lib_a-mprec.o)
                0x000000000805de20                _Balloc
                0x000000000805de6c                _Bfree
                0x000000000805de80                __multadd
                0x000000000805df24                __s2b
                0x000000000805dfd0                __hi0bits
                0x000000000805e010                __lo0bits
                0x000000000805e070                __i2b
                0x000000000805e09c                __multiply
                0x000000000805e1e8                __pow5mult
                0x000000000805e280                __lshift
                0x000000000805e34c                __mcmp
                0x000000000805e384                __mdiff
                0x000000000805e4ac                __ulp
                0x000000000805e4fc                __b2d
                0x000000000805e5b4                __d2b
                0x000000000805e688                __ratio
                0x000000000805e6e8                _mprec_log10
                0x000000000805e728                __copybits
                0x000000000805e770                __any_on
 .text          0x000000000805e7c8       0x90 /usr/lib/gcc/arm-none-eabi/9.2.1/../../../arm-none-eabi/lib/thumb/v7e-m+fp/hard/libc.a(lib_a-stdio.o)
                0x000000000805e7c8                __sread
                0x000000000805e7ec                __seofread
                0x000000000805e7f0                __swrite
                0x000000000805e830                __sseek
                0x000000000805e850                __sclose
 .text          0x000000000805e858      0xb64 /usr/lib/gcc/arm-none-eabi/9.2.1/../../../arm-none-eabi/lib/thumb/v7e-m+fp/hard/libc.a(lib_a-svfiprintf.o)
                0x000000000805e858                __ssprint_r
                0x000000000805e950                _svfiprintf_r
 .text          0x000000000805f3bc       0x48 /usr/lib/gcc/arm-none-eabi/9.2.1/../../../arm-none-eabi/lib/thumb/v7e-m+fp/hard/libc.a(lib_a-assert.o)
                0x000000000805f3bc                __assert_func
                0x000000000805f3f8                __assert
 .text          0x000000000805f404       0x24 /usr/lib/gcc/arm-none-eabi/9.2.1/../../../arm-none-eabi/lib/thumb/v7e-m+fp/hard/libc.a(lib_a-closer.o)
                0x000000000805f404                _close_r
 .text          0x000000000805f428       0x98 /usr/lib/gcc/arm-none-eabi/9.2.1/../../../arm-none-eabi/lib/thumb/v7e-m+fp/hard/libc.a(lib_a-fclose.o)
                0x000000000805f428                _fclose_r
                0x000000000805f4b0                fclose
 .text          0x000000000805f4c0       0x44 /usr/lib/gcc/arm-none-eabi/9.2.1/../../../arm-none-eabi/lib/thumb/v7e-m+fp/hard/libc.a(lib_a-fiprintf.o)
                0x000000000805f4c0                _fiprintf_r
                0x000000000805f4dc                fiprintf
 .text          0x000000000805f504       0x5c /usr/lib/gcc/arm-none-eabi/9.2.1/../../../arm-none-eabi/lib/thumb/v7e-m+fp/hard/libc.a(lib_a-locale.o)
                0x000000000805f504                _setlocale_r
                0x000000000805f544                __locale_mb_cur_max
                0x000000000805f550                setlocale
 .text          0x000000000805f560       0x2c /usr/lib/gcc/arm-none-eabi/9.2.1/../../../arm-none-eabi/lib/thumb/v7e-m+fp/hard/libc.a(lib_a-lseekr.o)
                0x000000000805f560                _lseek_r
 .text          0x000000000805f58c       0x40 /usr/lib/gcc/arm-none-eabi/9.2.1/../../../arm-none-eabi/lib/thumb/v7e-m+fp/hard/libc.a(lib_a-mbtowc_r.o)
                0x000000000805f58c                _mbtowc_r
                0x000000000805f5a0                __ascii_mbtowc
 .text          0x000000000805f5cc       0xd0 /usr/lib/gcc/arm-none-eabi/9.2.1/../../../arm-none-eabi/lib/thumb/v7e-m+fp/hard/libc.a(lib_a-memmove.o)
                0x000000000805f5cc                memmove
 .text          0x000000000805f69c       0x2c /usr/lib/gcc/arm-none-eabi/9.2.1/../../../arm-none-eabi/lib/thumb/v7e-m+fp/hard/libc.a(lib_a-readr.o)
                0x000000000805f69c                _read_r
 *fill*         0x000000000805f6c8       0x18 
 .text          0x000000000805f6e0      0x2dc /usr/lib/gcc/arm-none-eabi/9.2.1/../../../arm-none-eabi/lib/thumb/v7e-m+fp/hard/libc.a(lib_a-strcmp.o)
                0x000000000805f6e8                strcmp
 .text          0x000000000805f9bc      0xd00 /usr/lib/gcc/arm-none-eabi/9.2.1/../../../arm-none-eabi/lib/thumb/v7e-m+fp/hard/libc.a(lib_a-vfiprintf.o)
                0x000000000805fa34                __sprint_r
                0x000000000805fa48                _vfiprintf_r
                0x0000000008060638                vfiprintf
 .text          0x00000000080606bc       0x30 /usr/lib/gcc/arm-none-eabi/9.2.1/../../../arm-none-eabi/lib/thumb/v7e-m+fp/hard/libc.a(lib_a-wctomb_r.o)
                0x00000000080606bc                _wctomb_r
                0x00000000080606d0                __ascii_wctomb
 .text          0x00000000080606ec       0xd0 /usr/lib/gcc/arm-none-eabi/9.2.1/../../../arm-none-eabi/lib/thumb/v7e-m+fp/hard/libc.a(lib_a-wsetup.o)
                0x00000000080606ec                __swsetup_r
 .text          0x00000000080607bc       0x10 /usr/lib/gcc/arm-none-eabi/9.2.1/../../../arm-none-eabi/lib/thumb/v7e-m+fp/hard/libc.a(lib_a-abort.o)
                0x00000000080607bc                abort
 .text          0x00000000080607cc      0x110 /usr/lib/gcc/arm-none-eabi/9.2.1/../../../arm-none-eabi/lib/thumb/v7e-m+fp/hard/libc.a(lib_a-fputwc.o)
                0x00000000080607cc                __fputwc
                0x0000000008060874                _fputwc_r
                0x000000000806089c                fputwc
 .text          0x00000000080608dc      0x308 /usr/lib/gcc/arm-none-eabi/9.2.1/../../../arm-none-eabi/lib/thumb/v7e-m+fp/hard/libc.a(lib_a-fvwrite.o)
                0x00000000080608dc                __sfvwrite_r
 .text          0x0000000008060be4       0xf0 /usr/lib/gcc/arm-none-eabi/9.2.1/../../../arm-none-eabi/lib/thumb/v7e-m+fp/hard/libc.a(lib_a-makebuf.o)
                0x0000000008060be4                __swhatbuf_r
                0x0000000008060c40                __smakebuf_r
 .text          0x0000000008060cd4      0x15c /usr/lib/gcc/arm-none-eabi/9.2.1/../../../arm-none-eabi/lib/thumb/v7e-m+fp/hard/libc.a(lib_a-signal.o)
                0x0000000008060cfc                _init_signal_r
                0x0000000008060d08                _signal_r
                0x0000000008060d40                _raise_r
                0x0000000008060d98                __sigtramp_r
                0x0000000008060dec                raise
                0x0000000008060dfc                signal
                0x0000000008060e0c                _init_signal
                0x0000000008060e20                __sigtramp
 .text          0x0000000008060e30       0x2c /usr/lib/gcc/arm-none-eabi/9.2.1/../../../arm-none-eabi/lib/thumb/v7e-m+fp/hard/libc.a(lib_a-signalr.o)
                0x0000000008060e30                _kill_r
                0x0000000008060e58                _getpid_r
 .text          0x0000000008060e5c       0xc0 /usr/lib/gcc/arm-none-eabi/9.2.1/../../../arm-none-eabi/lib/thumb/v7e-m+fp/hard/libc.a(lib_a-wbuf.o)
                0x0000000008060e5c                __swbuf_r
                0x0000000008060f0c                __swbuf
 .text          0x0000000008060f1c       0x7c /usr/lib/gcc/arm-none-eabi/9.2.1/../../../arm-none-eabi/lib/thumb/v7e-m+fp/hard/libc.a(lib_a-wcrtomb.o)
                0x0000000008060f1c                _wcrtomb_r
                0x0000000008060f50                wcrtomb
 .text          0x0000000008060f98       0x28 /usr/lib/gcc/arm-none-eabi/9.2.1/../../../arm-none-eabi/lib/thumb/v7e-m+fp/hard/libc.a(lib_a-fstatr.o)
                0x0000000008060f98                _fstat_r
 .text          0x0000000008060fc0       0x24 /usr/lib/gcc/arm-none-eabi/9.2.1/../../../arm-none-eabi/lib/thumb/v7e-m+fp/hard/libc.a(lib_a-isattyr.o)
                0x0000000008060fc0                _isatty_r
 .text          0x0000000008060fe4      0x378 /usr/lib/gcc/arm-none-eabi/9.2.1/thumb/v7e-m+fp/hard/libgcc.a(_arm_addsubdf3.o)
                0x0000000008060fe4                __aeabi_drsub
                0x0000000008060fec                __aeabi_dsub
                0x0000000008060fec                __subdf3
                0x0000000008060ff0                __adddf3
                0x0000000008060ff0                __aeabi_dadd
                0x0000000008061268                __aeabi_ui2d
                0x0000000008061268                __floatunsidf
                0x0000000008061288                __floatsidf
                0x0000000008061288                __aeabi_i2d
                0x00000000080612ac                __extendsfdf2
                0x00000000080612ac                __aeabi_f2d
                0x00000000080612f0                __aeabi_ul2d
                0x00000000080612f0                __floatundidf
                0x0000000008061300                __floatdidf
                0x0000000008061300                __aeabi_l2d
 .text          0x000000000806135c      0x424 /usr/lib/gcc/arm-none-eabi/9.2.1/thumb/v7e-m+fp/hard/libgcc.a(_arm_muldivdf3.o)
                0x000000000806135c                __aeabi_dmul
                0x000000000806135c                __muldf3
                0x00000000080615b0                __aeabi_ddiv
                0x00000000080615b0                __divdf3
 .text          0x0000000008061780      0x110 /usr/lib/gcc/arm-none-eabi/9.2.1/thumb/v7e-m+fp/hard/libgcc.a(_arm_cmpdf2.o)
                0x0000000008061780                __gtdf2
                0x0000000008061780                __gedf2
                0x0000000008061788                __ltdf2
                0x0000000008061788                __ledf2
                0x0000000008061790                __cmpdf2
                0x0000000008061790                __eqdf2
                0x0000000008061790                __nedf2
                0x000000000806180c                __aeabi_cdrcmple
                0x000000000806181c                __aeabi_cdcmple
                0x000000000806181c                __aeabi_cdcmpeq
                0x000000000806182c                __aeabi_dcmpeq
                0x0000000008061840                __aeabi_dcmplt
                0x0000000008061854                __aeabi_dcmple
                0x0000000008061868                __aeabi_dcmpge
                0x000000000806187c                __aeabi_dcmpgt
 .text          0x0000000008061890       0x2c /usr/lib/gcc/arm-none-eabi/9.2.1/thumb/v7e-m+fp/hard/libgcc.a(_arm_unorddf2.o)
                0x0000000008061890                __aeabi_dcmpun
                0x0000000008061890                __unorddf2
 .text          0x00000000080618bc       0x50 /usr/lib/gcc/arm-none-eabi/9.2.1/thumb/v7e-m+fp/hard/libgcc.a(_arm_fixdfsi.o)
                0x00000000080618bc                __fixdfsi
                0x00000000080618bc                __aeabi_d2iz
 .text          0x000000000806190c        0x4 /usr/lib/gcc/arm-none-eabi/9.2.1/../../../arm-none-eabi/lib/thumb/v7e-m+fp/hard/libnosys.a(_exit.o)
                0x000000000806190c                _exit
 *(.text*)
 .text._read    0x0000000008061910        0x4 build/pgm_syscalls.o
                0x0000000008061910                _read
 .text._write   0x0000000008061914        0x8 build/pgm_syscalls.o
                0x0000000008061914                _write
 .text._close   0x000000000806191c        0x8 build/pgm_syscalls.o
                0x000000000806191c                _close
 .text._fstat   0x0000000008061924        0xc build/pgm_syscalls.o
                0x0000000008061924                _fstat
 .text._isatty  0x0000000008061930        0x4 build/pgm_syscalls.o
                0x0000000008061930                _isatty
 .text._lseek   0x0000000008061934        0x4 build/pgm_syscalls.o
                0x0000000008061934                _lseek
 .text._kill    0x0000000008061938       0x10 build/pgm_syscalls.o
                0x0000000008061938                _kill
 .text._getpid  0x0000000008061948        0x4 build/pgm_syscalls.o
                0x0000000008061948                _getpid
 .text.free     0x000000000806194c        0x8 build/pgm_syscalls.o
                0x000000000806194c                free
 .text.calloc   0x0000000008061954        0x8 build/pgm_syscalls.o
                0x0000000008061954                calloc
 .text.__wrap__malloc_r
                0x000000000806195c        0xc build/pgm_syscalls.o
                0x000000000806195c                __wrap__malloc_r
 .text._calloc_r
                0x0000000008061968        0xc build/pgm_syscalls.o
                0x0000000008061968                _calloc_r
 .text._realloc_r
                0x0000000008061974        0xc build/pgm_syscalls.o
                0x0000000008061974                _realloc_r
 .text._free_r  0x0000000008061980        0xc build/pgm_syscalls.o
                0x0000000008061980                _free_r
 .text.post_main
                0x000000000806198c       0x1c build/pgm_syscalls.o
                0x000000000806198c                post_main
 .text.gtodot_digit
                0x00000000080619a8       0x60 build/keys.o
 .text.check_f_key
                0x0000000008061a08       0x40 build/keys.o
 .text.is_label_or_end_at
                0x0000000008061a48       0x30 build/keys.o
 .text.advance_to_next_label
                0x0000000008061a78       0x4c build/keys.o
 .text.init_cat
                0x0000000008061ac4       0xec build/keys.o
 .text.advance_to_previous_label
                0x0000000008061bb0       0x50 build/keys.o
 .text.check_confirm.part.0
                0x0000000008061c00       0x30 build/keys.o
 .text.init_arg.part.0
                0x0000000008061c30       0x28 build/keys.o
 .text.reset_arg
                0x0000000008061c58       0x1c build/keys.o
 .text.arg_eval
                0x0000000008061c74       0x9c build/keys.o
 .text.arg_digit
                0x0000000008061d10      0x10c build/keys.o
 .text.process_arg_shuffle
                0x0000000008061e1c       0x30 build/keys.o
 .text.process_h_shifted
                0x0000000008061e4c       0xd8 build/keys.o
 .text.intltr   0x0000000008061f24       0x38 build/keys.o
 .text.process_normal
                0x0000000008061f5c      0x278 build/keys.o
 .text.process_fg_shifted
                0x00000000080621d4      0x2a8 build/keys.o
 .text.set_window
                0x000000000806247c       0x98 build/keys.o
 .text.arg_storcl
                0x0000000008062514       0x44 build/keys.o
 .text.process_arg
                0x0000000008062558      0x550 build/keys.o
 .text.cur_shift
                0x0000000008062aa8       0x14 build/keys.o
                0x0000000008062aa8                cur_shift
 .text.reset_shift
                0x0000000008062abc       0x18 build/keys.o
                0x0000000008062abc                reset_shift
 .text.keycode_to_row_column
                0x0000000008062ad4       0x24 build/keys.o
                0x0000000008062ad4                keycode_to_row_column
 .text.row_column_to_keycode
                0x0000000008062af8       0x40 build/keys.o
                0x0000000008062af8                row_column_to_keycode
 .text.init_state
                0x0000000008062b38       0x80 build/keys.o
                0x0000000008062b38                init_state
 .text.process_cmplx
                0x0000000008062bb8       0xd0 build/keys.o
 .text.soft_init_state
                0x0000000008062c88       0x50 build/keys.o
                0x0000000008062c88                soft_init_state
 .text.finish_cpx_entry
                0x0000000008062cd8       0xc8 build/keys.o
                0x0000000008062cd8                finish_cpx_entry
 .text.stack_begin
                0x0000000008062da0       0xbc build/keys.o
                0x0000000008062da0                stack_begin
 .text.current_catalogue
                0x0000000008062e5c       0xe0 build/keys.o
                0x0000000008062e5c                current_catalogue
 .text.process_catalogue
                0x0000000008062f3c      0x31c build/keys.o
 .text.get_alpha_state
                0x0000000008063258       0x28 build/keys.o
                0x0000000008063258                get_alpha_state
 .text.process_keycode
                0x0000000008063280     0x1dec build/keys.o
                0x0000000008063280                process_keycode
 .text.process_keycode_with_shift
                0x000000000806506c       0xa8 build/keys.o
                0x000000000806506c                process_keycode_with_shift
 .text.set_separator_decimal_modes
                0x0000000008065114       0x54 build/display.o
 .text.set_dig  0x0000000008065168       0x78 build/display.o
 .text.hms_render
                0x00000000080651e0       0xa8 build/display.o
 .text.set_exp_digits_string
                0x0000000008065288       0x40 build/display.o
 .text.hms_step
                0x00000000080652c8       0x38 build/display.o
 .text.set_exp  0x0000000008065300      0x124 build/display.o
 .text.set_separator.part.0
                0x0000000008065424       0x40 build/display.o
 .text.set_decimal
                0x0000000008065464       0x54 build/display.o
 .text.set_digits_string
                0x00000000080654b8       0x44 build/display.o
 .text.check_special_dn.isra.0
                0x00000000080654fc       0x9c build/display.o
 .text.set_x_hms
                0x0000000008065598      0x1c8 build/display.o
 .text.set_x_fract
                0x0000000008065760      0x1b4 build/display.o
 .text.carry_overflow
                0x0000000008065914       0x84 build/display.o
 .text.set_int_x
                0x0000000008065998      0x3d4 build/display.o
 .text.set_annunciators
                0x0000000008065d6c      0x108 build/display.o
 .text.s_s_sized.constprop.0
                0x0000000008065e74      0x19c build/display.o
 .text.dot      0x0000000008066010        0xc build/display.o
                0x0000000008066010                dot
 .text.std_round_fix
                0x000000000806601c       0x7c build/display.o
                0x000000000806601c                std_round_fix
 .text.pixel_length
                0x0000000008066098       0x40 build/display.o
                0x0000000008066098                pixel_length
 .text.set_status
                0x00000000080660d8       0x38 build/display.o
 .text.set_x_dn
                0x0000000008066110      0x9ec build/display.o
                0x0000000008066110                set_x_dn
 .text.set_x    0x0000000008066afc       0x34 build/display.o
 .text.format_reg
                0x0000000008066b30       0x6c build/display.o
                0x0000000008066b30                format_reg
 .text.set_status_right
                0x0000000008066b9c       0x64 build/display.o
 .text.annunciators
                0x0000000008066c00      0x528 build/display.o
 .text.display  0x0000000008067128      0xe90 build/display.o
                0x0000000008067128                display
 .text.frozen_display
                0x0000000008067fb8       0x20 build/display.o
                0x0000000008067fb8                frozen_display
 .text.message  0x0000000008067fd8       0x70 build/display.o
                0x0000000008067fd8                message
 .text.error_message
                0x0000000008068048       0x88 build/display.o
                0x0000000008068048                error_message
 .text.stopwatch_message
                0x00000000080680d0       0x60 build/display.o
                0x00000000080680d0                stopwatch_message
 .text.find_section_bounds
                0x0000000008068130       0x78 build/xeq.o
 .text.reg_address
                0x00000000080681a8       0x64 build/xeq.o
 .text.retstk_up
                0x000000000806820c       0x74 build/xeq.o
 .text.flag_word
                0x0000000008068280       0x78 build/xeq.o
 .text.set_zero
                0x00000000080682f8       0x24 build/xeq.o
 .text.intResult
                0x000000000806831c       0xac build/xeq.o
 .text.check_stack_overlap
                0x00000000080683c8       0x74 build/xeq.o
 .text.move_retstk
                0x000000000806843c       0x80 build/xeq.o
                0x000000000806843c                move_retstk
 .text.local_regs_rarg
                0x00000000080684bc       0x60 build/xeq.o
                0x00000000080684bc                local_regs_rarg
 .text.get_reg_limit
                0x000000000806851c       0xbc build/xeq.o
 .text.local_regs
                0x00000000080685d8       0x40 build/xeq.o
                0x00000000080685d8                local_regs
 .text.global_regs_rarg
                0x0000000008068618       0x40 build/xeq.o
                0x0000000008068618                global_regs_rarg
 .text.global_regs
                0x0000000008068658       0x24 build/xeq.o
                0x0000000008068658                global_regs
 .text.version  0x000000000806867c       0x1c build/xeq.o
                0x000000000806867c                version
 .text.cmd_off  0x0000000008068698        0x4 build/xeq.o
                0x0000000008068698                cmd_off
 .text.init_RegionTab
                0x000000000806869c       0x2c build/xeq.o
                0x000000000806869c                init_RegionTab
 .text.sizeLIB  0x00000000080686c8       0x20 build/xeq.o
                0x00000000080686c8                sizeLIB
 .text.getprog  0x00000000080686e8       0x50 build/xeq.o
                0x00000000080686e8                getprog
 .text.get_current_prog
                0x0000000008068738       0x28 build/xeq.o
                0x0000000008068738                get_current_prog
 .text.do_inc   0x0000000008068760       0x48 build/xeq.o
                0x0000000008068760                do_inc
 .text.user_pc.part.0
                0x00000000080687a8       0x38 build/xeq.o
 .text.print_step
                0x00000000080687e0       0xac build/xeq.o
 .text.do_dec   0x000000000806888c       0x4c build/xeq.o
                0x000000000806888c                do_dec
 .text.update_program_bounds
                0x00000000080688d8       0x98 build/xeq.o
                0x00000000080688d8                update_program_bounds
 .text.set_pc   0x0000000008068970       0xb0 build/xeq.o
                0x0000000008068970                set_pc
 .text.incpc    0x0000000008068a20       0x2c build/xeq.o
                0x0000000008068a20                incpc
 .text.decpc    0x0000000008068a4c       0x28 build/xeq.o
                0x0000000008068a4c                decpc
 .text.fin_tst.part.0
                0x0000000008068a74       0x14 build/xeq.o
 .text.do_rtn   0x0000000008068a88       0x98 build/xeq.o
 .text.user_pc  0x0000000008068b20       0x14 build/xeq.o
                0x0000000008068b20                user_pc
 .text.find_user_pc
                0x0000000008068b34       0x54 build/xeq.o
                0x0000000008068b34                find_user_pc
 .text.report_err
                0x0000000008068b88       0x20 build/xeq.o
                0x0000000008068b88                report_err
 .text.report_warn
                0x0000000008068ba8       0x5c build/xeq.o
                0x0000000008068ba8                report_warn
 .text.cmderr   0x0000000008068c04       0x14 build/xeq.o
                0x0000000008068c04                cmderr
 .text.cmdmsg   0x0000000008068c18        0x4 build/xeq.o
                0x0000000008068c18                cmdmsg
 .text.rarg_roundingmode
                0x0000000008068c1c       0x18 build/xeq.o
                0x0000000008068c1c                rarg_roundingmode
 .text.packed_from_number
                0x0000000008068c34       0x3c build/xeq.o
                0x0000000008068c34                packed_from_number
 .text.packed128_from_number
                0x0000000008068c70       0x3c build/xeq.o
                0x0000000008068c70                packed128_from_number
 .text.check_special
                0x0000000008068cac       0xa8 build/xeq.o
 .text.packed_from_packed128
                0x0000000008068d54       0x1c build/xeq.o
                0x0000000008068d54                packed_from_packed128
 .text.packed128_from_packed
                0x0000000008068d70       0x1c build/xeq.o
                0x0000000008068d70                packed128_from_packed
 .text.stack_size
                0x0000000008068d8c       0x38 build/xeq.o
                0x0000000008068d8c                stack_size
 .text.copyreg  0x0000000008068dc4       0x20 build/xeq.o
                0x0000000008068dc4                copyreg
 .text.set_lift
                0x0000000008068de4       0x10 build/xeq.o
                0x0000000008068de4                set_lift
 .text.entry_rpn_on_off
                0x0000000008068df4       0x34 build/xeq.o
                0x0000000008068df4                entry_rpn_on_off
 .text.is_dblmode
                0x0000000008068e28       0x20 build/xeq.o
                0x0000000008068e28                is_dblmode
 .text.s_to_i   0x0000000008068e48       0x6c build/xeq.o
                0x0000000008068e48                s_to_i
 .text.digit    0x0000000008068eb4      0x190 build/xeq.o
 .text.s_to_ull
                0x0000000008069044       0x3c build/xeq.o
                0x0000000008069044                s_to_ull
 .text.get_cmdline
                0x0000000008069080       0x18 build/xeq.o
                0x0000000008069080                get_cmdline
 .text.is_bad_cmdline
                0x0000000008069098        0x4 build/xeq.o
                0x0000000008069098                is_bad_cmdline
 .text.get_flash_reg_n
                0x000000000806909c       0x20 build/xeq.o
                0x000000000806909c                get_flash_reg_n
 .text.get_const
                0x00000000080690bc       0x84 build/xeq.o
                0x00000000080690bc                get_const
 .text.get_reg_n
                0x0000000008069140       0xb4 build/xeq.o
                0x0000000008069140                get_reg_n
 .text.lift     0x00000000080691f4       0x6c build/xeq.o
                0x00000000080691f4                lift
 .text.lift2_if_enabled
                0x0000000008069260       0x48 build/xeq.o
 .text.lower    0x00000000080692a8       0x74 build/xeq.o
 .text.get_stack_top
                0x000000000806931c       0x3c build/xeq.o
 .text.roll_down
                0x0000000008069358       0x54 build/xeq.o
                0x0000000008069358                roll_down
 .text.cpx_roll_down
                0x00000000080693ac       0x34 build/xeq.o
                0x00000000080693ac                cpx_roll_down
 .text.roll_up  0x00000000080693e0       0x54 build/xeq.o
                0x00000000080693e0                roll_up
 .text.cpx_roll_up
                0x0000000008069434       0x34 build/xeq.o
                0x0000000008069434                cpx_roll_up
 .text.fill     0x0000000008069468       0x70 build/xeq.o
                0x0000000008069468                fill
 .text.lower2   0x00000000080694d8       0x74 build/xeq.o
 .text.drop     0x000000000806954c       0x20 build/xeq.o
                0x000000000806954c                drop
 .text.copyreg_n
                0x000000000806956c       0x3c build/xeq.o
                0x000000000806956c                copyreg_n
 .text.setlastX
                0x00000000080695a8        0x8 build/xeq.o
                0x00000000080695a8                setlastX
 .text.setlastXY
                0x00000000080695b0       0x18 build/xeq.o
 .text.getRegister
                0x00000000080695c8       0x34 build/xeq.o
                0x00000000080695c8                getRegister
 .text.getX     0x00000000080695fc        0x8 build/xeq.o
                0x00000000080695fc                getX
 .text.getY     0x0000000008069604        0x8 build/xeq.o
                0x0000000008069604                getY
 .text.getXY    0x000000000806960c       0x18 build/xeq.o
                0x000000000806960c                getXY
 .text.getXYZ   0x0000000008069624       0x20 build/xeq.o
                0x0000000008069624                getXYZ
 .text.getXYZT  0x0000000008069644       0x14 build/xeq.o
                0x0000000008069644                getXYZT
 .text.storcl_op
                0x0000000008069658       0x84 build/xeq.o
 .text.storcl_cop
                0x00000000080696dc       0xc0 build/xeq.o
 .text.cpx_enter
                0x000000000806979c       0x50 build/xeq.o
                0x000000000806979c                cpx_enter
 .text.cpx_fill
                0x00000000080697ec       0x94 build/xeq.o
                0x00000000080697ec                cpx_fill
 .text.setRegister
                0x0000000008069880       0x54 build/xeq.o
                0x0000000008069880                setRegister
 .text.setX     0x00000000080698d4        0x8 build/xeq.o
                0x00000000080698d4                setX
 .text.rarg_round
                0x00000000080698dc       0x70 build/xeq.o
                0x00000000080698dc                rarg_round
 .text.setY     0x000000000806994c        0x8 build/xeq.o
                0x000000000806994c                setY
 .text.setXY    0x0000000008069954       0x2c build/xeq.o
                0x0000000008069954                setXY
 .text.convert_regK
                0x0000000008069980       0xc4 build/xeq.o
                0x0000000008069980                convert_regK
 .text.cpx_nop  0x0000000008069a44      0x170 build/xeq.o
                0x0000000008069a44                cpx_nop
 .text.get_reg_n_int
                0x0000000008069bb4       0x1c build/xeq.o
                0x0000000008069bb4                get_reg_n_int
 .text.storcl_intop
                0x0000000008069bd0       0xb0 build/xeq.o
 .text.incdec   0x0000000008069c80       0x98 build/xeq.o
 .text.set_reg_n_int
                0x0000000008069d18       0x1c build/xeq.o
                0x0000000008069d18                set_reg_n_int
 .text.get_reg_n_int_sgn
                0x0000000008069d34       0x38 build/xeq.o
                0x0000000008069d34                get_reg_n_int_sgn
 .text.get_keycode_from_reg
                0x0000000008069d6c       0x30 build/xeq.o
 .text.getX_int
                0x0000000008069d9c        0x8 build/xeq.o
                0x0000000008069d9c                getX_int
 .text.getX_int_sgn
                0x0000000008069da4        0x8 build/xeq.o
                0x0000000008069da4                getX_int_sgn
 .text.set_reg_n_int_sgn
                0x0000000008069dac       0x64 build/xeq.o
                0x0000000008069dac                set_reg_n_int_sgn
 .text.op_roundingmode
                0x0000000008069e10       0x28 build/xeq.o
                0x0000000008069e10                op_roundingmode
 .text.register_from_int
                0x0000000008069e38       0x64 build/xeq.o
 .text.int_from_register
                0x0000000008069e9c       0x48 build/xeq.o
 .text.switch_to_int
                0x0000000008069ee4       0x80 build/xeq.o
 .text.process_cmdline.part.0
                0x0000000008069f64      0x250 build/xeq.o
 .text.process_cmdline
                0x000000000806a1b4       0x10 build/xeq.o
                0x000000000806a1b4                process_cmdline
 .text.cpx_pi   0x000000000806a1c4       0xcc build/xeq.o
                0x000000000806a1c4                cpx_pi
 .text.process_cmdline_set_lift
                0x000000000806a290       0x24 build/xeq.o
                0x000000000806a290                process_cmdline_set_lift
 .text.setX_int
                0x000000000806a2b4       0x20 build/xeq.o
                0x000000000806a2b4                setX_int
 .text.do_rcl   0x000000000806a2d4       0xdc build/xeq.o
 .text.setX_int_sgn
                0x000000000806a3b0       0x18 build/xeq.o
                0x000000000806a3b0                setX_int_sgn
 .text.zero_X   0x000000000806a3c8        0xc build/xeq.o
                0x000000000806a3c8                zero_X
 .text.zero_Y   0x000000000806a3d4       0x10 build/xeq.o
                0x000000000806a3d4                zero_Y
 .text.clrx     0x000000000806a3e4       0x78 build/xeq.o
                0x000000000806a3e4                clrx
 .text.clrstk   0x000000000806a45c       0x6c build/xeq.o
                0x000000000806a45c                clrstk
 .text.clrreg   0x000000000806a4c8      0x12c build/xeq.o
                0x000000000806a4c8                clrreg
 .text.clrretstk
                0x000000000806a5f4       0x14 build/xeq.o
                0x000000000806a5f4                clrretstk
 .text.clrretstk_pc
                0x000000000806a608       0x24 build/xeq.o
                0x000000000806a608                clrretstk_pc
 .text.cmdconst
                0x000000000806a62c       0xd4 build/xeq.o
                0x000000000806a62c                cmdconst
 .text.cmdsto   0x000000000806a700       0x80 build/xeq.o
                0x000000000806a700                cmdsto
 .text.cmdrcl   0x000000000806a780        0x4 build/xeq.o
                0x000000000806a780                cmdrcl
 .text.cmdcsto  0x000000000806a784       0xd0 build/xeq.o
                0x000000000806a784                cmdcsto
 .text.cmdcrcl  0x000000000806a854      0x108 build/xeq.o
                0x000000000806a854                cmdcrcl
 .text.cmdircl  0x000000000806a95c       0x20 build/xeq.o
                0x000000000806a95c                cmdircl
 .text.cmdrrcl  0x000000000806a97c       0x88 build/xeq.o
                0x000000000806a97c                cmdrrcl
 .text.swap_reg
                0x000000000806aa04       0x64 build/xeq.o
                0x000000000806aa04                swap_reg
 .text.cmdswap  0x000000000806aa68       0x9c build/xeq.o
                0x000000000806aa68                cmdswap
 .text.cmdview  0x000000000806ab04       0x5c build/xeq.o
                0x000000000806ab04                cmdview
 .text.get_stack_size
                0x000000000806ab60       0x48 build/xeq.o
                0x000000000806ab60                get_stack_size
 .text.get_word_size
                0x000000000806aba8       0x1c build/xeq.o
                0x000000000806aba8                get_word_size
 .text.get_sign_mode
                0x000000000806abc4       0x28 build/xeq.o
                0x000000000806abc4                get_sign_mode
 .text.get_base
                0x000000000806abec       0x1c build/xeq.o
                0x000000000806abec                get_base
 .text.DM42_Ticker
                0x000000000806ac08       0x18 build/xeq.o
                0x000000000806ac08                DM42_Ticker
 .text.op_ticks
                0x000000000806ac20       0x28 build/xeq.o
                0x000000000806ac20                op_ticks
 .text.op_voltage
                0x000000000806ac48       0x64 build/xeq.o
                0x000000000806ac48                op_voltage
 .text.free_mem
                0x000000000806acac       0x18 build/xeq.o
                0x000000000806acac                free_mem
 .text.free_flash
                0x000000000806acc4       0x14 build/xeq.o
                0x000000000806acc4                free_flash
 .text.get_mem  0x000000000806acd8       0xac build/xeq.o
                0x000000000806acd8                get_mem
 .text.cmdputkey
                0x000000000806ad84       0x3c build/xeq.o
                0x000000000806ad84                cmdputkey
 .text.cmdkeytype
                0x000000000806adc0       0x50 build/xeq.o
                0x000000000806adc0                cmdkeytype
 .text.op_query_xtal
                0x000000000806ae10       0x24 build/xeq.o
                0x000000000806ae10                op_query_xtal
 .text.op_query_print
                0x000000000806ae34       0x28 build/xeq.o
                0x000000000806ae34                op_query_print
 .text.cmdstostk
                0x000000000806ae5c       0x24 build/xeq.o
                0x000000000806ae5c                cmdstostk
 .text.cmdrclstk
                0x000000000806ae80       0x24 build/xeq.o
                0x000000000806ae80                cmdrclstk
 .text.find_opcode_from
                0x000000000806aea4       0x70 build/xeq.o
                0x000000000806aea4                find_opcode_from
 .text.find_label_from
                0x000000000806af14        0x8 build/xeq.o
                0x000000000806af14                find_label_from
 .text.op_rtn   0x000000000806af1c       0x28 build/xeq.o
                0x000000000806af1c                op_rtn
 .text.op_popusr
                0x000000000806af44       0x60 build/xeq.o
                0x000000000806af44                op_popusr
 .text.findmultilbl
                0x000000000806afa4       0x4c build/xeq.o
                0x000000000806afa4                findmultilbl
 .text.multiumenu
                0x000000000806aff0       0x18 build/xeq.o
                0x000000000806aff0                multiumenu
 .text.get_dispmode_digs
                0x000000000806b008       0x30 build/xeq.o
                0x000000000806b008                get_dispmode_digs
 .text.convC2F  0x000000000806b038       0x24 build/xeq.o
                0x000000000806b038                convC2F
 .text.convF2C  0x000000000806b05c       0x24 build/xeq.o
                0x000000000806b05c                convF2C
 .text.convDB2AR
                0x000000000806b080       0x20 build/xeq.o
                0x000000000806b080                convDB2AR
 .text.convAR2DB
                0x000000000806b0a0       0x20 build/xeq.o
                0x000000000806b0a0                convAR2DB
 .text.convDB2PR
                0x000000000806b0c0       0x1c build/xeq.o
                0x000000000806b0c0                convDB2PR
 .text.convPR2DB
                0x000000000806b0dc       0x1c build/xeq.o
                0x000000000806b0dc                convPR2DB
 .text.do_conv  0x000000000806b0f8       0x44 build/xeq.o
                0x000000000806b0f8                do_conv
 .text.cmdconv  0x000000000806b13c       0x40 build/xeq.o
                0x000000000806b13c                cmdconv
 .text.fin_tst  0x000000000806b17c       0x40 build/xeq.o
                0x000000000806b17c                fin_tst
 .text.check_mode
                0x000000000806b1bc       0x28 build/xeq.o
                0x000000000806b1bc                check_mode
 .text.check_dblmode
                0x000000000806b1e4       0x20 build/xeq.o
                0x000000000806b1e4                check_dblmode
 .text.isTop    0x000000000806b204       0x44 build/xeq.o
                0x000000000806b204                isTop
 .text.cmdlblp  0x000000000806b248       0x28 build/xeq.o
                0x000000000806b248                cmdlblp
 .text.cmdmultilblp
                0x000000000806b270       0x18 build/xeq.o
                0x000000000806b270                cmdmultilblp
 .text.cmdkeyp  0x000000000806b288       0x48 build/xeq.o
                0x000000000806b288                cmdkeyp
 .text.do_tst   0x000000000806b2d0      0x170 build/xeq.o
 .text.do_ztst  0x000000000806b440       0xd0 build/xeq.o
 .text.check_zero
                0x000000000806b510       0x70 build/xeq.o
                0x000000000806b510                check_zero
 .text.cmdtest  0x000000000806b580        0x8 build/xeq.o
                0x000000000806b580                cmdtest
 .text.cmdztest
                0x000000000806b588       0x2c build/xeq.o
                0x000000000806b588                cmdztest
 .text.cmdlincdec
                0x000000000806b5b4       0x10 build/xeq.o
                0x000000000806b5b4                cmdlincdec
 .text.cmdloopz
                0x000000000806b5c4       0x18 build/xeq.o
                0x000000000806b5c4                cmdloopz
 .text.cmdloop  0x000000000806b5dc      0x1f8 build/xeq.o
                0x000000000806b5dc                cmdloop
 .text.op_shift_digit
                0x000000000806b7d4       0x68 build/xeq.o
                0x000000000806b7d4                op_shift_digit
 .text.get_user_flag
                0x000000000806b83c       0x20 build/xeq.o
                0x000000000806b83c                get_user_flag
 .text.cmdflag  0x000000000806b85c       0xc0 build/xeq.o
                0x000000000806b85c                cmdflag
 .text.clrflags
                0x000000000806b91c       0x30 build/xeq.o
                0x000000000806b91c                clrflags
 .text.intws    0x000000000806b94c       0xec build/xeq.o
                0x000000000806b94c                intws
 .text.get_maxdenom
                0x000000000806ba38       0x20 build/xeq.o
                0x000000000806ba38                get_maxdenom
 .text.op_2frac
                0x000000000806ba58       0xa0 build/xeq.o
                0x000000000806ba58                op_2frac
 .text.op_fracdenom
                0x000000000806baf8       0x84 build/xeq.o
                0x000000000806baf8                op_fracdenom
 .text.op_float
                0x000000000806bb7c       0xd4 build/xeq.o
                0x000000000806bb7c                op_float
 .text.cmddisp  0x000000000806bc50       0xc4 build/xeq.o
                0x000000000806bc50                cmddisp
 .text.set_int_base
                0x000000000806bd14       0x50 build/xeq.o
                0x000000000806bd14                set_int_base
 .text.op_fract
                0x000000000806bd64       0x44 build/xeq.o
                0x000000000806bd64                op_fract
 .text.cmdsavem
                0x000000000806bda8       0x1c build/xeq.o
                0x000000000806bda8                cmdsavem
 .text.set_entry
                0x000000000806bdc4       0x2c build/xeq.o
                0x000000000806bdc4                set_entry
 .text.get_trig_mode
                0x000000000806bdf0       0x30 build/xeq.o
                0x000000000806bdf0                get_trig_mode
 .text.cmdpause
                0x000000000806be20       0x24 build/xeq.o
                0x000000000806be20                cmdpause
 .text.op_setspeed
                0x000000000806be44       0x20 build/xeq.o
                0x000000000806be44                op_setspeed
 .text.op_prompt
                0x000000000806be64       0x30 build/xeq.o
                0x000000000806be64                op_prompt
 .text.XisInt   0x000000000806be94       0x60 build/xeq.o
                0x000000000806be94                XisInt
 .text.XisEvenOrOdd
                0x000000000806bef4       0x64 build/xeq.o
                0x000000000806bef4                XisEvenOrOdd
 .text.XisPrime
                0x000000000806bf58       0x84 build/xeq.o
                0x000000000806bf58                XisPrime
 .text.isInfinite
                0x000000000806bfdc       0x30 build/xeq.o
                0x000000000806bfdc                isInfinite
 .text.isNan    0x000000000806c00c       0x40 build/xeq.o
                0x000000000806c00c                isNan
 .text.isSpecial
                0x000000000806c04c       0x40 build/xeq.o
                0x000000000806c04c                isSpecial
 .text.op_entryp
                0x000000000806c08c       0x14 build/xeq.o
                0x000000000806c08c                op_entryp
 .text.reg_decode
                0x000000000806c0a0      0x238 build/xeq.o
                0x000000000806c0a0                reg_decode
 .text.op_regcopy
                0x000000000806c2d8       0x4c build/xeq.o
                0x000000000806c2d8                op_regcopy
 .text.op_regswap
                0x000000000806c324       0x70 build/xeq.o
                0x000000000806c324                op_regswap
 .text.op_regclr
                0x000000000806c394       0x48 build/xeq.o
                0x000000000806c394                op_regclr
 .text.op_regsort
                0x000000000806c3dc      0x114 build/xeq.o
                0x000000000806c3dc                op_regsort
 .text.busy     0x000000000806c4f0       0x24 build/xeq.o
                0x000000000806c4f0                busy
 .text.intMonadic
                0x000000000806c514       0x98 build/xeq.o
                0x000000000806c514                intMonadic
 .text.intDyadic
                0x000000000806c5ac       0xd4 build/xeq.o
                0x000000000806c5ac                intDyadic
 .text.xeq_init_contexts
                0x000000000806c680       0x9c build/xeq.o
                0x000000000806c680                xeq_init_contexts
 .text.not_running
                0x000000000806c71c       0x24 build/xeq.o
                0x000000000806c71c                not_running
 .text.set_running_off
                0x000000000806c740       0x24 build/xeq.o
                0x000000000806c740                set_running_off
 .text.set_running_on
                0x000000000806c764       0x44 build/xeq.o
                0x000000000806c764                set_running_on
 .text.gsbgto   0x000000000806c7a8       0xa8 build/xeq.o
 .text.cmdgtocommon
                0x000000000806c850       0x34 build/xeq.o
                0x000000000806c850                cmdgtocommon
 .text.cmdgto   0x000000000806c884       0x44 build/xeq.o
                0x000000000806c884                cmdgto
 .text.branchtoalpha
                0x000000000806c8c8       0x28 build/xeq.o
 .text.cmdalphagto
                0x000000000806c8f0       0x2c build/xeq.o
                0x000000000806c8f0                cmdalphagto
 .text.op_gtoalpha
                0x000000000806c91c       0x34 build/xeq.o
                0x000000000806c91c                op_gtoalpha
 .text.cmdskip  0x000000000806c950       0x84 build/xeq.o
                0x000000000806c950                cmdskip
 .text.cmdback  0x000000000806c9d4       0x74 build/xeq.o
                0x000000000806c9d4                cmdback
 .text.usergsb_common
                0x000000000806ca48       0x8c build/xeq.o
 .text.do_usergsb
                0x000000000806cad4       0x18 build/xeq.o
                0x000000000806cad4                do_usergsb
 .text.cmdmultigto
                0x000000000806caec       0x50 build/xeq.o
                0x000000000806caec                cmdmultigto
 .text.store_a_to_d
                0x000000000806cb3c       0x24 build/xeq.o
                0x000000000806cb3c                store_a_to_d
 .text.cmdlocr  0x000000000806cb60      0x16c build/xeq.o
                0x000000000806cb60                cmdlocr
 .text.cmdxout  0x000000000806cccc      0x208 build/xeq.o
                0x000000000806cccc                cmdxout
 .text.cmdconverged
                0x000000000806ced4       0xf8 build/xeq.o
                0x000000000806ced4                cmdconverged
 .text.cmdshuffle
                0x000000000806cfcc       0x8c build/xeq.o
                0x000000000806cfcc                cmdshuffle
 .text.cmdmode  0x000000000806d058       0x54 build/xeq.o
                0x000000000806d058                cmdmode
 .text.cmdlpop  0x000000000806d0ac       0x3c build/xeq.o
                0x000000000806d0ac                cmdlpop
 .text.cmdregs  0x000000000806d0e8       0xb8 build/xeq.o
                0x000000000806d0e8                cmdregs
 .text.op_double
                0x000000000806d1a0      0x128 build/xeq.o
                0x000000000806d1a0                op_double
 .text.cmdrestm
                0x000000000806d2c8       0x9c build/xeq.o
                0x000000000806d2c8                cmdrestm
 .text.cmdxin   0x000000000806d364      0x1d0 build/xeq.o
                0x000000000806d364                cmdxin
 .text.xeq      0x000000000806d534      0xd9c build/xeq.o
                0x000000000806d534                xeq
 .text.xeq_single
                0x000000000806e2d0       0x24 build/xeq.o
 .text.xeq_xrom2
                0x000000000806e2f4       0x88 build/xeq.o
 .text.xeq_xrom
                0x000000000806e37c       0x14 build/xeq.o
                0x000000000806e37c                xeq_xrom
 .text.dispatch_xrom
                0x000000000806e390       0x74 build/xeq.o
 .text.op_rs    0x000000000806e404       0x8c build/xeq.o
                0x000000000806e404                op_rs
 .text.xeqprog  0x000000000806e490       0x74 build/xeq.o
                0x000000000806e490                xeqprog
 .text.xeq_sst_bst
                0x000000000806e504       0xac build/xeq.o
                0x000000000806e504                xeq_sst_bst
 .text.init_34s
                0x000000000806e5b0       0x3c build/xeq.o
                0x000000000806e5b0                init_34s
 .text.prt_multi
                0x000000000806e5ec       0x58 build/prt.o
 .text.prt_conv
                0x000000000806e644       0x64 build/prt.o
 .text.prt_specials.part.0
                0x000000000806e6a8      0x10c build/prt.o
 .text.prt_monadic
                0x000000000806e7b4       0x44 build/prt.o
 .text.prt_dyadic
                0x000000000806e7f8       0x44 build/prt.o
 .text.prt_triadic
                0x000000000806e83c       0x44 build/prt.o
 .text.num_arg_digits.part.0
                0x000000000806e880       0x34 build/prt.o
 .text.prt_rargs
                0x000000000806e8b4      0x194 build/prt.o
 .text.num_arg_digits
                0x000000000806ea48       0x20 build/prt.o
                0x000000000806ea48                num_arg_digits
 .text.prt      0x000000000806ea68       0xf4 build/prt.o
                0x000000000806ea68                prt
 .text.prt_umen
                0x000000000806eb5c      0x15c build/prt.o
                0x000000000806eb5c                prt_umen
 .text.catcmd   0x000000000806ecb8      0x120 build/prt.o
                0x000000000806ecb8                catcmd
 .text.decNumberDRG_internal
                0x000000000806edd8       0x9c build/decn.o
 .text.realULP  0x000000000806ee74       0x98 build/decn.o
 .text.dn_lt0   0x000000000806ef0c       0x28 build/decn.o
                0x000000000806ef0c                dn_lt0
 .text.dn_le0   0x000000000806ef34       0x28 build/decn.o
                0x000000000806ef34                dn_le0
 .text.dn_eq0   0x000000000806ef5c       0x1c build/decn.o
                0x000000000806ef5c                dn_eq0
 .text.dn_eq    0x000000000806ef78       0x50 build/decn.o
                0x000000000806ef78                dn_eq
 .text.dn_lt    0x000000000806efc8       0x44 build/decn.o
                0x000000000806efc8                dn_lt
 .text.dn_abs_lt
                0x000000000806f00c       0x20 build/decn.o
                0x000000000806f00c                dn_abs_lt
 .text.gcheckSmall
                0x000000000806f02c       0x20 build/decn.o
 .text.relative_error
                0x000000000806f04c       0x4c build/decn.o