Archive member included to satisfy reference by file (symbol)

build/libconsts.a(const_50.o)
                              build/decn.o (const_50)
build/libconsts.a(const_randfac.o)
                              build/stats.o (const_randfac)
build/libconsts.a(const_ln10.o)
                              build/decn.o (const_ln10)
build/libconsts.a(const_egamma.o)
                              build/decn.o (const_egamma)
build/libconsts.a(const_256.o)
                              build/decn.o (const_256)
build/libconsts.a(const_180.o)
                              build/decn.o (const_180)
build/libconsts.a(const_1e_32.o)
                              build/xeq.o (const_1e_32)
build/libconsts.a(const_gammaC03.o)
                              build/decn.o (const_gammaC03)
build/libconsts.a(const_60.o)
                              build/decn.o (const_60)
build/libconsts.a(const_10.o)
                              build/decn.o (const_10)
build/libconsts.a(const_360.o)
                              build/xeq.o (const_360)
build/libconsts.a(const_gammaC10.o)
                              build/decn.o (const_gammaC10)
build/libconsts.a(const_gammaC11.o)
                              build/decn.o (const_gammaC11)
build/libconsts.a(const__inf.o)
                              build/decn.o (const__inf)
build/libconsts.a(const_21.o)
                              build/decn.o (const_21)
build/libconsts.a(const_gammaC16.o)
                              build/decn.o (const_gammaC16)
build/libconsts.a(const_200.o)
                              build/decn.o (const_200)
build/libconsts.a(const_gammaC06.o)
                              build/decn.o (const_gammaC06)
build/libconsts.a(const_NaN.o)
                              build/xeq.o (const_NaN)
build/libconsts.a(const_gammaC15.o)
                              build/decn.o (const_gammaC15)
build/libconsts.a(const_1e_24.o)
                              build/xeq.o (const_1e_24)
build/libconsts.a(const_45.o)
                              build/decn.o (const_45)
build/libconsts.a(const_0_05.o)
                              build/xeq.o (const_0_05)
build/libconsts.a(const_3.o)  build/decn.o (const_3)
build/libconsts.a(const_hms_threshold.o)
                              build/display.o (const_hms_threshold)
build/libconsts.a(const_gammaC14.o)
                              build/decn.o (const_gammaC14)
build/libconsts.a(const_0_6.o)
                              build/decn.o (const_0_6)
build/libconsts.a(const_32.o)
                              build/xeq.o (const_32)
build/libconsts.a(const_0_75.o)
                              build/decn.o (const_0_75)
build/libconsts.a(const__1.o)
                              build/decn.o (const__1)
build/libconsts.a(const_gammaC00.o)
                              build/decn.o (const_gammaC00)
build/libconsts.a(const_ln2.o)
                              build/decn.o (const_ln2)
build/libconsts.a(const_gammaC18.o)
                              build/decn.o (const_gammaC18)
build/libconsts.a(const_2PI.o)
                              build/xeq.o (const_2PI)
build/libconsts.a(const_1e_14.o)
                              build/xeq.o (const_1e_14)
build/libconsts.a(const_0.o)  build/xeq.o (const_0)
build/libconsts.a(const_PIon180.o)
                              build/decn.o (const_PIon180)
build/libconsts.a(const_9000.o)
                              build/display.o (const_9000)
build/libconsts.a(const_0_9.o)
                              build/decn.o (const_0_9)
build/libconsts.a(const_gammaC08.o)
                              build/decn.o (const_gammaC08)
build/libconsts.a(const_gammaC21.o)
                              build/decn.o (const_gammaC21)
build/libconsts.a(const_1e_37.o)
                              build/decn.o (const_1e_37)
build/libconsts.a(const_gammaC05.o)
                              build/decn.o (const_gammaC05)
build/libconsts.a(const_2.o)  build/decn.o (const_2)
build/libconsts.a(const_gammaC13.o)
                              build/decn.o (const_gammaC13)
build/libconsts.a(const_100000.o)
                              build/display.o (const_100000)
build/libconsts.a(const_gammaR.o)
                              build/decn.o (const_gammaR)
build/libconsts.a(const_5.o)  build/decn.o (const_5)
build/libconsts.a(const_1.o)  build/xeq.o (const_1)
build/libconsts.a(const_gammaC19.o)
                              build/decn.o (const_gammaC19)
build/libconsts.a(const_inf.o)
                              build/decn.o (const_inf)
build/libconsts.a(const_0_995.o)
                              build/decn.o (const_0_995)
build/libconsts.a(const_0_0001.o)
                              build/display.o (const_0_0001)
build/libconsts.a(const_1on60.o)
                              build/decn.o (const_1on60)
build/libconsts.a(const_PIon200.o)
                              build/decn.o (const_PIon200)
build/libconsts.a(const_gammaC01.o)
                              build/decn.o (const_gammaC01)
build/libconsts.a(const_gammaC09.o)
[...]
Memory Configuration

Name             Origin             Length             Attributes
FLASH            0x0000000008050000 0x00000000000b0000 xr
RAM              0x0000000010000000 0x0000000000002000 xrw
QSPI             0x0000000090000000 0x0000000000200000 xr
*default*        0x0000000000000000 0xffffffffffffffff

Linker script and memory map

LOAD /usr/lib/gcc/arm-none-eabi/9.2.1/thumb/v7e-m+fp/hard/crti.o
LOAD /usr/lib/gcc/arm-none-eabi/9.2.1/thumb/v7e-m+fp/hard/crtbegin.o
LOAD /usr/lib/gcc/arm-none-eabi/9.2.1/../../../arm-none-eabi/lib/thumb/v7e-m+fp/hard/crt0.o
LOAD build/pgm_syscalls.o
LOAD build/keys.o
LOAD build/display.o
LOAD build/xeq.o
LOAD build/prt.o
LOAD build/decn.o
LOAD build/complex.o
LOAD build/stats.o
LOAD build/lcd.o
LOAD build/int.o
LOAD build/date.o
LOAD build/consts.o
LOAD build/alpha.o
LOAD build/charmap.o
LOAD build/commands.o
LOAD build/string.o
LOAD build/storage.o
LOAD build/matrix.o
LOAD build/font.o
LOAD build/xrom.o
LOAD build/console.o
LOAD build/stopwatch.o
LOAD build/printer.o
LOAD build/libconsts.a
LOAD build/libdecNumber.a
LOAD build/startup_pgm.o
START GROUP
LOAD /usr/lib/gcc/arm-none-eabi/9.2.1/thumb/v7e-m+fp/hard/libgcc.a
LOAD /usr/lib/gcc/arm-none-eabi/9.2.1/../../../arm-none-eabi/lib/thumb/v7e-m+fp/hard/libc.a
END GROUP
START GROUP
LOAD /usr/lib/gcc/arm-none-eabi/9.2.1/thumb/v7e-m+fp/hard/libgcc.a
LOAD /usr/lib/gcc/arm-none-eabi/9.2.1/../../../arm-none-eabi/lib/thumb/v7e-m+fp/hard/libc.a
LOAD /usr/lib/gcc/arm-none-eabi/9.2.1/../../../arm-none-eabi/lib/thumb/v7e-m+fp/hard/libnosys.a
END GROUP
LOAD /usr/lib/gcc/arm-none-eabi/9.2.1/thumb/v7e-m+fp/hard/crtend.o
LOAD /usr/lib/gcc/arm-none-eabi/9.2.1/thumb/v7e-m+fp/hard/crtn.o

.qspi           0x0000000090000000        0x0
                0x0000000090000000                . = ALIGN (0x8)
                0x0000000090000000                _qspi_start = .
 *(.qspi)
 *(.qspi*)
 *(.rodata.__bid_mod10_18_tbl)
 *(.rodata.__bid_convert_table)
 *(.rodata.bid_log_table_1)
 *(.rodata.bid_log_table_2)
 *(.rodata.bid_decimal128_moduli)
 *(.rodata.bid_exponents_bid64)
 *(.rodata.bid_exponents_binary128)
 *(.rodata.bid_breakpoints_binary128)
 *(.rodata.bid_breakpoints_bid64)
 *(.rodata.bid_multipliers1_binary128)
 *(.rodata.bid_multipliers2_bid64)
 *(.rodata.bid_multipliers1_bid64)
 *(.rodata.bid_multipliers2_binary128)
                0x0000000090000000                . = ALIGN (0x8)
                0x0000000090000000                _qspi_end = .

.rodata         0x0000000008050000     0xa8c0
 *(.rodata.prog_info)
 .rodata.prog_info
                0x0000000008050000       0x40 build/pgm_syscalls.o
                0x0000000008050000                prog_info
                0x0000000008050040                . = ALIGN (0x40)
 *(.rodata)
 .rodata        0x0000000008050040      0x1ba build/display.o
 *fill*         0x00000000080501fa        0x2 
 .rodata        0x00000000080501fc       0x29 build/xeq.o
 *fill*         0x0000000008050225        0x3 
 .rodata        0x0000000008050228       0x40 build/date.o
 .rodata        0x0000000008050268       0x39 build/console.o
 *fill*         0x00000000080502a1        0x3 
 .rodata        0x00000000080502a4       0xa0 build/printer.o
 .rodata        0x0000000008050344        0x4 /usr/lib/gcc/arm-none-eabi/9.2.1/../../../arm-none-eabi/lib/thumb/v7e-m+fp/hard/libc.a(lib_a-impure.o)
                0x0000000008050344                _global_impure_ptr
 .rodata        0x0000000008050348       0x20 /usr/lib/gcc/arm-none-eabi/9.2.1/../../../arm-none-eabi/lib/thumb/v7e-m+fp/hard/libc.a(lib_a-svfprintf.o)
 .rodata        0x0000000008050368      0x101 /usr/lib/gcc/arm-none-eabi/9.2.1/../../../arm-none-eabi/lib/thumb/v7e-m+fp/hard/libc.a(lib_a-ctype_.o)
                0x0000000008050368                _ctype_
 *fill*         0x0000000008050469        0x7 
 .rodata        0x0000000008050470      0x128 /usr/lib/gcc/arm-none-eabi/9.2.1/../../../arm-none-eabi/lib/thumb/v7e-m+fp/hard/libc.a(lib_a-mprec.o)
                0x0000000008050480                __mprec_tens
                0x0000000008050548                __mprec_tinytens
                0x0000000008050570                __mprec_bigtens
 .rodata        0x0000000008050598       0x20 /usr/lib/gcc/arm-none-eabi/9.2.1/../../../arm-none-eabi/lib/thumb/v7e-m+fp/hard/libc.a(lib_a-svfiprintf.o)
 .rodata        0x00000000080505b8       0x20 /usr/lib/gcc/arm-none-eabi/9.2.1/../../../arm-none-eabi/lib/thumb/v7e-m+fp/hard/libc.a(lib_a-vfiprintf.o)
 *(.rodata*)
 .rodata.process_keycode.str1.4
                0x00000000080505d8       0x14 build/keys.o
 .rodata.alpha_arrows
                0x00000000080505ec        0x9 build/keys.o
 *fill*         0x00000000080505f5        0x3 
 .rodata.alpha_catalogue
                0x00000000080505f8       0x12 build/keys.o
 *fill*         0x000000000805060a        0x2 
 .rodata.alpha_compares
                0x000000000805060c        0xa build/keys.o
 *fill*         0x0000000008050616        0x2 
 .rodata.alpha_letters
                0x0000000008050618       0x28 build/keys.o
 .rodata.alpha_letters_lower
                0x0000000008050640       0x28 build/keys.o
 .rodata.alpha_subscripts
                0x0000000008050668       0x1a build/keys.o
 *fill*         0x0000000008050682        0x2 
 .rodata.alpha_symbols
                0x0000000008050684       0x13 build/keys.o
 *fill*         0x0000000008050697        0x1 
 .rodata.alphamap.9438
                0x0000000008050698       0xe4 build/keys.o
 .rodata.amap.9429
                0x000000000805077c       0x20 build/keys.o
 .rodata.catalogue
                0x000000000805079c       0x87 build/keys.o
 *fill*         0x0000000008050823        0x1 
 .rodata.catalogue_sizes.9752
                0x0000000008050824       0x15 build/keys.o
 *fill*         0x0000000008050839        0x3 
 .rodata.catalogues.9760
                0x000000000805083c       0x54 build/keys.o
 .rodata.cmap.9428
                0x0000000008050890       0x30 build/keys.o
 .rodata.conv_catalogue
                0x00000000080508c0       0x58 build/keys.o
 .rodata.conv_mapping.9799
                0x0000000008050918       0x18 build/keys.o
 .rodata.cplx_catalogue
                0x0000000008050930       0x21 build/keys.o
 *fill*         0x0000000008050951        0x3 
 .rodata.disp.9610
                0x0000000008050954        0x4 build/keys.o
 .rodata.int_catalogue
                0x0000000008050958       0x4d build/keys.o
 *fill*         0x00000000080509a5        0x3 
 .rodata.linear_key_map.9394
                0x00000000080509a8       0x2f build/keys.o
 *fill*         0x00000000080509d7        0x1 
 .rodata.linear_key_map.9398
                0x00000000080509d8       0x2f build/keys.o
 *fill*         0x0000000008050a07        0x1 
 .rodata.map.9410
                0x0000000008050a08       0x2b build/keys.o
 *fill*         0x0000000008050a33        0x1 
 .rodata.matrix_catalogue
                0x0000000008050a34       0x18 build/keys.o
 .rodata.mode_catalogue
                0x0000000008050a4c       0x4f build/keys.o
 *fill*         0x0000000008050a9b        0x1 
 .rodata.op_map.9482
                0x0000000008050a9c       0x46 build/keys.o
 *fill*         0x0000000008050ae2        0x2 
 .rodata.op_map.9505
                0x0000000008050ae4       0x8c build/keys.o
 .rodata.op_map.9528
                0x0000000008050b70       0x46 build/keys.o
 *fill*         0x0000000008050bb6        0x2 
 .rodata.op_map.9583
                0x0000000008050bb8      0x118 build/keys.o
 .rodata.op_map.9595
                0x0000000008050cd0        0x6 build/keys.o
 *fill*         0x0000000008050cd6        0x2 
 .rodata.op_map.9609
                0x0000000008050cd8        0xc build/keys.o
 .rodata.op_map2.9506
                0x0000000008050ce4        0x8 build/keys.o
 .rodata.opcode_breaks
                0x0000000008050cec        0x7 build/keys.o
 *fill*         0x0000000008050cf3        0x1 
 .rodata.prob_catalogue
                0x0000000008050cf4       0x44 build/keys.o
 .rodata.prog_catalogue
                0x0000000008050d38       0x66 build/keys.o
 *fill*         0x0000000008050d9e        0x2 
 .rodata.program_xfcn
                0x0000000008050da0       0xa3 build/keys.o
 *fill*         0x0000000008050e43        0x1 
 .rodata.smap.9430
                0x0000000008050e44        0x4 build/keys.o
 .rodata.stats_catalogue
                0x0000000008050e48       0x16 build/keys.o
 *fill*         0x0000000008050e5e        0x2 
 .rodata.sums_catalogue
                0x0000000008050e60       0x12 build/keys.o
 *fill*         0x0000000008050e72        0x2 
 .rodata.test_catalogue
                0x0000000008050e74       0x2f build/keys.o
 *fill*         0x0000000008050ea3        0x1 
 .rodata.check_special_dn.isra.0.str1.4
                0x0000000008050ea4        0x4 build/display.o
 .rodata.carry_overflow.str1.4
                0x0000000008050ea8       0x10 build/display.o
 .rodata.annunciators.str1.4
                0x0000000008050eb8       0x74 build/display.o
 .rodata.display.str1.4
                0x0000000008050f2c       0xbd build/display.o
                                         0xc9 (size before relaxing)
 *fill*         0x0000000008050fe9        0x3 
 .rodata.str1.4
                0x0000000008050fec      0x10c build/display.o
 .rodata.CSWTCH.352
                0x00000000080510f8       0x10 build/display.o
 .rodata.CSWTCH.378
                0x0000000008051108        0xc build/display.o
 .rodata.DIGITS
                0x0000000008051114       0x11 build/display.o
                0x0000000008051114                DIGITS
 *fill*         0x0000000008051125        0x3 
 .rodata.S7_ERROR
                0x0000000008051128        0x6 build/display.o
 *fill*         0x000000000805112e        0x2 
 .rodata.S7_INF
                0x0000000008051130        0x9 build/display.o
 *fill*         0x0000000008051139        0x3 
 .rodata.S7_INF_Text
                0x000000000805113c       0x12 build/display.o
 *fill*         0x000000000805114e        0x2 
 .rodata.S7_NEG_INF_Text
                0x0000000008051150       0x12 build/display.o
 *fill*         0x0000000008051162        0x2 
 .rodata.S7_NaN
                0x0000000008051164        0xd build/display.o
 *fill*         0x0000000008051171        0x3 
 .rodata.S7_NaN_Text
                0x0000000008051174       0x18 build/display.o
 .rodata.S7_STEP
                0x000000000805118c        0x6 build/display.o
 *fill*         0x0000000008051192        0x2 
 .rodata.S7_STEP_ShortText
                0x0000000008051194        0x5 build/display.o
 *fill*         0x0000000008051199        0x3 
 .rodata.S7_fract_EQ
                0x000000000805119c        0x4 build/display.o
 .rodata.S7_fract_GT
                0x00000000080511a0        0x4 build/display.o
 .rodata.S7_fract_LT
                0x00000000080511a4        0x4 build/display.o
 .rodata.S_SURE
                0x00000000080511a8        0x6 build/display.o
 *fill*         0x00000000080511ae        0x2 
 .rodata.SvnRevision
                0x00000000080511b0        0x4 build/display.o
                0x00000000080511b0                SvnRevision
 .rodata.digtbl
                0x00000000080511b4       0x7a build/display.o
 *fill*         0x000000000805122e        0x2 
 .rodata.error_table.8674
                0x0000000008051230       0x6c build/display.o
 .rodata.error_table_text.8675
                0x000000000805129c       0x6c build/display.o
 .rodata.libname
                0x0000000008051308       0x14 build/display.o
 .rodata.libname_shorttext
                0x000000000805131c       0x14 build/display.o
 .rodata.libname_text
                0x0000000008051330       0x28 build/display.o
 .rodata.shift_chars.8780
                0x0000000008051358        0x4 build/display.o
 .rodata.small_dots.8978
                0x000000000805135c        0xd build/display.o
 *fill*         0x0000000008051369        0x3 
 .rodata.small_minus.8977
                0x000000000805136c        0x4 build/display.o
 .rodata.print_step.str1.4
                0x0000000008051370        0x5 build/xeq.o
 *fill*         0x0000000008051375        0x3 
 .rodata.fin_tst.str1.4
                0x0000000008051378        0xd build/xeq.o
 *fill*         0x0000000008051385        0x3 
 .rodata.op_2frac.str1.4
                0x0000000008051388       0x18 build/xeq.o
 .rodata.busy.str1.4
                0x00000000080513a0        0x8 build/xeq.o
 .rodata.xeq.str1.4
                0x00000000080513a8        0x8 build/xeq.o
 .rodata.StackRegMask
                0x00000000080513b0        0x4 build/xeq.o
 .rodata.convergence_tolerances
                0x00000000080513b4        0xc build/xeq.o
 .rodata.modes.11408
                0x00000000080513c0        0x7 build/xeq.o
 *fill*         0x00000000080513c7        0x1 
 .rodata.modes.11925
                0x00000000080513c8        0x4 build/xeq.o
 .rodata.xrom_targets
                0x00000000080513cc       0x34 build/xeq.o
                0x00000000080513cc                xrom_targets
 .rodata.prt_multi.str1.4
                0x0000000008051400        0x4 build/prt.o
 .rodata.prt_specials.part.0.str1.4
                0x0000000008051404       0x1b build/prt.o
                                         0x28 (size before relaxing)
 *fill*         0x000000000805141f        0x1 
 .rodata.prt_rargs.str1.4
                0x0000000008051420        0xc build/prt.o
                                         0x19 (size before relaxing)
 .rodata.prt_umen.str1.4
                0x000000000805142c        0xb build/prt.o
 *fill*         0x0000000008051437        0x1 
 .rodata.digits.8303
                0x0000000008051438       0x10 build/prt.o
 .rodata.degrees.9098
                0x0000000008051448       0x10 build/decn.o
 .rodata.gamma_consts
                0x0000000008051458       0x54 build/decn.o
                0x0000000008051458                gamma_consts
 .rodata.gradians.9099
                0x00000000080514ac       0x10 build/decn.o
 .rodata.get_sigmas.str1.4
                0x00000000080514bc       0x16 build/stats.o
 *fill*         0x00000000080514d2        0x2 
 .rodata.draw_RPN_RCL.str1.4
                0x00000000080514d4        0xc build/lcd.o
                                         0x10 (size before relaxing)
 .rodata.draw_LEQ.str1.4
                0x00000000080514e0        0x5 build/lcd.o
                                          0xa (size before relaxing)
 *fill*         0x00000000080514e5        0x3 
 .rodata.draw_PRT.str1.4
                0x00000000080514e8        0x4 build/lcd.o
 .rodata.show_disp.str1.4
                0x00000000080514ec       0x14 build/lcd.o
                                         0x1c (size before relaxing)
 .rodata.primes
                0x0000000008051500       0x10 build/int.o
 .rodata.date_alphaday.str1.4
                0x0000000008051510       0x16 build/date.o
 *fill*         0x0000000008051526        0x2 
 .rodata.date_alphatime.str1.4
                0x0000000008051528        0x8 build/date.o
                                          0x9 (size before relaxing)
 .rodata.mons.9117
                0x0000000008051530       0x24 build/date.o
 .rodata.str1.4
                0x0000000008051554      0x241 build/consts.o
                                        0x24d (size before relaxing)
 *fill*         0x0000000008051795        0x3 
 .rodata.cnsts  0x0000000008051798      0x4f8 build/consts.o
                0x0000000008051798                cnsts
 .rodata.cnsts_conv
                0x0000000008051c90      0x260 build/consts.o
                0x0000000008051c90                cnsts_conv
 .rodata.cnsts_d128
                0x0000000008051ef0      0x200 build/consts.o
                0x0000000008051ef0                cnsts_d128
 .rodata.cnsts_d64
                0x00000000080520f0      0x260 build/consts.o
                0x00000000080520f0                cnsts_d64
 .rodata.character_remapping_order
                0x0000000008052350      0x100 build/charmap.o
 .rodata.str1.4
                0x0000000008052450      0x6d8 build/commands.o
                                        0x718 (size before relaxing)
 .rodata.argcmds
                0x0000000008052b28      0x970 build/commands.o
                0x0000000008052b28                argcmds
 .rodata.dyfuncs
                0x0000000008053498      0x498 build/commands.o
                0x0000000008053498                dyfuncs
 .rodata.monfuncs
                0x0000000008053930      0xea0 build/commands.o
                0x0000000008053930                monfuncs
 .rodata.multicmds
                0x00000000080547d0       0xc0 build/commands.o
                0x00000000080547d0                multicmds
 .rodata.niladics
                0x0000000008054890      0xdb0 build/commands.o
                0x0000000008054890                niladics
 .rodata.trifuncs
                0x0000000008055640       0xf0 build/commands.o
                0x0000000008055640                trifuncs
 .rodata.program_flash.str1.4
                0x0000000008055730       0x33 build/storage.o
 *fill*         0x0000000008055763        0x1 
 .rodata.open_selected_file.str1.4
                0x0000000008055764       0x11 build/storage.o
 *fill*         0x0000000008055775        0x3 
 .rodata.init_mem.str1.4
                0x0000000008055778        0xe build/storage.o
 *fill*         0x0000000008055786        0x2 
 .rodata.reset.str1.4
                0x0000000008055788        0x7 build/storage.o
 *fill*         0x000000000805578f        0x1 
 .rodata.store_program_from_buffer.part.0.str1.4
                0x0000000008055790        0x9 build/storage.o
 *fill*         0x0000000008055799        0x3 
 .rodata.flash_backup.str1.4
                0x000000000805579c        0xe build/storage.o
 *fill*         0x00000000080557aa        0x2 
 .rodata.flash_restore.str1.4
                0x00000000080557ac        0x9 build/storage.o
 *fill*         0x00000000080557b5        0x3 
 .rodata.save_lib_file.str1.4
                0x00000000080557b8       0x31 build/storage.o
 *fill*         0x00000000080557e9        0x3 
 .rodata.load_lib_file.str1.4
                0x00000000080557ec       0x21 build/storage.o
 *fill*         0x000000000805580d        0x3 
 .rodata.save_ram_file.str1.4
                0x0000000008055810       0x3d build/storage.o
 *fill*         0x000000000805584d        0x3 
 .rodata.load_ram_file.str1.4
                0x0000000008055850       0x19 build/storage.o
 *fill*         0x0000000008055869        0x3 
 .rodata.load_backup_file.str1.4
                0x000000000805586c       0x21 build/storage.o
 *fill*         0x000000000805588d        0x3 
 .rodata.save_prog_file.str1.4
                0x0000000008055890       0x36 build/storage.o
 *fill*         0x00000000080558c6        0x2 
 .rodata.load_prog_file.str1.4
                0x00000000080558c8       0x29 build/storage.o
 *fill*         0x00000000080558f1        0x3 
 .rodata.bm_large.5521
                0x00000000080558f4      0x2fa build/font.o
 *fill*         0x0000000008055bee        0x2 
 .rodata.bm_small.5522
                0x0000000008055bf0      0x25e build/font.o
 *fill*         0x0000000008055e4e        0x2 
 .rodata.divs.5505
                0x0000000008055e50        0x3 build/font.o
 *fill*         0x0000000008055e53        0x1 
 .rodata.widths.5504
                0x0000000008055e54       0xab build/font.o
 *fill*         0x0000000008055eff        0x1 
 .rodata.xrom   0x0000000008055f00     0x1a1c build/xrom.o
                0x0000000008055f00                xrom
 .rodata.xrom_size
                0x000000000805791c        0x2 build/xrom.o
                0x000000000805791c                xrom_size
 *fill*         0x000000000805791e        0x2 
 .rodata.menu_line_str.str1.4
                0x0000000008057920        0x8 build/console.o
 .rodata.disp_about.str1.4
                0x0000000008057928       0xe6 build/console.o
 *fill*         0x0000000008057a0e        0x2 
 .rodata.do_multi.str1.4
                0x0000000008057a10       0x16 build/console.o
 *fill*         0x0000000008057a26        0x2 
 .rodata.str1.4
                0x0000000008057a28       0x10 build/console.o
 .rodata.MID_MENU
                0x0000000008057a38       0x10 build/console.o
                0x0000000008057a38                MID_MENU
 .rodata.Menus  0x0000000008057a48     0x1520 build/console.o
 .rodata.mapping_alpha.11151
                0x0000000008058f68      0x178 build/console.o
 .rodata.mapping_fshift.11149
                0x00000000080590e0      0x178 build/console.o
 .rodata.mapping_gshift.11150
                0x0000000008059258      0x178 build/console.o
 .rodata.mapping_none.11148
                0x00000000080593d0      0x178 build/console.o
 .rodata.mapping_running.11152
                0x0000000008059548      0x178 build/console.o
 .rodata.mid_menu
                0x00000000080596c0        0x4 build/console.o
                0x00000000080596c0                mid_menu
 .rodata.stopwatch_callback.str1.4
                0x00000000080596c4       0x16 build/stopwatch.o
 *fill*         0x00000000080596da        0x2 
 .rodata.CSWTCH.61
                0x00000000080596dc       0x40 build/stopwatch.o
 .rodata.print_reg.str1.4
                0x000000000805971c        0x3 build/printer.o
 *fill*         0x000000000805971f        0x1 
 .rodata.print_registers.str1.4
                0x0000000008059720        0x2 build/printer.o
                                         0x15 (size before relaxing)
 *fill*         0x0000000008059722        0x2 
 .rodata.cmdprintcmplxreg.str1.4
                0x0000000008059724        0x4 build/printer.o
 .rodata.print_trace.str1.4
                0x0000000008059728        0xc build/printer.o
                                         0x10 (size before relaxing)
 .rodata.ops.9084
                0x0000000008059734        0xe build/printer.o
 *fill*         0x0000000008059742        0x2 
 .rodata.const_50
                0x0000000008059744        0xc build/libconsts.a(const_50.o)
                0x0000000008059744                const_50
 .rodata.const_randfac
                0x0000000008059750       0x1c build/libconsts.a(const_randfac.o)
                0x0000000008059750                const_randfac
 .rodata.const_ln10
                0x000000000805976c       0x24 build/libconsts.a(const_ln10.o)
                0x000000000805976c                const_ln10
 .rodata.const_egamma
                0x0000000008059790       0x24 build/libconsts.a(const_egamma.o)
                0x0000000008059790                const_egamma
 .rodata.const_256
                0x00000000080597b4        0xc build/libconsts.a(const_256.o)
                0x00000000080597b4                const_256
 .rodata.const_180
                0x00000000080597c0        0xc build/libconsts.a(const_180.o)
                0x00000000080597c0                const_180
 .rodata.const_1e_32
                0x00000000080597cc        0xc build/libconsts.a(const_1e_32.o)
                0x00000000080597cc                const_1e_32
 .rodata.const_gammaC03
                0x00000000080597d8       0x24 build/libconsts.a(const_gammaC03.o)
                0x00000000080597d8                const_gammaC03
 .rodata.const_60
                0x00000000080597fc        0xc build/libconsts.a(const_60.o)
                0x00000000080597fc                const_60
 .rodata.const_10
                0x0000000008059808        0xc build/libconsts.a(const_10.o)
                0x0000000008059808                const_10
 .rodata.const_360
                0x0000000008059814        0xc build/libconsts.a(const_360.o)
                0x0000000008059814                const_360
 .rodata.const_gammaC10
                0x0000000008059820       0x24 build/libconsts.a(const_gammaC10.o)
                0x0000000008059820                const_gammaC10
 .rodata.const_gammaC11
                0x0000000008059844       0x24 build/libconsts.a(const_gammaC11.o)
                0x0000000008059844                const_gammaC11
 .rodata.const__inf
                0x0000000008059868        0xc build/libconsts.a(const__inf.o)
                0x0000000008059868                const__inf
 .rodata.const_21
                0x0000000008059874        0xc build/libconsts.a(const_21.o)
                0x0000000008059874                const_21
 .rodata.const_gammaC16
                0x0000000008059880       0x24 build/libconsts.a(const_gammaC16.o)
                0x0000000008059880                const_gammaC16
 .rodata.const_200
                0x00000000080598a4        0xc build/libconsts.a(const_200.o)
                0x00000000080598a4                const_200
 .rodata.const_gammaC06
                0x00000000080598b0       0x24 build/libconsts.a(const_gammaC06.o)
                0x00000000080598b0                const_gammaC06
 .rodata.const_NaN
                0x00000000080598d4        0xc build/libconsts.a(const_NaN.o)
                0x00000000080598d4                const_NaN
 .rodata.const_gammaC15
                0x00000000080598e0       0x24 build/libconsts.a(const_gammaC15.o)
                0x00000000080598e0                const_gammaC15
 .rodata.const_1e_24
                0x0000000008059904        0xc build/libconsts.a(const_1e_24.o)
                0x0000000008059904                const_1e_24
 .rodata.const_45
                0x0000000008059910        0xc build/libconsts.a(const_45.o)
                0x0000000008059910                const_45
 .rodata.const_0_05
                0x000000000805991c        0xc build/libconsts.a(const_0_05.o)
                0x000000000805991c                const_0_05
 .rodata.const_3
                0x0000000008059928        0xc build/libconsts.a(const_3.o)
                0x0000000008059928                const_3
 .rodata.const_hms_threshold
                0x0000000008059934       0x24 build/libconsts.a(const_hms_threshold.o)
                0x0000000008059934                const_hms_threshold
 .rodata.const_gammaC14
                0x0000000008059958       0x24 build/libconsts.a(const_gammaC14.o)
                0x0000000008059958                const_gammaC14
 .rodata.const_0_6
                0x000000000805997c        0xc build/libconsts.a(const_0_6.o)
                0x000000000805997c                const_0_6
 .rodata.const_32
                0x0000000008059988        0xc build/libconsts.a(const_32.o)
                0x0000000008059988                const_32
 .rodata.const_0_75
                0x0000000008059994        0xc build/libconsts.a(const_0_75.o)
                0x0000000008059994                const_0_75
 .rodata.const__1
                0x00000000080599a0        0xc build/libconsts.a(const__1.o)
                0x00000000080599a0                const__1
 .rodata.const_gammaC00
                0x00000000080599ac       0x24 build/libconsts.a(const_gammaC00.o)
                0x00000000080599ac                const_gammaC00
 .rodata.const_ln2
                0x00000000080599d0       0x24 build/libconsts.a(const_ln2.o)
                0x00000000080599d0                const_ln2
 .rodata.const_gammaC18
                0x00000000080599f4       0x24 build/libconsts.a(const_gammaC18.o)
                0x00000000080599f4                const_gammaC18
 .rodata.const_2PI
                0x0000000008059a18      0x138 build/libconsts.a(const_2PI.o)
                0x0000000008059a18                const_2PI
 .rodata.const_1e_14
                0x0000000008059b50        0xc build/libconsts.a(const_1e_14.o)
                0x0000000008059b50                const_1e_14
 .rodata.const_0
                0x0000000008059b5c        0xc build/libconsts.a(const_0.o)
                0x0000000008059b5c                const_0
 .rodata.const_PIon180
                0x0000000008059b68       0x24 build/libconsts.a(const_PIon180.o)
                0x0000000008059b68                const_PIon180
 .rodata.const_9000
                0x0000000008059b8c        0xc build/libconsts.a(const_9000.o)
                0x0000000008059b8c                const_9000
 .rodata.const_0_9
                0x0000000008059b98        0xc build/libconsts.a(const_0_9.o)
                0x0000000008059b98                const_0_9
 .rodata.const_gammaC08
                0x0000000008059ba4       0x24 build/libconsts.a(const_gammaC08.o)
                0x0000000008059ba4                const_gammaC08
 .rodata.const_gammaC21
                0x0000000008059bc8       0x24 build/libconsts.a(const_gammaC21.o)
                0x0000000008059bc8                const_gammaC21
 .rodata.const_1e_37
                0x0000000008059bec        0xc build/libconsts.a(const_1e_37.o)
                0x0000000008059bec                const_1e_37
 .rodata.const_gammaC05
                0x0000000008059bf8       0x24 build/libconsts.a(const_gammaC05.o)
                0x0000000008059bf8                const_gammaC05
 .rodata.const_2
                0x0000000008059c1c        0xc build/libconsts.a(const_2.o)
                0x0000000008059c1c                const_2
 .rodata.const_gammaC13
                0x0000000008059c28       0x24 build/libconsts.a(const_gammaC13.o)
                0x0000000008059c28                const_gammaC13
 .rodata.const_100000
                0x0000000008059c4c        0xc build/libconsts.a(const_100000.o)
                0x0000000008059c4c                const_100000
 .rodata.const_gammaR
                0x0000000008059c58       0x10 build/libconsts.a(const_gammaR.o)
                0x0000000008059c58                const_gammaR
 .rodata.const_5
                0x0000000008059c68        0xc build/libconsts.a(const_5.o)
                0x0000000008059c68                const_5
 .rodata.const_1
                0x0000000008059c74        0xc build/libconsts.a(const_1.o)
                0x0000000008059c74                const_1
 .rodata.const_gammaC19
                0x0000000008059c80       0x24 build/libconsts.a(const_gammaC19.o)
                0x0000000008059c80                const_gammaC19
 .rodata.const_inf
                0x0000000008059ca4        0xc build/libconsts.a(const_inf.o)
                0x0000000008059ca4                const_inf
 .rodata.const_0_995
                0x0000000008059cb0        0xc build/libconsts.a(const_0_995.o)
                0x0000000008059cb0                const_0_995
 .rodata.const_0_0001
                0x0000000008059cbc        0xc build/libconsts.a(const_0_0001.o)
                0x0000000008059cbc                const_0_0001
 .rodata.const_1on60
                0x0000000008059cc8       0x24 build/libconsts.a(const_1on60.o)
                0x0000000008059cc8                const_1on60
 .rodata.const_PIon200
                0x0000000008059cec       0x24 build/libconsts.a(const_PIon200.o)
                0x0000000008059cec                const_PIon200
 .rodata.const_gammaC01
                0x0000000008059d10       0x24 build/libconsts.a(const_gammaC01.o)
                0x0000000008059d10                const_gammaC01
 .rodata.const_gammaC09
                0x0000000008059d34       0x24 build/libconsts.a(const_gammaC09.o)
                0x0000000008059d34                const_gammaC09
 .rodata.const_0_5
                0x0000000008059d58        0xc build/libconsts.a(const_0_5.o)
                0x0000000008059d58                const_0_5
 .rodata.const_9on5
                0x0000000008059d64        0xc build/libconsts.a(const_9on5.o)
                0x0000000008059d64                const_9on5
 .rodata.const_20
                0x0000000008059d70        0xc build/libconsts.a(const_20.o)
                0x0000000008059d70                const_20
 .rodata.const_gammaC20
                0x0000000008059d7c       0x24 build/libconsts.a(const_gammaC20.o)
                0x0000000008059d7c                const_gammaC20
 .rodata.const_400
                0x0000000008059da0        0xc build/libconsts.a(const_400.o)
                0x0000000008059da0                const_400
 .rodata.const_gammaC07
                0x0000000008059dac       0x24 build/libconsts.a(const_gammaC07.o)
                0x0000000008059dac                const_gammaC07
 .rodata.const__0
                0x0000000008059dd0        0xc build/libconsts.a(const__0.o)
                0x0000000008059dd0                const__0
 .rodata.const_0_4
                0x0000000008059ddc        0xc build/libconsts.a(const_0_4.o)
                0x0000000008059ddc                const_0_4
 .rodata.const_1e_10000
                0x0000000008059de8        0xc build/libconsts.a(const_1e_10000.o)
                0x0000000008059de8                const_1e_10000
 .rodata.const_gammaC12
                0x0000000008059df4       0x24 build/libconsts.a(const_gammaC12.o)
                0x0000000008059df4                const_gammaC12
 .rodata.const_36000
                0x0000000008059e18        0xc build/libconsts.a(const_36000.o)
                0x0000000008059e18                const_36000
 .rodata.const_2pow64
                0x0000000008059e24       0x18 build/libconsts.a(const_2pow64.o)
                0x0000000008059e24                const_2pow64
 .rodata.const_PIon2
                0x0000000008059e3c       0x24 build/libconsts.a(const_PIon2.o)
                0x0000000008059e3c                const_PIon2
 .rodata.const_gammaC04
                0x0000000008059e60       0x24 build/libconsts.a(const_gammaC04.o)
                0x0000000008059e60                const_gammaC04
 .rodata.const_90
                0x0000000008059e84        0xc build/libconsts.a(const_90.o)
                0x0000000008059e84                const_90
 .rodata.const_gammaC17
                0x0000000008059e90       0x24 build/libconsts.a(const_gammaC17.o)
                0x0000000008059e90                const_gammaC17
 .rodata.const_gammaC02
                0x0000000008059eb4       0x24 build/libconsts.a(const_gammaC02.o)
                0x0000000008059eb4                const_gammaC02
 .rodata.const_PI
                0x0000000008059ed8       0x24 build/libconsts.a(const_PI.o)
                0x0000000008059ed8                const_PI
 .rodata.const_root2on2
                0x0000000008059efc       0x24 build/libconsts.a(const_root2on2.o)
                0x0000000008059efc                const_root2on2
 .rodata.const_100
                0x0000000008059f20        0xc build/libconsts.a(const_100.o)
                0x0000000008059f20                const_100
 .rodata.const_0_1
                0x0000000008059f2c        0xc build/libconsts.a(const_0_1.o)
                0x0000000008059f2c                const_0_1
 .rodata.decNumberToString.str1.4
                0x0000000008059f38        0x9 build/libdecNumber.a(decNumber.o)
                                         0x10 (size before relaxing)
 *fill*         0x0000000008059f41        0x3 
 .rodata.decNumberFromString.str1.4
                0x0000000008059f44       0x1c build/libdecNumber.a(decNumber.o)
                                         0x20 (size before relaxing)
 .rodata.multies
                0x0000000008059f60       0x14 build/libdecNumber.a(decNumber.o)
 .rodata.powers
                0x0000000008059f74       0x28 build/libdecNumber.a(decNumber.o)
                0x0000000008059f74                powers
 .rodata.resmap
                0x0000000008059f9c        0xa build/libdecNumber.a(decNumber.o)
 *fill*         0x0000000008059fa6        0x2 
 .rodata.uarrone
                0x0000000008059fa8        0x2 build/libdecNumber.a(decNumber.o)
 *fill*         0x0000000008059faa        0x2 
 .rodata.COMBEXP
                0x0000000008059fac       0x80 build/libdecNumber.a(decimal64.o)
                0x0000000008059fac                COMBEXP
 .rodata.COMBMSD
                0x000000000805a02c       0x80 build/libdecNumber.a(decimal64.o)
                0x000000000805a02c                COMBMSD
 .rodata.multies
                0x000000000805a0ac       0x14 build/libdecNumber.a(decimal64.o)
 .rodata.str1.4
                0x000000000805a0c0        0x6 /usr/lib/gcc/arm-none-eabi/9.2.1/../../../arm-none-eabi/lib/thumb/v7e-m+fp/hard/libc.a(lib_a-perror.o)
 *fill*         0x000000000805a0c6        0x2 
 .rodata.str1.4
                0x000000000805a0c8      0x700 /usr/lib/gcc/arm-none-eabi/9.2.1/../../../arm-none-eabi/lib/thumb/v7e-m+fp/hard/libc.a(lib_a-strerror.o)
                                        0x701 (size before relaxing)
 .rodata.str1.4
                0x000000000805a7c8       0x33 /usr/lib/gcc/arm-none-eabi/9.2.1/../../../arm-none-eabi/lib/thumb/v7e-m+fp/hard/libc.a(lib_a-svfprintf.o)
                                         0x42 (size before relaxing)
 *fill*         0x000000000805a7fb        0x1 
 .rodata.str1.4
                0x000000000805a7fc       0x46 /usr/lib/gcc/arm-none-eabi/9.2.1/../../../arm-none-eabi/lib/thumb/v7e-m+fp/hard/libc.a(lib_a-dtoa.o)
                                         0x5a (size before relaxing)
 *fill*         0x000000000805a842        0x2 
 .rodata.str1.4
                0x000000000805a844       0x33 /usr/lib/gcc/arm-none-eabi/9.2.1/../../../arm-none-eabi/lib/thumb/v7e-m+fp/hard/libc.a(lib_a-mprec.o)
                                         0x47 (size before relaxing)
 .rodata.str1.4
                0x000000000805a877       0x2f /usr/lib/gcc/arm-none-eabi/9.2.1/../../../arm-none-eabi/lib/thumb/v7e-m+fp/hard/libc.a(lib_a-svfiprintf.o)
 *fill*         0x000000000805a877        0x1 
 .rodata.str1.4
                0x000000000805a878       0x3f /usr/lib/gcc/arm-none-eabi/9.2.1/../../../arm-none-eabi/lib/thumb/v7e-m+fp/hard/libc.a(lib_a-assert.o)
                                         0x43 (size before relaxing)
 *fill*         0x000000000805a8b7        0x1 
 .rodata.str1.4
                0x000000000805a8b8        0x6 /usr/lib/gcc/arm-none-eabi/9.2.1/../../../arm-none-eabi/lib/thumb/v7e-m+fp/hard/libc.a(lib_a-locale.o)
                                         0x12 (size before relaxing)
 .rodata.str1.4
                0x000000000805a8be       0x2f /usr/lib/gcc/arm-none-eabi/9.2.1/../../../arm-none-eabi/lib/thumb/v7e-m+fp/hard/libc.a(lib_a-vfiprintf.o)
                0x000000000805a8f0                . = ALIGN (0x8)
 *fill*         0x000000000805a8be        0x2 
                0x0000000090000000                _qspi_init_base = LOADADDR (.qspi)
                0x0000000000000000                _qspi_init_length = SIZEOF (.qspi)

.text           0x000000000805a8c0    0x261d8
                0x000000000805a8c0                . = ALIGN (0x8)
 *(.text)
 .text          0x000000000805a8c0       0x88 /usr/lib/gcc/arm-none-eabi/9.2.1/thumb/v7e-m+fp/hard/crtbegin.o
 .text          0x000000000805a948       0x30 /usr/lib/gcc/arm-none-eabi/9.2.1/thumb/v7e-m+fp/hard/libgcc.a(_aeabi_uldivmod.o)
                0x000000000805a948                __aeabi_uldivmod
 .text          0x000000000805a978      0x2c4 /usr/lib/gcc/arm-none-eabi/9.2.1/thumb/v7e-m+fp/hard/libgcc.a(_udivmoddi4.o)
                0x000000000805a978                __udivmoddi4
 .text          0x000000000805ac3c        0x4 /usr/lib/gcc/arm-none-eabi/9.2.1/thumb/v7e-m+fp/hard/libgcc.a(_dvmd_tls.o)
                0x000000000805ac3c                __aeabi_ldiv0
                0x000000000805ac3c                __aeabi_idiv0
 .text          0x000000000805ac40        0xc /usr/lib/gcc/arm-none-eabi/9.2.1/../../../arm-none-eabi/lib/thumb/v7e-m+fp/hard/libc.a(lib_a-atexit.o)
                0x000000000805ac40                atexit
 .text          0x000000000805ac4c        0xc /usr/lib/gcc/arm-none-eabi/9.2.1/../../../arm-none-eabi/lib/thumb/v7e-m+fp/hard/libc.a(lib_a-errno.o)
                0x000000000805ac4c                __errno
 .text          0x000000000805ac58       0x34 /usr/lib/gcc/arm-none-eabi/9.2.1/../../../arm-none-eabi/lib/thumb/v7e-m+fp/hard/libc.a(lib_a-fini.o)
                0x000000000805ac58                __libc_fini_array
 .text          0x000000000805ac8c       0x48 /usr/lib/gcc/arm-none-eabi/9.2.1/../../../arm-none-eabi/lib/thumb/v7e-m+fp/hard/libc.a(lib_a-init.o)
                0x000000000805ac8c                __libc_init_array
 .text          0x000000000805acd4      0x134 /usr/lib/gcc/arm-none-eabi/9.2.1/../../../arm-none-eabi/lib/thumb/v7e-m+fp/hard/libc.a(lib_a-memcpy.o)
                0x000000000805acd4                memcpy
 .text          0x000000000805ae08       0xa0 /usr/lib/gcc/arm-none-eabi/9.2.1/../../../arm-none-eabi/lib/thumb/v7e-m+fp/hard/libc.a(lib_a-memset.o)
                0x000000000805ae08                memset
 .text          0x000000000805aea8      0x100 /usr/lib/gcc/arm-none-eabi/9.2.1/../../../arm-none-eabi/lib/thumb/v7e-m+fp/hard/libc.a(lib_a-perror.o)
                0x000000000805aea8                _perror_r
                0x000000000805af98                perror
 .text          0x000000000805afa8       0x80 /usr/lib/gcc/arm-none-eabi/9.2.1/../../../arm-none-eabi/lib/thumb/v7e-m+fp/hard/libc.a(lib_a-sprintf.o)
                0x000000000805afa8                _sprintf_r
                0x000000000805afe4                sprintf
 .text          0x000000000805b028      0x3fc /usr/lib/gcc/arm-none-eabi/9.2.1/../../../arm-none-eabi/lib/thumb/v7e-m+fp/hard/libc.a(lib_a-strerror.o)
                0x000000000805b028                _strerror_r
                0x000000000805b3f4                strerror
                0x000000000805b40c                strerror_l
 *fill*         0x000000000805b424       0x1c 
 .text          0x000000000805b440       0xdc /usr/lib/gcc/arm-none-eabi/9.2.1/../../../arm-none-eabi/lib/thumb/v7e-m+fp/hard/libc.a(lib_a-strlen.o)
                0x000000000805b440                strlen
 .text          0x000000000805b51c       0x74 /usr/lib/gcc/arm-none-eabi/9.2.1/../../../arm-none-eabi/lib/thumb/v7e-m+fp/hard/libc.a(lib_a-strncpy.o)
                0x000000000805b51c                strncpy
 .text          0x000000000805b590     0x1498 /usr/lib/gcc/arm-none-eabi/9.2.1/../../../arm-none-eabi/lib/thumb/v7e-m+fp/hard/libc.a(lib_a-svfprintf.o)
                0x000000000805b590                _svfprintf_r
 .text          0x000000000805ca28        0x4 /usr/lib/gcc/arm-none-eabi/9.2.1/../../../arm-none-eabi/lib/thumb/v7e-m+fp/hard/libc.a(lib_a-u_strerr.o)
                0x000000000805ca28                _user_strerror
 .text          0x000000000805ca2c       0x2c /usr/lib/gcc/arm-none-eabi/9.2.1/../../../arm-none-eabi/lib/thumb/v7e-m+fp/hard/libc.a(lib_a-writer.o)
                0x000000000805ca2c                _write_r
 .text          0x000000000805ca58       0x68 /usr/lib/gcc/arm-none-eabi/9.2.1/../../../arm-none-eabi/lib/thumb/v7e-m+fp/hard/libc.a(lib_a-__atexit.o)
                0x000000000805ca58                __register_exitproc
 .text          0x000000000805cac0      0xfc0 /usr/lib/gcc/arm-none-eabi/9.2.1/../../../arm-none-eabi/lib/thumb/v7e-m+fp/hard/libc.a(lib_a-dtoa.o)
                0x000000000805cbe4                _dtoa_r
 .text          0x000000000805da80      0x1a4 /usr/lib/gcc/arm-none-eabi/9.2.1/../../../arm-none-eabi/lib/thumb/v7e-m+fp/hard/libc.a(lib_a-fflush.o)
                0x000000000805da80                __sflush_r
                0x000000000805dbcc                _fflush_r
                0x000000000805dc00                fflush
 .text          0x000000000805dc24       0x34 /usr/lib/gcc/arm-none-eabi/9.2.1/../../../arm-none-eabi/lib/thumb/v7e-m+fp/hard/libc.a(lib_a-fileno.o)
                0x000000000805dc24                fileno
 .text          0x000000000805dc58      0x1f4 /usr/lib/gcc/arm-none-eabi/9.2.1/../../../arm-none-eabi/lib/thumb/v7e-m+fp/hard/libc.a(lib_a-findfp.o)
                0x000000000805dc5c                _cleanup_r
                0x000000000805dd40                __sfmoreglue
                0x000000000805dd70                __sfp
                0x000000000805ddf8                _cleanup
                0x000000000805de0c                __sinit
                0x000000000805de14                __sfp_lock_acquire
                0x000000000805de18                __sfp_lock_release
                0x000000000805de1c                __sinit_lock_acquire
                0x000000000805de20                __sinit_lock_release
                0x000000000805de24                __fp_lock_all
                0x000000000805de38                __fp_unlock_all
 .text          0x000000000805de4c       0xa0 /usr/lib/gcc/arm-none-eabi/9.2.1/../../../arm-none-eabi/lib/thumb/v7e-m+fp/hard/libc.a(lib_a-fwalk.o)
                0x000000000805de4c                _fwalk
                0x000000000805de98                _fwalk_reent
 .text          0x000000000805deec       0x14 /usr/lib/gcc/arm-none-eabi/9.2.1/../../../arm-none-eabi/lib/thumb/v7e-m+fp/hard/libc.a(lib_a-localeconv.o)
                0x000000000805deec                __localeconv_l
                0x000000000805def0                _localeconv_r
                0x000000000805def8                localeconv
 .text          0x000000000805df00       0xa0 /usr/lib/gcc/arm-none-eabi/9.2.1/../../../arm-none-eabi/lib/thumb/v7e-m+fp/hard/libc.a(lib_a-memchr.o)
                0x000000000805df00                memchr
 .text          0x000000000805dfa0      0x9a8 /usr/lib/gcc/arm-none-eabi/9.2.1/../../../arm-none-eabi/lib/thumb/v7e-m+fp/hard/libc.a(lib_a-mprec.o)
                0x000000000805dfa0                _Balloc
                0x000000000805dfec                _Bfree
                0x000000000805e000                __multadd
                0x000000000805e0a4                __s2b
                0x000000000805e150                __hi0bits
                0x000000000805e190                __lo0bits
                0x000000000805e1f0                __i2b
                0x000000000805e21c                __multiply
                0x000000000805e368                __pow5mult
                0x000000000805e400                __lshift
                0x000000000805e4cc                __mcmp
                0x000000000805e504                __mdiff
                0x000000000805e62c                __ulp
                0x000000000805e67c                __b2d
                0x000000000805e734                __d2b
                0x000000000805e808                __ratio
                0x000000000805e868                _mprec_log10
                0x000000000805e8a8                __copybits
                0x000000000805e8f0                __any_on
 .text          0x000000000805e948       0x90 /usr/lib/gcc/arm-none-eabi/9.2.1/../../../arm-none-eabi/lib/thumb/v7e-m+fp/hard/libc.a(lib_a-stdio.o)
                0x000000000805e948                __sread
                0x000000000805e96c                __seofread
                0x000000000805e970                __swrite
                0x000000000805e9b0                __sseek
                0x000000000805e9d0                __sclose
 .text          0x000000000805e9d8      0xb64 /usr/lib/gcc/arm-none-eabi/9.2.1/../../../arm-none-eabi/lib/thumb/v7e-m+fp/hard/libc.a(lib_a-svfiprintf.o)
                0x000000000805e9d8                __ssprint_r
                0x000000000805ead0                _svfiprintf_r
 .text          0x000000000805f53c       0x48 /usr/lib/gcc/arm-none-eabi/9.2.1/../../../arm-none-eabi/lib/thumb/v7e-m+fp/hard/libc.a(lib_a-assert.o)
                0x000000000805f53c                __assert_func
                0x000000000805f578                __assert
 .text          0x000000000805f584       0x24 /usr/lib/gcc/arm-none-eabi/9.2.1/../../../arm-none-eabi/lib/thumb/v7e-m+fp/hard/libc.a(lib_a-closer.o)
                0x000000000805f584                _close_r
 .text          0x000000000805f5a8       0x98 /usr/lib/gcc/arm-none-eabi/9.2.1/../../../arm-none-eabi/lib/thumb/v7e-m+fp/hard/libc.a(lib_a-fclose.o)
                0x000000000805f5a8                _fclose_r
                0x000000000805f630                fclose
 .text          0x000000000805f640       0x44 /usr/lib/gcc/arm-none-eabi/9.2.1/../../../arm-none-eabi/lib/thumb/v7e-m+fp/hard/libc.a(lib_a-fiprintf.o)
                0x000000000805f640                _fiprintf_r
                0x000000000805f65c                fiprintf
 .text          0x000000000805f684       0x5c /usr/lib/gcc/arm-none-eabi/9.2.1/../../../arm-none-eabi/lib/thumb/v7e-m+fp/hard/libc.a(lib_a-locale.o)
                0x000000000805f684                _setlocale_r
                0x000000000805f6c4                __locale_mb_cur_max
                0x000000000805f6d0                setlocale
 .text          0x000000000805f6e0       0x2c /usr/lib/gcc/arm-none-eabi/9.2.1/../../../arm-none-eabi/lib/thumb/v7e-m+fp/hard/libc.a(lib_a-lseekr.o)
                0x000000000805f6e0                _lseek_r
 .text          0x000000000805f70c       0x40 /usr/lib/gcc/arm-none-eabi/9.2.1/../../../arm-none-eabi/lib/thumb/v7e-m+fp/hard/libc.a(lib_a-mbtowc_r.o)
                0x000000000805f70c                _mbtowc_r
                0x000000000805f720                __ascii_mbtowc
 .text          0x000000000805f74c       0xd0 /usr/lib/gcc/arm-none-eabi/9.2.1/../../../arm-none-eabi/lib/thumb/v7e-m+fp/hard/libc.a(lib_a-memmove.o)
                0x000000000805f74c                memmove
 .text          0x000000000805f81c       0x2c /usr/lib/gcc/arm-none-eabi/9.2.1/../../../arm-none-eabi/lib/thumb/v7e-m+fp/hard/libc.a(lib_a-readr.o)
                0x000000000805f81c                _read_r
 *fill*         0x000000000805f848       0x18 
 .text          0x000000000805f860      0x2dc /usr/lib/gcc/arm-none-eabi/9.2.1/../../../arm-none-eabi/lib/thumb/v7e-m+fp/hard/libc.a(lib_a-strcmp.o)
                0x000000000805f868                strcmp
 .text          0x000000000805fb3c      0xd00 /usr/lib/gcc/arm-none-eabi/9.2.1/../../../arm-none-eabi/lib/thumb/v7e-m+fp/hard/libc.a(lib_a-vfiprintf.o)
                0x000000000805fbb4                __sprint_r
                0x000000000805fbc8                _vfiprintf_r
                0x00000000080607b8                vfiprintf
 .text          0x000000000806083c       0x30 /usr/lib/gcc/arm-none-eabi/9.2.1/../../../arm-none-eabi/lib/thumb/v7e-m+fp/hard/libc.a(lib_a-wctomb_r.o)
                0x000000000806083c                _wctomb_r
                0x0000000008060850                __ascii_wctomb
 .text          0x000000000806086c       0xd0 /usr/lib/gcc/arm-none-eabi/9.2.1/../../../arm-none-eabi/lib/thumb/v7e-m+fp/hard/libc.a(lib_a-wsetup.o)
                0x000000000806086c                __swsetup_r
 .text          0x000000000806093c       0x10 /usr/lib/gcc/arm-none-eabi/9.2.1/../../../arm-none-eabi/lib/thumb/v7e-m+fp/hard/libc.a(lib_a-abort.o)
                0x000000000806093c                abort
 .text          0x000000000806094c      0x110 /usr/lib/gcc/arm-none-eabi/9.2.1/../../../arm-none-eabi/lib/thumb/v7e-m+fp/hard/libc.a(lib_a-fputwc.o)
                0x000000000806094c                __fputwc
                0x00000000080609f4                _fputwc_r
                0x0000000008060a1c                fputwc
 .text          0x0000000008060a5c      0x308 /usr/lib/gcc/arm-none-eabi/9.2.1/../../../arm-none-eabi/lib/thumb/v7e-m+fp/hard/libc.a(lib_a-fvwrite.o)
                0x0000000008060a5c                __sfvwrite_r
 .text          0x0000000008060d64       0xf0 /usr/lib/gcc/arm-none-eabi/9.2.1/../../../arm-none-eabi/lib/thumb/v7e-m+fp/hard/libc.a(lib_a-makebuf.o)
                0x0000000008060d64                __swhatbuf_r
                0x0000000008060dc0                __smakebuf_r
 .text          0x0000000008060e54      0x15c /usr/lib/gcc/arm-none-eabi/9.2.1/../../../arm-none-eabi/lib/thumb/v7e-m+fp/hard/libc.a(lib_a-signal.o)
                0x0000000008060e7c                _init_signal_r
                0x0000000008060e88                _signal_r
                0x0000000008060ec0                _raise_r
                0x0000000008060f18                __sigtramp_r
                0x0000000008060f6c                raise
                0x0000000008060f7c                signal
                0x0000000008060f8c                _init_signal
                0x0000000008060fa0                __sigtramp
 .text          0x0000000008060fb0       0x2c /usr/lib/gcc/arm-none-eabi/9.2.1/../../../arm-none-eabi/lib/thumb/v7e-m+fp/hard/libc.a(lib_a-signalr.o)
                0x0000000008060fb0                _kill_r
                0x0000000008060fd8                _getpid_r
 .text          0x0000000008060fdc       0xc0 /usr/lib/gcc/arm-none-eabi/9.2.1/../../../arm-none-eabi/lib/thumb/v7e-m+fp/hard/libc.a(lib_a-wbuf.o)
                0x0000000008060fdc                __swbuf_r
                0x000000000806108c                __swbuf
 .text          0x000000000806109c       0x7c /usr/lib/gcc/arm-none-eabi/9.2.1/../../../arm-none-eabi/lib/thumb/v7e-m+fp/hard/libc.a(lib_a-wcrtomb.o)
                0x000000000806109c                _wcrtomb_r
                0x00000000080610d0                wcrtomb
 .text          0x0000000008061118       0x28 /usr/lib/gcc/arm-none-eabi/9.2.1/../../../arm-none-eabi/lib/thumb/v7e-m+fp/hard/libc.a(lib_a-fstatr.o)
                0x0000000008061118                _fstat_r
 .text          0x0000000008061140       0x24 /usr/lib/gcc/arm-none-eabi/9.2.1/../../../arm-none-eabi/lib/thumb/v7e-m+fp/hard/libc.a(lib_a-isattyr.o)
                0x0000000008061140                _isatty_r
 .text          0x0000000008061164      0x378 /usr/lib/gcc/arm-none-eabi/9.2.1/thumb/v7e-m+fp/hard/libgcc.a(_arm_addsubdf3.o)
                0x0000000008061164                __aeabi_drsub
                0x000000000806116c                __aeabi_dsub
                0x000000000806116c                __subdf3
                0x0000000008061170                __adddf3
                0x0000000008061170                __aeabi_dadd
                0x00000000080613e8                __aeabi_ui2d
                0x00000000080613e8                __floatunsidf
                0x0000000008061408                __floatsidf
                0x0000000008061408                __aeabi_i2d
                0x000000000806142c                __extendsfdf2
                0x000000000806142c                __aeabi_f2d
                0x0000000008061470                __aeabi_ul2d
                0x0000000008061470                __floatundidf
                0x0000000008061480                __floatdidf
                0x0000000008061480                __aeabi_l2d
 .text          0x00000000080614dc      0x424 /usr/lib/gcc/arm-none-eabi/9.2.1/thumb/v7e-m+fp/hard/libgcc.a(_arm_muldivdf3.o)
                0x00000000080614dc                __aeabi_dmul
                0x00000000080614dc                __muldf3
                0x0000000008061730                __aeabi_ddiv
                0x0000000008061730                __divdf3
 .text          0x0000000008061900      0x110 /usr/lib/gcc/arm-none-eabi/9.2.1/thumb/v7e-m+fp/hard/libgcc.a(_arm_cmpdf2.o)
                0x0000000008061900                __gtdf2
                0x0000000008061900                __gedf2
                0x0000000008061908                __ltdf2
                0x0000000008061908                __ledf2
                0x0000000008061910                __cmpdf2
                0x0000000008061910                __eqdf2
                0x0000000008061910                __nedf2
                0x000000000806198c                __aeabi_cdrcmple
                0x000000000806199c                __aeabi_cdcmple
                0x000000000806199c                __aeabi_cdcmpeq
                0x00000000080619ac                __aeabi_dcmpeq
                0x00000000080619c0                __aeabi_dcmplt
                0x00000000080619d4                __aeabi_dcmple
                0x00000000080619e8                __aeabi_dcmpge
                0x00000000080619fc                __aeabi_dcmpgt
 .text          0x0000000008061a10       0x2c /usr/lib/gcc/arm-none-eabi/9.2.1/thumb/v7e-m+fp/hard/libgcc.a(_arm_unorddf2.o)
                0x0000000008061a10                __aeabi_dcmpun
                0x0000000008061a10                __unorddf2
 .text          0x0000000008061a3c       0x50 /usr/lib/gcc/arm-none-eabi/9.2.1/thumb/v7e-m+fp/hard/libgcc.a(_arm_fixdfsi.o)
                0x0000000008061a3c                __fixdfsi
                0x0000000008061a3c                __aeabi_d2iz
 .text          0x0000000008061a8c        0x4 /usr/lib/gcc/arm-none-eabi/9.2.1/../../../arm-none-eabi/lib/thumb/v7e-m+fp/hard/libnosys.a(_exit.o)
                0x0000000008061a8c                _exit
 *(.text*)
 .text._read    0x0000000008061a90        0x4 build/pgm_syscalls.o
                0x0000000008061a90                _read
 .text._write   0x0000000008061a94        0x8 build/pgm_syscalls.o
                0x0000000008061a94                _write
 .text._close   0x0000000008061a9c        0x8 build/pgm_syscalls.o
                0x0000000008061a9c                _close
 .text._fstat   0x0000000008061aa4        0xc build/pgm_syscalls.o
                0x0000000008061aa4                _fstat
 .text._isatty  0x0000000008061ab0        0x4 build/pgm_syscalls.o
                0x0000000008061ab0                _isatty
 .text._lseek   0x0000000008061ab4        0x4 build/pgm_syscalls.o
                0x0000000008061ab4                _lseek
 .text._kill    0x0000000008061ab8       0x10 build/pgm_syscalls.o
                0x0000000008061ab8                _kill
 .text._getpid  0x0000000008061ac8        0x4 build/pgm_syscalls.o
                0x0000000008061ac8                _getpid
 .text.free     0x0000000008061acc        0x8 build/pgm_syscalls.o
                0x0000000008061acc                free
 .text.calloc   0x0000000008061ad4        0x8 build/pgm_syscalls.o
                0x0000000008061ad4                calloc
 .text.__wrap__malloc_r
                0x0000000008061adc        0xc build/pgm_syscalls.o
                0x0000000008061adc                __wrap__malloc_r
 .text._calloc_r
                0x0000000008061ae8        0xc build/pgm_syscalls.o
                0x0000000008061ae8                _calloc_r
 .text._realloc_r
                0x0000000008061af4        0xc build/pgm_syscalls.o
                0x0000000008061af4                _realloc_r
 .text._free_r  0x0000000008061b00        0xc build/pgm_syscalls.o
                0x0000000008061b00                _free_r
 .text.post_main
                0x0000000008061b0c       0x1c build/pgm_syscalls.o
                0x0000000008061b0c                post_main
 .text.gtodot_digit
                0x0000000008061b28       0x60 build/keys.o
 .text.check_f_key
                0x0000000008061b88       0x40 build/keys.o
 .text.is_label_or_end_at
                0x0000000008061bc8       0x30 build/keys.o
 .text.advance_to_next_label
                0x0000000008061bf8       0x4c build/keys.o
 .text.init_cat
                0x0000000008061c44       0xec build/keys.o
 .text.advance_to_previous_label
                0x0000000008061d30       0x50 build/keys.o
 .text.check_confirm.part.0
                0x0000000008061d80       0x38 build/keys.o
 .text.init_arg.part.0
                0x0000000008061db8       0x28 build/keys.o
 .text.reset_arg
                0x0000000008061de0       0x1c build/keys.o
 .text.arg_eval
                0x0000000008061dfc       0x9c build/keys.o
 .text.arg_digit
                0x0000000008061e98      0x104 build/keys.o
 .text.process_arg_shuffle
                0x0000000008061f9c       0x30 build/keys.o
 .text.process_h_shifted
                0x0000000008061fcc       0xd8 build/keys.o
 .text.intltr   0x00000000080620a4       0x38 build/keys.o
 .text.process_normal
                0x00000000080620dc      0x278 build/keys.o
 .text.process_fg_shifted
                0x0000000008062354      0x2a8 build/keys.o
 .text.set_window
                0x00000000080625fc       0x98 build/keys.o
 .text.arg_storcl
                0x0000000008062694       0x44 build/keys.o
 .text.process_arg
                0x00000000080626d8      0x550 build/keys.o
 .text.cur_shift
                0x0000000008062c28       0x14 build/keys.o
                0x0000000008062c28                cur_shift
 .text.reset_shift
                0x0000000008062c3c       0x18 build/keys.o
                0x0000000008062c3c                reset_shift
 .text.keycode_to_row_column
                0x0000000008062c54       0x24 build/keys.o
                0x0000000008062c54                keycode_to_row_column
 .text.row_column_to_keycode
                0x0000000008062c78       0x40 build/keys.o
                0x0000000008062c78                row_column_to_keycode
 .text.init_state
                0x0000000008062cb8       0x80 build/keys.o
                0x0000000008062cb8                init_state
 .text.process_cmplx
                0x0000000008062d38       0xd0 build/keys.o
 .text.soft_init_state
                0x0000000008062e08       0x50 build/keys.o
                0x0000000008062e08                soft_init_state
 .text.finish_cpx_entry
                0x0000000008062e58       0xc8 build/keys.o
                0x0000000008062e58                finish_cpx_entry
 .text.stack_begin
                0x0000000008062f20       0xbc build/keys.o
                0x0000000008062f20                stack_begin
 .text.current_catalogue
                0x0000000008062fdc       0xe0 build/keys.o
                0x0000000008062fdc                current_catalogue
 .text.process_catalogue
                0x00000000080630bc      0x31c build/keys.o
 .text.get_alpha_state
                0x00000000080633d8       0x28 build/keys.o
                0x00000000080633d8                get_alpha_state
 .text.process_keycode
                0x0000000008063400     0x1e64 build/keys.o
                0x0000000008063400                process_keycode
 .text.process_keycode_with_shift
                0x0000000008065264       0xa8 build/keys.o
                0x0000000008065264                process_keycode_with_shift
 .text.set_separator_decimal_modes
                0x000000000806530c       0x54 build/display.o
 .text.set_dig  0x0000000008065360       0x78 build/display.o
 .text.hms_render
                0x00000000080653d8       0xa8 build/display.o
 .text.set_exp_digits_string
                0x0000000008065480       0x40 build/display.o
 .text.hms_step
                0x00000000080654c0       0x38 build/display.o
 .text.set_exp  0x00000000080654f8      0x124 build/display.o
 .text.set_separator.part.0
                0x000000000806561c       0x40 build/display.o
 .text.set_decimal
                0x000000000806565c       0x54 build/display.o
 .text.set_digits_string
                0x00000000080656b0       0x44 build/display.o
 .text.check_special_dn.isra.0
                0x00000000080656f4       0x9c build/display.o
 .text.set_x_hms
                0x0000000008065790      0x1c8 build/display.o
 .text.set_x_fract
                0x0000000008065958      0x1b4 build/display.o
 .text.carry_overflow
                0x0000000008065b0c       0x84 build/display.o
 .text.set_int_x
                0x0000000008065b90      0x3d4 build/display.o
 .text.s_s_sized.constprop.0
                0x0000000008065f64      0x19c build/display.o
 .text.dot      0x0000000008066100        0xc build/display.o
                0x0000000008066100                dot
 .text.std_round_fix
                0x000000000806610c       0x7c build/display.o
                0x000000000806610c                std_round_fix
 .text.set_IO_annunciator
                0x0000000008066188       0x40 build/display.o
                0x0000000008066188                set_IO_annunciator
 .text.set_annunciators
                0x00000000080661c8       0xec build/display.o
 .text.pixel_length
                0x00000000080662b4       0x40 build/display.o
                0x00000000080662b4                pixel_length
 .text.set_status
                0x00000000080662f4       0x38 build/display.o
 .text.set_x_dn
                0x000000000806632c      0x9ec build/display.o
                0x000000000806632c                set_x_dn
 .text.set_x    0x0000000008066d18       0x34 build/display.o
 .text.format_reg
                0x0000000008066d4c       0x6c build/display.o
                0x0000000008066d4c                format_reg
 .text.set_status_right
                0x0000000008066db8       0x64 build/display.o
 .text.annunciators
                0x0000000008066e1c      0x52c build/display.o
 .text.display  0x0000000008067348      0xe88 build/display.o
                0x0000000008067348                display
 .text.frozen_display
                0x00000000080681d0       0x20 build/display.o
                0x00000000080681d0                frozen_display
 .text.message  0x00000000080681f0       0x70 build/display.o
                0x00000000080681f0                message
 .text.error_message
                0x0000000008068260       0xfc build/display.o
                0x0000000008068260                error_message
 .text.stopwatch_message
                0x000000000806835c       0x60 build/display.o
                0x000000000806835c                stopwatch_message
 .text.find_section_bounds
                0x00000000080683bc       0x78 build/xeq.o
 .text.reg_address
                0x0000000008068434       0x64 build/xeq.o
 .text.retstk_up
                0x0000000008068498       0x80 build/xeq.o
 .text.flag_word
                0x0000000008068518       0x80 build/xeq.o
 .text.set_zero
                0x0000000008068598       0x24 build/xeq.o
 .text.intResult
                0x00000000080685bc       0xac build/xeq.o
 .text.check_stack_overlap
                0x0000000008068668       0x74 build/xeq.o
 .text.move_retstk
                0x00000000080686dc       0x80 build/xeq.o
                0x00000000080686dc                move_retstk
 .text.local_regs_rarg
                0x000000000806875c       0x68 build/xeq.o
                0x000000000806875c                local_regs_rarg
 .text.get_reg_limit
                0x00000000080687c4       0xbc build/xeq.o
 .text.local_regs
                0x0000000008068880       0x44 build/xeq.o
                0x0000000008068880                local_regs
 .text.global_regs_rarg
                0x00000000080688c4       0x40 build/xeq.o
                0x00000000080688c4                global_regs_rarg
 .text.global_regs
                0x0000000008068904       0x24 build/xeq.o
                0x0000000008068904                global_regs
 .text.version  0x0000000008068928       0x1c build/xeq.o
                0x0000000008068928                version
 .text.cmd_off  0x0000000008068944        0x4 build/xeq.o
                0x0000000008068944                cmd_off
 .text.init_RegionTab
                0x0000000008068948       0x2c build/xeq.o
                0x0000000008068948                init_RegionTab
 .text.sizeLIB  0x0000000008068974       0x20 build/xeq.o
                0x0000000008068974                sizeLIB
 .text.getprog  0x0000000008068994       0x50 build/xeq.o
                0x0000000008068994                getprog
 .text.get_current_prog
                0x00000000080689e4       0x28 build/xeq.o
                0x00000000080689e4                get_current_prog
 .text.do_inc   0x0000000008068a0c       0x48 build/xeq.o
                0x0000000008068a0c                do_inc
 .text.user_pc.part.0
                0x0000000008068a54       0x38 build/xeq.o
 .text.print_step
                0x0000000008068a8c       0xac build/xeq.o
 .text.do_dec   0x0000000008068b38       0x4c build/xeq.o
                0x0000000008068b38                do_dec
 .text.update_program_bounds
                0x0000000008068b84       0x98 build/xeq.o
                0x0000000008068b84                update_program_bounds
 .text.set_pc   0x0000000008068c1c       0xb0 build/xeq.o
                0x0000000008068c1c                set_pc
 .text.incpc    0x0000000008068ccc       0x2c build/xeq.o
                0x0000000008068ccc                incpc
 .text.decpc    0x0000000008068cf8       0x28 build/xeq.o
                0x0000000008068cf8                decpc
 .text.do_rtn   0x0000000008068d20       0xa0 build/xeq.o
 .text.user_pc  0x0000000008068dc0       0x14 build/xeq.o
                0x0000000008068dc0                user_pc
 .text.find_user_pc
                0x0000000008068dd4       0x54 build/xeq.o
                0x0000000008068dd4                find_user_pc
 .text.report_err
                0x0000000008068e28       0x20 build/xeq.o
                0x0000000008068e28                report_err
 .text.report_warn
                0x0000000008068e48       0x5c build/xeq.o
                0x0000000008068e48                report_warn
 .text.bad_mode_error
                0x0000000008068ea4       0x10 build/xeq.o
                0x0000000008068ea4                bad_mode_error
 .text.cmderr   0x0000000008068eb4       0x14 build/xeq.o
                0x0000000008068eb4                cmderr
 .text.cmdmsg   0x0000000008068ec8        0x4 build/xeq.o
                0x0000000008068ec8                cmdmsg
 .text.rarg_roundingmode
                0x0000000008068ecc       0x18 build/xeq.o
                0x0000000008068ecc                rarg_roundingmode
 .text.packed_from_number
                0x0000000008068ee4       0x3c build/xeq.o
                0x0000000008068ee4                packed_from_number
 .text.packed128_from_number
                0x0000000008068f20       0x3c build/xeq.o
                0x0000000008068f20                packed128_from_number
 .text.check_special
                0x0000000008068f5c       0xa8 build/xeq.o
 .text.packed_from_packed128
                0x0000000008069004       0x1c build/xeq.o
                0x0000000008069004                packed_from_packed128
 .text.packed128_from_packed
                0x0000000008069020       0x1c build/xeq.o
                0x0000000008069020                packed128_from_packed
 .text.stack_size
                0x000000000806903c       0x38 build/xeq.o
                0x000000000806903c                stack_size
 .text.copyreg  0x0000000008069074       0x20 build/xeq.o
                0x0000000008069074                copyreg
 .text.set_lift
                0x0000000008069094       0x10 build/xeq.o
                0x0000000008069094                set_lift
 .text.entry_rpn_on_off
                0x00000000080690a4       0x34 build/xeq.o
                0x00000000080690a4                entry_rpn_on_off
 .text.is_dblmode
                0x00000000080690d8       0x20 build/xeq.o
                0x00000000080690d8                is_dblmode
 .text.s_to_i   0x00000000080690f8       0x6c build/xeq.o
                0x00000000080690f8                s_to_i
 .text.digit    0x0000000008069164      0x190 build/xeq.o
 .text.s_to_ull
                0x00000000080692f4       0x3c build/xeq.o
                0x00000000080692f4                s_to_ull
 .text.get_cmdline
                0x0000000008069330       0x18 build/xeq.o
                0x0000000008069330                get_cmdline
 .text.is_bad_cmdline
                0x0000000008069348        0x4 build/xeq.o
                0x0000000008069348                is_bad_cmdline
 .text.get_flash_reg_n
                0x000000000806934c       0x20 build/xeq.o
                0x000000000806934c                get_flash_reg_n
 .text.get_const
                0x000000000806936c       0x84 build/xeq.o
                0x000000000806936c                get_const
 .text.get_reg_n
                0x00000000080693f0       0xbc build/xeq.o
                0x00000000080693f0                get_reg_n
 .text.lift     0x00000000080694ac       0x6c build/xeq.o
                0x00000000080694ac                lift
 .text.lift2_if_enabled
                0x0000000008069518       0x48 build/xeq.o
 .text.lower    0x0000000008069560       0x74 build/xeq.o
 .text.get_stack_top
                0x00000000080695d4       0x3c build/xeq.o
 .text.roll_down
                0x0000000008069610       0x54 build/xeq.o
                0x0000000008069610                roll_down
 .text.cpx_roll_down
                0x0000000008069664       0x34 build/xeq.o
                0x0000000008069664                cpx_roll_down
 .text.roll_up  0x0000000008069698       0x54 build/xeq.o
                0x0000000008069698                roll_up
 .text.cpx_roll_up
                0x00000000080696ec       0x34 build/xeq.o
                0x00000000080696ec                cpx_roll_up
 .text.fill     0x0000000008069720       0x70 build/xeq.o
                0x0000000008069720                fill
 .text.lower2   0x0000000008069790       0x74 build/xeq.o
 .text.drop     0x0000000008069804       0x20 build/xeq.o
                0x0000000008069804                drop
 .text.copyreg_n
                0x0000000008069824       0x3c build/xeq.o
                0x0000000008069824                copyreg_n
 .text.setlastX
                0x0000000008069860        0x8 build/xeq.o
                0x0000000008069860                setlastX
 .text.setlastXY
                0x0000000008069868       0x18 build/xeq.o
 .text.getRegister
                0x0000000008069880       0x34 build/xeq.o
                0x0000000008069880                getRegister
 .text.getX     0x00000000080698b4        0x8 build/xeq.o
                0x00000000080698b4                getX
 .text.getY     0x00000000080698bc        0x8 build/xeq.o
                0x00000000080698bc                getY
 .text.getXY    0x00000000080698c4       0x18 build/xeq.o
                0x00000000080698c4                getXY
 .text.getXYZ   0x00000000080698dc       0x20 build/xeq.o
                0x00000000080698dc                getXYZ
 .text.getXYZT  0x00000000080698fc       0x14 build/xeq.o
                0x00000000080698fc                getXYZT
 .text.storcl_op
                0x0000000008069910       0x84 build/xeq.o
 .text.storcl_cop
                0x0000000008069994       0xc0 build/xeq.o
 .text.cpx_enter
                0x0000000008069a54       0x50 build/xeq.o
                0x0000000008069a54                cpx_enter
 .text.cpx_fill
                0x0000000008069aa4       0x94 build/xeq.o
                0x0000000008069aa4                cpx_fill
 .text.setRegister
                0x0000000008069b38       0x54 build/xeq.o
                0x0000000008069b38                setRegister
 .text.setX     0x0000000008069b8c        0x8 build/xeq.o
                0x0000000008069b8c                setX
 .text.rarg_round
                0x0000000008069b94       0x70 build/xeq.o
                0x0000000008069b94                rarg_round
 .text.setY     0x0000000008069c04        0x8 build/xeq.o
                0x0000000008069c04                setY
 .text.setXY    0x0000000008069c0c       0x2c build/xeq.o
                0x0000000008069c0c                setXY
 .text.convert_regK
                0x0000000008069c38       0xc4 build/xeq.o
                0x0000000008069c38                convert_regK
 .text.cpx_nop  0x0000000008069cfc      0x170 build/xeq.o
                0x0000000008069cfc                cpx_nop
 .text.get_reg_n_int
                0x0000000008069e6c       0x1c build/xeq.o
                0x0000000008069e6c                get_reg_n_int
 .text.storcl_intop
                0x0000000008069e88       0xb0 build/xeq.o
 .text.incdec   0x0000000008069f38       0x98 build/xeq.o
 .text.set_reg_n_int
                0x0000000008069fd0       0x1c build/xeq.o
                0x0000000008069fd0                set_reg_n_int
 .text.get_reg_n_int_sgn
                0x0000000008069fec       0x38 build/xeq.o
                0x0000000008069fec                get_reg_n_int_sgn
 .text.get_keycode_from_reg
                0x000000000806a024       0x30 build/xeq.o
 .text.getX_int
                0x000000000806a054        0x8 build/xeq.o
                0x000000000806a054                getX_int
 .text.getX_int_sgn
                0x000000000806a05c        0x8 build/xeq.o
                0x000000000806a05c                getX_int_sgn
 .text.set_reg_n_int_sgn
                0x000000000806a064       0x64 build/xeq.o
                0x000000000806a064                set_reg_n_int_sgn
 .text.op_roundingmode
                0x000000000806a0c8       0x28 build/xeq.o
                0x000000000806a0c8                op_roundingmode
 .text.register_from_int
                0x000000000806a0f0       0x64 build/xeq.o
 .text.int_from_register
                0x000000000806a154       0x48 build/xeq.o
 .text.switch_to_int
                0x000000000806a19c       0x80 build/xeq.o
 .text.process_cmdline.part.0
                0x000000000806a21c      0x250 build/xeq.o
 .text.process_cmdline
                0x000000000806a46c       0x10 build/xeq.o
                0x000000000806a46c                process_cmdline
 .text.cpx_pi   0x000000000806a47c       0xcc build/xeq.o
                0x000000000806a47c                cpx_pi
 .text.process_cmdline_set_lift
                0x000000000806a548       0x24 build/xeq.o
                0x000000000806a548                process_cmdline_set_lift
 .text.setX_int
                0x000000000806a56c       0x20 build/xeq.o
                0x000000000806a56c                setX_int
 .text.do_rcl   0x000000000806a58c       0xdc build/xeq.o
 .text.setX_int_sgn
                0x000000000806a668       0x18 build/xeq.o
                0x000000000806a668                setX_int_sgn
 .text.zero_X   0x000000000806a680        0xc build/xeq.o
                0x000000000806a680                zero_X
 .text.zero_Y   0x000000000806a68c       0x10 build/xeq.o
                0x000000000806a68c                zero_Y
 .text.clrx     0x000000000806a69c       0x78 build/xeq.o
                0x000000000806a69c                clrx
 .text.clrstk   0x000000000806a714       0x6c build/xeq.o
                0x000000000806a714                clrstk
 .text.clrreg   0x000000000806a780      0x130 build/xeq.o
                0x000000000806a780                clrreg
 .text.clrretstk
                0x000000000806a8b0       0x1c build/xeq.o
                0x000000000806a8b0                clrretstk
 .text.clrretstk_pc
                0x000000000806a8cc       0x2c build/xeq.o
                0x000000000806a8cc                clrretstk_pc
 .text.cmdconst
                0x000000000806a8f8       0xd4 build/xeq.o
                0x000000000806a8f8                cmdconst
 .text.cmdsto   0x000000000806a9cc       0x80 build/xeq.o
                0x000000000806a9cc                cmdsto
 .text.cmdrcl   0x000000000806aa4c        0x4 build/xeq.o
                0x000000000806aa4c                cmdrcl
 .text.cmdcsto  0x000000000806aa50       0xd0 build/xeq.o
                0x000000000806aa50                cmdcsto
 .text.cmdcrcl  0x000000000806ab20      0x108 build/xeq.o
                0x000000000806ab20                cmdcrcl
 .text.cmdircl  0x000000000806ac28       0x20 build/xeq.o
                0x000000000806ac28                cmdircl
 .text.cmdrrcl  0x000000000806ac48       0x88 build/xeq.o
                0x000000000806ac48                cmdrrcl
 .text.swap_reg
                0x000000000806acd0       0x64 build/xeq.o
                0x000000000806acd0                swap_reg
 .text.cmdswap  0x000000000806ad34       0x9c build/xeq.o
                0x000000000806ad34                cmdswap
 .text.cmdview  0x000000000806add0       0x5c build/xeq.o
                0x000000000806add0                cmdview
 .text.get_stack_size
                0x000000000806ae2c       0x48 build/xeq.o
                0x000000000806ae2c                get_stack_size
 .text.get_word_size
                0x000000000806ae74       0x1c build/xeq.o
                0x000000000806ae74                get_word_size
 .text.get_sign_mode
                0x000000000806ae90       0x28 build/xeq.o
                0x000000000806ae90                get_sign_mode
 .text.get_base
                0x000000000806aeb8       0x1c build/xeq.o
                0x000000000806aeb8                get_base
 .text.DM42_Ticker
                0x000000000806aed4       0x18 build/xeq.o
                0x000000000806aed4                DM42_Ticker
 .text.op_ticks
                0x000000000806aeec       0x28 build/xeq.o
                0x000000000806aeec                op_ticks
 .text.op_voltage
                0x000000000806af14       0x64 build/xeq.o
                0x000000000806af14                op_voltage
 .text.free_mem
                0x000000000806af78       0x18 build/xeq.o
                0x000000000806af78                free_mem
 .text.free_flash
                0x000000000806af90       0x14 build/xeq.o
                0x000000000806af90                free_flash
 .text.get_mem  0x000000000806afa4       0xb0 build/xeq.o
                0x000000000806afa4                get_mem
 .text.cmdputkey
                0x000000000806b054       0x3c build/xeq.o
                0x000000000806b054                cmdputkey
 .text.cmdkeytype
                0x000000000806b090       0x50 build/xeq.o
                0x000000000806b090                cmdkeytype
 .text.cmdstostk
                0x000000000806b0e0       0x24 build/xeq.o
                0x000000000806b0e0                cmdstostk
 .text.cmdrclstk
                0x000000000806b104       0x24 build/xeq.o
                0x000000000806b104                cmdrclstk
 .text.find_opcode_from
                0x000000000806b128       0x70 build/xeq.o
                0x000000000806b128                find_opcode_from
 .text.find_label_from
                0x000000000806b198        0x8 build/xeq.o
                0x000000000806b198                find_label_from
 .text.op_rtn   0x000000000806b1a0       0x28 build/xeq.o
                0x000000000806b1a0                op_rtn
 .text.op_popusr
                0x000000000806b1c8       0x6c build/xeq.o
                0x000000000806b1c8                op_popusr
 .text.findmultilbl
                0x000000000806b234       0x4c build/xeq.o
                0x000000000806b234                findmultilbl
 .text.multiumenu
                0x000000000806b280       0x18 build/xeq.o
                0x000000000806b280                multiumenu
 .text.get_dispmode_digs
                0x000000000806b298       0x30 build/xeq.o
                0x000000000806b298                get_dispmode_digs
 .text.convC2F  0x000000000806b2c8       0x24 build/xeq.o
                0x000000000806b2c8                convC2F
 .text.convF2C  0x000000000806b2ec       0x24 build/xeq.o
                0x000000000806b2ec                convF2C
 .text.convDB2AR
                0x000000000806b310       0x20 build/xeq.o
                0x000000000806b310                convDB2AR
 .text.convAR2DB
                0x000000000806b330       0x20 build/xeq.o
                0x000000000806b330                convAR2DB
 .text.convDB2PR
                0x000000000806b350       0x1c build/xeq.o
                0x000000000806b350                convDB2PR
 .text.convPR2DB
                0x000000000806b36c       0x1c build/xeq.o
                0x000000000806b36c                convPR2DB
 .text.do_conv  0x000000000806b388       0x44 build/xeq.o
                0x000000000806b388                do_conv
 .text.cmdconv  0x000000000806b3cc       0x40 build/xeq.o
                0x000000000806b3cc                cmdconv
 .text.fin_tst  0x000000000806b40c       0x68 build/xeq.o
                0x000000000806b40c                fin_tst
 .text.check_mode
                0x000000000806b474       0x28 build/xeq.o
                0x000000000806b474                check_mode
 .text.check_dblmode
                0x000000000806b49c       0x20 build/xeq.o
                0x000000000806b49c                check_dblmode
 .text.op_query_xtal
                0x000000000806b4bc        0x8 build/xeq.o
                0x000000000806b4bc                op_query_xtal
 .text.isTop    0x000000000806b4c4       0x48 build/xeq.o
                0x000000000806b4c4                isTop
 .text.cmdlblp  0x000000000806b50c       0x28 build/xeq.o
                0x000000000806b50c                cmdlblp
 .text.cmdmultilblp
                0x000000000806b534       0x18 build/xeq.o
                0x000000000806b534                cmdmultilblp
 .text.cmdkeyp  0x000000000806b54c       0x48 build/xeq.o
                0x000000000806b54c                cmdkeyp
 .text.do_tst   0x000000000806b594      0x170 build/xeq.o
 .text.do_ztst  0x000000000806b704       0xac build/xeq.o
 .text.op_query_print
                0x000000000806b7b0        0x8 build/xeq.o
                0x000000000806b7b0                op_query_print
 .text.check_zero
                0x000000000806b7b8       0x70 build/xeq.o
                0x000000000806b7b8                check_zero
 .text.cmdtest  0x000000000806b828        0x8 build/xeq.o
                0x000000000806b828                cmdtest
 .text.cmdztest
                0x000000000806b830       0x2c build/xeq.o
                0x000000000806b830                cmdztest
 .text.cmdlincdec
                0x000000000806b85c       0x10 build/xeq.o
                0x000000000806b85c                cmdlincdec
 .text.cmdloopz
                0x000000000806b86c       0x18 build/xeq.o
                0x000000000806b86c                cmdloopz
 .text.cmdloop  0x000000000806b884      0x1f8 build/xeq.o
                0x000000000806b884                cmdloop
 .text.op_shift_digit
                0x000000000806ba7c       0x68 build/xeq.o
                0x000000000806ba7c                op_shift_digit
 .text.get_user_flag
                0x000000000806bae4       0x20 build/xeq.o
                0x000000000806bae4                get_user_flag
 .text.cmdflag  0x000000000806bb04       0xc0 build/xeq.o
                0x000000000806bb04                cmdflag
 .text.clrflags
                0x000000000806bbc4       0x30 build/xeq.o
                0x000000000806bbc4                clrflags
 .text.intws    0x000000000806bbf4       0xec build/xeq.o
                0x000000000806bbf4                intws
 .text.get_maxdenom
                0x000000000806bce0       0x20 build/xeq.o
                0x000000000806bce0                get_maxdenom
 .text.op_2frac
                0x000000000806bd00       0xa0 build/xeq.o
                0x000000000806bd00                op_2frac
 .text.op_fracdenom
                0x000000000806bda0       0x84 build/xeq.o
                0x000000000806bda0                op_fracdenom
 .text.op_float
                0x000000000806be24       0xd4 build/xeq.o
                0x000000000806be24                op_float
 .text.cmddisp  0x000000000806bef8       0xc4 build/xeq.o
                0x000000000806bef8                cmddisp
 .text.set_int_base
                0x000000000806bfbc       0x50 build/xeq.o
                0x000000000806bfbc                set_int_base
 .text.op_fract
                0x000000000806c00c       0x44 build/xeq.o
                0x000000000806c00c                op_fract
 .text.cmdsavem
                0x000000000806c050       0x1c build/xeq.o
                0x000000000806c050                cmdsavem
 .text.set_entry
                0x000000000806c06c       0x2c build/xeq.o
                0x000000000806c06c                set_entry
 .text.get_trig_mode
                0x000000000806c098       0x30 build/xeq.o
                0x000000000806c098                get_trig_mode
 .text.cmdpause
                0x000000000806c0c8       0x24 build/xeq.o
                0x000000000806c0c8                cmdpause
 .text.op_setspeed
                0x000000000806c0ec       0x20 build/xeq.o
                0x000000000806c0ec                op_setspeed
 .text.op_prompt
                0x000000000806c10c       0x30 build/xeq.o
                0x000000000806c10c                op_prompt
 .text.XisInt   0x000000000806c13c       0x60 build/xeq.o
                0x000000000806c13c                XisInt
 .text.XisEvenOrOdd
                0x000000000806c19c       0x64 build/xeq.o
                0x000000000806c19c                XisEvenOrOdd
 .text.XisPrime
                0x000000000806c200       0x84 build/xeq.o
                0x000000000806c200                XisPrime
 .text.isInfinite
                0x000000000806c284       0x30 build/xeq.o
                0x000000000806c284                isInfinite
 .text.isNan    0x000000000806c2b4       0x40 build/xeq.o
                0x000000000806c2b4                isNan
 .text.isSpecial
                0x000000000806c2f4       0x40 build/xeq.o
                0x000000000806c2f4                isSpecial
 .text.op_entryp
                0x000000000806c334       0x14 build/xeq.o
                0x000000000806c334                op_entryp
 .text.reg_decode
                0x000000000806c348      0x240 build/xeq.o
                0x000000000806c348                reg_decode
 .text.op_regcopy
                0x000000000806c588       0x4c build/xeq.o
                0x000000000806c588                op_regcopy
 .text.op_regswap
                0x000000000806c5d4       0x70 build/xeq.o
                0x000000000806c5d4                op_regswap
 .text.op_regclr
                0x000000000806c644       0x48 build/xeq.o
                0x000000000806c644                op_regclr
 .text.op_regsort
                0x000000000806c68c      0x114 build/xeq.o
                0x000000000806c68c                op_regsort
 .text.busy     0x000000000806c7a0       0x24 build/xeq.o
                0x000000000806c7a0                busy
 .text.intMonadic
                0x000000000806c7c4       0x98 build/xeq.o
                0x000000000806c7c4                intMonadic
 .text.intDyadic
                0x000000000806c85c       0xd4 build/xeq.o
                0x000000000806c85c                intDyadic
 .text.xeq_init_contexts
                0x000000000806c930       0x9c build/xeq.o
                0x000000000806c930                xeq_init_contexts
 .text.not_running
                0x000000000806c9cc       0x24 build/xeq.o
                0x000000000806c9cc                not_running
 .text.set_running_off
                0x000000000806c9f0       0x24 build/xeq.o
                0x000000000806c9f0                set_running_off
 .text.set_running_on
                0x000000000806ca14       0x44 build/xeq.o
                0x000000000806ca14                set_running_on
 .text.gsbgto   0x000000000806ca58       0xb0 build/xeq.o
 .text.cmdgtocommon
                0x000000000806cb08       0x34 build/xeq.o
                0x000000000806cb08                cmdgtocommon
 .text.cmdgto   0x000000000806cb3c       0x44 build/xeq.o
                0x000000000806cb3c                cmdgto
 .text.branchtoalpha
                0x000000000806cb80       0x28 build/xeq.o
 .text.cmdalphagto
                0x000000000806cba8       0x2c build/xeq.o
                0x000000000806cba8                cmdalphagto
 .text.op_gtoalpha
                0x000000000806cbd4       0x34 build/xeq.o
                0x000000000806cbd4                op_gtoalpha
 .text.cmdskip  0x000000000806cc08       0x84 build/xeq.o
                0x000000000806cc08                cmdskip
 .text.cmdback  0x000000000806cc8c       0x74 build/xeq.o
                0x000000000806cc8c                cmdback
 .text.usergsb_common
                0x000000000806cd00       0x9c build/xeq.o
 .text.do_usergsb
                0x000000000806cd9c       0x18 build/xeq.o
                0x000000000806cd9c                do_usergsb
 .text.cmdmultigto
                0x000000000806cdb4       0x50 build/xeq.o
                0x000000000806cdb4                cmdmultigto
 .text.store_a_to_d
                0x000000000806ce04       0x24 build/xeq.o
                0x000000000806ce04                store_a_to_d
 .text.cmdlocr  0x000000000806ce28      0x190 build/xeq.o
                0x000000000806ce28                cmdlocr
 .text.cmdxout  0x000000000806cfb8      0x210 build/xeq.o
                0x000000000806cfb8                cmdxout
 .text.cmdconverged
                0x000000000806d1c8       0xf8 build/xeq.o
                0x000000000806d1c8                cmdconverged
 .text.cmdshuffle
                0x000000000806d2c0       0x8c build/xeq.o
                0x000000000806d2c0                cmdshuffle
 .text.cmdmode  0x000000000806d34c       0x54 build/xeq.o
                0x000000000806d34c                cmdmode
 .text.cmdlpop  0x000000000806d3a0       0x3c build/xeq.o
                0x000000000806d3a0                cmdlpop
 .text.cmdregs  0x000000000806d3dc       0xb8 build/xeq.o
                0x000000000806d3dc                cmdregs
 .text.op_double
                0x000000000806d494      0x128 build/xeq.o
                0x000000000806d494                op_double
 .text.cmdrestm
                0x000000000806d5bc       0x9c build/xeq.o
                0x000000000806d5bc                cmdrestm
 .text.cmdxin   0x000000000806d658      0x1d4 build/xeq.o
                0x000000000806d658                cmdxin
 .text.xeq      0x000000000806d82c      0xee0 build/xeq.o
                0x000000000806d82c                xeq
 .text.xeq_single
                0x000000000806e70c       0x24 build/xeq.o
 .text.xeq_xrom2
                0x000000000806e730       0x88 build/xeq.o
 .text.xeq_xrom
                0x000000000806e7b8       0x14 build/xeq.o
                0x000000000806e7b8                xeq_xrom
 .text.dispatch_xrom
                0x000000000806e7cc       0x78 build/xeq.o
 .text.op_rs    0x000000000806e844       0x8c build/xeq.o
                0x000000000806e844                op_rs
 .text.xeqprog  0x000000000806e8d0       0x74 build/xeq.o
                0x000000000806e8d0                xeqprog
 .text.xeq_sst_bst
                0x000000000806e944       0xac build/xeq.o
                0x000000000806e944                xeq_sst_bst
 .text.init_34s
                0x000000000806e9f0       0x3c build/xeq.o
                0x000000000806e9f0                init_34s
 .text.prt_multi
                0x000000000806ea2c       0x58 build/prt.o
 .text.prt_conv
                0x000000000806ea84       0x64 build/prt.o
 .text.prt_specials.part.0
                0x000000000806eae8      0x10c build/prt.o
 .text.prt_monadic
                0x000000000806ebf4       0x44 build/prt.o
 .text.prt_dyadic
                0x000000000806ec38       0x44 build/prt.o
 .text.prt_triadic
                0x000000000806ec7c       0x44 build/prt.o
 .text.num_arg_digits.part.0
                0x000000000806ecc0       0x34 build/prt.o
 .text.prt_rargs
                0x000000000806ecf4      0x194 build/prt.o
 .text.num_arg_digits
                0x000000000806ee88       0x20 build/prt.o
                0x000000000806ee88                num_arg_digits
 .text.prt      0x000000000806eea8       0xf4 build/prt.o
                0x000000000806eea8                prt
 .text.prt_umen
                0x000000000806ef9c      0x164 build/prt.o
                0x000000000806ef9c                prt_umen