Archive member included to satisfy reference by file (symbol)

build/libconsts.a(const_50.o)
                              build/decn.o (const_50)
build/libconsts.a(const_randfac.o)
                              build/stats.o (const_randfac)
build/libconsts.a(const_ln10.o)
                              build/decn.o (const_ln10)
build/libconsts.a(const_egamma.o)
                              build/decn.o (const_egamma)
build/libconsts.a(const_256.o)
                              build/decn.o (const_256)
build/libconsts.a(const_180.o)
                              build/decn.o (const_180)
build/libconsts.a(const_1e_32.o)
                              build/xeq.o (const_1e_32)
build/libconsts.a(const_gammaC03.o)
                              build/decn.o (const_gammaC03)
build/libconsts.a(const_60.o)
                              build/decn.o (const_60)
build/libconsts.a(const_10.o)
                              build/decn.o (const_10)
build/libconsts.a(const_360.o)
                              build/xeq.o (const_360)
build/libconsts.a(const_gammaC10.o)
                              build/decn.o (const_gammaC10)
build/libconsts.a(const_gammaC11.o)
                              build/decn.o (const_gammaC11)
build/libconsts.a(const__inf.o)
                              build/decn.o (const__inf)
build/libconsts.a(const_21.o)
                              build/decn.o (const_21)
build/libconsts.a(const_gammaC16.o)
                              build/decn.o (const_gammaC16)
build/libconsts.a(const_200.o)
                              build/decn.o (const_200)
build/libconsts.a(const_gammaC06.o)
                              build/decn.o (const_gammaC06)
build/libconsts.a(const_NaN.o)
                              build/xeq.o (const_NaN)
build/libconsts.a(const_gammaC15.o)
                              build/decn.o (const_gammaC15)
build/libconsts.a(const_1e_24.o)
                              build/xeq.o (const_1e_24)
build/libconsts.a(const_45.o)
                              build/decn.o (const_45)
build/libconsts.a(const_0_05.o)
                              build/xeq.o (const_0_05)
build/libconsts.a(const_3.o)  build/decn.o (const_3)
build/libconsts.a(const_hms_threshold.o)
                              build/display.o (const_hms_threshold)
build/libconsts.a(const_gammaC14.o)
                              build/decn.o (const_gammaC14)
build/libconsts.a(const_0_6.o)
                              build/decn.o (const_0_6)
build/libconsts.a(const_32.o)
                              build/xeq.o (const_32)
build/libconsts.a(const_0_75.o)
                              build/decn.o (const_0_75)
build/libconsts.a(const__1.o)
                              build/decn.o (const__1)
build/libconsts.a(const_gammaC00.o)
                              build/decn.o (const_gammaC00)
build/libconsts.a(const_ln2.o)
                              build/decn.o (const_ln2)
build/libconsts.a(const_gammaC18.o)
                              build/decn.o (const_gammaC18)
build/libconsts.a(const_2PI.o)
                              build/xeq.o (const_2PI)
build/libconsts.a(const_1e_14.o)
                              build/xeq.o (const_1e_14)
build/libconsts.a(const_0.o)  build/xeq.o (const_0)
build/libconsts.a(const_PIon180.o)
                              build/decn.o (const_PIon180)
build/libconsts.a(const_9000.o)
                              build/display.o (const_9000)
build/libconsts.a(const_0_9.o)
                              build/decn.o (const_0_9)
build/libconsts.a(const_gammaC08.o)
                              build/decn.o (const_gammaC08)
build/libconsts.a(const_gammaC21.o)
                              build/decn.o (const_gammaC21)
build/libconsts.a(const_1e_37.o)
                              build/decn.o (const_1e_37)
build/libconsts.a(const_gammaC05.o)
                              build/decn.o (const_gammaC05)
build/libconsts.a(const_2.o)  build/decn.o (const_2)
build/libconsts.a(const_gammaC13.o)
                              build/decn.o (const_gammaC13)
build/libconsts.a(const_100000.o)
                              build/display.o (const_100000)
build/libconsts.a(const_gammaR.o)
                              build/decn.o (const_gammaR)
build/libconsts.a(const_5.o)  build/decn.o (const_5)
build/libconsts.a(const_1.o)  build/xeq.o (const_1)
build/libconsts.a(const_gammaC19.o)
                              build/decn.o (const_gammaC19)
build/libconsts.a(const_inf.o)
                              build/decn.o (const_inf)
build/libconsts.a(const_0_995.o)
                              build/decn.o (const_0_995)
build/libconsts.a(const_0_0001.o)
                              build/display.o (const_0_0001)
build/libconsts.a(const_1on60.o)
                              build/decn.o (const_1on60)
build/libconsts.a(const_PIon200.o)
                              build/decn.o (const_PIon200)
build/libconsts.a(const_gammaC01.o)
                              build/decn.o (const_gammaC01)
build/libconsts.a(const_gammaC09.o)
[...]
Memory Configuration

Name             Origin             Length             Attributes
FLASH            0x0000000008050000 0x00000000000b0000 xr
RAM              0x0000000010000000 0x0000000000002000 xrw
QSPI             0x0000000090000000 0x0000000000200000 xr
*default*        0x0000000000000000 0xffffffffffffffff

Linker script and memory map

LOAD /usr/lib/gcc/arm-none-eabi/9.2.1/thumb/v7e-m+fp/hard/crti.o
LOAD /usr/lib/gcc/arm-none-eabi/9.2.1/thumb/v7e-m+fp/hard/crtbegin.o
LOAD /usr/lib/gcc/arm-none-eabi/9.2.1/../../../arm-none-eabi/lib/thumb/v7e-m+fp/hard/crt0.o
LOAD build/pgm_syscalls.o
LOAD build/keys.o
LOAD build/display.o
LOAD build/xeq.o
LOAD build/prt.o
LOAD build/decn.o
LOAD build/complex.o
LOAD build/stats.o
LOAD build/lcd.o
LOAD build/int.o
LOAD build/date.o
LOAD build/consts.o
LOAD build/alpha.o
LOAD build/charmap.o
LOAD build/commands.o
LOAD build/string.o
LOAD build/storage.o
LOAD build/matrix.o
LOAD build/font.o
LOAD build/xrom.o
LOAD build/console.o
LOAD build/libconsts.a
LOAD build/libdecNumber.a
LOAD build/startup_pgm.o
START GROUP
LOAD /usr/lib/gcc/arm-none-eabi/9.2.1/thumb/v7e-m+fp/hard/libgcc.a
LOAD /usr/lib/gcc/arm-none-eabi/9.2.1/../../../arm-none-eabi/lib/thumb/v7e-m+fp/hard/libc.a
END GROUP
START GROUP
LOAD /usr/lib/gcc/arm-none-eabi/9.2.1/thumb/v7e-m+fp/hard/libgcc.a
LOAD /usr/lib/gcc/arm-none-eabi/9.2.1/../../../arm-none-eabi/lib/thumb/v7e-m+fp/hard/libc.a
LOAD /usr/lib/gcc/arm-none-eabi/9.2.1/../../../arm-none-eabi/lib/thumb/v7e-m+fp/hard/libnosys.a
END GROUP
LOAD /usr/lib/gcc/arm-none-eabi/9.2.1/thumb/v7e-m+fp/hard/crtend.o
LOAD /usr/lib/gcc/arm-none-eabi/9.2.1/thumb/v7e-m+fp/hard/crtn.o

.qspi           0x0000000090000000        0x0
                0x0000000090000000                . = ALIGN (0x8)
                0x0000000090000000                _qspi_start = .
 *(.qspi)
 *(.qspi*)
 *(.rodata.__bid_mod10_18_tbl)
 *(.rodata.__bid_convert_table)
 *(.rodata.bid_log_table_1)
 *(.rodata.bid_log_table_2)
 *(.rodata.bid_decimal128_moduli)
 *(.rodata.bid_exponents_bid64)
 *(.rodata.bid_exponents_binary128)
 *(.rodata.bid_breakpoints_binary128)
 *(.rodata.bid_breakpoints_bid64)
 *(.rodata.bid_multipliers1_binary128)
 *(.rodata.bid_multipliers2_bid64)
 *(.rodata.bid_multipliers1_bid64)
 *(.rodata.bid_multipliers2_binary128)
                0x0000000090000000                . = ALIGN (0x8)
                0x0000000090000000                _qspi_end = .

.rodata         0x0000000008050000     0xa0c0
 *(.rodata.prog_info)
 .rodata.prog_info
                0x0000000008050000       0x40 build/pgm_syscalls.o
                0x0000000008050000                prog_info
                0x0000000008050040                . = ALIGN (0x40)
 *(.rodata)
 .rodata        0x0000000008050040      0x1ba build/display.o
 *fill*         0x00000000080501fa        0x2 
 .rodata        0x00000000080501fc       0x29 build/xeq.o
 *fill*         0x0000000008050225        0x3 
 .rodata        0x0000000008050228       0x40 build/date.o
 .rodata        0x0000000008050268       0x29 build/console.o
 *fill*         0x0000000008050291        0x3 
 .rodata        0x0000000008050294        0x4 /usr/lib/gcc/arm-none-eabi/9.2.1/../../../arm-none-eabi/lib/thumb/v7e-m+fp/hard/libc.a(lib_a-impure.o)
                0x0000000008050294                _global_impure_ptr
 .rodata        0x0000000008050298       0x20 /usr/lib/gcc/arm-none-eabi/9.2.1/../../../arm-none-eabi/lib/thumb/v7e-m+fp/hard/libc.a(lib_a-svfprintf.o)
 .rodata        0x00000000080502b8      0x101 /usr/lib/gcc/arm-none-eabi/9.2.1/../../../arm-none-eabi/lib/thumb/v7e-m+fp/hard/libc.a(lib_a-ctype_.o)
                0x00000000080502b8                _ctype_
 *fill*         0x00000000080503b9        0x7 
 .rodata        0x00000000080503c0      0x128 /usr/lib/gcc/arm-none-eabi/9.2.1/../../../arm-none-eabi/lib/thumb/v7e-m+fp/hard/libc.a(lib_a-mprec.o)
                0x00000000080503d0                __mprec_tens
                0x0000000008050498                __mprec_tinytens
                0x00000000080504c0                __mprec_bigtens
 .rodata        0x00000000080504e8       0x20 /usr/lib/gcc/arm-none-eabi/9.2.1/../../../arm-none-eabi/lib/thumb/v7e-m+fp/hard/libc.a(lib_a-svfiprintf.o)
 .rodata        0x0000000008050508       0x20 /usr/lib/gcc/arm-none-eabi/9.2.1/../../../arm-none-eabi/lib/thumb/v7e-m+fp/hard/libc.a(lib_a-vfiprintf.o)
 *(.rodata*)
 .rodata.process_keycode.str1.4
                0x0000000008050528       0x14 build/keys.o
 .rodata.alpha_arrows
                0x000000000805053c        0x9 build/keys.o
 *fill*         0x0000000008050545        0x3 
 .rodata.alpha_catalogue
                0x0000000008050548       0x12 build/keys.o
 *fill*         0x000000000805055a        0x2 
 .rodata.alpha_compares
                0x000000000805055c        0xa build/keys.o
 *fill*         0x0000000008050566        0x2 
 .rodata.alpha_letters
                0x0000000008050568       0x28 build/keys.o
 .rodata.alpha_letters_lower
                0x0000000008050590       0x28 build/keys.o
 .rodata.alpha_subscripts
                0x00000000080505b8       0x1a build/keys.o
 *fill*         0x00000000080505d2        0x2 
 .rodata.alpha_symbols
                0x00000000080505d4       0x13 build/keys.o
 *fill*         0x00000000080505e7        0x1 
 .rodata.alphamap.9277
                0x00000000080505e8       0xe4 build/keys.o
 .rodata.amap.9268
                0x00000000080506cc       0x20 build/keys.o
 .rodata.catalogue
                0x00000000080506ec       0x8b build/keys.o
 *fill*         0x0000000008050777        0x1 
 .rodata.catalogue_sizes.9591
                0x0000000008050778       0x15 build/keys.o
 *fill*         0x000000000805078d        0x3 
 .rodata.catalogues.9599
                0x0000000008050790       0x54 build/keys.o
 .rodata.cmap.9267
                0x00000000080507e4       0x30 build/keys.o
 .rodata.conv_catalogue
                0x0000000008050814       0x58 build/keys.o
 .rodata.conv_mapping.9638
                0x000000000805086c       0x18 build/keys.o
 .rodata.cplx_catalogue
                0x0000000008050884       0x26 build/keys.o
 *fill*         0x00000000080508aa        0x2 
 .rodata.disp.9449
                0x00000000080508ac        0x4 build/keys.o
 .rodata.int_catalogue
                0x00000000080508b0       0x4d build/keys.o
 *fill*         0x00000000080508fd        0x3 
 .rodata.linear_key_map.9233
                0x0000000008050900       0x2f build/keys.o
 *fill*         0x000000000805092f        0x1 
 .rodata.linear_key_map.9237
                0x0000000008050930       0x2f build/keys.o
 *fill*         0x000000000805095f        0x1 
 .rodata.map.9249
                0x0000000008050960       0x2b build/keys.o
 *fill*         0x000000000805098b        0x1 
 .rodata.matrix_catalogue
                0x000000000805098c       0x18 build/keys.o
 .rodata.mode_catalogue
                0x00000000080509a4       0x46 build/keys.o
 *fill*         0x00000000080509ea        0x2 
 .rodata.op_map.9321
                0x00000000080509ec       0x46 build/keys.o
 *fill*         0x0000000008050a32        0x2 
 .rodata.op_map.9344
                0x0000000008050a34       0x8c build/keys.o
 .rodata.op_map.9367
                0x0000000008050ac0       0x46 build/keys.o
 *fill*         0x0000000008050b06        0x2 
 .rodata.op_map.9422
                0x0000000008050b08      0x118 build/keys.o
 .rodata.op_map.9434
                0x0000000008050c20        0x6 build/keys.o
 *fill*         0x0000000008050c26        0x2 
 .rodata.op_map.9448
                0x0000000008050c28        0xc build/keys.o
 .rodata.op_map2.9345
                0x0000000008050c34        0x8 build/keys.o
 .rodata.opcode_breaks
                0x0000000008050c3c        0x7 build/keys.o
 *fill*         0x0000000008050c43        0x1 
 .rodata.prob_catalogue
                0x0000000008050c44       0x44 build/keys.o
 .rodata.prog_catalogue
                0x0000000008050c88       0x54 build/keys.o
 .rodata.program_xfcn
                0x0000000008050cdc       0xa7 build/keys.o
 *fill*         0x0000000008050d83        0x1 
 .rodata.smap.9269
                0x0000000008050d84        0x4 build/keys.o
 .rodata.stats_catalogue
                0x0000000008050d88       0x16 build/keys.o
 *fill*         0x0000000008050d9e        0x2 
 .rodata.sums_catalogue
                0x0000000008050da0       0x12 build/keys.o
 *fill*         0x0000000008050db2        0x2 
 .rodata.test_catalogue
                0x0000000008050db4       0x2f build/keys.o
 *fill*         0x0000000008050de3        0x1 
 .rodata.check_special_dn.isra.0.str1.4
                0x0000000008050de4        0x4 build/display.o
 .rodata.carry_overflow.str1.4
                0x0000000008050de8       0x10 build/display.o
 .rodata.annunciators.str1.4
                0x0000000008050df8       0x74 build/display.o
 .rodata.display.str1.4
                0x0000000008050e6c       0xbd build/display.o
                                         0xc9 (size before relaxing)
 *fill*         0x0000000008050f29        0x3 
 .rodata.str1.4
                0x0000000008050f2c      0x10c build/display.o
 .rodata.CSWTCH.349
                0x0000000008051038       0x10 build/display.o
 .rodata.CSWTCH.375
                0x0000000008051048        0xc build/display.o
 .rodata.DIGITS
                0x0000000008051054       0x11 build/display.o
                0x0000000008051054                DIGITS
 *fill*         0x0000000008051065        0x3 
 .rodata.S7_ERROR
                0x0000000008051068        0x6 build/display.o
 *fill*         0x000000000805106e        0x2 
 .rodata.S7_INF
                0x0000000008051070        0x9 build/display.o
 *fill*         0x0000000008051079        0x3 
 .rodata.S7_INF_Text
                0x000000000805107c       0x12 build/display.o
 *fill*         0x000000000805108e        0x2 
 .rodata.S7_NEG_INF_Text
                0x0000000008051090       0x12 build/display.o
 *fill*         0x00000000080510a2        0x2 
 .rodata.S7_NaN
                0x00000000080510a4        0xd build/display.o
 *fill*         0x00000000080510b1        0x3 
 .rodata.S7_NaN_Text
                0x00000000080510b4       0x18 build/display.o
 .rodata.S7_STEP
                0x00000000080510cc        0x6 build/display.o
 *fill*         0x00000000080510d2        0x2 
 .rodata.S7_STEP_ShortText
                0x00000000080510d4        0x5 build/display.o
 *fill*         0x00000000080510d9        0x3 
 .rodata.S7_fract_EQ
                0x00000000080510dc        0x4 build/display.o
 .rodata.S7_fract_GT
                0x00000000080510e0        0x4 build/display.o
 .rodata.S7_fract_LT
                0x00000000080510e4        0x4 build/display.o
 .rodata.S_SURE
                0x00000000080510e8        0x6 build/display.o
 *fill*         0x00000000080510ee        0x2 
 .rodata.SvnRevision
                0x00000000080510f0        0x4 build/display.o
                0x00000000080510f0                SvnRevision
 .rodata.digtbl
                0x00000000080510f4       0x7a build/display.o
 *fill*         0x000000000805116e        0x2 
 .rodata.error_table.8568
                0x0000000008051170       0x6c build/display.o
 .rodata.error_table_text.8569
                0x00000000080511dc       0x6c build/display.o
 .rodata.libname
                0x0000000008051248       0x14 build/display.o
 .rodata.libname_shorttext
                0x000000000805125c       0x14 build/display.o
 .rodata.libname_text
                0x0000000008051270       0x28 build/display.o
 .rodata.shift_chars.8670
                0x0000000008051298        0x4 build/display.o
 .rodata.small_dots.8868
                0x000000000805129c        0xd build/display.o
 *fill*         0x00000000080512a9        0x3 
 .rodata.small_minus.8867
                0x00000000080512ac        0x4 build/display.o
 .rodata.print_step.str1.4
                0x00000000080512b0        0x5 build/xeq.o
 *fill*         0x00000000080512b5        0x3 
 .rodata.op_query_xtal.str1.4
                0x00000000080512b8        0x5 build/xeq.o
 *fill*         0x00000000080512bd        0x3 
 .rodata.op_query_print.str1.4
                0x00000000080512c0        0x6 build/xeq.o
 *fill*         0x00000000080512c6        0x2 
 .rodata.op_2frac.str1.4
                0x00000000080512c8       0x18 build/xeq.o
 .rodata.busy.str1.4
                0x00000000080512e0        0x8 build/xeq.o
 .rodata.xeq.str1.4
                0x00000000080512e8        0x8 build/xeq.o
 .rodata.StackRegMask
                0x00000000080512f0        0x4 build/xeq.o
 .rodata.convergence_tolerances
                0x00000000080512f4        0xc build/xeq.o
 .rodata.modes.11158
                0x0000000008051300        0x7 build/xeq.o
 *fill*         0x0000000008051307        0x1 
 .rodata.modes.11669
                0x0000000008051308        0x4 build/xeq.o
 .rodata.xrom_targets
                0x000000000805130c       0x36 build/xeq.o
                0x000000000805130c                xrom_targets
 *fill*         0x0000000008051342        0x2 
 .rodata.prt_multi.str1.4
                0x0000000008051344        0x4 build/prt.o
 .rodata.prt_specials.part.0.str1.4
                0x0000000008051348       0x1b build/prt.o
                                         0x28 (size before relaxing)
 *fill*         0x0000000008051363        0x1 
 .rodata.prt.str1.4
                0x0000000008051364        0xc build/prt.o
                                         0x19 (size before relaxing)
 .rodata.digits.8265
                0x0000000008051370       0x10 build/prt.o
 .rodata.degrees.9055
                0x0000000008051380       0x10 build/decn.o
 .rodata.gamma_consts
                0x0000000008051390       0x54 build/decn.o
                0x0000000008051390                gamma_consts
 .rodata.gradians.9056
                0x00000000080513e4       0x10 build/decn.o
 .rodata.get_sigmas.str1.4
                0x00000000080513f4       0x16 build/stats.o
 *fill*         0x000000000805140a        0x2 
 .rodata.show_disp.str1.4
                0x000000000805140c       0x20 build/lcd.o
                                         0x30 (size before relaxing)
 .rodata.primes
                0x000000000805142c       0x10 build/int.o
 .rodata.date_alphaday.str1.4
                0x000000000805143c       0x16 build/date.o
 *fill*         0x0000000008051452        0x2 
 .rodata.date_alphatime.str1.4
                0x0000000008051454        0x8 build/date.o
                                          0x9 (size before relaxing)
 .rodata.mons.9084
                0x000000000805145c       0x24 build/date.o
 .rodata.str1.4
                0x0000000008051480      0x241 build/consts.o
                                        0x24d (size before relaxing)
 *fill*         0x00000000080516c1        0x3 
 .rodata.cnsts  0x00000000080516c4      0x4f8 build/consts.o
                0x00000000080516c4                cnsts
 .rodata.cnsts_conv
                0x0000000008051bbc      0x260 build/consts.o
                0x0000000008051bbc                cnsts_conv
 .rodata.cnsts_d128
                0x0000000008051e1c      0x200 build/consts.o
                0x0000000008051e1c                cnsts_d128
 .rodata.cnsts_d64
                0x000000000805201c      0x260 build/consts.o
                0x000000000805201c                cnsts_d64
 .rodata.character_remapping_order
                0x000000000805227c      0x100 build/charmap.o
 .rodata.str1.4
                0x000000000805237c      0x648 build/commands.o
                                        0x688 (size before relaxing)
 .rodata.argcmds
                0x00000000080529c4      0x8f0 build/commands.o
                0x00000000080529c4                argcmds
 .rodata.dyfuncs
                0x00000000080532b4      0x4f8 build/commands.o
                0x00000000080532b4                dyfuncs
 .rodata.monfuncs
                0x00000000080537ac      0xea0 build/commands.o
                0x00000000080537ac                monfuncs
 .rodata.multicmds
                0x000000000805464c       0xb0 build/commands.o
                0x000000000805464c                multicmds
 .rodata.niladics
                0x00000000080546fc      0xcd0 build/commands.o
                0x00000000080546fc                niladics
 .rodata.trifuncs
                0x00000000080553cc       0xf0 build/commands.o
                0x00000000080553cc                trifuncs
 .rodata.program_flash.str1.4
                0x00000000080554bc       0x33 build/storage.o
 *fill*         0x00000000080554ef        0x1 
 .rodata.open_selected_file.str1.4
                0x00000000080554f0       0x11 build/storage.o
 *fill*         0x0000000008055501        0x3 
 .rodata.init_mem.str1.4
                0x0000000008055504        0xe build/storage.o
 *fill*         0x0000000008055512        0x2 
 .rodata.reset.str1.4
                0x0000000008055514        0x7 build/storage.o
 *fill*         0x000000000805551b        0x1 
 .rodata.store_program_from_buffer.part.0.str1.4
                0x000000000805551c        0x9 build/storage.o
 *fill*         0x0000000008055525        0x3 
 .rodata.flash_backup.str1.4
                0x0000000008055528        0xe build/storage.o
 *fill*         0x0000000008055536        0x2 
 .rodata.flash_restore.str1.4
                0x0000000008055538        0x9 build/storage.o
 *fill*         0x0000000008055541        0x3 
 .rodata.save_lib_file.str1.4
                0x0000000008055544       0x31 build/storage.o
 *fill*         0x0000000008055575        0x3 
 .rodata.load_lib_file.str1.4
                0x0000000008055578       0x21 build/storage.o
 *fill*         0x0000000008055599        0x3 
 .rodata.save_ram_file.str1.4
                0x000000000805559c       0x3d build/storage.o
 *fill*         0x00000000080555d9        0x3 
 .rodata.load_ram_file.str1.4
                0x00000000080555dc       0x19 build/storage.o
 *fill*         0x00000000080555f5        0x3 
 .rodata.load_backup_file.str1.4
                0x00000000080555f8       0x21 build/storage.o
 *fill*         0x0000000008055619        0x3 
 .rodata.save_prog_file.str1.4
                0x000000000805561c       0x36 build/storage.o
 *fill*         0x0000000008055652        0x2 
 .rodata.load_prog_file.str1.4
                0x0000000008055654       0x29 build/storage.o
 *fill*         0x000000000805567d        0x3 
 .rodata.bm_large.5521
                0x0000000008055680      0x2fa build/font.o
 *fill*         0x000000000805597a        0x2 
 .rodata.bm_small.5522
                0x000000000805597c      0x25e build/font.o
 *fill*         0x0000000008055bda        0x2 
 .rodata.divs.5505
                0x0000000008055bdc        0x3 build/font.o
 *fill*         0x0000000008055bdf        0x1 
 .rodata.widths.5504
                0x0000000008055be0       0xab build/font.o
 *fill*         0x0000000008055c8b        0x1 
 .rodata.xrom   0x0000000008055c8c     0x1b9a build/xrom.o
                0x0000000008055c8c                xrom
 .rodata.xrom_size
                0x0000000008057826        0x2 build/xrom.o
                0x0000000008057826                xrom_size
 .rodata.menu_line_str.str1.4
                0x0000000008057828        0x8 build/console.o
 .rodata.disp_about.str1.4
                0x0000000008057830       0xe6 build/console.o
 *fill*         0x0000000008057916        0x2 
 .rodata.do_multi.str1.4
                0x0000000008057918       0x16 build/console.o
 *fill*         0x000000000805792e        0x2 
 .rodata.str1.4
                0x0000000008057930       0x10 build/console.o
 .rodata.MID_MENU
                0x0000000008057940       0x10 build/console.o
                0x0000000008057940                MID_MENU
 .rodata.Menus  0x0000000008057950      0xea0 build/console.o
 .rodata.mapping_alpha.11014
                0x00000000080587f0      0x178 build/console.o
 .rodata.mapping_fshift.11012
                0x0000000008058968      0x178 build/console.o
 .rodata.mapping_gshift.11013
                0x0000000008058ae0      0x178 build/console.o
 .rodata.mapping_none.11011
                0x0000000008058c58      0x178 build/console.o
 .rodata.mapping_running.11015
                0x0000000008058dd0      0x178 build/console.o
 .rodata.mid_menu
                0x0000000008058f48        0x4 build/console.o
                0x0000000008058f48                mid_menu
 .rodata.const_50
                0x0000000008058f4c        0xc build/libconsts.a(const_50.o)
                0x0000000008058f4c                const_50
 .rodata.const_randfac
                0x0000000008058f58       0x1c build/libconsts.a(const_randfac.o)
                0x0000000008058f58                const_randfac
 .rodata.const_ln10
                0x0000000008058f74       0x24 build/libconsts.a(const_ln10.o)
                0x0000000008058f74                const_ln10
 .rodata.const_egamma
                0x0000000008058f98       0x24 build/libconsts.a(const_egamma.o)
                0x0000000008058f98                const_egamma
 .rodata.const_256
                0x0000000008058fbc        0xc build/libconsts.a(const_256.o)
                0x0000000008058fbc                const_256
 .rodata.const_180
                0x0000000008058fc8        0xc build/libconsts.a(const_180.o)
                0x0000000008058fc8                const_180
 .rodata.const_1e_32
                0x0000000008058fd4        0xc build/libconsts.a(const_1e_32.o)
                0x0000000008058fd4                const_1e_32
 .rodata.const_gammaC03
                0x0000000008058fe0       0x24 build/libconsts.a(const_gammaC03.o)
                0x0000000008058fe0                const_gammaC03
 .rodata.const_60
                0x0000000008059004        0xc build/libconsts.a(const_60.o)
                0x0000000008059004                const_60
 .rodata.const_10
                0x0000000008059010        0xc build/libconsts.a(const_10.o)
                0x0000000008059010                const_10
 .rodata.const_360
                0x000000000805901c        0xc build/libconsts.a(const_360.o)
                0x000000000805901c                const_360
 .rodata.const_gammaC10
                0x0000000008059028       0x24 build/libconsts.a(const_gammaC10.o)
                0x0000000008059028                const_gammaC10
 .rodata.const_gammaC11
                0x000000000805904c       0x24 build/libconsts.a(const_gammaC11.o)
                0x000000000805904c                const_gammaC11
 .rodata.const__inf
                0x0000000008059070        0xc build/libconsts.a(const__inf.o)
                0x0000000008059070                const__inf
 .rodata.const_21
                0x000000000805907c        0xc build/libconsts.a(const_21.o)
                0x000000000805907c                const_21
 .rodata.const_gammaC16
                0x0000000008059088       0x24 build/libconsts.a(const_gammaC16.o)
                0x0000000008059088                const_gammaC16
 .rodata.const_200
                0x00000000080590ac        0xc build/libconsts.a(const_200.o)
                0x00000000080590ac                const_200
 .rodata.const_gammaC06
                0x00000000080590b8       0x24 build/libconsts.a(const_gammaC06.o)
                0x00000000080590b8                const_gammaC06
 .rodata.const_NaN
                0x00000000080590dc        0xc build/libconsts.a(const_NaN.o)
                0x00000000080590dc                const_NaN
 .rodata.const_gammaC15
                0x00000000080590e8       0x24 build/libconsts.a(const_gammaC15.o)
                0x00000000080590e8                const_gammaC15
 .rodata.const_1e_24
                0x000000000805910c        0xc build/libconsts.a(const_1e_24.o)
                0x000000000805910c                const_1e_24
 .rodata.const_45
                0x0000000008059118        0xc build/libconsts.a(const_45.o)
                0x0000000008059118                const_45
 .rodata.const_0_05
                0x0000000008059124        0xc build/libconsts.a(const_0_05.o)
                0x0000000008059124                const_0_05
 .rodata.const_3
                0x0000000008059130        0xc build/libconsts.a(const_3.o)
                0x0000000008059130                const_3
 .rodata.const_hms_threshold
                0x000000000805913c       0x24 build/libconsts.a(const_hms_threshold.o)
                0x000000000805913c                const_hms_threshold
 .rodata.const_gammaC14
                0x0000000008059160       0x24 build/libconsts.a(const_gammaC14.o)
                0x0000000008059160                const_gammaC14
 .rodata.const_0_6
                0x0000000008059184        0xc build/libconsts.a(const_0_6.o)
                0x0000000008059184                const_0_6
 .rodata.const_32
                0x0000000008059190        0xc build/libconsts.a(const_32.o)
                0x0000000008059190                const_32
 .rodata.const_0_75
                0x000000000805919c        0xc build/libconsts.a(const_0_75.o)
                0x000000000805919c                const_0_75
 .rodata.const__1
                0x00000000080591a8        0xc build/libconsts.a(const__1.o)
                0x00000000080591a8                const__1
 .rodata.const_gammaC00
                0x00000000080591b4       0x24 build/libconsts.a(const_gammaC00.o)
                0x00000000080591b4                const_gammaC00
 .rodata.const_ln2
                0x00000000080591d8       0x24 build/libconsts.a(const_ln2.o)
                0x00000000080591d8                const_ln2
 .rodata.const_gammaC18
                0x00000000080591fc       0x24 build/libconsts.a(const_gammaC18.o)
                0x00000000080591fc                const_gammaC18
 .rodata.const_2PI
                0x0000000008059220      0x138 build/libconsts.a(const_2PI.o)
                0x0000000008059220                const_2PI
 .rodata.const_1e_14
                0x0000000008059358        0xc build/libconsts.a(const_1e_14.o)
                0x0000000008059358                const_1e_14
 .rodata.const_0
                0x0000000008059364        0xc build/libconsts.a(const_0.o)
                0x0000000008059364                const_0
 .rodata.const_PIon180
                0x0000000008059370       0x24 build/libconsts.a(const_PIon180.o)
                0x0000000008059370                const_PIon180
 .rodata.const_9000
                0x0000000008059394        0xc build/libconsts.a(const_9000.o)
                0x0000000008059394                const_9000
 .rodata.const_0_9
                0x00000000080593a0        0xc build/libconsts.a(const_0_9.o)
                0x00000000080593a0                const_0_9
 .rodata.const_gammaC08
                0x00000000080593ac       0x24 build/libconsts.a(const_gammaC08.o)
                0x00000000080593ac                const_gammaC08
 .rodata.const_gammaC21
                0x00000000080593d0       0x24 build/libconsts.a(const_gammaC21.o)
                0x00000000080593d0                const_gammaC21
 .rodata.const_1e_37
                0x00000000080593f4        0xc build/libconsts.a(const_1e_37.o)
                0x00000000080593f4                const_1e_37
 .rodata.const_gammaC05
                0x0000000008059400       0x24 build/libconsts.a(const_gammaC05.o)
                0x0000000008059400                const_gammaC05
 .rodata.const_2
                0x0000000008059424        0xc build/libconsts.a(const_2.o)
                0x0000000008059424                const_2
 .rodata.const_gammaC13
                0x0000000008059430       0x24 build/libconsts.a(const_gammaC13.o)
                0x0000000008059430                const_gammaC13
 .rodata.const_100000
                0x0000000008059454        0xc build/libconsts.a(const_100000.o)
                0x0000000008059454                const_100000
 .rodata.const_gammaR
                0x0000000008059460       0x10 build/libconsts.a(const_gammaR.o)
                0x0000000008059460                const_gammaR
 .rodata.const_5
                0x0000000008059470        0xc build/libconsts.a(const_5.o)
                0x0000000008059470                const_5
 .rodata.const_1
                0x000000000805947c        0xc build/libconsts.a(const_1.o)
                0x000000000805947c                const_1
 .rodata.const_gammaC19
                0x0000000008059488       0x24 build/libconsts.a(const_gammaC19.o)
                0x0000000008059488                const_gammaC19
 .rodata.const_inf
                0x00000000080594ac        0xc build/libconsts.a(const_inf.o)
                0x00000000080594ac                const_inf
 .rodata.const_0_995
                0x00000000080594b8        0xc build/libconsts.a(const_0_995.o)
                0x00000000080594b8                const_0_995
 .rodata.const_0_0001
                0x00000000080594c4        0xc build/libconsts.a(const_0_0001.o)
                0x00000000080594c4                const_0_0001
 .rodata.const_1on60
                0x00000000080594d0       0x24 build/libconsts.a(const_1on60.o)
                0x00000000080594d0                const_1on60
 .rodata.const_PIon200
                0x00000000080594f4       0x24 build/libconsts.a(const_PIon200.o)
                0x00000000080594f4                const_PIon200
 .rodata.const_gammaC01
                0x0000000008059518       0x24 build/libconsts.a(const_gammaC01.o)
                0x0000000008059518                const_gammaC01
 .rodata.const_gammaC09
                0x000000000805953c       0x24 build/libconsts.a(const_gammaC09.o)
                0x000000000805953c                const_gammaC09
 .rodata.const_0_5
                0x0000000008059560        0xc build/libconsts.a(const_0_5.o)
                0x0000000008059560                const_0_5
 .rodata.const_9on5
                0x000000000805956c        0xc build/libconsts.a(const_9on5.o)
                0x000000000805956c                const_9on5
 .rodata.const_20
                0x0000000008059578        0xc build/libconsts.a(const_20.o)
                0x0000000008059578                const_20
 .rodata.const_gammaC20
                0x0000000008059584       0x24 build/libconsts.a(const_gammaC20.o)
                0x0000000008059584                const_gammaC20
 .rodata.const_400
                0x00000000080595a8        0xc build/libconsts.a(const_400.o)
                0x00000000080595a8                const_400
 .rodata.const_gammaC07
                0x00000000080595b4       0x24 build/libconsts.a(const_gammaC07.o)
                0x00000000080595b4                const_gammaC07
 .rodata.const__0
                0x00000000080595d8        0xc build/libconsts.a(const__0.o)
                0x00000000080595d8                const__0
 .rodata.const_0_4
                0x00000000080595e4        0xc build/libconsts.a(const_0_4.o)
                0x00000000080595e4                const_0_4
 .rodata.const_1e_10000
                0x00000000080595f0        0xc build/libconsts.a(const_1e_10000.o)
                0x00000000080595f0                const_1e_10000
 .rodata.const_gammaC12
                0x00000000080595fc       0x24 build/libconsts.a(const_gammaC12.o)
                0x00000000080595fc                const_gammaC12
 .rodata.const_2pow64
                0x0000000008059620       0x18 build/libconsts.a(const_2pow64.o)
                0x0000000008059620                const_2pow64
 .rodata.const_PIon2
                0x0000000008059638       0x24 build/libconsts.a(const_PIon2.o)
                0x0000000008059638                const_PIon2
 .rodata.const_gammaC04
                0x000000000805965c       0x24 build/libconsts.a(const_gammaC04.o)
                0x000000000805965c                const_gammaC04
 .rodata.const_90
                0x0000000008059680        0xc build/libconsts.a(const_90.o)
                0x0000000008059680                const_90
 .rodata.const_gammaC17
                0x000000000805968c       0x24 build/libconsts.a(const_gammaC17.o)
                0x000000000805968c                const_gammaC17
 .rodata.const_gammaC02
                0x00000000080596b0       0x24 build/libconsts.a(const_gammaC02.o)
                0x00000000080596b0                const_gammaC02
 .rodata.const_PI
                0x00000000080596d4       0x24 build/libconsts.a(const_PI.o)
                0x00000000080596d4                const_PI
 .rodata.const_root2on2
                0x00000000080596f8       0x24 build/libconsts.a(const_root2on2.o)
                0x00000000080596f8                const_root2on2
 .rodata.const_100
                0x000000000805971c        0xc build/libconsts.a(const_100.o)
                0x000000000805971c                const_100
 .rodata.const_0_1
                0x0000000008059728        0xc build/libconsts.a(const_0_1.o)
                0x0000000008059728                const_0_1
 .rodata.decNumberToString.str1.4
                0x0000000008059734        0x9 build/libdecNumber.a(decNumber.o)
                                         0x10 (size before relaxing)
 *fill*         0x000000000805973d        0x3 
 .rodata.decNumberFromString.str1.4
                0x0000000008059740       0x1c build/libdecNumber.a(decNumber.o)
                                         0x20 (size before relaxing)
 .rodata.multies
                0x000000000805975c       0x14 build/libdecNumber.a(decNumber.o)
 .rodata.powers
                0x0000000008059770       0x28 build/libdecNumber.a(decNumber.o)
                0x0000000008059770                powers
 .rodata.resmap
                0x0000000008059798        0xa build/libdecNumber.a(decNumber.o)
 *fill*         0x00000000080597a2        0x2 
 .rodata.uarrone
                0x00000000080597a4        0x2 build/libdecNumber.a(decNumber.o)
 *fill*         0x00000000080597a6        0x2 
 .rodata.COMBEXP
                0x00000000080597a8       0x80 build/libdecNumber.a(decimal64.o)
                0x00000000080597a8                COMBEXP
 .rodata.COMBMSD
                0x0000000008059828       0x80 build/libdecNumber.a(decimal64.o)
                0x0000000008059828                COMBMSD
 .rodata.multies
                0x00000000080598a8       0x14 build/libdecNumber.a(decimal64.o)
 .rodata.str1.4
                0x00000000080598bc        0x6 /usr/lib/gcc/arm-none-eabi/9.2.1/../../../arm-none-eabi/lib/thumb/v7e-m+fp/hard/libc.a(lib_a-perror.o)
 *fill*         0x00000000080598c2        0x2 
 .rodata.str1.4
                0x00000000080598c4      0x700 /usr/lib/gcc/arm-none-eabi/9.2.1/../../../arm-none-eabi/lib/thumb/v7e-m+fp/hard/libc.a(lib_a-strerror.o)
                                        0x701 (size before relaxing)
 .rodata.str1.4
                0x0000000008059fc4       0x33 /usr/lib/gcc/arm-none-eabi/9.2.1/../../../arm-none-eabi/lib/thumb/v7e-m+fp/hard/libc.a(lib_a-svfprintf.o)
                                         0x42 (size before relaxing)
 *fill*         0x0000000008059ff7        0x1 
 .rodata.str1.4
                0x0000000008059ff8       0x46 /usr/lib/gcc/arm-none-eabi/9.2.1/../../../arm-none-eabi/lib/thumb/v7e-m+fp/hard/libc.a(lib_a-dtoa.o)
                                         0x5a (size before relaxing)
 *fill*         0x000000000805a03e        0x2 
 .rodata.str1.4
                0x000000000805a040       0x33 /usr/lib/gcc/arm-none-eabi/9.2.1/../../../arm-none-eabi/lib/thumb/v7e-m+fp/hard/libc.a(lib_a-mprec.o)
                                         0x47 (size before relaxing)
 .rodata.str1.4
                0x000000000805a073       0x2f /usr/lib/gcc/arm-none-eabi/9.2.1/../../../arm-none-eabi/lib/thumb/v7e-m+fp/hard/libc.a(lib_a-svfiprintf.o)
 *fill*         0x000000000805a073        0x1 
 .rodata.str1.4
                0x000000000805a074       0x3f /usr/lib/gcc/arm-none-eabi/9.2.1/../../../arm-none-eabi/lib/thumb/v7e-m+fp/hard/libc.a(lib_a-assert.o)
                                         0x43 (size before relaxing)
 *fill*         0x000000000805a0b3        0x1 
 .rodata.str1.4
                0x000000000805a0b4        0x6 /usr/lib/gcc/arm-none-eabi/9.2.1/../../../arm-none-eabi/lib/thumb/v7e-m+fp/hard/libc.a(lib_a-locale.o)
                                         0x12 (size before relaxing)
 .rodata.str1.4
                0x000000000805a0ba       0x2f /usr/lib/gcc/arm-none-eabi/9.2.1/../../../arm-none-eabi/lib/thumb/v7e-m+fp/hard/libc.a(lib_a-vfiprintf.o)
                0x000000000805a0f0                . = ALIGN (0x8)
 *fill*         0x000000000805a0ba        0x6 
                0x0000000090000000                _qspi_init_base = LOADADDR (.qspi)
                0x0000000000000000                _qspi_init_length = SIZEOF (.qspi)

.text           0x000000000805a0c0    0x247c8
                0x000000000805a0c0                . = ALIGN (0x8)
 *(.text)
 .text          0x000000000805a0c0       0x88 /usr/lib/gcc/arm-none-eabi/9.2.1/thumb/v7e-m+fp/hard/crtbegin.o
 .text          0x000000000805a148       0x30 /usr/lib/gcc/arm-none-eabi/9.2.1/thumb/v7e-m+fp/hard/libgcc.a(_aeabi_uldivmod.o)
                0x000000000805a148                __aeabi_uldivmod
 .text          0x000000000805a178      0x2c4 /usr/lib/gcc/arm-none-eabi/9.2.1/thumb/v7e-m+fp/hard/libgcc.a(_udivmoddi4.o)
                0x000000000805a178                __udivmoddi4
 .text          0x000000000805a43c        0x4 /usr/lib/gcc/arm-none-eabi/9.2.1/thumb/v7e-m+fp/hard/libgcc.a(_dvmd_tls.o)
                0x000000000805a43c                __aeabi_ldiv0
                0x000000000805a43c                __aeabi_idiv0
 .text          0x000000000805a440        0xc /usr/lib/gcc/arm-none-eabi/9.2.1/../../../arm-none-eabi/lib/thumb/v7e-m+fp/hard/libc.a(lib_a-atexit.o)
                0x000000000805a440                atexit
 .text          0x000000000805a44c        0xc /usr/lib/gcc/arm-none-eabi/9.2.1/../../../arm-none-eabi/lib/thumb/v7e-m+fp/hard/libc.a(lib_a-errno.o)
                0x000000000805a44c                __errno
 .text          0x000000000805a458       0x34 /usr/lib/gcc/arm-none-eabi/9.2.1/../../../arm-none-eabi/lib/thumb/v7e-m+fp/hard/libc.a(lib_a-fini.o)
                0x000000000805a458                __libc_fini_array
 .text          0x000000000805a48c       0x48 /usr/lib/gcc/arm-none-eabi/9.2.1/../../../arm-none-eabi/lib/thumb/v7e-m+fp/hard/libc.a(lib_a-init.o)
                0x000000000805a48c                __libc_init_array
 .text          0x000000000805a4d4       0xa0 /usr/lib/gcc/arm-none-eabi/9.2.1/../../../arm-none-eabi/lib/thumb/v7e-m+fp/hard/libc.a(lib_a-memset.o)
                0x000000000805a4d4                memset
 .text          0x000000000805a574      0x100 /usr/lib/gcc/arm-none-eabi/9.2.1/../../../arm-none-eabi/lib/thumb/v7e-m+fp/hard/libc.a(lib_a-perror.o)
                0x000000000805a574                _perror_r
                0x000000000805a664                perror
 .text          0x000000000805a674       0x80 /usr/lib/gcc/arm-none-eabi/9.2.1/../../../arm-none-eabi/lib/thumb/v7e-m+fp/hard/libc.a(lib_a-sprintf.o)
                0x000000000805a674                _sprintf_r
                0x000000000805a6b0                sprintf
 .text          0x000000000805a6f4      0x3fc /usr/lib/gcc/arm-none-eabi/9.2.1/../../../arm-none-eabi/lib/thumb/v7e-m+fp/hard/libc.a(lib_a-strerror.o)
                0x000000000805a6f4                _strerror_r
                0x000000000805aac0                strerror
                0x000000000805aad8                strerror_l
 *fill*         0x000000000805aaf0       0x10 
 .text          0x000000000805ab00       0xdc /usr/lib/gcc/arm-none-eabi/9.2.1/../../../arm-none-eabi/lib/thumb/v7e-m+fp/hard/libc.a(lib_a-strlen.o)
                0x000000000805ab00                strlen
 .text          0x000000000805abdc       0x74 /usr/lib/gcc/arm-none-eabi/9.2.1/../../../arm-none-eabi/lib/thumb/v7e-m+fp/hard/libc.a(lib_a-strncpy.o)
                0x000000000805abdc                strncpy
 .text          0x000000000805ac50     0x1498 /usr/lib/gcc/arm-none-eabi/9.2.1/../../../arm-none-eabi/lib/thumb/v7e-m+fp/hard/libc.a(lib_a-svfprintf.o)
                0x000000000805ac50                _svfprintf_r
 .text          0x000000000805c0e8        0x4 /usr/lib/gcc/arm-none-eabi/9.2.1/../../../arm-none-eabi/lib/thumb/v7e-m+fp/hard/libc.a(lib_a-u_strerr.o)
                0x000000000805c0e8                _user_strerror
 .text          0x000000000805c0ec       0x2c /usr/lib/gcc/arm-none-eabi/9.2.1/../../../arm-none-eabi/lib/thumb/v7e-m+fp/hard/libc.a(lib_a-writer.o)
                0x000000000805c0ec                _write_r
 .text          0x000000000805c118       0x68 /usr/lib/gcc/arm-none-eabi/9.2.1/../../../arm-none-eabi/lib/thumb/v7e-m+fp/hard/libc.a(lib_a-__atexit.o)
                0x000000000805c118                __register_exitproc
 .text          0x000000000805c180      0xfc0 /usr/lib/gcc/arm-none-eabi/9.2.1/../../../arm-none-eabi/lib/thumb/v7e-m+fp/hard/libc.a(lib_a-dtoa.o)
                0x000000000805c2a4                _dtoa_r
 .text          0x000000000805d140      0x1a4 /usr/lib/gcc/arm-none-eabi/9.2.1/../../../arm-none-eabi/lib/thumb/v7e-m+fp/hard/libc.a(lib_a-fflush.o)
                0x000000000805d140                __sflush_r
                0x000000000805d28c                _fflush_r
                0x000000000805d2c0                fflush
 .text          0x000000000805d2e4       0x34 /usr/lib/gcc/arm-none-eabi/9.2.1/../../../arm-none-eabi/lib/thumb/v7e-m+fp/hard/libc.a(lib_a-fileno.o)
                0x000000000805d2e4                fileno
 .text          0x000000000805d318      0x1f4 /usr/lib/gcc/arm-none-eabi/9.2.1/../../../arm-none-eabi/lib/thumb/v7e-m+fp/hard/libc.a(lib_a-findfp.o)
                0x000000000805d31c                _cleanup_r
                0x000000000805d400                __sfmoreglue
                0x000000000805d430                __sfp
                0x000000000805d4b8                _cleanup
                0x000000000805d4cc                __sinit
                0x000000000805d4d4                __sfp_lock_acquire
                0x000000000805d4d8                __sfp_lock_release
                0x000000000805d4dc                __sinit_lock_acquire
                0x000000000805d4e0                __sinit_lock_release
                0x000000000805d4e4                __fp_lock_all
                0x000000000805d4f8                __fp_unlock_all
 .text          0x000000000805d50c       0xa0 /usr/lib/gcc/arm-none-eabi/9.2.1/../../../arm-none-eabi/lib/thumb/v7e-m+fp/hard/libc.a(lib_a-fwalk.o)
                0x000000000805d50c                _fwalk
                0x000000000805d558                _fwalk_reent
 .text          0x000000000805d5ac       0x14 /usr/lib/gcc/arm-none-eabi/9.2.1/../../../arm-none-eabi/lib/thumb/v7e-m+fp/hard/libc.a(lib_a-localeconv.o)
                0x000000000805d5ac                __localeconv_l
                0x000000000805d5b0                _localeconv_r
                0x000000000805d5b8                localeconv
 .text          0x000000000805d5c0       0xa0 /usr/lib/gcc/arm-none-eabi/9.2.1/../../../arm-none-eabi/lib/thumb/v7e-m+fp/hard/libc.a(lib_a-memchr.o)
                0x000000000805d5c0                memchr
 .text          0x000000000805d660      0x134 /usr/lib/gcc/arm-none-eabi/9.2.1/../../../arm-none-eabi/lib/thumb/v7e-m+fp/hard/libc.a(lib_a-memcpy.o)
                0x000000000805d660                memcpy
 .text          0x000000000805d794      0x9a8 /usr/lib/gcc/arm-none-eabi/9.2.1/../../../arm-none-eabi/lib/thumb/v7e-m+fp/hard/libc.a(lib_a-mprec.o)
                0x000000000805d794                _Balloc
                0x000000000805d7e0                _Bfree
                0x000000000805d7f4                __multadd
                0x000000000805d898                __s2b
                0x000000000805d944                __hi0bits
                0x000000000805d984                __lo0bits
                0x000000000805d9e4                __i2b
                0x000000000805da10                __multiply
                0x000000000805db5c                __pow5mult
                0x000000000805dbf4                __lshift
                0x000000000805dcc0                __mcmp
                0x000000000805dcf8                __mdiff
                0x000000000805de20                __ulp
                0x000000000805de70                __b2d
                0x000000000805df28                __d2b
                0x000000000805dffc                __ratio
                0x000000000805e05c                _mprec_log10
                0x000000000805e09c                __copybits
                0x000000000805e0e4                __any_on
 .text          0x000000000805e13c       0x90 /usr/lib/gcc/arm-none-eabi/9.2.1/../../../arm-none-eabi/lib/thumb/v7e-m+fp/hard/libc.a(lib_a-stdio.o)
                0x000000000805e13c                __sread
                0x000000000805e160                __seofread
                0x000000000805e164                __swrite
                0x000000000805e1a4                __sseek
                0x000000000805e1c4                __sclose
 .text          0x000000000805e1cc      0xb64 /usr/lib/gcc/arm-none-eabi/9.2.1/../../../arm-none-eabi/lib/thumb/v7e-m+fp/hard/libc.a(lib_a-svfiprintf.o)
                0x000000000805e1cc                __ssprint_r
                0x000000000805e2c4                _svfiprintf_r
 .text          0x000000000805ed30       0x48 /usr/lib/gcc/arm-none-eabi/9.2.1/../../../arm-none-eabi/lib/thumb/v7e-m+fp/hard/libc.a(lib_a-assert.o)
                0x000000000805ed30                __assert_func
                0x000000000805ed6c                __assert
 .text          0x000000000805ed78       0x24 /usr/lib/gcc/arm-none-eabi/9.2.1/../../../arm-none-eabi/lib/thumb/v7e-m+fp/hard/libc.a(lib_a-closer.o)
                0x000000000805ed78                _close_r
 .text          0x000000000805ed9c       0x98 /usr/lib/gcc/arm-none-eabi/9.2.1/../../../arm-none-eabi/lib/thumb/v7e-m+fp/hard/libc.a(lib_a-fclose.o)
                0x000000000805ed9c                _fclose_r
                0x000000000805ee24                fclose
 .text          0x000000000805ee34       0x44 /usr/lib/gcc/arm-none-eabi/9.2.1/../../../arm-none-eabi/lib/thumb/v7e-m+fp/hard/libc.a(lib_a-fiprintf.o)
                0x000000000805ee34                _fiprintf_r
                0x000000000805ee50                fiprintf
 .text          0x000000000805ee78       0x5c /usr/lib/gcc/arm-none-eabi/9.2.1/../../../arm-none-eabi/lib/thumb/v7e-m+fp/hard/libc.a(lib_a-locale.o)
                0x000000000805ee78                _setlocale_r
                0x000000000805eeb8                __locale_mb_cur_max
                0x000000000805eec4                setlocale
 .text          0x000000000805eed4       0x2c /usr/lib/gcc/arm-none-eabi/9.2.1/../../../arm-none-eabi/lib/thumb/v7e-m+fp/hard/libc.a(lib_a-lseekr.o)
                0x000000000805eed4                _lseek_r
 .text          0x000000000805ef00       0x40 /usr/lib/gcc/arm-none-eabi/9.2.1/../../../arm-none-eabi/lib/thumb/v7e-m+fp/hard/libc.a(lib_a-mbtowc_r.o)
                0x000000000805ef00                _mbtowc_r
                0x000000000805ef14                __ascii_mbtowc
 .text          0x000000000805ef40       0xd0 /usr/lib/gcc/arm-none-eabi/9.2.1/../../../arm-none-eabi/lib/thumb/v7e-m+fp/hard/libc.a(lib_a-memmove.o)
                0x000000000805ef40                memmove
 .text          0x000000000805f010       0x2c /usr/lib/gcc/arm-none-eabi/9.2.1/../../../arm-none-eabi/lib/thumb/v7e-m+fp/hard/libc.a(lib_a-readr.o)
                0x000000000805f010                _read_r
 *fill*         0x000000000805f03c        0x4 
 .text          0x000000000805f040      0x2dc /usr/lib/gcc/arm-none-eabi/9.2.1/../../../arm-none-eabi/lib/thumb/v7e-m+fp/hard/libc.a(lib_a-strcmp.o)
                0x000000000805f048                strcmp
 .text          0x000000000805f31c      0xd00 /usr/lib/gcc/arm-none-eabi/9.2.1/../../../arm-none-eabi/lib/thumb/v7e-m+fp/hard/libc.a(lib_a-vfiprintf.o)
                0x000000000805f394                __sprint_r
                0x000000000805f3a8                _vfiprintf_r
                0x000000000805ff98                vfiprintf
 .text          0x000000000806001c       0x30 /usr/lib/gcc/arm-none-eabi/9.2.1/../../../arm-none-eabi/lib/thumb/v7e-m+fp/hard/libc.a(lib_a-wctomb_r.o)
                0x000000000806001c                _wctomb_r
                0x0000000008060030                __ascii_wctomb
 .text          0x000000000806004c       0xd0 /usr/lib/gcc/arm-none-eabi/9.2.1/../../../arm-none-eabi/lib/thumb/v7e-m+fp/hard/libc.a(lib_a-wsetup.o)
                0x000000000806004c                __swsetup_r
 .text          0x000000000806011c       0x10 /usr/lib/gcc/arm-none-eabi/9.2.1/../../../arm-none-eabi/lib/thumb/v7e-m+fp/hard/libc.a(lib_a-abort.o)
                0x000000000806011c                abort
 .text          0x000000000806012c      0x110 /usr/lib/gcc/arm-none-eabi/9.2.1/../../../arm-none-eabi/lib/thumb/v7e-m+fp/hard/libc.a(lib_a-fputwc.o)
                0x000000000806012c                __fputwc
                0x00000000080601d4                _fputwc_r
                0x00000000080601fc                fputwc
 .text          0x000000000806023c      0x308 /usr/lib/gcc/arm-none-eabi/9.2.1/../../../arm-none-eabi/lib/thumb/v7e-m+fp/hard/libc.a(lib_a-fvwrite.o)
                0x000000000806023c                __sfvwrite_r
 .text          0x0000000008060544       0xf0 /usr/lib/gcc/arm-none-eabi/9.2.1/../../../arm-none-eabi/lib/thumb/v7e-m+fp/hard/libc.a(lib_a-makebuf.o)
                0x0000000008060544                __swhatbuf_r
                0x00000000080605a0                __smakebuf_r
 .text          0x0000000008060634      0x15c /usr/lib/gcc/arm-none-eabi/9.2.1/../../../arm-none-eabi/lib/thumb/v7e-m+fp/hard/libc.a(lib_a-signal.o)
                0x000000000806065c                _init_signal_r
                0x0000000008060668                _signal_r
                0x00000000080606a0                _raise_r
                0x00000000080606f8                __sigtramp_r
                0x000000000806074c                raise
                0x000000000806075c                signal
                0x000000000806076c                _init_signal
                0x0000000008060780                __sigtramp
 .text          0x0000000008060790       0x2c /usr/lib/gcc/arm-none-eabi/9.2.1/../../../arm-none-eabi/lib/thumb/v7e-m+fp/hard/libc.a(lib_a-signalr.o)
                0x0000000008060790                _kill_r
                0x00000000080607b8                _getpid_r
 .text          0x00000000080607bc       0xc0 /usr/lib/gcc/arm-none-eabi/9.2.1/../../../arm-none-eabi/lib/thumb/v7e-m+fp/hard/libc.a(lib_a-wbuf.o)
                0x00000000080607bc                __swbuf_r
                0x000000000806086c                __swbuf
 .text          0x000000000806087c       0x7c /usr/lib/gcc/arm-none-eabi/9.2.1/../../../arm-none-eabi/lib/thumb/v7e-m+fp/hard/libc.a(lib_a-wcrtomb.o)
                0x000000000806087c                _wcrtomb_r
                0x00000000080608b0                wcrtomb
 .text          0x00000000080608f8       0x28 /usr/lib/gcc/arm-none-eabi/9.2.1/../../../arm-none-eabi/lib/thumb/v7e-m+fp/hard/libc.a(lib_a-fstatr.o)
                0x00000000080608f8                _fstat_r
 .text          0x0000000008060920       0x24 /usr/lib/gcc/arm-none-eabi/9.2.1/../../../arm-none-eabi/lib/thumb/v7e-m+fp/hard/libc.a(lib_a-isattyr.o)
                0x0000000008060920                _isatty_r
 .text          0x0000000008060944      0x378 /usr/lib/gcc/arm-none-eabi/9.2.1/thumb/v7e-m+fp/hard/libgcc.a(_arm_addsubdf3.o)
                0x0000000008060944                __aeabi_drsub
                0x000000000806094c                __aeabi_dsub
                0x000000000806094c                __subdf3
                0x0000000008060950                __adddf3
                0x0000000008060950                __aeabi_dadd
                0x0000000008060bc8                __aeabi_ui2d
                0x0000000008060bc8                __floatunsidf
                0x0000000008060be8                __floatsidf
                0x0000000008060be8                __aeabi_i2d
                0x0000000008060c0c                __extendsfdf2
                0x0000000008060c0c                __aeabi_f2d
                0x0000000008060c50                __aeabi_ul2d
                0x0000000008060c50                __floatundidf
                0x0000000008060c60                __floatdidf
                0x0000000008060c60                __aeabi_l2d
 .text          0x0000000008060cbc      0x424 /usr/lib/gcc/arm-none-eabi/9.2.1/thumb/v7e-m+fp/hard/libgcc.a(_arm_muldivdf3.o)
                0x0000000008060cbc                __aeabi_dmul
                0x0000000008060cbc                __muldf3
                0x0000000008060f10                __aeabi_ddiv
                0x0000000008060f10                __divdf3
 .text          0x00000000080610e0      0x110 /usr/lib/gcc/arm-none-eabi/9.2.1/thumb/v7e-m+fp/hard/libgcc.a(_arm_cmpdf2.o)
                0x00000000080610e0                __gtdf2
                0x00000000080610e0                __gedf2
                0x00000000080610e8                __ltdf2
                0x00000000080610e8                __ledf2
                0x00000000080610f0                __cmpdf2
                0x00000000080610f0                __eqdf2
                0x00000000080610f0                __nedf2
                0x000000000806116c                __aeabi_cdrcmple
                0x000000000806117c                __aeabi_cdcmple
                0x000000000806117c                __aeabi_cdcmpeq
                0x000000000806118c                __aeabi_dcmpeq
                0x00000000080611a0                __aeabi_dcmplt
                0x00000000080611b4                __aeabi_dcmple
                0x00000000080611c8                __aeabi_dcmpge
                0x00000000080611dc                __aeabi_dcmpgt
 .text          0x00000000080611f0       0x2c /usr/lib/gcc/arm-none-eabi/9.2.1/thumb/v7e-m+fp/hard/libgcc.a(_arm_unorddf2.o)
                0x00000000080611f0                __aeabi_dcmpun
                0x00000000080611f0                __unorddf2
 .text          0x000000000806121c       0x50 /usr/lib/gcc/arm-none-eabi/9.2.1/thumb/v7e-m+fp/hard/libgcc.a(_arm_fixdfsi.o)
                0x000000000806121c                __fixdfsi
                0x000000000806121c                __aeabi_d2iz
 .text          0x000000000806126c        0x4 /usr/lib/gcc/arm-none-eabi/9.2.1/../../../arm-none-eabi/lib/thumb/v7e-m+fp/hard/libnosys.a(_exit.o)
                0x000000000806126c                _exit
 *(.text*)
 .text._read    0x0000000008061270        0x4 build/pgm_syscalls.o
                0x0000000008061270                _read
 .text._write   0x0000000008061274        0x8 build/pgm_syscalls.o
                0x0000000008061274                _write
 .text._close   0x000000000806127c        0x8 build/pgm_syscalls.o
                0x000000000806127c                _close
 .text._fstat   0x0000000008061284        0xc build/pgm_syscalls.o
                0x0000000008061284                _fstat
 .text._isatty  0x0000000008061290        0x4 build/pgm_syscalls.o
                0x0000000008061290                _isatty
 .text._lseek   0x0000000008061294        0x4 build/pgm_syscalls.o
                0x0000000008061294                _lseek
 .text._kill    0x0000000008061298       0x10 build/pgm_syscalls.o
                0x0000000008061298                _kill
 .text._getpid  0x00000000080612a8        0x4 build/pgm_syscalls.o
                0x00000000080612a8                _getpid
 .text.free     0x00000000080612ac        0x8 build/pgm_syscalls.o
                0x00000000080612ac                free
 .text.calloc   0x00000000080612b4        0x8 build/pgm_syscalls.o
                0x00000000080612b4                calloc
 .text.__wrap__malloc_r
                0x00000000080612bc        0xc build/pgm_syscalls.o
                0x00000000080612bc                __wrap__malloc_r
 .text._calloc_r
                0x00000000080612c8        0xc build/pgm_syscalls.o
                0x00000000080612c8                _calloc_r
 .text._realloc_r
                0x00000000080612d4        0xc build/pgm_syscalls.o
                0x00000000080612d4                _realloc_r
 .text._free_r  0x00000000080612e0        0xc build/pgm_syscalls.o
                0x00000000080612e0                _free_r
 .text.post_main
                0x00000000080612ec       0x1c build/pgm_syscalls.o
                0x00000000080612ec                post_main
 .text.gtodot_digit
                0x0000000008061308       0x60 build/keys.o
 .text.check_f_key
                0x0000000008061368       0x40 build/keys.o
 .text.is_label_or_end_at
                0x00000000080613a8       0x30 build/keys.o
 .text.advance_to_next_label
                0x00000000080613d8       0x4c build/keys.o
 .text.init_cat
                0x0000000008061424       0xec build/keys.o
 .text.advance_to_previous_label
                0x0000000008061510       0x50 build/keys.o
 .text.check_confirm.part.0
                0x0000000008061560       0x30 build/keys.o
 .text.init_arg.part.0
                0x0000000008061590       0x28 build/keys.o
 .text.reset_arg
                0x00000000080615b8       0x1c build/keys.o
 .text.arg_eval
                0x00000000080615d4       0x9c build/keys.o
 .text.arg_digit
                0x0000000008061670      0x10c build/keys.o
 .text.process_arg_shuffle
                0x000000000806177c       0x30 build/keys.o
 .text.process_h_shifted
                0x00000000080617ac       0xd8 build/keys.o
 .text.intltr   0x0000000008061884       0x38 build/keys.o
 .text.process_normal
                0x00000000080618bc      0x278 build/keys.o
 .text.process_fg_shifted
                0x0000000008061b34      0x2a8 build/keys.o
 .text.set_window
                0x0000000008061ddc       0x98 build/keys.o
 .text.arg_storcl
                0x0000000008061e74       0x44 build/keys.o
 .text.process_arg
                0x0000000008061eb8      0x550 build/keys.o
 .text.cur_shift
                0x0000000008062408       0x14 build/keys.o
                0x0000000008062408                cur_shift
 .text.reset_shift
                0x000000000806241c       0x18 build/keys.o
                0x000000000806241c                reset_shift
 .text.keycode_to_row_column
                0x0000000008062434       0x24 build/keys.o
                0x0000000008062434                keycode_to_row_column
 .text.row_column_to_keycode
                0x0000000008062458       0x40 build/keys.o
                0x0000000008062458                row_column_to_keycode
 .text.init_state
                0x0000000008062498       0x84 build/keys.o
                0x0000000008062498                init_state
 .text.process_cmplx
                0x000000000806251c       0xbc build/keys.o
 .text.soft_init_state
                0x00000000080625d8       0x50 build/keys.o
                0x00000000080625d8                soft_init_state
 .text.finish_cpx_entry
                0x0000000008062628       0xc8 build/keys.o
                0x0000000008062628                finish_cpx_entry
 .text.stack_begin
                0x00000000080626f0       0xbc build/keys.o
                0x00000000080626f0                stack_begin
 .text.current_catalogue
                0x00000000080627ac       0xe0 build/keys.o
                0x00000000080627ac                current_catalogue
 .text.process_catalogue
                0x000000000806288c      0x31c build/keys.o
 .text.get_alpha_state
                0x0000000008062ba8       0x28 build/keys.o
                0x0000000008062ba8                get_alpha_state
 .text.process_keycode
                0x0000000008062bd0     0x1dd8 build/keys.o
                0x0000000008062bd0                process_keycode
 .text.process_keycode_with_shift
                0x00000000080649a8       0xa8 build/keys.o
                0x00000000080649a8                process_keycode_with_shift
 .text.set_separator_decimal_modes
                0x0000000008064a50       0x54 build/display.o
 .text.set_dig  0x0000000008064aa4       0x78 build/display.o
 .text.hms_render
                0x0000000008064b1c       0xa8 build/display.o
 .text.set_exp_digits_string
                0x0000000008064bc4       0x40 build/display.o
 .text.hms_step
                0x0000000008064c04       0x38 build/display.o
 .text.set_exp  0x0000000008064c3c      0x124 build/display.o
 .text.set_separator.part.0
                0x0000000008064d60       0x40 build/display.o
 .text.set_decimal
                0x0000000008064da0       0x54 build/display.o
 .text.set_digits_string
                0x0000000008064df4       0x44 build/display.o
 .text.check_special_dn.isra.0
                0x0000000008064e38       0x9c build/display.o
 .text.set_x_hms
                0x0000000008064ed4      0x1c8 build/display.o
 .text.set_x_fract
                0x000000000806509c      0x1b4 build/display.o
 .text.carry_overflow
                0x0000000008065250       0x84 build/display.o
 .text.set_int_x
                0x00000000080652d4      0x3d4 build/display.o
 .text.set_annunciators
                0x00000000080656a8      0x108 build/display.o
 .text.s_s_sized.constprop.0
                0x00000000080657b0      0x19c build/display.o
 .text.dot      0x000000000806594c        0xc build/display.o
                0x000000000806594c                dot
 .text.std_round_fix
                0x0000000008065958       0x7c build/display.o
                0x0000000008065958                std_round_fix
 .text.pixel_length
                0x00000000080659d4       0x40 build/display.o
                0x00000000080659d4                pixel_length
 .text.set_status
                0x0000000008065a14       0x38 build/display.o
 .text.set_x_dn
                0x0000000008065a4c      0x9ec build/display.o
                0x0000000008065a4c                set_x_dn
 .text.set_x    0x0000000008066438       0x34 build/display.o
 .text.format_reg
                0x000000000806646c       0x6c build/display.o
                0x000000000806646c                format_reg
 .text.set_status_right
                0x00000000080664d8       0x64 build/display.o
 .text.annunciators
                0x000000000806653c      0x528 build/display.o
 .text.display  0x0000000008066a64      0xe90 build/display.o
                0x0000000008066a64                display
 .text.frozen_display
                0x00000000080678f4       0x20 build/display.o
                0x00000000080678f4                frozen_display
 .text.message  0x0000000008067914       0x70 build/display.o
                0x0000000008067914                message
 .text.error_message
                0x0000000008067984       0x88 build/display.o
                0x0000000008067984                error_message
 .text.find_section_bounds
                0x0000000008067a0c       0x78 build/xeq.o
 .text.reg_address
                0x0000000008067a84       0x64 build/xeq.o
 .text.retstk_up
                0x0000000008067ae8       0x74 build/xeq.o
 .text.flag_word
                0x0000000008067b5c       0x78 build/xeq.o
 .text.set_zero
                0x0000000008067bd4       0x24 build/xeq.o
 .text.intResult
                0x0000000008067bf8       0xac build/xeq.o
 .text.check_stack_overlap
                0x0000000008067ca4       0x74 build/xeq.o
 .text.move_retstk
                0x0000000008067d18       0x80 build/xeq.o
                0x0000000008067d18                move_retstk
 .text.local_regs_rarg
                0x0000000008067d98       0x60 build/xeq.o
                0x0000000008067d98                local_regs_rarg
 .text.get_reg_limit
                0x0000000008067df8       0xbc build/xeq.o
 .text.local_regs
                0x0000000008067eb4       0x40 build/xeq.o
                0x0000000008067eb4                local_regs
 .text.global_regs_rarg
                0x0000000008067ef4       0x40 build/xeq.o
                0x0000000008067ef4                global_regs_rarg
 .text.global_regs
                0x0000000008067f34       0x24 build/xeq.o
                0x0000000008067f34                global_regs
 .text.version  0x0000000008067f58       0x1c build/xeq.o
                0x0000000008067f58                version
 .text.cmd_off  0x0000000008067f74        0x4 build/xeq.o
                0x0000000008067f74                cmd_off
 .text.init_RegionTab
                0x0000000008067f78       0x2c build/xeq.o
                0x0000000008067f78                init_RegionTab
 .text.sizeLIB  0x0000000008067fa4       0x20 build/xeq.o
                0x0000000008067fa4                sizeLIB
 .text.getprog  0x0000000008067fc4       0x50 build/xeq.o
                0x0000000008067fc4                getprog
 .text.get_current_prog
                0x0000000008068014       0x28 build/xeq.o
                0x0000000008068014                get_current_prog
 .text.do_inc   0x000000000806803c       0x48 build/xeq.o
                0x000000000806803c                do_inc
 .text.user_pc.part.0
                0x0000000008068084       0x38 build/xeq.o
 .text.print_step
                0x00000000080680bc       0xac build/xeq.o
 .text.do_dec   0x0000000008068168       0x4c build/xeq.o
                0x0000000008068168                do_dec
 .text.update_program_bounds
                0x00000000080681b4       0x98 build/xeq.o
                0x00000000080681b4                update_program_bounds
 .text.set_pc   0x000000000806824c       0xb0 build/xeq.o
                0x000000000806824c                set_pc
 .text.incpc    0x00000000080682fc       0x2c build/xeq.o
                0x00000000080682fc                incpc
 .text.decpc    0x0000000008068328       0x28 build/xeq.o
                0x0000000008068328                decpc
 .text.fin_tst.part.0
                0x0000000008068350       0x14 build/xeq.o
 .text.do_rtn   0x0000000008068364       0x98 build/xeq.o
 .text.user_pc  0x00000000080683fc       0x14 build/xeq.o
                0x00000000080683fc                user_pc
 .text.find_user_pc
                0x0000000008068410       0x54 build/xeq.o
                0x0000000008068410                find_user_pc
 .text.report_err
                0x0000000008068464       0x20 build/xeq.o
                0x0000000008068464                report_err
 .text.report_warn
                0x0000000008068484       0x5c build/xeq.o
                0x0000000008068484                report_warn
 .text.cmderr   0x00000000080684e0       0x14 build/xeq.o
                0x00000000080684e0                cmderr
 .text.cmdmsg   0x00000000080684f4        0x4 build/xeq.o
                0x00000000080684f4                cmdmsg
 .text.rarg_roundingmode
                0x00000000080684f8       0x18 build/xeq.o
                0x00000000080684f8                rarg_roundingmode
 .text.packed_from_number
                0x0000000008068510       0x3c build/xeq.o
                0x0000000008068510                packed_from_number
 .text.packed128_from_number
                0x000000000806854c       0x3c build/xeq.o
                0x000000000806854c                packed128_from_number
 .text.check_special
                0x0000000008068588       0xa8 build/xeq.o
 .text.packed_from_packed128
                0x0000000008068630       0x1c build/xeq.o
                0x0000000008068630                packed_from_packed128
 .text.packed128_from_packed
                0x000000000806864c       0x1c build/xeq.o
                0x000000000806864c                packed128_from_packed
 .text.stack_size
                0x0000000008068668       0x38 build/xeq.o
                0x0000000008068668                stack_size
 .text.copyreg  0x00000000080686a0       0x20 build/xeq.o
                0x00000000080686a0                copyreg
 .text.set_lift
                0x00000000080686c0       0x10 build/xeq.o
                0x00000000080686c0                set_lift
 .text.is_dblmode
                0x00000000080686d0       0x20 build/xeq.o
                0x00000000080686d0                is_dblmode
 .text.s_to_i   0x00000000080686f0       0x6c build/xeq.o
                0x00000000080686f0                s_to_i
 .text.digit    0x000000000806875c      0x190 build/xeq.o
 .text.s_to_ull
                0x00000000080688ec       0x3c build/xeq.o
                0x00000000080688ec                s_to_ull
 .text.get_cmdline
                0x0000000008068928       0x18 build/xeq.o
                0x0000000008068928                get_cmdline
 .text.is_bad_cmdline
                0x0000000008068940        0x4 build/xeq.o
                0x0000000008068940                is_bad_cmdline
 .text.get_flash_reg_n
                0x0000000008068944       0x20 build/xeq.o
                0x0000000008068944                get_flash_reg_n
 .text.get_const
                0x0000000008068964       0x84 build/xeq.o
                0x0000000008068964                get_const
 .text.get_reg_n
                0x00000000080689e8       0xb4 build/xeq.o
                0x00000000080689e8                get_reg_n
 .text.lift     0x0000000008068a9c       0x6c build/xeq.o
                0x0000000008068a9c                lift
 .text.lift2_if_enabled
                0x0000000008068b08       0x48 build/xeq.o
 .text.lower    0x0000000008068b50       0x74 build/xeq.o
 .text.get_stack_top
                0x0000000008068bc4       0x3c build/xeq.o
 .text.roll_down
                0x0000000008068c00       0x54 build/xeq.o
                0x0000000008068c00                roll_down
 .text.cpx_roll_down
                0x0000000008068c54       0x34 build/xeq.o
                0x0000000008068c54                cpx_roll_down
 .text.roll_up  0x0000000008068c88       0x54 build/xeq.o
                0x0000000008068c88                roll_up
 .text.cpx_roll_up
                0x0000000008068cdc       0x34 build/xeq.o
                0x0000000008068cdc                cpx_roll_up
 .text.fill     0x0000000008068d10       0x70 build/xeq.o
                0x0000000008068d10                fill
 .text.lower2   0x0000000008068d80       0x74 build/xeq.o
 .text.drop     0x0000000008068df4       0x20 build/xeq.o
                0x0000000008068df4                drop
 .text.copyreg_n
                0x0000000008068e14       0x3c build/xeq.o
                0x0000000008068e14                copyreg_n
 .text.setlastX
                0x0000000008068e50        0x8 build/xeq.o
                0x0000000008068e50                setlastX
 .text.setlastXY
                0x0000000008068e58       0x18 build/xeq.o
 .text.getRegister
                0x0000000008068e70       0x34 build/xeq.o
                0x0000000008068e70                getRegister
 .text.getX     0x0000000008068ea4        0x8 build/xeq.o
                0x0000000008068ea4                getX
 .text.getY     0x0000000008068eac        0x8 build/xeq.o
                0x0000000008068eac                getY
 .text.getXY    0x0000000008068eb4       0x18 build/xeq.o
                0x0000000008068eb4                getXY
 .text.getXYZ   0x0000000008068ecc       0x20 build/xeq.o
                0x0000000008068ecc                getXYZ
 .text.getXYZT  0x0000000008068eec       0x14 build/xeq.o
                0x0000000008068eec                getXYZT
 .text.storcl_op
                0x0000000008068f00       0x84 build/xeq.o
 .text.storcl_cop
                0x0000000008068f84       0xc0 build/xeq.o
 .text.cpx_enter
                0x0000000008069044       0x50 build/xeq.o
                0x0000000008069044                cpx_enter
 .text.cpx_fill
                0x0000000008069094       0x94 build/xeq.o
                0x0000000008069094                cpx_fill
 .text.setRegister
                0x0000000008069128       0x54 build/xeq.o
                0x0000000008069128                setRegister
 .text.setX     0x000000000806917c        0x8 build/xeq.o
                0x000000000806917c                setX
 .text.rarg_round
                0x0000000008069184       0x70 build/xeq.o
                0x0000000008069184                rarg_round
 .text.setY     0x00000000080691f4        0x8 build/xeq.o
                0x00000000080691f4                setY
 .text.setXY    0x00000000080691fc       0x2c build/xeq.o
                0x00000000080691fc                setXY
 .text.convert_regK
                0x0000000008069228       0xc4 build/xeq.o
                0x0000000008069228                convert_regK
 .text.cpx_nop  0x00000000080692ec      0x15c build/xeq.o
                0x00000000080692ec                cpx_nop
 .text.get_reg_n_int
                0x0000000008069448       0x1c build/xeq.o
                0x0000000008069448                get_reg_n_int
 .text.storcl_intop
                0x0000000008069464       0xb0 build/xeq.o
 .text.incdec   0x0000000008069514       0x98 build/xeq.o
 .text.set_reg_n_int
                0x00000000080695ac       0x1c build/xeq.o
                0x00000000080695ac                set_reg_n_int
 .text.get_reg_n_int_sgn
                0x00000000080695c8       0x38 build/xeq.o
                0x00000000080695c8                get_reg_n_int_sgn
 .text.get_keycode_from_reg
                0x0000000008069600       0x30 build/xeq.o
 .text.getX_int
                0x0000000008069630        0x8 build/xeq.o
                0x0000000008069630                getX_int
 .text.getX_int_sgn
                0x0000000008069638        0x8 build/xeq.o
                0x0000000008069638                getX_int_sgn
 .text.set_reg_n_int_sgn
                0x0000000008069640       0x64 build/xeq.o
                0x0000000008069640                set_reg_n_int_sgn
 .text.op_roundingmode
                0x00000000080696a4       0x28 build/xeq.o
                0x00000000080696a4                op_roundingmode
 .text.register_from_int
                0x00000000080696cc       0x64 build/xeq.o
 .text.int_from_register
                0x0000000008069730       0x48 build/xeq.o
 .text.switch_to_int
                0x0000000008069778       0x80 build/xeq.o
 .text.process_cmdline.part.0
                0x00000000080697f8      0x250 build/xeq.o
 .text.process_cmdline
                0x0000000008069a48       0x10 build/xeq.o
                0x0000000008069a48                process_cmdline
 .text.cpx_pi   0x0000000008069a58       0xcc build/xeq.o
                0x0000000008069a58                cpx_pi
 .text.process_cmdline_set_lift
                0x0000000008069b24       0x24 build/xeq.o
                0x0000000008069b24                process_cmdline_set_lift
 .text.setX_int
                0x0000000008069b48       0x20 build/xeq.o
                0x0000000008069b48                setX_int
 .text.do_rcl   0x0000000008069b68       0xdc build/xeq.o
 .text.setX_int_sgn
                0x0000000008069c44       0x18 build/xeq.o
                0x0000000008069c44                setX_int_sgn
 .text.zero_X   0x0000000008069c5c        0xc build/xeq.o
                0x0000000008069c5c                zero_X
 .text.zero_Y   0x0000000008069c68       0x10 build/xeq.o
                0x0000000008069c68                zero_Y
 .text.clrx     0x0000000008069c78       0x78 build/xeq.o
                0x0000000008069c78                clrx
 .text.clrstk   0x0000000008069cf0       0x6c build/xeq.o
                0x0000000008069cf0                clrstk
 .text.clrreg   0x0000000008069d5c      0x12c build/xeq.o
                0x0000000008069d5c                clrreg
 .text.clrretstk
                0x0000000008069e88       0x14 build/xeq.o
                0x0000000008069e88                clrretstk
 .text.clrretstk_pc
                0x0000000008069e9c       0x24 build/xeq.o
                0x0000000008069e9c                clrretstk_pc
 .text.cmdconst
                0x0000000008069ec0       0xd4 build/xeq.o
                0x0000000008069ec0                cmdconst
 .text.cmdsto   0x0000000008069f94       0x80 build/xeq.o
                0x0000000008069f94                cmdsto
 .text.cmdrcl   0x000000000806a014        0x4 build/xeq.o
                0x000000000806a014                cmdrcl
 .text.cmdcsto  0x000000000806a018       0xd0 build/xeq.o
                0x000000000806a018                cmdcsto
 .text.cmdcrcl  0x000000000806a0e8      0x108 build/xeq.o
                0x000000000806a0e8                cmdcrcl
 .text.cmdircl  0x000000000806a1f0       0x20 build/xeq.o
                0x000000000806a1f0                cmdircl
 .text.cmdrrcl  0x000000000806a210       0x88 build/xeq.o
                0x000000000806a210                cmdrrcl
 .text.swap_reg
                0x000000000806a298       0x64 build/xeq.o
                0x000000000806a298                swap_reg
 .text.cmdswap  0x000000000806a2fc       0x9c build/xeq.o
                0x000000000806a2fc                cmdswap
 .text.cmdview  0x000000000806a398       0x5c build/xeq.o
                0x000000000806a398                cmdview
 .text.get_stack_size
                0x000000000806a3f4       0x48 build/xeq.o
                0x000000000806a3f4                get_stack_size
 .text.get_word_size
                0x000000000806a43c       0x1c build/xeq.o
                0x000000000806a43c                get_word_size
 .text.get_sign_mode
                0x000000000806a458       0x28 build/xeq.o
                0x000000000806a458                get_sign_mode
 .text.get_base
                0x000000000806a480       0x1c build/xeq.o
                0x000000000806a480                get_base
 .text.op_ticks
                0x000000000806a49c       0x28 build/xeq.o
                0x000000000806a49c                op_ticks
 .text.op_voltage
                0x000000000806a4c4       0x64 build/xeq.o
                0x000000000806a4c4                op_voltage
 .text.free_mem
                0x000000000806a528       0x18 build/xeq.o
                0x000000000806a528                free_mem
 .text.free_flash
                0x000000000806a540       0x14 build/xeq.o
                0x000000000806a540                free_flash
 .text.get_mem  0x000000000806a554       0xac build/xeq.o
                0x000000000806a554                get_mem
 .text.cmdputkey
                0x000000000806a600       0x3c build/xeq.o
                0x000000000806a600                cmdputkey
 .text.cmdkeytype
                0x000000000806a63c       0x50 build/xeq.o
                0x000000000806a63c                cmdkeytype
 .text.op_query_xtal
                0x000000000806a68c       0x24 build/xeq.o
                0x000000000806a68c                op_query_xtal
 .text.op_query_print
                0x000000000806a6b0       0x28 build/xeq.o
                0x000000000806a6b0                op_query_print
 .text.cmdstostk
                0x000000000806a6d8       0x24 build/xeq.o
                0x000000000806a6d8                cmdstostk
 .text.cmdrclstk
                0x000000000806a6fc       0x24 build/xeq.o
                0x000000000806a6fc                cmdrclstk
 .text.find_opcode_from
                0x000000000806a720       0x70 build/xeq.o
                0x000000000806a720                find_opcode_from
 .text.find_label_from
                0x000000000806a790        0x8 build/xeq.o
                0x000000000806a790                find_label_from
 .text.op_rtn   0x000000000806a798       0x28 build/xeq.o
                0x000000000806a798                op_rtn
 .text.op_popusr
                0x000000000806a7c0       0x60 build/xeq.o
                0x000000000806a7c0                op_popusr
 .text.findmultilbl
                0x000000000806a820       0x4c build/xeq.o
                0x000000000806a820                findmultilbl
 .text.get_dispmode_digs
                0x000000000806a86c       0x30 build/xeq.o
                0x000000000806a86c                get_dispmode_digs
 .text.convC2F  0x000000000806a89c       0x24 build/xeq.o
                0x000000000806a89c                convC2F
 .text.convF2C  0x000000000806a8c0       0x24 build/xeq.o
                0x000000000806a8c0                convF2C
 .text.convDB2AR
                0x000000000806a8e4       0x20 build/xeq.o
                0x000000000806a8e4                convDB2AR
 .text.convAR2DB
                0x000000000806a904       0x20 build/xeq.o
                0x000000000806a904                convAR2DB
 .text.convDB2PR
                0x000000000806a924       0x1c build/xeq.o
                0x000000000806a924                convDB2PR
 .text.convPR2DB
                0x000000000806a940       0x1c build/xeq.o
                0x000000000806a940                convPR2DB
 .text.do_conv  0x000000000806a95c       0x44 build/xeq.o
                0x000000000806a95c                do_conv
 .text.cmdconv  0x000000000806a9a0       0x40 build/xeq.o
                0x000000000806a9a0                cmdconv
 .text.fin_tst  0x000000000806a9e0       0x40 build/xeq.o
                0x000000000806a9e0                fin_tst
 .text.check_mode
                0x000000000806aa20       0x28 build/xeq.o
                0x000000000806aa20                check_mode
 .text.check_dblmode
                0x000000000806aa48       0x20 build/xeq.o
                0x000000000806aa48                check_dblmode
 .text.isTop    0x000000000806aa68       0x44 build/xeq.o
                0x000000000806aa68                isTop
 .text.cmdlblp  0x000000000806aaac       0x28 build/xeq.o
                0x000000000806aaac                cmdlblp
 .text.cmdmultilblp
                0x000000000806aad4       0x18 build/xeq.o
                0x000000000806aad4                cmdmultilblp
 .text.cmdkeyp  0x000000000806aaec       0x48 build/xeq.o
                0x000000000806aaec                cmdkeyp
 .text.do_tst   0x000000000806ab34      0x170 build/xeq.o
 .text.do_ztst  0x000000000806aca4       0xd0 build/xeq.o
 .text.check_zero
                0x000000000806ad74       0x70 build/xeq.o
                0x000000000806ad74                check_zero
 .text.cmdtest  0x000000000806ade4        0x8 build/xeq.o
                0x000000000806ade4                cmdtest
 .text.cmdztest
                0x000000000806adec       0x2c build/xeq.o
                0x000000000806adec                cmdztest
 .text.cmdlincdec
                0x000000000806ae18       0x10 build/xeq.o
                0x000000000806ae18                cmdlincdec
 .text.cmdloopz
                0x000000000806ae28       0x18 build/xeq.o
                0x000000000806ae28                cmdloopz
 .text.cmdloop  0x000000000806ae40      0x1f8 build/xeq.o
                0x000000000806ae40                cmdloop
 .text.op_shift_digit
                0x000000000806b038       0x68 build/xeq.o
                0x000000000806b038                op_shift_digit
 .text.get_user_flag
                0x000000000806b0a0       0x20 build/xeq.o
                0x000000000806b0a0                get_user_flag
 .text.cmdflag  0x000000000806b0c0       0xc0 build/xeq.o
                0x000000000806b0c0                cmdflag
 .text.clrflags
                0x000000000806b180       0x30 build/xeq.o
                0x000000000806b180                clrflags
 .text.intws    0x000000000806b1b0       0xec build/xeq.o
                0x000000000806b1b0                intws
 .text.get_maxdenom
                0x000000000806b29c       0x20 build/xeq.o
                0x000000000806b29c                get_maxdenom
 .text.op_2frac
                0x000000000806b2bc       0xa0 build/xeq.o
                0x000000000806b2bc                op_2frac
 .text.op_fracdenom
                0x000000000806b35c       0x84 build/xeq.o
                0x000000000806b35c                op_fracdenom
 .text.op_float
                0x000000000806b3e0       0xd4 build/xeq.o
                0x000000000806b3e0                op_float
 .text.cmddisp  0x000000000806b4b4       0xc4 build/xeq.o
                0x000000000806b4b4                cmddisp
 .text.set_int_base
                0x000000000806b578       0x50 build/xeq.o
                0x000000000806b578                set_int_base
 .text.op_fract
                0x000000000806b5c8       0x44 build/xeq.o
                0x000000000806b5c8                op_fract
 .text.cmdsavem
                0x000000000806b60c       0x1c build/xeq.o
                0x000000000806b60c                cmdsavem
 .text.set_entry
                0x000000000806b628       0x2c build/xeq.o
                0x000000000806b628                set_entry
 .text.get_trig_mode
                0x000000000806b654       0x30 build/xeq.o
                0x000000000806b654                get_trig_mode
 .text.cmdpause
                0x000000000806b684       0x24 build/xeq.o
                0x000000000806b684                cmdpause
 .text.op_setspeed
                0x000000000806b6a8       0x20 build/xeq.o
                0x000000000806b6a8                op_setspeed
 .text.op_prompt
                0x000000000806b6c8       0x30 build/xeq.o
                0x000000000806b6c8                op_prompt
 .text.XisInt   0x000000000806b6f8       0x60 build/xeq.o
                0x000000000806b6f8                XisInt
 .text.XisEvenOrOdd
                0x000000000806b758       0x64 build/xeq.o
                0x000000000806b758                XisEvenOrOdd
 .text.XisPrime
                0x000000000806b7bc       0x84 build/xeq.o
                0x000000000806b7bc                XisPrime
 .text.isInfinite
                0x000000000806b840       0x30 build/xeq.o
                0x000000000806b840                isInfinite
 .text.isNan    0x000000000806b870       0x40 build/xeq.o
                0x000000000806b870                isNan
 .text.isSpecial
                0x000000000806b8b0       0x40 build/xeq.o
                0x000000000806b8b0                isSpecial
 .text.op_entryp
                0x000000000806b8f0       0x14 build/xeq.o
                0x000000000806b8f0                op_entryp
 .text.reg_decode
                0x000000000806b904      0x238 build/xeq.o
                0x000000000806b904                reg_decode
 .text.op_regcopy
                0x000000000806bb3c       0x4c build/xeq.o
                0x000000000806bb3c                op_regcopy
 .text.op_regswap
                0x000000000806bb88       0x70 build/xeq.o
                0x000000000806bb88                op_regswap
 .text.op_regclr
                0x000000000806bbf8       0x48 build/xeq.o
                0x000000000806bbf8                op_regclr
 .text.op_regsort
                0x000000000806bc40      0x114 build/xeq.o
                0x000000000806bc40                op_regsort
 .text.busy     0x000000000806bd54       0x24 build/xeq.o
                0x000000000806bd54                busy
 .text.intMonadic
                0x000000000806bd78       0x98 build/xeq.o
                0x000000000806bd78                intMonadic
 .text.intDyadic
                0x000000000806be10       0xd4 build/xeq.o
                0x000000000806be10                intDyadic
 .text.xeq_init_contexts
                0x000000000806bee4       0x9c build/xeq.o
                0x000000000806bee4                xeq_init_contexts
 .text.not_running
                0x000000000806bf80       0x24 build/xeq.o
                0x000000000806bf80                not_running
 .text.set_running_off
                0x000000000806bfa4       0x24 build/xeq.o
                0x000000000806bfa4                set_running_off
 .text.set_running_on
                0x000000000806bfc8       0x44 build/xeq.o
                0x000000000806bfc8                set_running_on
 .text.gsbgto   0x000000000806c00c       0xa8 build/xeq.o
 .text.cmdgtocommon
                0x000000000806c0b4       0x34 build/xeq.o
                0x000000000806c0b4                cmdgtocommon
 .text.cmdgto   0x000000000806c0e8       0x44 build/xeq.o
                0x000000000806c0e8                cmdgto
 .text.branchtoalpha
                0x000000000806c12c       0x28 build/xeq.o
 .text.cmdalphagto
                0x000000000806c154       0x2c build/xeq.o
                0x000000000806c154                cmdalphagto
 .text.op_gtoalpha
                0x000000000806c180       0x34 build/xeq.o
                0x000000000806c180                op_gtoalpha
 .text.cmdskip  0x000000000806c1b4       0x84 build/xeq.o
                0x000000000806c1b4                cmdskip
 .text.cmdback  0x000000000806c238       0x74 build/xeq.o
                0x000000000806c238                cmdback
 .text.usergsb_common
                0x000000000806c2ac       0x8c build/xeq.o
 .text.do_usergsb
                0x000000000806c338       0x18 build/xeq.o
                0x000000000806c338                do_usergsb
 .text.cmdmultigto
                0x000000000806c350       0x50 build/xeq.o
                0x000000000806c350                cmdmultigto
 .text.store_a_to_d
                0x000000000806c3a0       0x24 build/xeq.o
                0x000000000806c3a0                store_a_to_d
 .text.cmdlocr  0x000000000806c3c4      0x16c build/xeq.o
                0x000000000806c3c4                cmdlocr
 .text.cmdxout  0x000000000806c530      0x208 build/xeq.o
                0x000000000806c530                cmdxout
 .text.cmdconverged
                0x000000000806c738       0xf8 build/xeq.o
                0x000000000806c738                cmdconverged
 .text.cmdshuffle
                0x000000000806c830       0x8c build/xeq.o
                0x000000000806c830                cmdshuffle
 .text.cmdmode  0x000000000806c8bc       0x54 build/xeq.o
                0x000000000806c8bc                cmdmode
 .text.cmdlpop  0x000000000806c910       0x3c build/xeq.o
                0x000000000806c910                cmdlpop
 .text.cmdregs  0x000000000806c94c       0xb8 build/xeq.o
                0x000000000806c94c                cmdregs
 .text.op_double
                0x000000000806ca04      0x128 build/xeq.o
                0x000000000806ca04                op_double
 .text.cmdrestm
                0x000000000806cb2c       0xac build/xeq.o
                0x000000000806cb2c                cmdrestm
 .text.cmdxin   0x000000000806cbd8      0x1d0 build/xeq.o
                0x000000000806cbd8                cmdxin
 .text.xeq      0x000000000806cda8      0xd0c build/xeq.o
                0x000000000806cda8                xeq
 .text.xeq_single
                0x000000000806dab4       0x24 build/xeq.o
 .text.xeq_xrom2
                0x000000000806dad8       0x88 build/xeq.o
 .text.xeq_xrom
                0x000000000806db60       0x14 build/xeq.o
                0x000000000806db60                xeq_xrom
 .text.dispatch_xrom
                0x000000000806db74       0x74 build/xeq.o
 .text.op_rs    0x000000000806dbe8       0x8c build/xeq.o
                0x000000000806dbe8                op_rs
 .text.xeqprog  0x000000000806dc74       0x74 build/xeq.o
                0x000000000806dc74                xeqprog
 .text.xeq_sst_bst
                0x000000000806dce8       0xac build/xeq.o
                0x000000000806dce8                xeq_sst_bst
 .text.init_34s
                0x000000000806dd94       0x2c build/xeq.o
                0x000000000806dd94                init_34s
 .text.prt_multi
                0x000000000806ddc0       0x58 build/prt.o
 .text.prt_conv
                0x000000000806de18       0x64 build/prt.o
 .text.prt_specials.part.0
                0x000000000806de7c      0x10c build/prt.o
 .text.num_arg_digits.part.0
                0x000000000806df88       0x34 build/prt.o
 .text.num_arg_digits
                0x000000000806dfbc       0x20 build/prt.o
                0x000000000806dfbc                num_arg_digits
 .text.prt      0x000000000806dfdc      0x2cc build/prt.o
                0x000000000806dfdc                prt
 .text.catcmd   0x000000000806e2a8      0x120 build/prt.o
                0x000000000806e2a8                catcmd
 .text.decNumberDRG_internal
                0x000000000806e3c8       0x9c build/decn.o
 .text.realULP  0x000000000806e464       0x98 build/decn.o
 .text.dn_lt0   0x000000000806e4fc       0x28 build/decn.o
                0x000000000806e4fc                dn_lt0
 .text.dn_le0   0x000000000806e524       0x28 build/decn.o
                0x000000000806e524                dn_le0
 .text.dn_eq0   0x000000000806e54c       0x1c build/decn.o
                0x000000000806e54c                dn_eq0
 .text.dn_eq    0x000000000806e568       0x50 build/decn.o
                0x000000000806e568                dn_eq
 .text.dn_lt    0x000000000806e5b8       0x44 build/decn.o
                0x000000000806e5b8                dn_lt
 .text.dn_abs_lt
                0x000000000806e5fc       0x20 build/decn.o
                0x000000000806e5fc                dn_abs_lt
 .text.gcheckSmall
                0x000000000806e61c       0x20 build/decn.o
 .text.relative_error
                0x000000000806e63c       0x4c build/decn.o
                0x000000000806e63c                relative_error
 .text.absolute_error
                0x000000000806e688       0x24 build/decn.o
                0x000000000806e688                absolute_error
 .text.dn_add   0x000000000806e6ac        0xc build/decn.o
                0x000000000806e6ac                dn_add
 .text.dn_subtract
                0x000000000806e6b8        0xc build/decn.o
                0x000000000806e6b8                dn_subtract
 .text.dn_multiply
                0x000000000806e6c4        0xc build/decn.o
                0x000000000806e6c4                dn_multiply
 .text.dn_divide
                0x000000000806e6d0        0xc build/decn.o
                0x000000000806e6d0                dn_divide
 .text.dn_compare
                0x000000000806e6dc        0xc build/decn.o
                0x000000000806e6dc                dn_compare
 .text.dn_min   0x000000000806e6e8        0xc build/decn.o
                0x000000000806e6e8                dn_min
 .text.dn_max   0x000000000806e6f4        0xc build/decn.o
                0x000000000806e6f4                dn_max
 .text.dn_abs   0x000000000806e700        0xc build/decn.o
                0x000000000806e700                dn_abs
 .text.dn_minus
                0x000000000806e70c        0xc build/decn.o
                0x000000000806e70c                dn_minus
 .text.dn_plus  0x000000000806e718        0xc build/decn.o
                0x000000000806e718                dn_plus
 .text.dn_sqrt  0x000000000806e724        0xc build/decn.o
                0x000000000806e724                dn_sqrt
 .text.dn_exp   0x000000000806e730        0xc build/decn.o
                0x000000000806e730                dn_exp
 .text.dn_average
                0x000000000806e73c       0x28 build/decn.o